  Geri yüklenecek projeler belirleniyor...
  Geri yükleme için tüm projeler güncel.
/Users/ali1/Projects/Erp-entegrasyon/erp-api/Controllers/CurrencyController.cs(12,7): warning CS0105: The using directive for 'ErpMobile.Api.Models.Responses' appeared previously in this namespace [/Users/ali1/Projects/Erp-entegrasyon/erp-api/ErpMobile.Api.csproj]
/Users/ali1/Projects/Erp-entegrasyon/erp-api/Models/Requests/CustomerAddressCreateRequest.cs(3,7): warning CS0105: The using directive for 'System.ComponentModel.DataAnnotations' appeared previously in this namespace [/Users/ali1/Projects/Erp-entegrasyon/erp-api/ErpMobile.Api.csproj]
/Users/ali1/Projects/Erp-entegrasyon/erp-api/Services/CustomerBasicService.cs(1411,84): warning CS8625: Cannot convert null literal to non-nullable reference type. [/Users/ali1/Projects/Erp-entegrasyon/erp-api/ErpMobile.Api.csproj]
/Users/ali1/Projects/Erp-entegrasyon/erp-api/Controllers/CustomerController.cs(269,105): warning CS8625: Cannot convert null literal to non-nullable reference type. [/Users/ali1/Projects/Erp-entegrasyon/erp-api/ErpMobile.Api.csproj]
/Users/ali1/Projects/Erp-entegrasyon/erp-api/Repositories/Inventory/IInventoryRepository.cs(22,30): warning CS8625: Cannot convert null literal to non-nullable reference type. [/Users/ali1/Projects/Erp-entegrasyon/erp-api/ErpMobile.Api.csproj]
/Users/ali1/Projects/Erp-entegrasyon/erp-api/Repositories/Inventory/IInventoryRepository.cs(23,34): warning CS8625: Cannot convert null literal to non-nullable reference type. [/Users/ali1/Projects/Erp-entegrasyon/erp-api/ErpMobile.Api.csproj]
/Users/ali1/Projects/Erp-entegrasyon/erp-api/Repositories/Inventory/IInventoryRepository.cs(24,41): warning CS8625: Cannot convert null literal to non-nullable reference type. [/Users/ali1/Projects/Erp-entegrasyon/erp-api/ErpMobile.Api.csproj]
/Users/ali1/Projects/Erp-entegrasyon/erp-api/Repositories/Inventory/IInventoryRepository.cs(25,32): warning CS8625: Cannot convert null literal to non-nullable reference type. [/Users/ali1/Projects/Erp-entegrasyon/erp-api/ErpMobile.Api.csproj]
/Users/ali1/Projects/Erp-entegrasyon/erp-api/Repositories/Inventory/IInventoryRepository.cs(26,35): warning CS8625: Cannot convert null literal to non-nullable reference type. [/Users/ali1/Projects/Erp-entegrasyon/erp-api/ErpMobile.Api.csproj]
/Users/ali1/Projects/Erp-entegrasyon/erp-api/Repositories/Inventory/IInventoryRepository.cs(27,36): warning CS8625: Cannot convert null literal to non-nullable reference type. [/Users/ali1/Projects/Erp-entegrasyon/erp-api/ErpMobile.Api.csproj]
/Users/ali1/Projects/Erp-entegrasyon/erp-api/Repositories/Inventory/InventoryRepository.cs(28,106): warning CS8625: Cannot convert null literal to non-nullable reference type. [/Users/ali1/Projects/Erp-entegrasyon/erp-api/ErpMobile.Api.csproj]
/Users/ali1/Projects/Erp-entegrasyon/erp-api/Repositories/Inventory/InventoryRepository.cs(28,133): warning CS8625: Cannot convert null literal to non-nullable reference type. [/Users/ali1/Projects/Erp-entegrasyon/erp-api/ErpMobile.Api.csproj]
/Users/ali1/Projects/Erp-entegrasyon/erp-api/Repositories/Inventory/InventoryRepository.cs(28,167): warning CS8625: Cannot convert null literal to non-nullable reference type. [/Users/ali1/Projects/Erp-entegrasyon/erp-api/ErpMobile.Api.csproj]
/Users/ali1/Projects/Erp-entegrasyon/erp-api/Repositories/Inventory/InventoryRepository.cs(28,192): warning CS8625: Cannot convert null literal to non-nullable reference type. [/Users/ali1/Projects/Erp-entegrasyon/erp-api/ErpMobile.Api.csproj]
/Users/ali1/Projects/Erp-entegrasyon/erp-api/Repositories/Inventory/InventoryRepository.cs(28,220): warning CS8625: Cannot convert null literal to non-nullable reference type. [/Users/ali1/Projects/Erp-entegrasyon/erp-api/ErpMobile.Api.csproj]
/Users/ali1/Projects/Erp-entegrasyon/erp-api/Repositories/Inventory/InventoryRepository.cs(28,249): warning CS8625: Cannot convert null literal to non-nullable reference type. [/Users/ali1/Projects/Erp-entegrasyon/erp-api/ErpMobile.Api.csproj]
/Users/ali1/Projects/Erp-entegrasyon/erp-api/Repositories/Product/IProductRepository.cs(37,31): warning CS8625: Cannot convert null literal to non-nullable reference type. [/Users/ali1/Projects/Erp-entegrasyon/erp-api/ErpMobile.Api.csproj]
/Users/ali1/Projects/Erp-entegrasyon/erp-api/Repositories/Product/ProductRepository.cs(437,31): warning CS8625: Cannot convert null literal to non-nullable reference type. [/Users/ali1/Projects/Erp-entegrasyon/erp-api/ErpMobile.Api.csproj]
/Users/ali1/Projects/Erp-entegrasyon/erp-api/Services/ExchangeRateService.cs(21,51): warning CS8625: Cannot convert null literal to non-nullable reference type. [/Users/ali1/Projects/Erp-entegrasyon/erp-api/ErpMobile.Api.csproj]
/Users/ali1/Projects/Erp-entegrasyon/erp-api/Services/ExchangeRateService.cs(167,29): warning CS8625: Cannot convert null literal to non-nullable reference type. [/Users/ali1/Projects/Erp-entegrasyon/erp-api/ErpMobile.Api.csproj]
/Users/ali1/Projects/Erp-entegrasyon/erp-api/Services/ExchangeRateService.cs(264,130): warning CS8625: Cannot convert null literal to non-nullable reference type. [/Users/ali1/Projects/Erp-entegrasyon/erp-api/ErpMobile.Api.csproj]
/Users/ali1/Projects/Erp-entegrasyon/erp-api/Services/ExchangeRateService.cs(419,153): warning CS8625: Cannot convert null literal to non-nullable reference type. [/Users/ali1/Projects/Erp-entegrasyon/erp-api/ErpMobile.Api.csproj]
/Users/ali1/Projects/Erp-entegrasyon/erp-api/Services/ExchangeRateService.cs(486,119): warning CS8625: Cannot convert null literal to non-nullable reference type. [/Users/ali1/Projects/Erp-entegrasyon/erp-api/ErpMobile.Api.csproj]
/Users/ali1/Projects/Erp-entegrasyon/erp-api/Services/ExchangeRateService.cs(551,29): warning CS8625: Cannot convert null literal to non-nullable reference type. [/Users/ali1/Projects/Erp-entegrasyon/erp-api/ErpMobile.Api.csproj]
/Users/ali1/Projects/Erp-entegrasyon/erp-api/Controllers/ExchangeRateController.cs(32,41): warning CS8625: Cannot convert null literal to non-nullable reference type. [/Users/ali1/Projects/Erp-entegrasyon/erp-api/ErpMobile.Api.csproj]
/Users/ali1/Projects/Erp-entegrasyon/erp-api/Controllers/ExchangeRateController.cs(63,41): warning CS8625: Cannot convert null literal to non-nullable reference type. [/Users/ali1/Projects/Erp-entegrasyon/erp-api/ErpMobile.Api.csproj]
/Users/ali1/Projects/Erp-entegrasyon/erp-api/Controllers/ExchangeRateController.cs(85,41): warning CS8625: Cannot convert null literal to non-nullable reference type. [/Users/ali1/Projects/Erp-entegrasyon/erp-api/ErpMobile.Api.csproj]
/Users/ali1/Projects/Erp-entegrasyon/erp-api/Controllers/ExchangeRateController.cs(109,41): warning CS8625: Cannot convert null literal to non-nullable reference type. [/Users/ali1/Projects/Erp-entegrasyon/erp-api/ErpMobile.Api.csproj]
/Users/ali1/Projects/Erp-entegrasyon/erp-api/Controllers/ExchangeRateController.cs(140,41): warning CS8625: Cannot convert null literal to non-nullable reference type. [/Users/ali1/Projects/Erp-entegrasyon/erp-api/ErpMobile.Api.csproj]
/Users/ali1/Projects/Erp-entegrasyon/erp-api/Controllers/ExchangeRateController.cs(174,41): warning CS8625: Cannot convert null literal to non-nullable reference type. [/Users/ali1/Projects/Erp-entegrasyon/erp-api/ErpMobile.Api.csproj]
/Users/ali1/Projects/Erp-entegrasyon/erp-api/Controllers/InventoryController.cs(43,42): warning CS8625: Cannot convert null literal to non-nullable reference type. [/Users/ali1/Projects/Erp-entegrasyon/erp-api/ErpMobile.Api.csproj]
/Users/ali1/Projects/Erp-entegrasyon/erp-api/Controllers/InventoryController.cs(44,46): warning CS8625: Cannot convert null literal to non-nullable reference type. [/Users/ali1/Projects/Erp-entegrasyon/erp-api/ErpMobile.Api.csproj]
/Users/ali1/Projects/Erp-entegrasyon/erp-api/Controllers/InventoryController.cs(45,53): warning CS8625: Cannot convert null literal to non-nullable reference type. [/Users/ali1/Projects/Erp-entegrasyon/erp-api/ErpMobile.Api.csproj]
/Users/ali1/Projects/Erp-entegrasyon/erp-api/Controllers/InventoryController.cs(46,44): warning CS8625: Cannot convert null literal to non-nullable reference type. [/Users/ali1/Projects/Erp-entegrasyon/erp-api/ErpMobile.Api.csproj]
/Users/ali1/Projects/Erp-entegrasyon/erp-api/Controllers/InventoryController.cs(47,47): warning CS8625: Cannot convert null literal to non-nullable reference type. [/Users/ali1/Projects/Erp-entegrasyon/erp-api/ErpMobile.Api.csproj]
/Users/ali1/Projects/Erp-entegrasyon/erp-api/Controllers/InventoryController.cs(48,48): warning CS8625: Cannot convert null literal to non-nullable reference type. [/Users/ali1/Projects/Erp-entegrasyon/erp-api/ErpMobile.Api.csproj]
/Users/ali1/Projects/Erp-entegrasyon/erp-api/Controllers/InvoiceTypeController.cs(86,48): warning CS8625: Cannot convert null literal to non-nullable reference type. [/Users/ali1/Projects/Erp-entegrasyon/erp-api/ErpMobile.Api.csproj]
/Users/ali1/Projects/Erp-entegrasyon/erp-api/Controllers/InvoiceTypeController.cs(87,47): warning CS8625: Cannot convert null literal to non-nullable reference type. [/Users/ali1/Projects/Erp-entegrasyon/erp-api/ErpMobile.Api.csproj]
/Users/ali1/Projects/Erp-entegrasyon/erp-api/Controllers/InvoiceTypeController.cs(88,45): warning CS8625: Cannot convert null literal to non-nullable reference type. [/Users/ali1/Projects/Erp-entegrasyon/erp-api/ErpMobile.Api.csproj]
/Users/ali1/Projects/Erp-entegrasyon/erp-api/Controllers/InvoiceTypeController.cs(89,48): warning CS8625: Cannot convert null literal to non-nullable reference type. [/Users/ali1/Projects/Erp-entegrasyon/erp-api/ErpMobile.Api.csproj]
/Users/ali1/Projects/Erp-entegrasyon/erp-api/Controllers/InvoiceTypeController.cs(92,41): warning CS8625: Cannot convert null literal to non-nullable reference type. [/Users/ali1/Projects/Erp-entegrasyon/erp-api/ErpMobile.Api.csproj]
/Users/ali1/Projects/Erp-entegrasyon/erp-api/Services/CustomerLocationService.cs(68,84): warning CS8625: Cannot convert null literal to non-nullable reference type. [/Users/ali1/Projects/Erp-entegrasyon/erp-api/ErpMobile.Api.csproj]
/Users/ali1/Projects/Erp-entegrasyon/erp-api/Services/CustomerLocationService.cs(302,128): warning CS8625: Cannot convert null literal to non-nullable reference type. [/Users/ali1/Projects/Erp-entegrasyon/erp-api/ErpMobile.Api.csproj]
/Users/ali1/Projects/Erp-entegrasyon/erp-api/Controllers/ItemController.cs(55,45): warning CS8625: Cannot convert null literal to non-nullable reference type. [/Users/ali1/Projects/Erp-entegrasyon/erp-api/ErpMobile.Api.csproj]
/Users/ali1/Projects/Erp-entegrasyon/erp-api/Controllers/ItemController.cs(56,50): warning CS8625: Cannot convert null literal to non-nullable reference type. [/Users/ali1/Projects/Erp-entegrasyon/erp-api/ErpMobile.Api.csproj]
/Users/ali1/Projects/Erp-entegrasyon/erp-api/Controllers/OfficeController.cs(36,46): warning CS8625: Cannot convert null literal to non-nullable reference type. [/Users/ali1/Projects/Erp-entegrasyon/erp-api/ErpMobile.Api.csproj]
/Users/ali1/Projects/Erp-entegrasyon/erp-api/Interfaces/ICustomerLocationService.cs(23,71): warning CS8625: Cannot convert null literal to non-nullable reference type. [/Users/ali1/Projects/Erp-entegrasyon/erp-api/ErpMobile.Api.csproj]
/Users/ali1/Projects/Erp-entegrasyon/erp-api/Interfaces/ICustomerLocationService.cs(58,84): warning CS8625: Cannot convert null literal to non-nullable reference type. [/Users/ali1/Projects/Erp-entegrasyon/erp-api/ErpMobile.Api.csproj]
/Users/ali1/Projects/Erp-entegrasyon/erp-api/Interfaces/ICustomerService.cs(109,71): warning CS8625: Cannot convert null literal to non-nullable reference type. [/Users/ali1/Projects/Erp-entegrasyon/erp-api/ErpMobile.Api.csproj]
/Users/ali1/Projects/Erp-entegrasyon/erp-api/Controllers/ProductController.cs(48,46): warning CS8625: Cannot convert null literal to non-nullable reference type. [/Users/ali1/Projects/Erp-entegrasyon/erp-api/ErpMobile.Api.csproj]
/Users/ali1/Projects/Erp-entegrasyon/erp-api/Interfaces/IExchangeRateService.cs(20,29): warning CS8625: Cannot convert null literal to non-nullable reference type. [/Users/ali1/Projects/Erp-entegrasyon/erp-api/ErpMobile.Api.csproj]
/Users/ali1/Projects/Erp-entegrasyon/erp-api/Controllers/ProductController.cs(49,53): warning CS8625: Cannot convert null literal to non-nullable reference type. [/Users/ali1/Projects/Erp-entegrasyon/erp-api/ErpMobile.Api.csproj]
/Users/ali1/Projects/Erp-entegrasyon/erp-api/Interfaces/IExchangeRateService.cs(26,29): warning CS8625: Cannot convert null literal to non-nullable reference type. [/Users/ali1/Projects/Erp-entegrasyon/erp-api/ErpMobile.Api.csproj]
/Users/ali1/Projects/Erp-entegrasyon/erp-api/Controllers/ProductController.cs(50,50): warning CS8625: Cannot convert null literal to non-nullable reference type. [/Users/ali1/Projects/Erp-entegrasyon/erp-api/ErpMobile.Api.csproj]
/Users/ali1/Projects/Erp-entegrasyon/erp-api/Interfaces/IExchangeRateService.cs(31,29): warning CS8625: Cannot convert null literal to non-nullable reference type. [/Users/ali1/Projects/Erp-entegrasyon/erp-api/ErpMobile.Api.csproj]
/Users/ali1/Projects/Erp-entegrasyon/erp-api/Interfaces/IExchangeRateService.cs(38,29): warning CS8625: Cannot convert null literal to non-nullable reference type. [/Users/ali1/Projects/Erp-entegrasyon/erp-api/ErpMobile.Api.csproj]
/Users/ali1/Projects/Erp-entegrasyon/erp-api/Controllers/SalesInvoiceController.cs(36,47): warning CS8625: Cannot convert null literal to non-nullable reference type. [/Users/ali1/Projects/Erp-entegrasyon/erp-api/ErpMobile.Api.csproj]
/Users/ali1/Projects/Erp-entegrasyon/erp-api/Controllers/SalesInvoiceController.cs(37,48): warning CS8625: Cannot convert null literal to non-nullable reference type. [/Users/ali1/Projects/Erp-entegrasyon/erp-api/ErpMobile.Api.csproj]
/Users/ali1/Projects/Erp-entegrasyon/erp-api/Controllers/SalesInvoiceController.cs(40,41): warning CS8625: Cannot convert null literal to non-nullable reference type. [/Users/ali1/Projects/Erp-entegrasyon/erp-api/ErpMobile.Api.csproj]
/Users/ali1/Projects/Erp-entegrasyon/erp-api/Controllers/ProductController.cs(432,43): warning CS8625: Cannot convert null literal to non-nullable reference type. [/Users/ali1/Projects/Erp-entegrasyon/erp-api/ErpMobile.Api.csproj]
/Users/ali1/Projects/Erp-entegrasyon/erp-api/Controllers/ProductController.cs(433,44): warning CS8625: Cannot convert null literal to non-nullable reference type. [/Users/ali1/Projects/Erp-entegrasyon/erp-api/ErpMobile.Api.csproj]
/Users/ali1/Projects/Erp-entegrasyon/erp-api/Controllers/ProductController.cs(434,42): warning CS8625: Cannot convert null literal to non-nullable reference type. [/Users/ali1/Projects/Erp-entegrasyon/erp-api/ErpMobile.Api.csproj]
/Users/ali1/Projects/Erp-entegrasyon/erp-api/Controllers/ShipmentController.cs(36,47): warning CS8625: Cannot convert null literal to non-nullable reference type. [/Users/ali1/Projects/Erp-entegrasyon/erp-api/ErpMobile.Api.csproj]
/Users/ali1/Projects/Erp-entegrasyon/erp-api/Controllers/WholesalePurchaseInvoiceController.cs(54,45): warning CS8625: Cannot convert null literal to non-nullable reference type. [/Users/ali1/Projects/Erp-entegrasyon/erp-api/ErpMobile.Api.csproj]
/Users/ali1/Projects/Erp-entegrasyon/erp-api/Controllers/WholesalePurchaseInvoiceController.cs(55,48): warning CS8625: Cannot convert null literal to non-nullable reference type. [/Users/ali1/Projects/Erp-entegrasyon/erp-api/ErpMobile.Api.csproj]
/Users/ali1/Projects/Erp-entegrasyon/erp-api/Controllers/WholesalePurchaseInvoiceController.cs(58,41): warning CS8625: Cannot convert null literal to non-nullable reference type. [/Users/ali1/Projects/Erp-entegrasyon/erp-api/ErpMobile.Api.csproj]
/Users/ali1/Projects/Erp-entegrasyon/erp-api/Models/Common/ApiResponse.cs(41,81): warning CS8625: Cannot convert null literal to non-nullable reference type. [/Users/ali1/Projects/Erp-entegrasyon/erp-api/ErpMobile.Api.csproj]
/Users/ali1/Projects/Erp-entegrasyon/erp-api/Models/Common/ErrorResponse.cs(5,23): warning CS8618: Non-nullable property 'Message' must contain a non-null value when exiting constructor. Consider adding the 'required' modifier or declaring the property as nullable. [/Users/ali1/Projects/Erp-entegrasyon/erp-api/ErpMobile.Api.csproj]
/Users/ali1/Projects/Erp-entegrasyon/erp-api/Models/Common/ErrorResponse.cs(6,23): warning CS8618: Non-nullable property 'ErrorCode' must contain a non-null value when exiting constructor. Consider adding the 'required' modifier or declaring the property as nullable. [/Users/ali1/Projects/Erp-entegrasyon/erp-api/ErpMobile.Api.csproj]
/Users/ali1/Projects/Erp-entegrasyon/erp-api/Models/Common/ErrorResponse.cs(7,23): warning CS8618: Non-nullable property 'StackTrace' must contain a non-null value when exiting constructor. Consider adding the 'required' modifier or declaring the property as nullable. [/Users/ali1/Projects/Erp-entegrasyon/erp-api/ErpMobile.Api.csproj]
/Users/ali1/Projects/Erp-entegrasyon/erp-api/Entities/Dtos/CustomerListDto.cs(9,23): warning CS8618: Non-nullable property 'CustomerCode' must contain a non-null value when exiting constructor. Consider adding the 'required' modifier or declaring the property as nullable. [/Users/ali1/Projects/Erp-entegrasyon/erp-api/ErpMobile.Api.csproj]
/Users/ali1/Projects/Erp-entegrasyon/erp-api/Entities/Dtos/CustomerListDto.cs(10,23): warning CS8618: Non-nullable property 'CustomerName' must contain a non-null value when exiting constructor. Consider adding the 'required' modifier or declaring the property as nullable. [/Users/ali1/Projects/Erp-entegrasyon/erp-api/ErpMobile.Api.csproj]
/Users/ali1/Projects/Erp-entegrasyon/erp-api/Entities/Dtos/CustomerListDto.cs(12,23): warning CS8618: Non-nullable property 'CustomerTypeDescription' must contain a non-null value when exiting constructor. Consider adding the 'required' modifier or declaring the property as nullable. [/Users/ali1/Projects/Erp-entegrasyon/erp-api/ErpMobile.Api.csproj]
/Users/ali1/Projects/Erp-entegrasyon/erp-api/Entities/Dtos/CustomerListDto.cs(13,23): warning CS8618: Non-nullable property 'CustomerDiscountGrCode' must contain a non-null value when exiting constructor. Consider adding the 'required' modifier or declaring the property as nullable. [/Users/ali1/Projects/Erp-entegrasyon/erp-api/ErpMobile.Api.csproj]
/Users/ali1/Projects/Erp-entegrasyon/erp-api/Entities/Dtos/CustomerListDto.cs(14,23): warning CS8618: Non-nullable property 'CustomerDiscountGrDescription' must contain a non-null value when exiting constructor. Consider adding the 'required' modifier or declaring the property as nullable. [/Users/ali1/Projects/Erp-entegrasyon/erp-api/ErpMobile.Api.csproj]
/Users/ali1/Projects/Erp-entegrasyon/erp-api/Entities/Dtos/CustomerListDto.cs(15,23): warning CS8618: Non-nullable property 'CustomerPaymentPlanGrCode' must contain a non-null value when exiting constructor. Consider adding the 'required' modifier or declaring the property as nullable. [/Users/ali1/Projects/Erp-entegrasyon/erp-api/ErpMobile.Api.csproj]
/Users/ali1/Projects/Erp-entegrasyon/erp-api/Entities/Dtos/CustomerListDto.cs(16,23): warning CS8618: Non-nullable property 'CustomerPaymentPlanGrDescription' must contain a non-null value when exiting constructor. Consider adding the 'required' modifier or declaring the property as nullable. [/Users/ali1/Projects/Erp-entegrasyon/erp-api/ErpMobile.Api.csproj]
/Users/ali1/Projects/Erp-entegrasyon/erp-api/Entities/Dtos/CustomerListDto.cs(17,23): warning CS8618: Non-nullable property 'PriceGroupCode' must contain a non-null value when exiting constructor. Consider adding the 'required' modifier or declaring the property as nullable. [/Users/ali1/Projects/Erp-entegrasyon/erp-api/ErpMobile.Api.csproj]
/Users/ali1/Projects/Erp-entegrasyon/erp-api/Entities/Dtos/CustomerListDto.cs(18,23): warning CS8618: Non-nullable property 'PriceGroupDescription' must contain a non-null value when exiting constructor. Consider adding the 'required' modifier or declaring the property as nullable. [/Users/ali1/Projects/Erp-entegrasyon/erp-api/ErpMobile.Api.csproj]
/Users/ali1/Projects/Erp-entegrasyon/erp-api/Entities/Dtos/CustomerListDto.cs(19,23): warning CS8618: Non-nullable property 'PromotionGroupCode' must contain a non-null value when exiting constructor. Consider adding the 'required' modifier or declaring the property as nullable. [/Users/ali1/Projects/Erp-entegrasyon/erp-api/ErpMobile.Api.csproj]
/Users/ali1/Projects/Erp-entegrasyon/erp-api/Entities/Dtos/CustomerListDto.cs(20,23): warning CS8618: Non-nullable property 'PromotionGroupDescription' must contain a non-null value when exiting constructor. Consider adding the 'required' modifier or declaring the property as nullable. [/Users/ali1/Projects/Erp-entegrasyon/erp-api/ErpMobile.Api.csproj]
/Users/ali1/Projects/Erp-entegrasyon/erp-api/Entities/Dtos/CustomerListDto.cs(22,23): warning CS8618: Non-nullable property 'Address' must contain a non-null value when exiting constructor. Consider adding the 'required' modifier or declaring the property as nullable. [/Users/ali1/Projects/Erp-entegrasyon/erp-api/ErpMobile.Api.csproj]
/Users/ali1/Projects/Erp-entegrasyon/erp-api/Entities/Dtos/CustomerListDto.cs(23,23): warning CS8618: Non-nullable property 'PhoneNumber' must contain a non-null value when exiting constructor. Consider adding the 'required' modifier or declaring the property as nullable. [/Users/ali1/Projects/Erp-entegrasyon/erp-api/ErpMobile.Api.csproj]
/Users/ali1/Projects/Erp-entegrasyon/erp-api/Entities/Dtos/CustomerListDto.cs(24,23): warning CS8618: Non-nullable property 'TaxNumber' must contain a non-null value when exiting constructor. Consider adding the 'required' modifier or declaring the property as nullable. [/Users/ali1/Projects/Erp-entegrasyon/erp-api/ErpMobile.Api.csproj]
/Users/ali1/Projects/Erp-entegrasyon/erp-api/Entities/Dtos/CustomerListDto.cs(25,23): warning CS8618: Non-nullable property 'TaxOfficeCode' must contain a non-null value when exiting constructor. Consider adding the 'required' modifier or declaring the property as nullable. [/Users/ali1/Projects/Erp-entegrasyon/erp-api/ErpMobile.Api.csproj]
/Users/ali1/Projects/Erp-entegrasyon/erp-api/Repositories/Product/ProductRepository.cs(24,33): warning CS8601: Possible null reference assignment. [/Users/ali1/Projects/Erp-entegrasyon/erp-api/ErpMobile.Api.csproj]
/Users/ali1/Projects/Erp-entegrasyon/erp-api/Repositories/Product/ProductRepository.cs(18,16): warning CS8618: Non-nullable field '_connectionString' must contain a non-null value when exiting constructor. Consider adding the 'required' modifier or declaring the field as nullable. [/Users/ali1/Projects/Erp-entegrasyon/erp-api/ErpMobile.Api.csproj]
/Users/ali1/Projects/Erp-entegrasyon/erp-api/Controllers/CustomerAddressController.cs(111,33): warning CS8601: Possible null reference assignment. [/Users/ali1/Projects/Erp-entegrasyon/erp-api/ErpMobile.Api.csproj]
/Users/ali1/Projects/Erp-entegrasyon/erp-api/Controllers/CustomerAddressController.cs(159,28): warning CS8601: Possible null reference assignment. [/Users/ali1/Projects/Erp-entegrasyon/erp-api/ErpMobile.Api.csproj]
/Users/ali1/Projects/Erp-entegrasyon/erp-api/Controllers/CustomerCommunicationController.cs(131,28): warning CS8601: Possible null reference assignment. [/Users/ali1/Projects/Erp-entegrasyon/erp-api/ErpMobile.Api.csproj]
/Users/ali1/Projects/Erp-entegrasyon/erp-api/Controllers/CustomerCommunicationController.cs(150,87): warning CS1998: This async method lacks 'await' operators and will run synchronously. Consider using the 'await' operator to await non-blocking API calls, or 'await Task.Run(...)' to do CPU-bound work on a background thread. [/Users/ali1/Projects/Erp-entegrasyon/erp-api/ErpMobile.Api.csproj]
/Users/ali1/Projects/Erp-entegrasyon/erp-api/Controllers/CurrencyController.cs(136,55): warning CS8600: Converting null literal or possible null value to non-nullable type. [/Users/ali1/Projects/Erp-entegrasyon/erp-api/ErpMobile.Api.csproj]
/Users/ali1/Projects/Erp-entegrasyon/erp-api/Controllers/CurrencyController.cs(137,42): warning CS8600: Converting null literal or possible null value to non-nullable type. [/Users/ali1/Projects/Erp-entegrasyon/erp-api/ErpMobile.Api.csproj]
/Users/ali1/Projects/Erp-entegrasyon/erp-api/Controllers/CurrencyController.cs(143,44): warning CS8601: Possible null reference assignment. [/Users/ali1/Projects/Erp-entegrasyon/erp-api/ErpMobile.Api.csproj]
/Users/ali1/Projects/Erp-entegrasyon/erp-api/Controllers/CurrencyController.cs(144,51): warning CS8601: Possible null reference assignment. [/Users/ali1/Projects/Erp-entegrasyon/erp-api/ErpMobile.Api.csproj]
/Users/ali1/Projects/Erp-entegrasyon/erp-api/Controllers/CurrencyController.cs(145,48): warning CS8601: Possible null reference assignment. [/Users/ali1/Projects/Erp-entegrasyon/erp-api/ErpMobile.Api.csproj]
/Users/ali1/Projects/Erp-entegrasyon/erp-api/Controllers/CurrencyController.cs(150,38): warning CS8601: Possible null reference assignment. [/Users/ali1/Projects/Erp-entegrasyon/erp-api/ErpMobile.Api.csproj]
/Users/ali1/Projects/Erp-entegrasyon/erp-api/Repositories/Product/ProductRepository.cs(119,51): warning CS8601: Possible null reference assignment. [/Users/ali1/Projects/Erp-entegrasyon/erp-api/ErpMobile.Api.csproj]
/Users/ali1/Projects/Erp-entegrasyon/erp-api/Repositories/Product/ProductRepository.cs(120,58): warning CS8601: Possible null reference assignment. [/Users/ali1/Projects/Erp-entegrasyon/erp-api/ErpMobile.Api.csproj]
/Users/ali1/Projects/Erp-entegrasyon/erp-api/Repositories/Product/ProductRepository.cs(121,49): warning CS8601: Possible null reference assignment. [/Users/ali1/Projects/Erp-entegrasyon/erp-api/ErpMobile.Api.csproj]
/Users/ali1/Projects/Erp-entegrasyon/erp-api/Repositories/Product/ProductRepository.cs(122,56): warning CS8601: Possible null reference assignment. [/Users/ali1/Projects/Erp-entegrasyon/erp-api/ErpMobile.Api.csproj]
/Users/ali1/Projects/Erp-entegrasyon/erp-api/Repositories/Product/ProductRepository.cs(123,61): warning CS8601: Possible null reference assignment. [/Users/ali1/Projects/Erp-entegrasyon/erp-api/ErpMobile.Api.csproj]
/Users/ali1/Projects/Erp-entegrasyon/erp-api/Repositories/Product/ProductRepository.cs(124,52): warning CS8601: Possible null reference assignment. [/Users/ali1/Projects/Erp-entegrasyon/erp-api/ErpMobile.Api.csproj]
/Users/ali1/Projects/Erp-entegrasyon/erp-api/Repositories/Product/ProductRepository.cs(125,52): warning CS8601: Possible null reference assignment. [/Users/ali1/Projects/Erp-entegrasyon/erp-api/ErpMobile.Api.csproj]
/Users/ali1/Projects/Erp-entegrasyon/erp-api/Repositories/Product/ProductRepository.cs(126,52): warning CS8601: Possible null reference assignment. [/Users/ali1/Projects/Erp-entegrasyon/erp-api/ErpMobile.Api.csproj]
/Users/ali1/Projects/Erp-entegrasyon/erp-api/Repositories/Product/ProductRepository.cs(127,55): warning CS8601: Possible null reference assignment. [/Users/ali1/Projects/Erp-entegrasyon/erp-api/ErpMobile.Api.csproj]
/Users/ali1/Projects/Erp-entegrasyon/erp-api/Repositories/Product/ProductRepository.cs(128,47): warning CS8601: Possible null reference assignment. [/Users/ali1/Projects/Erp-entegrasyon/erp-api/ErpMobile.Api.csproj]
/Users/ali1/Projects/Erp-entegrasyon/erp-api/Repositories/Product/ProductRepository.cs(131,55): warning CS8601: Possible null reference assignment. [/Users/ali1/Projects/Erp-entegrasyon/erp-api/ErpMobile.Api.csproj]
/Users/ali1/Projects/Erp-entegrasyon/erp-api/Repositories/Product/ProductRepository.cs(132,62): warning CS8601: Possible null reference assignment. [/Users/ali1/Projects/Erp-entegrasyon/erp-api/ErpMobile.Api.csproj]
/Users/ali1/Projects/Erp-entegrasyon/erp-api/Repositories/Product/ProductRepository.cs(133,58): warning CS8601: Possible null reference assignment. [/Users/ali1/Projects/Erp-entegrasyon/erp-api/ErpMobile.Api.csproj]
/Users/ali1/Projects/Erp-entegrasyon/erp-api/Repositories/Product/ProductRepository.cs(134,58): warning CS8601: Possible null reference assignment. [/Users/ali1/Projects/Erp-entegrasyon/erp-api/ErpMobile.Api.csproj]
/Users/ali1/Projects/Erp-entegrasyon/erp-api/Repositories/Product/ProductRepository.cs(135,58): warning CS8601: Possible null reference assignment. [/Users/ali1/Projects/Erp-entegrasyon/erp-api/ErpMobile.Api.csproj]
/Users/ali1/Projects/Erp-entegrasyon/erp-api/Repositories/Product/ProductRepository.cs(136,63): warning CS8601: Possible null reference assignment. [/Users/ali1/Projects/Erp-entegrasyon/erp-api/ErpMobile.Api.csproj]
/Users/ali1/Projects/Erp-entegrasyon/erp-api/Repositories/Product/ProductRepository.cs(137,63): warning CS8601: Possible null reference assignment. [/Users/ali1/Projects/Erp-entegrasyon/erp-api/ErpMobile.Api.csproj]
/Users/ali1/Projects/Erp-entegrasyon/erp-api/Repositories/Product/ProductRepository.cs(138,63): warning CS8601: Possible null reference assignment. [/Users/ali1/Projects/Erp-entegrasyon/erp-api/ErpMobile.Api.csproj]
/Users/ali1/Projects/Erp-entegrasyon/erp-api/Repositories/Product/ProductRepository.cs(139,63): warning CS8601: Possible null reference assignment. [/Users/ali1/Projects/Erp-entegrasyon/erp-api/ErpMobile.Api.csproj]
/Users/ali1/Projects/Erp-entegrasyon/erp-api/Repositories/Product/ProductRepository.cs(140,63): warning CS8601: Possible null reference assignment. [/Users/ali1/Projects/Erp-entegrasyon/erp-api/ErpMobile.Api.csproj]
/Users/ali1/Projects/Erp-entegrasyon/erp-api/Repositories/Product/ProductRepository.cs(141,63): warning CS8601: Possible null reference assignment. [/Users/ali1/Projects/Erp-entegrasyon/erp-api/ErpMobile.Api.csproj]
/Users/ali1/Projects/Erp-entegrasyon/erp-api/Repositories/Product/ProductRepository.cs(142,63): warning CS8601: Possible null reference assignment. [/Users/ali1/Projects/Erp-entegrasyon/erp-api/ErpMobile.Api.csproj]
/Users/ali1/Projects/Erp-entegrasyon/erp-api/Repositories/Product/ProductRepository.cs(143,50): warning CS8601: Possible null reference assignment. [/Users/ali1/Projects/Erp-entegrasyon/erp-api/ErpMobile.Api.csproj]
/Users/ali1/Projects/Erp-entegrasyon/erp-api/Repositories/Product/ProductRepository.cs(144,57): warning CS8601: Possible null reference assignment. [/Users/ali1/Projects/Erp-entegrasyon/erp-api/ErpMobile.Api.csproj]
/Users/ali1/Projects/Erp-entegrasyon/erp-api/Repositories/Product/ProductRepository.cs(145,54): warning CS8601: Possible null reference assignment. [/Users/ali1/Projects/Erp-entegrasyon/erp-api/ErpMobile.Api.csproj]
/Users/ali1/Projects/Erp-entegrasyon/erp-api/Repositories/Product/ProductRepository.cs(146,61): warning CS8601: Possible null reference assignment. [/Users/ali1/Projects/Erp-entegrasyon/erp-api/ErpMobile.Api.csproj]
/Users/ali1/Projects/Erp-entegrasyon/erp-api/Repositories/Product/ProductRepository.cs(147,54): warning CS8601: Possible null reference assignment. [/Users/ali1/Projects/Erp-entegrasyon/erp-api/ErpMobile.Api.csproj]
/Users/ali1/Projects/Erp-entegrasyon/erp-api/Repositories/Product/ProductRepository.cs(148,61): warning CS8601: Possible null reference assignment. [/Users/ali1/Projects/Erp-entegrasyon/erp-api/ErpMobile.Api.csproj]
/Users/ali1/Projects/Erp-entegrasyon/erp-api/Controllers/CustomerController.cs(71,101): warning CS8625: Cannot convert null literal to non-nullable reference type. [/Users/ali1/Projects/Erp-entegrasyon/erp-api/ErpMobile.Api.csproj]
/Users/ali1/Projects/Erp-entegrasyon/erp-api/Controllers/CustomerController.cs(130,28): warning CS8625: Cannot convert null literal to non-nullable reference type. [/Users/ali1/Projects/Erp-entegrasyon/erp-api/ErpMobile.Api.csproj]
/Users/ali1/Projects/Erp-entegrasyon/erp-api/Repositories/Product/ProductRepository.cs(266,51): warning CS8601: Possible null reference assignment. [/Users/ali1/Projects/Erp-entegrasyon/erp-api/ErpMobile.Api.csproj]
/Users/ali1/Projects/Erp-entegrasyon/erp-api/Repositories/Product/ProductRepository.cs(267,58): warning CS8601: Possible null reference assignment. [/Users/ali1/Projects/Erp-entegrasyon/erp-api/ErpMobile.Api.csproj]
/Users/ali1/Projects/Erp-entegrasyon/erp-api/Repositories/Product/ProductRepository.cs(268,49): warning CS8601: Possible null reference assignment. [/Users/ali1/Projects/Erp-entegrasyon/erp-api/ErpMobile.Api.csproj]
/Users/ali1/Projects/Erp-entegrasyon/erp-api/Repositories/Product/ProductRepository.cs(269,56): warning CS8601: Possible null reference assignment. [/Users/ali1/Projects/Erp-entegrasyon/erp-api/ErpMobile.Api.csproj]
/Users/ali1/Projects/Erp-entegrasyon/erp-api/Repositories/Product/ProductRepository.cs(270,61): warning CS8601: Possible null reference assignment. [/Users/ali1/Projects/Erp-entegrasyon/erp-api/ErpMobile.Api.csproj]
/Users/ali1/Projects/Erp-entegrasyon/erp-api/Repositories/Product/ProductRepository.cs(271,52): warning CS8601: Possible null reference assignment. [/Users/ali1/Projects/Erp-entegrasyon/erp-api/ErpMobile.Api.csproj]
/Users/ali1/Projects/Erp-entegrasyon/erp-api/Repositories/Product/ProductRepository.cs(272,52): warning CS8601: Possible null reference assignment. [/Users/ali1/Projects/Erp-entegrasyon/erp-api/ErpMobile.Api.csproj]
/Users/ali1/Projects/Erp-entegrasyon/erp-api/Repositories/Product/ProductRepository.cs(273,52): warning CS8601: Possible null reference assignment. [/Users/ali1/Projects/Erp-entegrasyon/erp-api/ErpMobile.Api.csproj]
/Users/ali1/Projects/Erp-entegrasyon/erp-api/Repositories/Product/ProductRepository.cs(274,55): warning CS8601: Possible null reference assignment. [/Users/ali1/Projects/Erp-entegrasyon/erp-api/ErpMobile.Api.csproj]
/Users/ali1/Projects/Erp-entegrasyon/erp-api/Repositories/Product/ProductRepository.cs(275,47): warning CS8601: Possible null reference assignment. [/Users/ali1/Projects/Erp-entegrasyon/erp-api/ErpMobile.Api.csproj]
/Users/ali1/Projects/Erp-entegrasyon/erp-api/Repositories/Product/ProductRepository.cs(278,55): warning CS8601: Possible null reference assignment. [/Users/ali1/Projects/Erp-entegrasyon/erp-api/ErpMobile.Api.csproj]
/Users/ali1/Projects/Erp-entegrasyon/erp-api/Repositories/Product/ProductRepository.cs(279,62): warning CS8601: Possible null reference assignment. [/Users/ali1/Projects/Erp-entegrasyon/erp-api/ErpMobile.Api.csproj]
/Users/ali1/Projects/Erp-entegrasyon/erp-api/Repositories/Product/ProductRepository.cs(280,58): warning CS8601: Possible null reference assignment. [/Users/ali1/Projects/Erp-entegrasyon/erp-api/ErpMobile.Api.csproj]
/Users/ali1/Projects/Erp-entegrasyon/erp-api/Repositories/Product/ProductRepository.cs(281,58): warning CS8601: Possible null reference assignment. [/Users/ali1/Projects/Erp-entegrasyon/erp-api/ErpMobile.Api.csproj]
/Users/ali1/Projects/Erp-entegrasyon/erp-api/Repositories/Product/ProductRepository.cs(282,58): warning CS8601: Possible null reference assignment. [/Users/ali1/Projects/Erp-entegrasyon/erp-api/ErpMobile.Api.csproj]
/Users/ali1/Projects/Erp-entegrasyon/erp-api/Repositories/Product/ProductRepository.cs(283,63): warning CS8601: Possible null reference assignment. [/Users/ali1/Projects/Erp-entegrasyon/erp-api/ErpMobile.Api.csproj]
/Users/ali1/Projects/Erp-entegrasyon/erp-api/Repositories/Product/ProductRepository.cs(284,63): warning CS8601: Possible null reference assignment. [/Users/ali1/Projects/Erp-entegrasyon/erp-api/ErpMobile.Api.csproj]
/Users/ali1/Projects/Erp-entegrasyon/erp-api/Repositories/Product/ProductRepository.cs(285,63): warning CS8601: Possible null reference assignment. [/Users/ali1/Projects/Erp-entegrasyon/erp-api/ErpMobile.Api.csproj]
/Users/ali1/Projects/Erp-entegrasyon/erp-api/Repositories/Product/ProductRepository.cs(286,63): warning CS8601: Possible null reference assignment. [/Users/ali1/Projects/Erp-entegrasyon/erp-api/ErpMobile.Api.csproj]
/Users/ali1/Projects/Erp-entegrasyon/erp-api/Repositories/Product/ProductRepository.cs(287,63): warning CS8601: Possible null reference assignment. [/Users/ali1/Projects/Erp-entegrasyon/erp-api/ErpMobile.Api.csproj]
/Users/ali1/Projects/Erp-entegrasyon/erp-api/Repositories/Product/ProductRepository.cs(288,63): warning CS8601: Possible null reference assignment. [/Users/ali1/Projects/Erp-entegrasyon/erp-api/ErpMobile.Api.csproj]
/Users/ali1/Projects/Erp-entegrasyon/erp-api/Repositories/Product/ProductRepository.cs(289,63): warning CS8601: Possible null reference assignment. [/Users/ali1/Projects/Erp-entegrasyon/erp-api/ErpMobile.Api.csproj]
/Users/ali1/Projects/Erp-entegrasyon/erp-api/Repositories/Product/ProductRepository.cs(290,50): warning CS8601: Possible null reference assignment. [/Users/ali1/Projects/Erp-entegrasyon/erp-api/ErpMobile.Api.csproj]
/Users/ali1/Projects/Erp-entegrasyon/erp-api/Repositories/Product/ProductRepository.cs(291,57): warning CS8601: Possible null reference assignment. [/Users/ali1/Projects/Erp-entegrasyon/erp-api/ErpMobile.Api.csproj]
/Users/ali1/Projects/Erp-entegrasyon/erp-api/Repositories/Product/ProductRepository.cs(292,54): warning CS8601: Possible null reference assignment. [/Users/ali1/Projects/Erp-entegrasyon/erp-api/ErpMobile.Api.csproj]
/Users/ali1/Projects/Erp-entegrasyon/erp-api/Repositories/Product/ProductRepository.cs(293,61): warning CS8601: Possible null reference assignment. [/Users/ali1/Projects/Erp-entegrasyon/erp-api/ErpMobile.Api.csproj]
/Users/ali1/Projects/Erp-entegrasyon/erp-api/Repositories/Product/ProductRepository.cs(294,54): warning CS8601: Possible null reference assignment. [/Users/ali1/Projects/Erp-entegrasyon/erp-api/ErpMobile.Api.csproj]
/Users/ali1/Projects/Erp-entegrasyon/erp-api/Repositories/Product/ProductRepository.cs(295,61): warning CS8601: Possible null reference assignment. [/Users/ali1/Projects/Erp-entegrasyon/erp-api/ErpMobile.Api.csproj]
/Users/ali1/Projects/Erp-entegrasyon/erp-api/Data/CustomerListDto.cs(12,23): warning CS8618: Non-nullable property 'CustomerCode' must contain a non-null value when exiting constructor. Consider adding the 'required' modifier or declaring the property as nullable. [/Users/ali1/Projects/Erp-entegrasyon/erp-api/ErpMobile.Api.csproj]
/Users/ali1/Projects/Erp-entegrasyon/erp-api/Data/CustomerListDto.cs(15,23): warning CS8618: Non-nullable property 'CustomerName' must contain a non-null value when exiting constructor. Consider adding the 'required' modifier or declaring the property as nullable. [/Users/ali1/Projects/Erp-entegrasyon/erp-api/ErpMobile.Api.csproj]
/Users/ali1/Projects/Erp-entegrasyon/erp-api/Data/CustomerListDto.cs(18,23): warning CS8618: Non-nullable property 'CustomerTypeCode' must contain a non-null value when exiting constructor. Consider adding the 'required' modifier or declaring the property as nullable. [/Users/ali1/Projects/Erp-entegrasyon/erp-api/ErpMobile.Api.csproj]
/Users/ali1/Projects/Erp-entegrasyon/erp-api/Data/CustomerListDto.cs(21,23): warning CS8618: Non-nullable property 'CustomerTypeDescription' must contain a non-null value when exiting constructor. Consider adding the 'required' modifier or declaring the property as nullable. [/Users/ali1/Projects/Erp-entegrasyon/erp-api/ErpMobile.Api.csproj]
/Users/ali1/Projects/Erp-entegrasyon/erp-api/Data/CustomerListDto.cs(27,23): warning CS8618: Non-nullable property 'CreatedUsername' must contain a non-null value when exiting constructor. Consider adding the 'required' modifier or declaring the property as nullable. [/Users/ali1/Projects/Erp-entegrasyon/erp-api/ErpMobile.Api.csproj]
/Users/ali1/Projects/Erp-entegrasyon/erp-api/Data/CustomerListDto.cs(30,23): warning CS8618: Non-nullable property 'CurrencyCode' must contain a non-null value when exiting constructor. Consider adding the 'required' modifier or declaring the property as nullable. [/Users/ali1/Projects/Erp-entegrasyon/erp-api/ErpMobile.Api.csproj]
/Users/ali1/Projects/Erp-entegrasyon/erp-api/Data/CustomerListDto.cs(36,23): warning CS8618: Non-nullable property 'PromotionGroupDescription' must contain a non-null value when exiting constructor. Consider adding the 'required' modifier or declaring the property as nullable. [/Users/ali1/Projects/Erp-entegrasyon/erp-api/ErpMobile.Api.csproj]
/Users/ali1/Projects/Erp-entegrasyon/erp-api/Data/CustomerListDto.cs(39,23): warning CS8618: Non-nullable property 'CompanyCode' must contain a non-null value when exiting constructor. Consider adding the 'required' modifier or declaring the property as nullable. [/Users/ali1/Projects/Erp-entegrasyon/erp-api/ErpMobile.Api.csproj]
/Users/ali1/Projects/Erp-entegrasyon/erp-api/Data/CustomerListDto.cs(42,23): warning CS8618: Non-nullable property 'OfficeCode' must contain a non-null value when exiting constructor. Consider adding the 'required' modifier or declaring the property as nullable. [/Users/ali1/Projects/Erp-entegrasyon/erp-api/ErpMobile.Api.csproj]
/Users/ali1/Projects/Erp-entegrasyon/erp-api/Data/CustomerListDto.cs(45,23): warning CS8618: Non-nullable property 'OfficeDescription' must contain a non-null value when exiting constructor. Consider adding the 'required' modifier or declaring the property as nullable. [/Users/ali1/Projects/Erp-entegrasyon/erp-api/ErpMobile.Api.csproj]
/Users/ali1/Projects/Erp-entegrasyon/erp-api/Data/CustomerListDto.cs(48,23): warning CS8618: Non-nullable property 'OfficeCountryCode' must contain a non-null value when exiting constructor. Consider adding the 'required' modifier or declaring the property as nullable. [/Users/ali1/Projects/Erp-entegrasyon/erp-api/ErpMobile.Api.csproj]
/Users/ali1/Projects/Erp-entegrasyon/erp-api/Data/CustomerListDto.cs(51,23): warning CS8618: Non-nullable property 'CityDescription' must contain a non-null value when exiting constructor. Consider adding the 'required' modifier or declaring the property as nullable. [/Users/ali1/Projects/Erp-entegrasyon/erp-api/ErpMobile.Api.csproj]
/Users/ali1/Projects/Erp-entegrasyon/erp-api/Data/CustomerListDto.cs(54,23): warning CS8618: Non-nullable property 'DistrictDescription' must contain a non-null value when exiting constructor. Consider adding the 'required' modifier or declaring the property as nullable. [/Users/ali1/Projects/Erp-entegrasyon/erp-api/ErpMobile.Api.csproj]
/Users/ali1/Projects/Erp-entegrasyon/erp-api/Data/CustomerListDto.cs(57,23): warning CS8618: Non-nullable property 'IdentityNum' must contain a non-null value when exiting constructor. Consider adding the 'required' modifier or declaring the property as nullable. [/Users/ali1/Projects/Erp-entegrasyon/erp-api/ErpMobile.Api.csproj]
/Users/ali1/Projects/Erp-entegrasyon/erp-api/Data/CustomerListDto.cs(60,23): warning CS8618: Non-nullable property 'TaxNumber' must contain a non-null value when exiting constructor. Consider adding the 'required' modifier or declaring the property as nullable. [/Users/ali1/Projects/Erp-entegrasyon/erp-api/ErpMobile.Api.csproj]
/Users/ali1/Projects/Erp-entegrasyon/erp-api/Data/CustomerListDto.cs(63,23): warning CS8618: Non-nullable property 'VendorCode' must contain a non-null value when exiting constructor. Consider adding the 'required' modifier or declaring the property as nullable. [/Users/ali1/Projects/Erp-entegrasyon/erp-api/ErpMobile.Api.csproj]
/Users/ali1/Projects/Erp-entegrasyon/erp-api/Repositories/Product/ProductRepository.cs(385,55): warning CS8601: Possible null reference assignment. [/Users/ali1/Projects/Erp-entegrasyon/erp-api/ErpMobile.Api.csproj]
/Users/ali1/Projects/Erp-entegrasyon/erp-api/Repositories/Product/ProductRepository.cs(386,54): warning CS8601: Possible null reference assignment. [/Users/ali1/Projects/Erp-entegrasyon/erp-api/ErpMobile.Api.csproj]
/Users/ali1/Projects/Erp-entegrasyon/erp-api/Repositories/Product/ProductRepository.cs(387,61): warning CS8601: Possible null reference assignment. [/Users/ali1/Projects/Erp-entegrasyon/erp-api/ErpMobile.Api.csproj]
/Users/ali1/Projects/Erp-entegrasyon/erp-api/Repositories/Product/ProductRepository.cs(388,57): warning CS8601: Possible null reference assignment. [/Users/ali1/Projects/Erp-entegrasyon/erp-api/ErpMobile.Api.csproj]
/Users/ali1/Projects/Erp-entegrasyon/erp-api/Repositories/Product/ProductRepository.cs(389,64): warning CS8601: Possible null reference assignment. [/Users/ali1/Projects/Erp-entegrasyon/erp-api/ErpMobile.Api.csproj]
/Users/ali1/Projects/Erp-entegrasyon/erp-api/Repositories/Product/ProductRepository.cs(393,51): warning CS8601: Possible null reference assignment. [/Users/ali1/Projects/Erp-entegrasyon/erp-api/ErpMobile.Api.csproj]
/Users/ali1/Projects/Erp-entegrasyon/erp-api/Repositories/Product/ProductRepository.cs(401,57): warning CS8601: Possible null reference assignment. [/Users/ali1/Projects/Erp-entegrasyon/erp-api/ErpMobile.Api.csproj]
/Users/ali1/Projects/Erp-entegrasyon/erp-api/Repositories/Product/ProductRepository.cs(405,51): warning CS8601: Possible null reference assignment. [/Users/ali1/Projects/Erp-entegrasyon/erp-api/ErpMobile.Api.csproj]
/Users/ali1/Projects/Erp-entegrasyon/erp-api/Data/DbContextExtensions.cs(29,17): warning CS8602: Dereference of a possibly null reference. [/Users/ali1/Projects/Erp-entegrasyon/erp-api/ErpMobile.Api.csproj]
/Users/ali1/Projects/Erp-entegrasyon/erp-api/Data/DbContextExtensions.cs(35,55): warning CS8600: Converting null literal or possible null value to non-nullable type. [/Users/ali1/Projects/Erp-entegrasyon/erp-api/ErpMobile.Api.csproj]
/Users/ali1/Projects/Erp-entegrasyon/erp-api/Data/DbContextExtensions.cs(35,20): warning CS8603: Possible null reference return. [/Users/ali1/Projects/Erp-entegrasyon/erp-api/ErpMobile.Api.csproj]
/Users/ali1/Projects/Erp-entegrasyon/erp-api/Data/DbContextExtensions.cs(55,17): warning CS8602: Dereference of a possibly null reference. [/Users/ali1/Projects/Erp-entegrasyon/erp-api/ErpMobile.Api.csproj]
/Users/ali1/Projects/Erp-entegrasyon/erp-api/Controllers/CustomerController.cs(418,62): warning CS1998: This async method lacks 'await' operators and will run synchronously. Consider using the 'await' operator to await non-blocking API calls, or 'await Task.Run(...)' to do CPU-bound work on a background thread. [/Users/ali1/Projects/Erp-entegrasyon/erp-api/ErpMobile.Api.csproj]
/Users/ali1/Projects/Erp-entegrasyon/erp-api/Controllers/WarehouseController.cs(46,45): warning CS8625: Cannot convert null literal to non-nullable reference type. [/Users/ali1/Projects/Erp-entegrasyon/erp-api/ErpMobile.Api.csproj]
/Users/ali1/Projects/Erp-entegrasyon/erp-api/Data/DbContextExtensions.cs(80,17): warning CS8602: Dereference of a possibly null reference. [/Users/ali1/Projects/Erp-entegrasyon/erp-api/ErpMobile.Api.csproj]
/Users/ali1/Projects/Erp-entegrasyon/erp-api/Controllers/WarehouseController.cs(66,61): warning CS8625: Cannot convert null literal to non-nullable reference type. [/Users/ali1/Projects/Erp-entegrasyon/erp-api/ErpMobile.Api.csproj]
/Users/ali1/Projects/Erp-entegrasyon/erp-api/Controllers/WarehouseController.cs(74,45): warning CS8625: Cannot convert null literal to non-nullable reference type. [/Users/ali1/Projects/Erp-entegrasyon/erp-api/ErpMobile.Api.csproj]
/Users/ali1/Projects/Erp-entegrasyon/erp-api/Controllers/WarehouseController.cs(96,45): warning CS8625: Cannot convert null literal to non-nullable reference type. [/Users/ali1/Projects/Erp-entegrasyon/erp-api/ErpMobile.Api.csproj]
/Users/ali1/Projects/Erp-entegrasyon/erp-api/Controllers/WarehouseController.cs(118,45): warning CS8625: Cannot convert null literal to non-nullable reference type. [/Users/ali1/Projects/Erp-entegrasyon/erp-api/ErpMobile.Api.csproj]
/Users/ali1/Projects/Erp-entegrasyon/erp-api/Repositories/Product/ProductRepository.cs(540,56): warning CS8601: Possible null reference assignment. [/Users/ali1/Projects/Erp-entegrasyon/erp-api/ErpMobile.Api.csproj]
/Users/ali1/Projects/Erp-entegrasyon/erp-api/Repositories/Product/ProductRepository.cs(541,63): warning CS8601: Possible null reference assignment. [/Users/ali1/Projects/Erp-entegrasyon/erp-api/ErpMobile.Api.csproj]
/Users/ali1/Projects/Erp-entegrasyon/erp-api/Repositories/Product/ProductRepository.cs(542,52): warning CS8601: Possible null reference assignment. [/Users/ali1/Projects/Erp-entegrasyon/erp-api/ErpMobile.Api.csproj]
/Users/ali1/Projects/Erp-entegrasyon/erp-api/Repositories/Product/ProductRepository.cs(543,59): warning CS8601: Possible null reference assignment. [/Users/ali1/Projects/Erp-entegrasyon/erp-api/ErpMobile.Api.csproj]
/Users/ali1/Projects/Erp-entegrasyon/erp-api/Repositories/Product/ProductRepository.cs(544,53): warning CS8601: Possible null reference assignment. [/Users/ali1/Projects/Erp-entegrasyon/erp-api/ErpMobile.Api.csproj]
/Users/ali1/Projects/Erp-entegrasyon/erp-api/Repositories/Product/ProductRepository.cs(545,60): warning CS8601: Possible null reference assignment. [/Users/ali1/Projects/Erp-entegrasyon/erp-api/ErpMobile.Api.csproj]
/Users/ali1/Projects/Erp-entegrasyon/erp-api/Repositories/Product/ProductRepository.cs(546,56): warning CS8601: Possible null reference assignment. [/Users/ali1/Projects/Erp-entegrasyon/erp-api/ErpMobile.Api.csproj]
/Users/ali1/Projects/Erp-entegrasyon/erp-api/Repositories/Product/ProductRepository.cs(547,56): warning CS8601: Possible null reference assignment. [/Users/ali1/Projects/Erp-entegrasyon/erp-api/ErpMobile.Api.csproj]
/Users/ali1/Projects/Erp-entegrasyon/erp-api/Repositories/Product/ProductRepository.cs(548,56): warning CS8601: Possible null reference assignment. [/Users/ali1/Projects/Erp-entegrasyon/erp-api/ErpMobile.Api.csproj]
/Users/ali1/Projects/Erp-entegrasyon/erp-api/Repositories/Product/ProductRepository.cs(549,61): warning CS8601: Possible null reference assignment. [/Users/ali1/Projects/Erp-entegrasyon/erp-api/ErpMobile.Api.csproj]
/Users/ali1/Projects/Erp-entegrasyon/erp-api/Repositories/Product/ProductRepository.cs(550,59): warning CS8601: Possible null reference assignment. [/Users/ali1/Projects/Erp-entegrasyon/erp-api/ErpMobile.Api.csproj]
/Users/ali1/Projects/Erp-entegrasyon/erp-api/Repositories/Product/ProductRepository.cs(551,59): warning CS8601: Possible null reference assignment. [/Users/ali1/Projects/Erp-entegrasyon/erp-api/ErpMobile.Api.csproj]
/Users/ali1/Projects/Erp-entegrasyon/erp-api/Repositories/Product/ProductRepository.cs(553,59): warning CS8601: Possible null reference assignment. [/Users/ali1/Projects/Erp-entegrasyon/erp-api/ErpMobile.Api.csproj]
/Users/ali1/Projects/Erp-entegrasyon/erp-api/Repositories/Product/ProductRepository.cs(556,52): warning CS8601: Possible null reference assignment. [/Users/ali1/Projects/Erp-entegrasyon/erp-api/ErpMobile.Api.csproj]
/Users/ali1/Projects/Erp-entegrasyon/erp-api/Repositories/Product/ProductRepository.cs(628,44): warning CS8601: Possible null reference assignment. [/Users/ali1/Projects/Erp-entegrasyon/erp-api/ErpMobile.Api.csproj]
/Users/ali1/Projects/Erp-entegrasyon/erp-api/Repositories/Product/ProductRepository.cs(629,51): warning CS8601: Possible null reference assignment. [/Users/ali1/Projects/Erp-entegrasyon/erp-api/ErpMobile.Api.csproj]
/Users/ali1/Projects/Erp-entegrasyon/erp-api/Repositories/Product/ProductRepository.cs(680,44): warning CS8601: Possible null reference assignment. [/Users/ali1/Projects/Erp-entegrasyon/erp-api/ErpMobile.Api.csproj]
/Users/ali1/Projects/Erp-entegrasyon/erp-api/Repositories/Product/ProductRepository.cs(681,51): warning CS8601: Possible null reference assignment. [/Users/ali1/Projects/Erp-entegrasyon/erp-api/ErpMobile.Api.csproj]
/Users/ali1/Projects/Erp-entegrasyon/erp-api/Controllers/CustomerFinancialController.cs(164,32): warning CS8625: Cannot convert null literal to non-nullable reference type. [/Users/ali1/Projects/Erp-entegrasyon/erp-api/ErpMobile.Api.csproj]
/Users/ali1/Projects/Erp-entegrasyon/erp-api/Repositories/Invoice/InvoiceRepository.cs(50,33): warning CS8601: Possible null reference assignment. [/Users/ali1/Projects/Erp-entegrasyon/erp-api/ErpMobile.Api.csproj]
/Users/ali1/Projects/Erp-entegrasyon/erp-api/Repositories/Invoice/InvoiceRepository.cs(40,16): warning CS8618: Non-nullable field '_connectionString' must contain a non-null value when exiting constructor. Consider adding the 'required' modifier or declaring the field as nullable. [/Users/ali1/Projects/Erp-entegrasyon/erp-api/ErpMobile.Api.csproj]
/Users/ali1/Projects/Erp-entegrasyon/erp-api/Data/ErpDbContext.cs(71,24): warning CS8603: Possible null reference return. [/Users/ali1/Projects/Erp-entegrasyon/erp-api/ErpMobile.Api.csproj]
/Users/ali1/Projects/Erp-entegrasyon/erp-api/Controllers/InventoryController.cs(77,82): warning CS8625: Cannot convert null literal to non-nullable reference type. [/Users/ali1/Projects/Erp-entegrasyon/erp-api/ErpMobile.Api.csproj]
/Users/ali1/Projects/Erp-entegrasyon/erp-api/Controllers/InventoryController.cs(81,21): warning CS8604: Possible null reference argument for parameter 'barcode' in 'Task<List<InventoryStockModel>> IInventoryRepository.GetInventoryStockMultiPurposeAsync(string barcode = null, string productCode = null, string productDescription = null, string colorCode = null, string itemDim1Code = null, string warehouseCode = null, bool showOnlyPositiveStock = false)'. [/Users/ali1/Projects/Erp-entegrasyon/erp-api/ErpMobile.Api.csproj]
/Users/ali1/Projects/Erp-entegrasyon/erp-api/Controllers/InventoryController.cs(82,21): warning CS8604: Possible null reference argument for parameter 'productCode' in 'Task<List<InventoryStockModel>> IInventoryRepository.GetInventoryStockMultiPurposeAsync(string barcode = null, string productCode = null, string productDescription = null, string colorCode = null, string itemDim1Code = null, string warehouseCode = null, bool showOnlyPositiveStock = false)'. [/Users/ali1/Projects/Erp-entegrasyon/erp-api/ErpMobile.Api.csproj]
/Users/ali1/Projects/Erp-entegrasyon/erp-api/Controllers/InventoryController.cs(83,21): warning CS8604: Possible null reference argument for parameter 'productDescription' in 'Task<List<InventoryStockModel>> IInventoryRepository.GetInventoryStockMultiPurposeAsync(string barcode = null, string productCode = null, string productDescription = null, string colorCode = null, string itemDim1Code = null, string warehouseCode = null, bool showOnlyPositiveStock = false)'. [/Users/ali1/Projects/Erp-entegrasyon/erp-api/ErpMobile.Api.csproj]
/Users/ali1/Projects/Erp-entegrasyon/erp-api/Controllers/InventoryController.cs(84,21): warning CS8604: Possible null reference argument for parameter 'colorCode' in 'Task<List<InventoryStockModel>> IInventoryRepository.GetInventoryStockMultiPurposeAsync(string barcode = null, string productCode = null, string productDescription = null, string colorCode = null, string itemDim1Code = null, string warehouseCode = null, bool showOnlyPositiveStock = false)'. [/Users/ali1/Projects/Erp-entegrasyon/erp-api/ErpMobile.Api.csproj]
/Users/ali1/Projects/Erp-entegrasyon/erp-api/Controllers/InventoryController.cs(85,21): warning CS8604: Possible null reference argument for parameter 'itemDim1Code' in 'Task<List<InventoryStockModel>> IInventoryRepository.GetInventoryStockMultiPurposeAsync(string barcode = null, string productCode = null, string productDescription = null, string colorCode = null, string itemDim1Code = null, string warehouseCode = null, bool showOnlyPositiveStock = false)'. [/Users/ali1/Projects/Erp-entegrasyon/erp-api/ErpMobile.Api.csproj]
/Users/ali1/Projects/Erp-entegrasyon/erp-api/Controllers/InventoryController.cs(86,21): warning CS8604: Possible null reference argument for parameter 'warehouseCode' in 'Task<List<InventoryStockModel>> IInventoryRepository.GetInventoryStockMultiPurposeAsync(string barcode = null, string productCode = null, string productDescription = null, string colorCode = null, string itemDim1Code = null, string warehouseCode = null, bool showOnlyPositiveStock = false)'. [/Users/ali1/Projects/Erp-entegrasyon/erp-api/ErpMobile.Api.csproj]
/Users/ali1/Projects/Erp-entegrasyon/erp-api/Controllers/InventoryController.cs(113,83): warning CS8625: Cannot convert null literal to non-nullable reference type. [/Users/ali1/Projects/Erp-entegrasyon/erp-api/ErpMobile.Api.csproj]
/Users/ali1/Projects/Erp-entegrasyon/erp-api/Controllers/CustomerLocationController.cs(194,78): warning CS1998: This async method lacks 'await' operators and will run synchronously. Consider using the 'await' operator to await non-blocking API calls, or 'await Task.Run(...)' to do CPU-bound work on a background thread. [/Users/ali1/Projects/Erp-entegrasyon/erp-api/ErpMobile.Api.csproj]
/Users/ali1/Projects/Erp-entegrasyon/erp-api/Controllers/InvoiceTypeController.cs(102,28): warning CS8625: Cannot convert null literal to non-nullable reference type. [/Users/ali1/Projects/Erp-entegrasyon/erp-api/ErpMobile.Api.csproj]
/Users/ali1/Projects/Erp-entegrasyon/erp-api/Models/TaxOfficeResponse.cs(8,23): warning CS8618: Non-nullable property 'TaxOfficeCode' must contain a non-null value when exiting constructor. Consider adding the 'required' modifier or declaring the property as nullable. [/Users/ali1/Projects/Erp-entegrasyon/erp-api/ErpMobile.Api.csproj]
/Users/ali1/Projects/Erp-entegrasyon/erp-api/Models/TaxOfficeResponse.cs(9,23): warning CS8618: Non-nullable property 'TaxOfficeDescription' must contain a non-null value when exiting constructor. Consider adding the 'required' modifier or declaring the property as nullable. [/Users/ali1/Projects/Erp-entegrasyon/erp-api/ErpMobile.Api.csproj]
/Users/ali1/Projects/Erp-entegrasyon/erp-api/Models/TaxOfficeResponse.cs(10,23): warning CS8618: Non-nullable property 'CityCode' must contain a non-null value when exiting constructor. Consider adding the 'required' modifier or declaring the property as nullable. [/Users/ali1/Projects/Erp-entegrasyon/erp-api/ErpMobile.Api.csproj]
/Users/ali1/Projects/Erp-entegrasyon/erp-api/Models/TaxOfficeResponse.cs(11,23): warning CS8618: Non-nullable property 'CityDescription' must contain a non-null value when exiting constructor. Consider adding the 'required' modifier or declaring the property as nullable. [/Users/ali1/Projects/Erp-entegrasyon/erp-api/ErpMobile.Api.csproj]
/Users/ali1/Projects/Erp-entegrasyon/erp-api/Models/Shipment/ShipmentAddressModel.cs(7,23): warning CS8618: Non-nullable property 'ShipmentAddressCode' must contain a non-null value when exiting constructor. Consider adding the 'required' modifier or declaring the property as nullable. [/Users/ali1/Projects/Erp-entegrasyon/erp-api/ErpMobile.Api.csproj]
/Users/ali1/Projects/Erp-entegrasyon/erp-api/Models/Shipment/ShipmentAddressModel.cs(8,23): warning CS8618: Non-nullable property 'CurrAccCode' must contain a non-null value when exiting constructor. Consider adding the 'required' modifier or declaring the property as nullable. [/Users/ali1/Projects/Erp-entegrasyon/erp-api/ErpMobile.Api.csproj]
/Users/ali1/Projects/Erp-entegrasyon/erp-api/Models/Shipment/ShipmentAddressModel.cs(9,23): warning CS8618: Non-nullable property 'AddressCode' must contain a non-null value when exiting constructor. Consider adding the 'required' modifier or declaring the property as nullable. [/Users/ali1/Projects/Erp-entegrasyon/erp-api/ErpMobile.Api.csproj]
/Users/ali1/Projects/Erp-entegrasyon/erp-api/Models/Shipment/ShipmentAddressModel.cs(10,23): warning CS8618: Non-nullable property 'AddressDescription' must contain a non-null value when exiting constructor. Consider adding the 'required' modifier or declaring the property as nullable. [/Users/ali1/Projects/Erp-entegrasyon/erp-api/ErpMobile.Api.csproj]
/Users/ali1/Projects/Erp-entegrasyon/erp-api/Models/Shipment/ShipmentAddressModel.cs(11,23): warning CS8618: Non-nullable property 'Address' must contain a non-null value when exiting constructor. Consider adding the 'required' modifier or declaring the property as nullable. [/Users/ali1/Projects/Erp-entegrasyon/erp-api/ErpMobile.Api.csproj]
/Users/ali1/Projects/Erp-entegrasyon/erp-api/Models/Shipment/ShipmentAddressModel.cs(12,23): warning CS8618: Non-nullable property 'City' must contain a non-null value when exiting constructor. Consider adding the 'required' modifier or declaring the property as nullable. [/Users/ali1/Projects/Erp-entegrasyon/erp-api/ErpMobile.Api.csproj]
/Users/ali1/Projects/Erp-entegrasyon/erp-api/Models/Shipment/ShipmentAddressModel.cs(13,23): warning CS8618: Non-nullable property 'District' must contain a non-null value when exiting constructor. Consider adding the 'required' modifier or declaring the property as nullable. [/Users/ali1/Projects/Erp-entegrasyon/erp-api/ErpMobile.Api.csproj]
/Users/ali1/Projects/Erp-entegrasyon/erp-api/Models/Shipment/ShipmentAddressModel.cs(14,23): warning CS8618: Non-nullable property 'PostalCode' must contain a non-null value when exiting constructor. Consider adding the 'required' modifier or declaring the property as nullable. [/Users/ali1/Projects/Erp-entegrasyon/erp-api/ErpMobile.Api.csproj]
/Users/ali1/Projects/Erp-entegrasyon/erp-api/Models/Shipment/ShipmentAddressModel.cs(15,23): warning CS8618: Non-nullable property 'CountryCode' must contain a non-null value when exiting constructor. Consider adding the 'required' modifier or declaring the property as nullable. [/Users/ali1/Projects/Erp-entegrasyon/erp-api/ErpMobile.Api.csproj]
/Users/ali1/Projects/Erp-entegrasyon/erp-api/Models/Requests/SalesInvoiceCreateRequest.cs(150,23): warning CS8618: Non-nullable property 'DimensionTypeCode' must contain a non-null value when exiting constructor. Consider adding the 'required' modifier or declaring the property as nullable. [/Users/ali1/Projects/Erp-entegrasyon/erp-api/ErpMobile.Api.csproj]
/Users/ali1/Projects/Erp-entegrasyon/erp-api/Models/Requests/SalesInvoiceCreateRequest.cs(156,23): warning CS8618: Non-nullable property 'DimensionValue' must contain a non-null value when exiting constructor. Consider adding the 'required' modifier or declaring the property as nullable. [/Users/ali1/Projects/Erp-entegrasyon/erp-api/ErpMobile.Api.csproj]
/Users/ali1/Projects/Erp-entegrasyon/erp-api/Models/Requests/SalesInvoiceCreateRequest.cs(132,23): warning CS8618: Non-nullable property 'AttributeTypeCode' must contain a non-null value when exiting constructor. Consider adding the 'required' modifier or declaring the property as nullable. [/Users/ali1/Projects/Erp-entegrasyon/erp-api/ErpMobile.Api.csproj]
/Users/ali1/Projects/Erp-entegrasyon/erp-api/Models/Requests/SalesInvoiceCreateRequest.cs(138,23): warning CS8618: Non-nullable property 'AttributeValue' must contain a non-null value when exiting constructor. Consider adding the 'required' modifier or declaring the property as nullable. [/Users/ali1/Projects/Erp-entegrasyon/erp-api/ErpMobile.Api.csproj]
/Users/ali1/Projects/Erp-entegrasyon/erp-api/Models/Requests/SalesInvoiceCreateRequest.cs(82,23): warning CS8618: Non-nullable property 'ItemCode' must contain a non-null value when exiting constructor. Consider adding the 'required' modifier or declaring the property as nullable. [/Users/ali1/Projects/Erp-entegrasyon/erp-api/ErpMobile.Api.csproj]
/Users/ali1/Projects/Erp-entegrasyon/erp-api/Models/Requests/SalesInvoiceCreateRequest.cs(109,23): warning CS8618: Non-nullable property 'Description' must contain a non-null value when exiting constructor. Consider adding the 'required' modifier or declaring the property as nullable. [/Users/ali1/Projects/Erp-entegrasyon/erp-api/ErpMobile.Api.csproj]
/Users/ali1/Projects/Erp-entegrasyon/erp-api/Models/Requests/SalesInvoiceCreateRequest.cs(115,23): warning CS8618: Non-nullable property 'UnitCode' must contain a non-null value when exiting constructor. Consider adding the 'required' modifier or declaring the property as nullable. [/Users/ali1/Projects/Erp-entegrasyon/erp-api/ErpMobile.Api.csproj]
/Users/ali1/Projects/Erp-entegrasyon/erp-api/Models/Requests/SalesInvoiceCreateRequest.cs(16,23): warning CS8618: Non-nullable property 'CustomerCode' must contain a non-null value when exiting constructor. Consider adding the 'required' modifier or declaring the property as nullable. [/Users/ali1/Projects/Erp-entegrasyon/erp-api/ErpMobile.Api.csproj]
/Users/ali1/Projects/Erp-entegrasyon/erp-api/Models/Requests/SalesInvoiceCreateRequest.cs(37,23): warning CS8618: Non-nullable property 'PaymentPlanCode' must contain a non-null value when exiting constructor. Consider adding the 'required' modifier or declaring the property as nullable. [/Users/ali1/Projects/Erp-entegrasyon/erp-api/ErpMobile.Api.csproj]
/Users/ali1/Projects/Erp-entegrasyon/erp-api/Models/Requests/SalesInvoiceCreateRequest.cs(43,23): warning CS8618: Non-nullable property 'OfficeCode' must contain a non-null value when exiting constructor. Consider adding the 'required' modifier or declaring the property as nullable. [/Users/ali1/Projects/Erp-entegrasyon/erp-api/ErpMobile.Api.csproj]
/Users/ali1/Projects/Erp-entegrasyon/erp-api/Models/Requests/SalesInvoiceCreateRequest.cs(49,23): warning CS8618: Non-nullable property 'WarehouseCode' must contain a non-null value when exiting constructor. Consider adding the 'required' modifier or declaring the property as nullable. [/Users/ali1/Projects/Erp-entegrasyon/erp-api/ErpMobile.Api.csproj]
/Users/ali1/Projects/Erp-entegrasyon/erp-api/Models/Requests/SalesInvoiceCreateRequest.cs(54,23): warning CS8618: Non-nullable property 'Description' must contain a non-null value when exiting constructor. Consider adding the 'required' modifier or declaring the property as nullable. [/Users/ali1/Projects/Erp-entegrasyon/erp-api/ErpMobile.Api.csproj]
/Users/ali1/Projects/Erp-entegrasyon/erp-api/Models/Requests/SalesInvoiceCreateRequest.cs(59,23): warning CS8618: Non-nullable property 'ReferenceNo' must contain a non-null value when exiting constructor. Consider adding the 'required' modifier or declaring the property as nullable. [/Users/ali1/Projects/Erp-entegrasyon/erp-api/ErpMobile.Api.csproj]
/Users/ali1/Projects/Erp-entegrasyon/erp-api/Models/Requests/InvoiceUpdateRequest.cs(8,23): warning CS8618: Non-nullable property 'InvoiceNumber' must contain a non-null value when exiting constructor. Consider adding the 'required' modifier or declaring the property as nullable. [/Users/ali1/Projects/Erp-entegrasyon/erp-api/ErpMobile.Api.csproj]
/Users/ali1/Projects/Erp-entegrasyon/erp-api/Models/Requests/InvoiceUpdateRequest.cs(10,23): warning CS8618: Non-nullable property 'CurrAccCode' must contain a non-null value when exiting constructor. Consider adding the 'required' modifier or declaring the property as nullable. [/Users/ali1/Projects/Erp-entegrasyon/erp-api/ErpMobile.Api.csproj]
/Users/ali1/Projects/Erp-entegrasyon/erp-api/Models/Requests/InvoiceUpdateRequest.cs(12,23): warning CS8618: Non-nullable property 'DocCurrencyCode' must contain a non-null value when exiting constructor. Consider adding the 'required' modifier or declaring the property as nullable. [/Users/ali1/Projects/Erp-entegrasyon/erp-api/ErpMobile.Api.csproj]
/Users/ali1/Projects/Erp-entegrasyon/erp-api/Models/Requests/InvoiceUpdateRequest.cs(13,23): warning CS8618: Non-nullable property 'Notes' must contain a non-null value when exiting constructor. Consider adding the 'required' modifier or declaring the property as nullable. [/Users/ali1/Projects/Erp-entegrasyon/erp-api/ErpMobile.Api.csproj]
/Users/ali1/Projects/Erp-entegrasyon/erp-api/Models/Requests/InvoiceListRequest.cs(36,23): warning CS8618: Non-nullable property 'CustomerCode' must contain a non-null value when exiting constructor. Consider adding the 'required' modifier or declaring the property as nullable. [/Users/ali1/Projects/Erp-entegrasyon/erp-api/ErpMobile.Api.csproj]
/Users/ali1/Projects/Erp-entegrasyon/erp-api/Models/Requests/InvoiceListRequest.cs(41,23): warning CS8618: Non-nullable property 'InvoiceNumber' must contain a non-null value when exiting constructor. Consider adding the 'required' modifier or declaring the property as nullable. [/Users/ali1/Projects/Erp-entegrasyon/erp-api/ErpMobile.Api.csproj]
/Users/ali1/Projects/Erp-entegrasyon/erp-api/Models/Requests/InvoiceListRequest.cs(56,23): warning CS8618: Non-nullable property 'Status' must contain a non-null value when exiting constructor. Consider adding the 'required' modifier or declaring the property as nullable. [/Users/ali1/Projects/Erp-entegrasyon/erp-api/ErpMobile.Api.csproj]
/Users/ali1/Projects/Erp-entegrasyon/erp-api/Models/Requests/InvoiceFilterRequest.cs(28,23): warning CS8618: Non-nullable property 'CustomerCode' must contain a non-null value when exiting constructor. Consider adding the 'required' modifier or declaring the property as nullable. [/Users/ali1/Projects/Erp-entegrasyon/erp-api/ErpMobile.Api.csproj]
/Users/ali1/Projects/Erp-entegrasyon/erp-api/Models/Requests/InvoiceFilterRequest.cs(33,23): warning CS8618: Non-nullable property 'SearchText' must contain a non-null value when exiting constructor. Consider adding the 'required' modifier or declaring the property as nullable. [/Users/ali1/Projects/Erp-entegrasyon/erp-api/ErpMobile.Api.csproj]
/Users/ali1/Projects/Erp-entegrasyon/erp-api/Models/Requests/InvoiceCreateRequest.cs(76,23): warning CS8618: Non-nullable property 'ItemCode' must contain a non-null value when exiting constructor. Consider adding the 'required' modifier or declaring the property as nullable. [/Users/ali1/Projects/Erp-entegrasyon/erp-api/ErpMobile.Api.csproj]
/Users/ali1/Projects/Erp-entegrasyon/erp-api/Models/Requests/InvoiceCreateRequest.cs(88,23): warning CS8618: Non-nullable property 'UnitCode' must contain a non-null value when exiting constructor. Consider adding the 'required' modifier or declaring the property as nullable. [/Users/ali1/Projects/Erp-entegrasyon/erp-api/ErpMobile.Api.csproj]
/Users/ali1/Projects/Erp-entegrasyon/erp-api/Models/Requests/InvoiceCreateRequest.cs(129,23): warning CS8618: Non-nullable property 'Description' must contain a non-null value when exiting constructor. Consider adding the 'required' modifier or declaring the property as nullable. [/Users/ali1/Projects/Erp-entegrasyon/erp-api/ErpMobile.Api.csproj]
/Users/ali1/Projects/Erp-entegrasyon/erp-api/Models/Requests/InvoiceCreateRequest.cs(16,23): warning CS8618: Non-nullable property 'CustomerCode' must contain a non-null value when exiting constructor. Consider adding the 'required' modifier or declaring the property as nullable. [/Users/ali1/Projects/Erp-entegrasyon/erp-api/ErpMobile.Api.csproj]
/Users/ali1/Projects/Erp-entegrasyon/erp-api/Models/Requests/InvoiceCreateRequest.cs(33,23): warning CS8618: Non-nullable property 'OfficeCode' must contain a non-null value when exiting constructor. Consider adding the 'required' modifier or declaring the property as nullable. [/Users/ali1/Projects/Erp-entegrasyon/erp-api/ErpMobile.Api.csproj]
/Users/ali1/Projects/Erp-entegrasyon/erp-api/Models/Requests/InvoiceCreateRequest.cs(38,23): warning CS8618: Non-nullable property 'Description1' must contain a non-null value when exiting constructor. Consider adding the 'required' modifier or declaring the property as nullable. [/Users/ali1/Projects/Erp-entegrasyon/erp-api/ErpMobile.Api.csproj]
/Users/ali1/Projects/Erp-entegrasyon/erp-api/Models/Requests/InvoiceCreateRequest.cs(43,23): warning CS8618: Non-nullable property 'Description2' must contain a non-null value when exiting constructor. Consider adding the 'required' modifier or declaring the property as nullable. [/Users/ali1/Projects/Erp-entegrasyon/erp-api/ErpMobile.Api.csproj]
/Users/ali1/Projects/Erp-entegrasyon/erp-api/Models/Requests/InvoiceCreateRequest.cs(48,23): warning CS8618: Non-nullable property 'Description3' must contain a non-null value when exiting constructor. Consider adding the 'required' modifier or declaring the property as nullable. [/Users/ali1/Projects/Erp-entegrasyon/erp-api/ErpMobile.Api.csproj]
/Users/ali1/Projects/Erp-entegrasyon/erp-api/Models/Requests/InvoiceCreateRequest.cs(53,23): warning CS8618: Non-nullable property 'Description4' must contain a non-null value when exiting constructor. Consider adding the 'required' modifier or declaring the property as nullable. [/Users/ali1/Projects/Erp-entegrasyon/erp-api/ErpMobile.Api.csproj]
/Users/ali1/Projects/Erp-entegrasyon/erp-api/Models/Requests/InvoiceCreateRequest.cs(58,23): warning CS8618: Non-nullable property 'PaymentPlanCode' must contain a non-null value when exiting constructor. Consider adding the 'required' modifier or declaring the property as nullable. [/Users/ali1/Projects/Erp-entegrasyon/erp-api/ErpMobile.Api.csproj]
/Users/ali1/Projects/Erp-entegrasyon/erp-api/Controllers/ItemController.cs(168,40): warning CS8601: Possible null reference assignment. [/Users/ali1/Projects/Erp-entegrasyon/erp-api/ErpMobile.Api.csproj]
/Users/ali1/Projects/Erp-entegrasyon/erp-api/Controllers/ItemController.cs(169,47): warning CS8601: Possible null reference assignment. [/Users/ali1/Projects/Erp-entegrasyon/erp-api/ErpMobile.Api.csproj]
/Users/ali1/Projects/Erp-entegrasyon/erp-api/Controllers/ItemController.cs(170,47): warning CS8601: Possible null reference assignment. [/Users/ali1/Projects/Erp-entegrasyon/erp-api/ErpMobile.Api.csproj]
/Users/ali1/Projects/Erp-entegrasyon/erp-api/Controllers/ItemController.cs(171,54): warning CS8601: Possible null reference assignment. [/Users/ali1/Projects/Erp-entegrasyon/erp-api/ErpMobile.Api.csproj]
/Users/ali1/Projects/Erp-entegrasyon/erp-api/Controllers/ItemController.cs(172,47): warning CS8601: Possible null reference assignment. [/Users/ali1/Projects/Erp-entegrasyon/erp-api/ErpMobile.Api.csproj]
/Users/ali1/Projects/Erp-entegrasyon/erp-api/Controllers/ItemController.cs(173,54): warning CS8601: Possible null reference assignment. [/Users/ali1/Projects/Erp-entegrasyon/erp-api/ErpMobile.Api.csproj]
/Users/ali1/Projects/Erp-entegrasyon/erp-api/Controllers/ItemController.cs(174,50): warning CS8601: Possible null reference assignment. [/Users/ali1/Projects/Erp-entegrasyon/erp-api/ErpMobile.Api.csproj]
/Users/ali1/Projects/Erp-entegrasyon/erp-api/Controllers/ItemController.cs(175,50): warning CS8601: Possible null reference assignment. [/Users/ali1/Projects/Erp-entegrasyon/erp-api/ErpMobile.Api.csproj]
/Users/ali1/Projects/Erp-entegrasyon/erp-api/Controllers/ItemController.cs(176,48): warning CS8601: Possible null reference assignment. [/Users/ali1/Projects/Erp-entegrasyon/erp-api/ErpMobile.Api.csproj]
/Users/ali1/Projects/Erp-entegrasyon/erp-api/Models/Requests/CustomerUpdateRequestNew.cs(17,23): warning CS8618: Non-nullable property 'CustomerCode' must contain a non-null value when exiting constructor. Consider adding the 'required' modifier or declaring the property as nullable. [/Users/ali1/Projects/Erp-entegrasyon/erp-api/ErpMobile.Api.csproj]
/Users/ali1/Projects/Erp-entegrasyon/erp-api/Models/Requests/CustomerUpdateRequestNew.cs(24,23): warning CS8618: Non-nullable property 'CustomerName' must contain a non-null value when exiting constructor. Consider adding the 'required' modifier or declaring the property as nullable. [/Users/ali1/Projects/Erp-entegrasyon/erp-api/ErpMobile.Api.csproj]
/Users/ali1/Projects/Erp-entegrasyon/erp-api/Models/Requests/CustomerUpdateRequestNew.cs(30,23): warning CS8618: Non-nullable property 'CustomerSurname' must contain a non-null value when exiting constructor. Consider adding the 'required' modifier or declaring the property as nullable. [/Users/ali1/Projects/Erp-entegrasyon/erp-api/ErpMobile.Api.csproj]
/Users/ali1/Projects/Erp-entegrasyon/erp-api/Models/Requests/CustomerUpdateRequestNew.cs(41,23): warning CS8618: Non-nullable property 'TitleCode' must contain a non-null value when exiting constructor. Consider adding the 'required' modifier or declaring the property as nullable. [/Users/ali1/Projects/Erp-entegrasyon/erp-api/ErpMobile.Api.csproj]
/Users/ali1/Projects/Erp-entegrasyon/erp-api/Models/Requests/CustomerUpdateRequestNew.cs(47,23): warning CS8618: Non-nullable property 'Patronym' must contain a non-null value when exiting constructor. Consider adding the 'required' modifier or declaring the property as nullable. [/Users/ali1/Projects/Erp-entegrasyon/erp-api/ErpMobile.Api.csproj]
/Users/ali1/Projects/Erp-entegrasyon/erp-api/Models/Requests/CustomerUpdateRequestNew.cs(53,23): warning CS8618: Non-nullable property 'CustomerIdentityNumber' must contain a non-null value when exiting constructor. Consider adding the 'required' modifier or declaring the property as nullable. [/Users/ali1/Projects/Erp-entegrasyon/erp-api/ErpMobile.Api.csproj]
/Users/ali1/Projects/Erp-entegrasyon/erp-api/Models/Requests/CustomerUpdateRequestNew.cs(59,23): warning CS8618: Non-nullable property 'TaxNumber' must contain a non-null value when exiting constructor. Consider adding the 'required' modifier or declaring the property as nullable. [/Users/ali1/Projects/Erp-entegrasyon/erp-api/ErpMobile.Api.csproj]
/Users/ali1/Projects/Erp-entegrasyon/erp-api/Models/Requests/CustomerUpdateRequestNew.cs(65,23): warning CS8618: Non-nullable property 'MersisNum' must contain a non-null value when exiting constructor. Consider adding the 'required' modifier or declaring the property as nullable. [/Users/ali1/Projects/Erp-entegrasyon/erp-api/ErpMobile.Api.csproj]
/Users/ali1/Projects/Erp-entegrasyon/erp-api/Models/Requests/CustomerUpdateRequestNew.cs(76,23): warning CS8618: Non-nullable property 'DataLanguageCode' must contain a non-null value when exiting constructor. Consider adding the 'required' modifier or declaring the property as nullable. [/Users/ali1/Projects/Erp-entegrasyon/erp-api/ErpMobile.Api.csproj]
/Users/ali1/Projects/Erp-entegrasyon/erp-api/Models/Requests/CustomerUpdateRequestNew.cs(87,23): warning CS8618: Non-nullable property 'CurrencyCode' must contain a non-null value when exiting constructor. Consider adding the 'required' modifier or declaring the property as nullable. [/Users/ali1/Projects/Erp-entegrasyon/erp-api/ErpMobile.Api.csproj]
/Users/ali1/Projects/Erp-entegrasyon/erp-api/Models/Requests/CustomerUpdateRequestNew.cs(92,23): warning CS8618: Non-nullable property 'CompanyCode' must contain a non-null value when exiting constructor. Consider adding the 'required' modifier or declaring the property as nullable. [/Users/ali1/Projects/Erp-entegrasyon/erp-api/ErpMobile.Api.csproj]
/Users/ali1/Projects/Erp-entegrasyon/erp-api/Models/Requests/CustomerUpdateRequestNew.cs(98,23): warning CS8618: Non-nullable property 'OfficeCode' must contain a non-null value when exiting constructor. Consider adding the 'required' modifier or declaring the property as nullable. [/Users/ali1/Projects/Erp-entegrasyon/erp-api/ErpMobile.Api.csproj]
/Users/ali1/Projects/Erp-entegrasyon/erp-api/Models/Requests/CustomerUpdateRequestNew.cs(104,23): warning CS8618: Non-nullable property 'RegionCode' must contain a non-null value when exiting constructor. Consider adding the 'required' modifier or declaring the property as nullable. [/Users/ali1/Projects/Erp-entegrasyon/erp-api/ErpMobile.Api.csproj]
/Users/ali1/Projects/Erp-entegrasyon/erp-api/Models/Requests/CustomerUpdateRequestNew.cs(110,23): warning CS8618: Non-nullable property 'CityCode' must contain a non-null value when exiting constructor. Consider adding the 'required' modifier or declaring the property as nullable. [/Users/ali1/Projects/Erp-entegrasyon/erp-api/ErpMobile.Api.csproj]
/Users/ali1/Projects/Erp-entegrasyon/erp-api/Models/Requests/CustomerUpdateRequestNew.cs(116,23): warning CS8618: Non-nullable property 'DistrictCode' must contain a non-null value when exiting constructor. Consider adding the 'required' modifier or declaring the property as nullable. [/Users/ali1/Projects/Erp-entegrasyon/erp-api/ErpMobile.Api.csproj]
/Users/ali1/Projects/Erp-entegrasyon/erp-api/Models/Requests/CustomerUpdateRequestNew.cs(122,23): warning CS8618: Non-nullable property 'SalesmanCode' must contain a non-null value when exiting constructor. Consider adding the 'required' modifier or declaring the property as nullable. [/Users/ali1/Projects/Erp-entegrasyon/erp-api/ErpMobile.Api.csproj]
/Users/ali1/Projects/Erp-entegrasyon/erp-api/Models/Requests/CustomerUpdateRequestNew.cs(128,23): warning CS8618: Non-nullable property 'TaxOfficeCode' must contain a non-null value when exiting constructor. Consider adding the 'required' modifier or declaring the property as nullable. [/Users/ali1/Projects/Erp-entegrasyon/erp-api/ErpMobile.Api.csproj]
/Users/ali1/Projects/Erp-entegrasyon/erp-api/Models/Requests/CustomerUpdateRequestNew.cs(154,23): warning CS8618: Non-nullable property 'DueDateFormulaCode' must contain a non-null value when exiting constructor. Consider adding the 'required' modifier or declaring the property as nullable. [/Users/ali1/Projects/Erp-entegrasyon/erp-api/ErpMobile.Api.csproj]
/Users/ali1/Projects/Erp-entegrasyon/erp-api/Models/Requests/CustomerUpdateRequestNew.cs(160,23): warning CS8618: Non-nullable property 'BankCode' must contain a non-null value when exiting constructor. Consider adding the 'required' modifier or declaring the property as nullable. [/Users/ali1/Projects/Erp-entegrasyon/erp-api/ErpMobile.Api.csproj]
/Users/ali1/Projects/Erp-entegrasyon/erp-api/Models/Requests/CustomerUpdateRequestNew.cs(166,23): warning CS8618: Non-nullable property 'BankBranchCode' must contain a non-null value when exiting constructor. Consider adding the 'required' modifier or declaring the property as nullable. [/Users/ali1/Projects/Erp-entegrasyon/erp-api/ErpMobile.Api.csproj]
/Users/ali1/Projects/Erp-entegrasyon/erp-api/Models/Requests/CustomerUpdateRequestNew.cs(177,23): warning CS8618: Non-nullable property 'IBAN' must contain a non-null value when exiting constructor. Consider adding the 'required' modifier or declaring the property as nullable. [/Users/ali1/Projects/Erp-entegrasyon/erp-api/ErpMobile.Api.csproj]
/Users/ali1/Projects/Erp-entegrasyon/erp-api/Models/Requests/CustomerUpdateRequestNew.cs(183,23): warning CS8618: Non-nullable property 'SWIFTCode' must contain a non-null value when exiting constructor. Consider adding the 'required' modifier or declaring the property as nullable. [/Users/ali1/Projects/Erp-entegrasyon/erp-api/ErpMobile.Api.csproj]
/Users/ali1/Projects/Erp-entegrasyon/erp-api/Models/Requests/CustomerUpdateRequestNew.cs(189,23): warning CS8618: Non-nullable property 'BankAccNo' must contain a non-null value when exiting constructor. Consider adding the 'required' modifier or declaring the property as nullable. [/Users/ali1/Projects/Erp-entegrasyon/erp-api/ErpMobile.Api.csproj]
/Users/ali1/Projects/Erp-entegrasyon/erp-api/Models/Requests/CustomerUpdateRequestNew.cs(205,23): warning CS8618: Non-nullable property 'DiscountGroupCode' must contain a non-null value when exiting constructor. Consider adding the 'required' modifier or declaring the property as nullable. [/Users/ali1/Projects/Erp-entegrasyon/erp-api/ErpMobile.Api.csproj]
/Users/ali1/Projects/Erp-entegrasyon/erp-api/Models/Requests/CustomerUpdateRequestNew.cs(216,23): warning CS8618: Non-nullable property 'RetailSalePriceGroupCode' must contain a non-null value when exiting constructor. Consider adding the 'required' modifier or declaring the property as nullable. [/Users/ali1/Projects/Erp-entegrasyon/erp-api/ErpMobile.Api.csproj]
/Users/ali1/Projects/Erp-entegrasyon/erp-api/Models/Requests/CustomerUpdateRequestNew.cs(222,23): warning CS8618: Non-nullable property 'WholesalePriceGroupCode' must contain a non-null value when exiting constructor. Consider adding the 'required' modifier or declaring the property as nullable. [/Users/ali1/Projects/Erp-entegrasyon/erp-api/ErpMobile.Api.csproj]
/Users/ali1/Projects/Erp-entegrasyon/erp-api/Models/Requests/CustomerUpdateRequestNew.cs(238,23): warning CS8618: Non-nullable property 'PromotionGroupCode' must contain a non-null value when exiting constructor. Consider adding the 'required' modifier or declaring the property as nullable. [/Users/ali1/Projects/Erp-entegrasyon/erp-api/ErpMobile.Api.csproj]
/Users/ali1/Projects/Erp-entegrasyon/erp-api/Models/Requests/CustomerUpdateRequestNew.cs(244,23): warning CS8618: Non-nullable property 'SalesChannelCode' must contain a non-null value when exiting constructor. Consider adding the 'required' modifier or declaring the property as nullable. [/Users/ali1/Projects/Erp-entegrasyon/erp-api/ErpMobile.Api.csproj]
/Users/ali1/Projects/Erp-entegrasyon/erp-api/Models/Requests/CustomerUpdateRequestNew.cs(265,23): warning CS8618: Non-nullable property 'BarcodeTypeCode' must contain a non-null value when exiting constructor. Consider adding the 'required' modifier or declaring the property as nullable. [/Users/ali1/Projects/Erp-entegrasyon/erp-api/ErpMobile.Api.csproj]
/Users/ali1/Projects/Erp-entegrasyon/erp-api/Models/Requests/CustomerUpdateRequestNew.cs(271,23): warning CS8618: Non-nullable property 'CostCenterCode' must contain a non-null value when exiting constructor. Consider adding the 'required' modifier or declaring the property as nullable. [/Users/ali1/Projects/Erp-entegrasyon/erp-api/ErpMobile.Api.csproj]
/Users/ali1/Projects/Erp-entegrasyon/erp-api/Models/Requests/CustomerUpdateRequestNew.cs(282,23): warning CS8618: Non-nullable property 'CustomerPaymentPlanGrCode' must contain a non-null value when exiting constructor. Consider adding the 'required' modifier or declaring the property as nullable. [/Users/ali1/Projects/Erp-entegrasyon/erp-api/ErpMobile.Api.csproj]
/Users/ali1/Projects/Erp-entegrasyon/erp-api/Models/Requests/CustomerUpdateRequestNew.cs(288,23): warning CS8618: Non-nullable property 'GLTypeCode' must contain a non-null value when exiting constructor. Consider adding the 'required' modifier or declaring the property as nullable. [/Users/ali1/Projects/Erp-entegrasyon/erp-api/ErpMobile.Api.csproj]
/Users/ali1/Projects/Erp-entegrasyon/erp-api/Models/Requests/CustomerUpdateRequestNew.cs(304,23): warning CS8618: Non-nullable property 'CustomerMarkupGrCode' must contain a non-null value when exiting constructor. Consider adding the 'required' modifier or declaring the property as nullable. [/Users/ali1/Projects/Erp-entegrasyon/erp-api/ErpMobile.Api.csproj]
/Users/ali1/Projects/Erp-entegrasyon/erp-api/Models/Requests/CustomerUpdateRequestNew.cs(310,23): warning CS8618: Non-nullable property 'CurrAccLotGrCode' must contain a non-null value when exiting constructor. Consider adding the 'required' modifier or declaring the property as nullable. [/Users/ali1/Projects/Erp-entegrasyon/erp-api/ErpMobile.Api.csproj]
/Users/ali1/Projects/Erp-entegrasyon/erp-api/Models/Requests/CustomerUpdateRequestNew.cs(346,23): warning CS8618: Non-nullable property 'DBSAccountCode' must contain a non-null value when exiting constructor. Consider adding the 'required' modifier or declaring the property as nullable. [/Users/ali1/Projects/Erp-entegrasyon/erp-api/ErpMobile.Api.csproj]
/Users/ali1/Projects/Erp-entegrasyon/erp-api/Models/Requests/CustomerUpdateRequestNew.cs(367,23): warning CS8618: Non-nullable property 'VendorPaymentPlanGrCode' must contain a non-null value when exiting constructor. Consider adding the 'required' modifier or declaring the property as nullable. [/Users/ali1/Projects/Erp-entegrasyon/erp-api/ErpMobile.Api.csproj]
/Users/ali1/Projects/Erp-entegrasyon/erp-api/Models/Requests/CustomerUpdateRequestNew.cs(373,23): warning CS8618: Non-nullable property 'CreatedUserName' must contain a non-null value when exiting constructor. Consider adding the 'required' modifier or declaring the property as nullable. [/Users/ali1/Projects/Erp-entegrasyon/erp-api/ErpMobile.Api.csproj]
/Users/ali1/Projects/Erp-entegrasyon/erp-api/Models/Requests/CustomerUpdateRequestNew.cs(379,23): warning CS8618: Non-nullable property 'LastUpdatedUserName' must contain a non-null value when exiting constructor. Consider adding the 'required' modifier or declaring the property as nullable. [/Users/ali1/Projects/Erp-entegrasyon/erp-api/ErpMobile.Api.csproj]
/Users/ali1/Projects/Erp-entegrasyon/erp-api/Models/Requests/CustomerUpdateRequestNew.cs(384,54): warning CS8618: Non-nullable property 'Addresses' must contain a non-null value when exiting constructor. Consider adding the 'required' modifier or declaring the property as nullable. [/Users/ali1/Projects/Erp-entegrasyon/erp-api/ErpMobile.Api.csproj]
/Users/ali1/Projects/Erp-entegrasyon/erp-api/Models/Requests/CustomerUpdateRequestNew.cs(389,60): warning CS8618: Non-nullable property 'Communications' must contain a non-null value when exiting constructor. Consider adding the 'required' modifier or declaring the property as nullable. [/Users/ali1/Projects/Erp-entegrasyon/erp-api/ErpMobile.Api.csproj]
/Users/ali1/Projects/Erp-entegrasyon/erp-api/Models/Requests/CustomerUpdateRequestNew.cs(394,54): warning CS8618: Non-nullable property 'Contacts' must contain a non-null value when exiting constructor. Consider adding the 'required' modifier or declaring the property as nullable. [/Users/ali1/Projects/Erp-entegrasyon/erp-api/ErpMobile.Api.csproj]
/Users/ali1/Projects/Erp-entegrasyon/erp-api/Models/Requests/CustomerUpdateRequest.cs(9,23): warning CS8618: Non-nullable property 'CustomerCode' must contain a non-null value when exiting constructor. Consider adding the 'required' modifier or declaring the property as nullable. [/Users/ali1/Projects/Erp-entegrasyon/erp-api/ErpMobile.Api.csproj]
/Users/ali1/Projects/Erp-entegrasyon/erp-api/Models/Requests/CustomerUpdateRequest.cs(11,23): warning CS8618: Non-nullable property 'CustomerName' must contain a non-null value when exiting constructor. Consider adding the 'required' modifier or declaring the property as nullable. [/Users/ali1/Projects/Erp-entegrasyon/erp-api/ErpMobile.Api.csproj]
/Users/ali1/Projects/Erp-entegrasyon/erp-api/Models/Requests/CustomerUpdateRequest.cs(15,23): warning CS8618: Non-nullable property 'PromotionGroupCode' must contain a non-null value when exiting constructor. Consider adding the 'required' modifier or declaring the property as nullable. [/Users/ali1/Projects/Erp-entegrasyon/erp-api/ErpMobile.Api.csproj]
/Users/ali1/Projects/Erp-entegrasyon/erp-api/Models/Requests/CustomerUpdateRequest.cs(21,23): warning CS8618: Non-nullable property 'IdentityNum' must contain a non-null value when exiting constructor. Consider adding the 'required' modifier or declaring the property as nullable. [/Users/ali1/Projects/Erp-entegrasyon/erp-api/ErpMobile.Api.csproj]
/Users/ali1/Projects/Erp-entegrasyon/erp-api/Models/Requests/CustomerUpdateRequest.cs(23,23): warning CS8618: Non-nullable property 'TaxNumber' must contain a non-null value when exiting constructor. Consider adding the 'required' modifier or declaring the property as nullable. [/Users/ali1/Projects/Erp-entegrasyon/erp-api/ErpMobile.Api.csproj]
/Users/ali1/Projects/Erp-entegrasyon/erp-api/Models/Requests/CustomerUpdateRequest.cs(25,23): warning CS8618: Non-nullable property 'TaxOfficeCode' must contain a non-null value when exiting constructor. Consider adding the 'required' modifier or declaring the property as nullable. [/Users/ali1/Projects/Erp-entegrasyon/erp-api/ErpMobile.Api.csproj]
/Users/ali1/Projects/Erp-entegrasyon/erp-api/Models/Requests/CustomerUpdateRequest.cs(39,23): warning CS8618: Non-nullable property 'CurrencyCode' must contain a non-null value when exiting constructor. Consider adding the 'required' modifier or declaring the property as nullable. [/Users/ali1/Projects/Erp-entegrasyon/erp-api/ErpMobile.Api.csproj]
/Users/ali1/Projects/Erp-entegrasyon/erp-api/Models/Requests/CustomerFinancialUpdateRequest.cs(16,23): warning CS8618: Non-nullable property 'CustomerCode' must contain a non-null value when exiting constructor. Consider adding the 'required' modifier or declaring the property as nullable. [/Users/ali1/Projects/Erp-entegrasyon/erp-api/ErpMobile.Api.csproj]
/Users/ali1/Projects/Erp-entegrasyon/erp-api/Models/Requests/CustomerFinancialUpdateRequest.cs(22,23): warning CS8618: Non-nullable property 'CurrencyCode' must contain a non-null value when exiting constructor. Consider adding the 'required' modifier or declaring the property as nullable. [/Users/ali1/Projects/Erp-entegrasyon/erp-api/ErpMobile.Api.csproj]
/Users/ali1/Projects/Erp-entegrasyon/erp-api/Models/Requests/CustomerFinancialUpdateRequest.cs(48,23): warning CS8618: Non-nullable property 'DueDateFormulaCode' must contain a non-null value when exiting constructor. Consider adding the 'required' modifier or declaring the property as nullable. [/Users/ali1/Projects/Erp-entegrasyon/erp-api/ErpMobile.Api.csproj]
/Users/ali1/Projects/Erp-entegrasyon/erp-api/Models/Requests/CustomerFinancialUpdateRequest.cs(54,23): warning CS8618: Non-nullable property 'PaymentPlanCode' must contain a non-null value when exiting constructor. Consider adding the 'required' modifier or declaring the property as nullable. [/Users/ali1/Projects/Erp-entegrasyon/erp-api/ErpMobile.Api.csproj]
/Users/ali1/Projects/Erp-entegrasyon/erp-api/Models/Requests/CustomerFinancialUpdateRequest.cs(60,23): warning CS8618: Non-nullable property 'ModifiedUserName' must contain a non-null value when exiting constructor. Consider adding the 'required' modifier or declaring the property as nullable. [/Users/ali1/Projects/Erp-entegrasyon/erp-api/ErpMobile.Api.csproj]
/Users/ali1/Projects/Erp-entegrasyon/erp-api/Models/Requests/CustomerFinancialUpdateRequest.cs(66,23): warning CS8618: Non-nullable property 'BankCode' must contain a non-null value when exiting constructor. Consider adding the 'required' modifier or declaring the property as nullable. [/Users/ali1/Projects/Erp-entegrasyon/erp-api/ErpMobile.Api.csproj]
/Users/ali1/Projects/Erp-entegrasyon/erp-api/Models/Requests/CustomerFinancialUpdateRequest.cs(72,23): warning CS8618: Non-nullable property 'BankBranchCode' must contain a non-null value when exiting constructor. Consider adding the 'required' modifier or declaring the property as nullable. [/Users/ali1/Projects/Erp-entegrasyon/erp-api/ErpMobile.Api.csproj]
/Users/ali1/Projects/Erp-entegrasyon/erp-api/Models/Requests/CustomerFinancialUpdateRequest.cs(83,23): warning CS8618: Non-nullable property 'IBAN' must contain a non-null value when exiting constructor. Consider adding the 'required' modifier or declaring the property as nullable. [/Users/ali1/Projects/Erp-entegrasyon/erp-api/ErpMobile.Api.csproj]
/Users/ali1/Projects/Erp-entegrasyon/erp-api/Models/Requests/CustomerFinancialUpdateRequest.cs(89,23): warning CS8618: Non-nullable property 'SWIFTCode' must contain a non-null value when exiting constructor. Consider adding the 'required' modifier or declaring the property as nullable. [/Users/ali1/Projects/Erp-entegrasyon/erp-api/ErpMobile.Api.csproj]
/Users/ali1/Projects/Erp-entegrasyon/erp-api/Models/Requests/CustomerFinancialUpdateRequest.cs(95,23): warning CS8618: Non-nullable property 'BankAccNo' must contain a non-null value when exiting constructor. Consider adding the 'required' modifier or declaring the property as nullable. [/Users/ali1/Projects/Erp-entegrasyon/erp-api/ErpMobile.Api.csproj]
/Users/ali1/Projects/Erp-entegrasyon/erp-api/Models/Requests/CustomerFinancialUpdateRequest.cs(106,23): warning CS8618: Non-nullable property 'CustomerDiscountGrCode' must contain a non-null value when exiting constructor. Consider adding the 'required' modifier or declaring the property as nullable. [/Users/ali1/Projects/Erp-entegrasyon/erp-api/ErpMobile.Api.csproj]
/Users/ali1/Projects/Erp-entegrasyon/erp-api/Models/Requests/CustomerFinancialUpdateRequest.cs(112,23): warning CS8618: Non-nullable property 'CustomerMarkupGrCode' must contain a non-null value when exiting constructor. Consider adding the 'required' modifier or declaring the property as nullable. [/Users/ali1/Projects/Erp-entegrasyon/erp-api/ErpMobile.Api.csproj]
/Users/ali1/Projects/Erp-entegrasyon/erp-api/Models/Requests/CustomerFinancialUpdateRequest.cs(118,23): warning CS8618: Non-nullable property 'CustomerPaymentPlanGrCode' must contain a non-null value when exiting constructor. Consider adding the 'required' modifier or declaring the property as nullable. [/Users/ali1/Projects/Erp-entegrasyon/erp-api/ErpMobile.Api.csproj]
/Users/ali1/Projects/Erp-entegrasyon/erp-api/Models/Requests/CustomerFinancialUpdateRequest.cs(124,23): warning CS8618: Non-nullable property 'VendorPaymentPlanGrCode' must contain a non-null value when exiting constructor. Consider adding the 'required' modifier or declaring the property as nullable. [/Users/ali1/Projects/Erp-entegrasyon/erp-api/ErpMobile.Api.csproj]
/Users/ali1/Projects/Erp-entegrasyon/erp-api/Models/Requests/CustomerFinancialUpdateRequest.cs(130,23): warning CS8618: Non-nullable property 'RetailSalePriceGroupCode' must contain a non-null value when exiting constructor. Consider adding the 'required' modifier or declaring the property as nullable. [/Users/ali1/Projects/Erp-entegrasyon/erp-api/ErpMobile.Api.csproj]
/Users/ali1/Projects/Erp-entegrasyon/erp-api/Models/Requests/CustomerFinancialUpdateRequest.cs(136,23): warning CS8618: Non-nullable property 'WholesalePriceGroupCode' must contain a non-null value when exiting constructor. Consider adding the 'required' modifier or declaring the property as nullable. [/Users/ali1/Projects/Erp-entegrasyon/erp-api/ErpMobile.Api.csproj]
/Users/ali1/Projects/Erp-entegrasyon/erp-api/Models/Requests/CustomerFinancialUpdateRequest.cs(142,23): warning CS8618: Non-nullable property 'PromotionGroupCode' must contain a non-null value when exiting constructor. Consider adding the 'required' modifier or declaring the property as nullable. [/Users/ali1/Projects/Erp-entegrasyon/erp-api/ErpMobile.Api.csproj]
/Users/ali1/Projects/Erp-entegrasyon/erp-api/Models/Requests/CustomerFinancialUpdateRequest.cs(148,23): warning CS8618: Non-nullable property 'SalesChannelCode' must contain a non-null value when exiting constructor. Consider adding the 'required' modifier or declaring the property as nullable. [/Users/ali1/Projects/Erp-entegrasyon/erp-api/ErpMobile.Api.csproj]
/Users/ali1/Projects/Erp-entegrasyon/erp-api/Controllers/ItemController.cs(286,34): warning CS8600: Converting null literal or possible null value to non-nullable type. [/Users/ali1/Projects/Erp-entegrasyon/erp-api/ErpMobile.Api.csproj]
/Users/ali1/Projects/Erp-entegrasyon/erp-api/Controllers/ItemController.cs(294,40): warning CS8601: Possible null reference assignment. [/Users/ali1/Projects/Erp-entegrasyon/erp-api/ErpMobile.Api.csproj]
/Users/ali1/Projects/Erp-entegrasyon/erp-api/Controllers/ItemController.cs(295,47): warning CS8601: Possible null reference assignment. [/Users/ali1/Projects/Erp-entegrasyon/erp-api/ErpMobile.Api.csproj]
/Users/ali1/Projects/Erp-entegrasyon/erp-api/Controllers/ItemController.cs(296,47): warning CS8601: Possible null reference assignment. [/Users/ali1/Projects/Erp-entegrasyon/erp-api/ErpMobile.Api.csproj]
/Users/ali1/Projects/Erp-entegrasyon/erp-api/Controllers/ItemController.cs(297,54): warning CS8601: Possible null reference assignment. [/Users/ali1/Projects/Erp-entegrasyon/erp-api/ErpMobile.Api.csproj]
/Users/ali1/Projects/Erp-entegrasyon/erp-api/Controllers/ItemController.cs(298,47): warning CS8601: Possible null reference assignment. [/Users/ali1/Projects/Erp-entegrasyon/erp-api/ErpMobile.Api.csproj]
/Users/ali1/Projects/Erp-entegrasyon/erp-api/Controllers/ItemController.cs(299,54): warning CS8601: Possible null reference assignment. [/Users/ali1/Projects/Erp-entegrasyon/erp-api/ErpMobile.Api.csproj]
/Users/ali1/Projects/Erp-entegrasyon/erp-api/Controllers/ItemController.cs(300,50): warning CS8601: Possible null reference assignment. [/Users/ali1/Projects/Erp-entegrasyon/erp-api/ErpMobile.Api.csproj]
/Users/ali1/Projects/Erp-entegrasyon/erp-api/Controllers/ItemController.cs(301,50): warning CS8601: Possible null reference assignment. [/Users/ali1/Projects/Erp-entegrasyon/erp-api/ErpMobile.Api.csproj]
/Users/ali1/Projects/Erp-entegrasyon/erp-api/Controllers/ItemController.cs(302,48): warning CS8601: Possible null reference assignment. [/Users/ali1/Projects/Erp-entegrasyon/erp-api/ErpMobile.Api.csproj]
/Users/ali1/Projects/Erp-entegrasyon/erp-api/Controllers/ItemController.cs(323,32): warning CS8625: Cannot convert null literal to non-nullable reference type. [/Users/ali1/Projects/Erp-entegrasyon/erp-api/ErpMobile.Api.csproj]
/Users/ali1/Projects/Erp-entegrasyon/erp-api/Controllers/ItemController.cs(341,28): warning CS8625: Cannot convert null literal to non-nullable reference type. [/Users/ali1/Projects/Erp-entegrasyon/erp-api/ErpMobile.Api.csproj]
/Users/ali1/Projects/Erp-entegrasyon/erp-api/Controllers/ItemController.cs(387,49): warning CS8601: Possible null reference assignment. [/Users/ali1/Projects/Erp-entegrasyon/erp-api/ErpMobile.Api.csproj]
/Users/ali1/Projects/Erp-entegrasyon/erp-api/Controllers/ItemController.cs(388,56): warning CS8601: Possible null reference assignment. [/Users/ali1/Projects/Erp-entegrasyon/erp-api/ErpMobile.Api.csproj]
/Users/ali1/Projects/Erp-entegrasyon/erp-api/Controllers/ItemController.cs(389,54): warning CS8601: Possible null reference assignment. [/Users/ali1/Projects/Erp-entegrasyon/erp-api/ErpMobile.Api.csproj]
/Users/ali1/Projects/Erp-entegrasyon/erp-api/Controllers/ItemController.cs(410,28): warning CS8625: Cannot convert null literal to non-nullable reference type. [/Users/ali1/Projects/Erp-entegrasyon/erp-api/ErpMobile.Api.csproj]
/Users/ali1/Projects/Erp-entegrasyon/erp-api/Controllers/OfficeController.cs(73,42): warning CS8601: Possible null reference assignment. [/Users/ali1/Projects/Erp-entegrasyon/erp-api/ErpMobile.Api.csproj]
/Users/ali1/Projects/Erp-entegrasyon/erp-api/Controllers/OfficeController.cs(74,49): warning CS8601: Possible null reference assignment. [/Users/ali1/Projects/Erp-entegrasyon/erp-api/ErpMobile.Api.csproj]
/Users/ali1/Projects/Erp-entegrasyon/erp-api/Controllers/OfficeController.cs(75,43): warning CS8601: Possible null reference assignment. [/Users/ali1/Projects/Erp-entegrasyon/erp-api/ErpMobile.Api.csproj]
/Users/ali1/Projects/Erp-entegrasyon/erp-api/Controllers/ItemController.cs(457,49): warning CS8601: Possible null reference assignment. [/Users/ali1/Projects/Erp-entegrasyon/erp-api/ErpMobile.Api.csproj]
/Users/ali1/Projects/Erp-entegrasyon/erp-api/Controllers/ItemController.cs(458,56): warning CS8601: Possible null reference assignment. [/Users/ali1/Projects/Erp-entegrasyon/erp-api/ErpMobile.Api.csproj]
/Users/ali1/Projects/Erp-entegrasyon/erp-api/Controllers/ItemController.cs(459,45): warning CS8601: Possible null reference assignment. [/Users/ali1/Projects/Erp-entegrasyon/erp-api/ErpMobile.Api.csproj]
/Users/ali1/Projects/Erp-entegrasyon/erp-api/Controllers/ItemController.cs(460,52): warning CS8601: Possible null reference assignment. [/Users/ali1/Projects/Erp-entegrasyon/erp-api/ErpMobile.Api.csproj]
/Users/ali1/Projects/Erp-entegrasyon/erp-api/Controllers/ItemController.cs(461,54): warning CS8601: Possible null reference assignment. [/Users/ali1/Projects/Erp-entegrasyon/erp-api/ErpMobile.Api.csproj]
/Users/ali1/Projects/Erp-entegrasyon/erp-api/Controllers/ItemController.cs(481,28): warning CS8625: Cannot convert null literal to non-nullable reference type. [/Users/ali1/Projects/Erp-entegrasyon/erp-api/ErpMobile.Api.csproj]
/Users/ali1/Projects/Erp-entegrasyon/erp-api/Controllers/OfficeController.cs(153,42): warning CS8601: Possible null reference assignment. [/Users/ali1/Projects/Erp-entegrasyon/erp-api/ErpMobile.Api.csproj]
/Users/ali1/Projects/Erp-entegrasyon/erp-api/Controllers/OfficeController.cs(154,39): warning CS8601: Possible null reference assignment. [/Users/ali1/Projects/Erp-entegrasyon/erp-api/ErpMobile.Api.csproj]
/Users/ali1/Projects/Erp-entegrasyon/erp-api/Controllers/OfficeController.cs(155,40): warning CS8601: Possible null reference assignment. [/Users/ali1/Projects/Erp-entegrasyon/erp-api/ErpMobile.Api.csproj]
/Users/ali1/Projects/Erp-entegrasyon/erp-api/Controllers/OfficeController.cs(156,44): warning CS8601: Possible null reference assignment. [/Users/ali1/Projects/Erp-entegrasyon/erp-api/ErpMobile.Api.csproj]
/Users/ali1/Projects/Erp-entegrasyon/erp-api/Controllers/OfficeController.cs(157,43): warning CS8601: Possible null reference assignment. [/Users/ali1/Projects/Erp-entegrasyon/erp-api/ErpMobile.Api.csproj]
/Users/ali1/Projects/Erp-entegrasyon/erp-api/Controllers/OfficeController.cs(158,40): warning CS8601: Possible null reference assignment. [/Users/ali1/Projects/Erp-entegrasyon/erp-api/ErpMobile.Api.csproj]
/Users/ali1/Projects/Erp-entegrasyon/erp-api/Controllers/OfficeController.cs(159,39): warning CS8601: Possible null reference assignment. [/Users/ali1/Projects/Erp-entegrasyon/erp-api/ErpMobile.Api.csproj]
/Users/ali1/Projects/Erp-entegrasyon/erp-api/Controllers/OfficeController.cs(160,43): warning CS8601: Possible null reference assignment. [/Users/ali1/Projects/Erp-entegrasyon/erp-api/ErpMobile.Api.csproj]
/Users/ali1/Projects/Erp-entegrasyon/erp-api/Controllers/OfficeController.cs(161,41): warning CS8601: Possible null reference assignment. [/Users/ali1/Projects/Erp-entegrasyon/erp-api/ErpMobile.Api.csproj]
/Users/ali1/Projects/Erp-entegrasyon/erp-api/Controllers/OfficeController.cs(162,38): warning CS8601: Possible null reference assignment. [/Users/ali1/Projects/Erp-entegrasyon/erp-api/ErpMobile.Api.csproj]
/Users/ali1/Projects/Erp-entegrasyon/erp-api/Controllers/OfficeController.cs(163,36): warning CS8601: Possible null reference assignment. [/Users/ali1/Projects/Erp-entegrasyon/erp-api/ErpMobile.Api.csproj]
/Users/ali1/Projects/Erp-entegrasyon/erp-api/Controllers/OfficeController.cs(164,43): warning CS8601: Possible null reference assignment. [/Users/ali1/Projects/Erp-entegrasyon/erp-api/ErpMobile.Api.csproj]
/Users/ali1/Projects/Erp-entegrasyon/erp-api/Controllers/OfficeController.cs(165,50): warning CS8601: Possible null reference assignment. [/Users/ali1/Projects/Erp-entegrasyon/erp-api/ErpMobile.Api.csproj]
/Users/ali1/Projects/Erp-entegrasyon/erp-api/Controllers/OfficeController.cs(166,41): warning CS8601: Possible null reference assignment. [/Users/ali1/Projects/Erp-entegrasyon/erp-api/ErpMobile.Api.csproj]
/Users/ali1/Projects/Erp-entegrasyon/erp-api/Controllers/OfficeController.cs(167,48): warning CS8601: Possible null reference assignment. [/Users/ali1/Projects/Erp-entegrasyon/erp-api/ErpMobile.Api.csproj]
/Users/ali1/Projects/Erp-entegrasyon/erp-api/Controllers/OfficeController.cs(168,40): warning CS8601: Possible null reference assignment. [/Users/ali1/Projects/Erp-entegrasyon/erp-api/ErpMobile.Api.csproj]
/Users/ali1/Projects/Erp-entegrasyon/erp-api/Controllers/OfficeController.cs(169,47): warning CS8601: Possible null reference assignment. [/Users/ali1/Projects/Erp-entegrasyon/erp-api/ErpMobile.Api.csproj]
/Users/ali1/Projects/Erp-entegrasyon/erp-api/Controllers/OfficeController.cs(170,44): warning CS8601: Possible null reference assignment. [/Users/ali1/Projects/Erp-entegrasyon/erp-api/ErpMobile.Api.csproj]
/Users/ali1/Projects/Erp-entegrasyon/erp-api/Controllers/OfficeController.cs(171,51): warning CS8601: Possible null reference assignment. [/Users/ali1/Projects/Erp-entegrasyon/erp-api/ErpMobile.Api.csproj]
/Users/ali1/Projects/Erp-entegrasyon/erp-api/Controllers/OfficeController.cs(172,39): warning CS8601: Possible null reference assignment. [/Users/ali1/Projects/Erp-entegrasyon/erp-api/ErpMobile.Api.csproj]
/Users/ali1/Projects/Erp-entegrasyon/erp-api/Controllers/OfficeController.cs(173,49): warning CS8601: Possible null reference assignment. [/Users/ali1/Projects/Erp-entegrasyon/erp-api/ErpMobile.Api.csproj]
/Users/ali1/Projects/Erp-entegrasyon/erp-api/Controllers/OfficeController.cs(189,36): warning CS8625: Cannot convert null literal to non-nullable reference type. [/Users/ali1/Projects/Erp-entegrasyon/erp-api/ErpMobile.Api.csproj]
/Users/ali1/Projects/Erp-entegrasyon/erp-api/Entities/Common/cdCity.cs(12,23): warning CS8618: Non-nullable property 'CityCode' must contain a non-null value when exiting constructor. Consider adding the 'required' modifier or declaring the property as nullable. [/Users/ali1/Projects/Erp-entegrasyon/erp-api/ErpMobile.Api.csproj]
/Users/ali1/Projects/Erp-entegrasyon/erp-api/Entities/Common/cdCity.cs(16,23): warning CS8618: Non-nullable property 'StateCode' must contain a non-null value when exiting constructor. Consider adding the 'required' modifier or declaring the property as nullable. [/Users/ali1/Projects/Erp-entegrasyon/erp-api/ErpMobile.Api.csproj]
/Users/ali1/Projects/Erp-entegrasyon/erp-api/Entities/Common/cdCity.cs(20,23): warning CS8618: Non-nullable property 'CreatedUserName' must contain a non-null value when exiting constructor. Consider adding the 'required' modifier or declaring the property as nullable. [/Users/ali1/Projects/Erp-entegrasyon/erp-api/ErpMobile.Api.csproj]
/Users/ali1/Projects/Erp-entegrasyon/erp-api/Entities/Common/cdCity.cs(27,23): warning CS8618: Non-nullable property 'LastUpdatedUserName' must contain a non-null value when exiting constructor. Consider adding the 'required' modifier or declaring the property as nullable. [/Users/ali1/Projects/Erp-entegrasyon/erp-api/ErpMobile.Api.csproj]
/Users/ali1/Projects/Erp-entegrasyon/erp-api/Entities/Common/cdCity.cs(37,32): warning CS8618: Non-nullable property 'State' must contain a non-null value when exiting constructor. Consider adding the 'required' modifier or declaring the property as nullable. [/Users/ali1/Projects/Erp-entegrasyon/erp-api/ErpMobile.Api.csproj]
/Users/ali1/Projects/Erp-entegrasyon/erp-api/Controllers/ItemController.cs(526,47): warning CS8601: Possible null reference assignment. [/Users/ali1/Projects/Erp-entegrasyon/erp-api/ErpMobile.Api.csproj]
/Users/ali1/Projects/Erp-entegrasyon/erp-api/Controllers/ItemController.cs(527,54): warning CS8601: Possible null reference assignment. [/Users/ali1/Projects/Erp-entegrasyon/erp-api/ErpMobile.Api.csproj]
/Users/ali1/Projects/Erp-entegrasyon/erp-api/Controllers/ItemController.cs(528,55): warning CS8601: Possible null reference assignment. [/Users/ali1/Projects/Erp-entegrasyon/erp-api/ErpMobile.Api.csproj]
/Users/ali1/Projects/Erp-entegrasyon/erp-api/Controllers/ItemController.cs(529,62): warning CS8601: Possible null reference assignment. [/Users/ali1/Projects/Erp-entegrasyon/erp-api/ErpMobile.Api.csproj]
/Users/ali1/Projects/Erp-entegrasyon/erp-api/Controllers/ItemController.cs(549,28): warning CS8625: Cannot convert null literal to non-nullable reference type. [/Users/ali1/Projects/Erp-entegrasyon/erp-api/ErpMobile.Api.csproj]
/Users/ali1/Projects/Erp-entegrasyon/erp-api/Controllers/CustomerController.cs(796,47): warning CS8600: Converting null literal or possible null value to non-nullable type. [/Users/ali1/Projects/Erp-entegrasyon/erp-api/ErpMobile.Api.csproj]
/Users/ali1/Projects/Erp-entegrasyon/erp-api/Repositories/Invoice/InvoiceRepository.cs(476,49): error CS0029: Cannot implicitly convert type 'string' to 'int?' [/Users/ali1/Projects/Erp-entegrasyon/erp-api/ErpMobile.Api.csproj]
/Users/ali1/Projects/Erp-entegrasyon/erp-api/Repositories/Invoice/InvoiceRepository.cs(502,44): error CS0029: Cannot implicitly convert type 'string' to 'int?' [/Users/ali1/Projects/Erp-entegrasyon/erp-api/ErpMobile.Api.csproj]
/Users/ali1/Projects/Erp-entegrasyon/erp-api/Repositories/Invoice/InvoiceRepository.cs(503,52): error CS0029: Cannot implicitly convert type 'string' to 'int?' [/Users/ali1/Projects/Erp-entegrasyon/erp-api/ErpMobile.Api.csproj]
/Users/ali1/Projects/Erp-entegrasyon/erp-api/Repositories/Invoice/InvoiceRepository.cs(440,38): warning CS8605: Unboxing a possibly null value. [/Users/ali1/Projects/Erp-entegrasyon/erp-api/ErpMobile.Api.csproj]
/Users/ali1/Projects/Erp-entegrasyon/erp-api/Repositories/Invoice/InvoiceRepository.cs(456,49): warning CS8601: Possible null reference assignment. [/Users/ali1/Projects/Erp-entegrasyon/erp-api/ErpMobile.Api.csproj]
/Users/ali1/Projects/Erp-entegrasyon/erp-api/Repositories/Invoice/InvoiceRepository.cs(461,47): warning CS8601: Possible null reference assignment. [/Users/ali1/Projects/Erp-entegrasyon/erp-api/ErpMobile.Api.csproj]
/Users/ali1/Projects/Erp-entegrasyon/erp-api/Repositories/Invoice/InvoiceRepository.cs(463,46): warning CS8601: Possible null reference assignment. [/Users/ali1/Projects/Erp-entegrasyon/erp-api/ErpMobile.Api.csproj]
/Users/ali1/Projects/Erp-entegrasyon/erp-api/Repositories/Invoice/InvoiceRepository.cs(464,53): warning CS8601: Possible null reference assignment. [/Users/ali1/Projects/Erp-entegrasyon/erp-api/ErpMobile.Api.csproj]
/Users/ali1/Projects/Erp-entegrasyon/erp-api/Repositories/Invoice/InvoiceRepository.cs(465,48): warning CS8601: Possible null reference assignment. [/Users/ali1/Projects/Erp-entegrasyon/erp-api/ErpMobile.Api.csproj]
/Users/ali1/Projects/Erp-entegrasyon/erp-api/Repositories/Invoice/InvoiceRepository.cs(466,55): warning CS8601: Possible null reference assignment. [/Users/ali1/Projects/Erp-entegrasyon/erp-api/ErpMobile.Api.csproj]
/Users/ali1/Projects/Erp-entegrasyon/erp-api/Repositories/Invoice/InvoiceRepository.cs(467,54): warning CS8601: Possible null reference assignment. [/Users/ali1/Projects/Erp-entegrasyon/erp-api/ErpMobile.Api.csproj]
/Users/ali1/Projects/Erp-entegrasyon/erp-api/Repositories/Invoice/InvoiceRepository.cs(468,52): warning CS8601: Possible null reference assignment. [/Users/ali1/Projects/Erp-entegrasyon/erp-api/ErpMobile.Api.csproj]
/Users/ali1/Projects/Erp-entegrasyon/erp-api/Repositories/Invoice/InvoiceRepository.cs(469,52): warning CS8601: Possible null reference assignment. [/Users/ali1/Projects/Erp-entegrasyon/erp-api/ErpMobile.Api.csproj]
/Users/ali1/Projects/Erp-entegrasyon/erp-api/Repositories/Invoice/InvoiceRepository.cs(470,48): warning CS8601: Possible null reference assignment. [/Users/ali1/Projects/Erp-entegrasyon/erp-api/ErpMobile.Api.csproj]
/Users/ali1/Projects/Erp-entegrasyon/erp-api/Repositories/Invoice/InvoiceRepository.cs(471,49): warning CS8601: Possible null reference assignment. [/Users/ali1/Projects/Erp-entegrasyon/erp-api/ErpMobile.Api.csproj]
/Users/ali1/Projects/Erp-entegrasyon/erp-api/Repositories/Invoice/InvoiceRepository.cs(472,50): warning CS8601: Possible null reference assignment. [/Users/ali1/Projects/Erp-entegrasyon/erp-api/ErpMobile.Api.csproj]
/Users/ali1/Projects/Erp-entegrasyon/erp-api/Repositories/Invoice/InvoiceRepository.cs(473,57): warning CS8601: Possible null reference assignment. [/Users/ali1/Projects/Erp-entegrasyon/erp-api/ErpMobile.Api.csproj]
/Users/ali1/Projects/Erp-entegrasyon/erp-api/Repositories/Invoice/InvoiceRepository.cs(475,47): warning CS8601: Possible null reference assignment. [/Users/ali1/Projects/Erp-entegrasyon/erp-api/ErpMobile.Api.csproj]
/Users/ali1/Projects/Erp-entegrasyon/erp-api/Repositories/Invoice/InvoiceRepository.cs(477,51): warning CS8601: Possible null reference assignment. [/Users/ali1/Projects/Erp-entegrasyon/erp-api/ErpMobile.Api.csproj]
/Users/ali1/Projects/Erp-entegrasyon/erp-api/Repositories/Invoice/InvoiceRepository.cs(478,42): warning CS8601: Possible null reference assignment. [/Users/ali1/Projects/Erp-entegrasyon/erp-api/ErpMobile.Api.csproj]
/Users/ali1/Projects/Erp-entegrasyon/erp-api/Repositories/Invoice/InvoiceRepository.cs(479,48): warning CS8601: Possible null reference assignment. [/Users/ali1/Projects/Erp-entegrasyon/erp-api/ErpMobile.Api.csproj]
/Users/ali1/Projects/Erp-entegrasyon/erp-api/Repositories/Invoice/InvoiceRepository.cs(480,50): warning CS8601: Possible null reference assignment. [/Users/ali1/Projects/Erp-entegrasyon/erp-api/ErpMobile.Api.csproj]
/Users/ali1/Projects/Erp-entegrasyon/erp-api/Repositories/Invoice/InvoiceRepository.cs(481,47): warning CS8601: Possible null reference assignment. [/Users/ali1/Projects/Erp-entegrasyon/erp-api/ErpMobile.Api.csproj]
/Users/ali1/Projects/Erp-entegrasyon/erp-api/Repositories/Invoice/InvoiceRepository.cs(482,46): warning CS8601: Possible null reference assignment. [/Users/ali1/Projects/Erp-entegrasyon/erp-api/ErpMobile.Api.csproj]
/Users/ali1/Projects/Erp-entegrasyon/erp-api/Repositories/Invoice/InvoiceRepository.cs(483,45): warning CS8601: Possible null reference assignment. [/Users/ali1/Projects/Erp-entegrasyon/erp-api/ErpMobile.Api.csproj]
/Users/ali1/Projects/Erp-entegrasyon/erp-api/Repositories/Invoice/InvoiceRepository.cs(484,49): warning CS8601: Possible null reference assignment. [/Users/ali1/Projects/Erp-entegrasyon/erp-api/ErpMobile.Api.csproj]
/Users/ali1/Projects/Erp-entegrasyon/erp-api/Repositories/Invoice/InvoiceRepository.cs(485,52): warning CS8601: Possible null reference assignment. [/Users/ali1/Projects/Erp-entegrasyon/erp-api/ErpMobile.Api.csproj]
/Users/ali1/Projects/Erp-entegrasyon/erp-api/Repositories/Invoice/InvoiceRepository.cs(486,52): warning CS8601: Possible null reference assignment. [/Users/ali1/Projects/Erp-entegrasyon/erp-api/ErpMobile.Api.csproj]
/Users/ali1/Projects/Erp-entegrasyon/erp-api/Repositories/Invoice/InvoiceRepository.cs(487,50): warning CS8601: Possible null reference assignment. [/Users/ali1/Projects/Erp-entegrasyon/erp-api/ErpMobile.Api.csproj]
/Users/ali1/Projects/Erp-entegrasyon/erp-api/Repositories/Invoice/InvoiceRepository.cs(488,49): warning CS8601: Possible null reference assignment. [/Users/ali1/Projects/Erp-entegrasyon/erp-api/ErpMobile.Api.csproj]
/Users/ali1/Projects/Erp-entegrasyon/erp-api/Repositories/Invoice/InvoiceRepository.cs(489,47): warning CS8601: Possible null reference assignment. [/Users/ali1/Projects/Erp-entegrasyon/erp-api/ErpMobile.Api.csproj]
/Users/ali1/Projects/Erp-entegrasyon/erp-api/Repositories/Invoice/InvoiceRepository.cs(496,49): warning CS8601: Possible null reference assignment. [/Users/ali1/Projects/Erp-entegrasyon/erp-api/ErpMobile.Api.csproj]
/Users/ali1/Projects/Erp-entegrasyon/erp-api/Repositories/Invoice/InvoiceRepository.cs(498,51): warning CS8601: Possible null reference assignment. [/Users/ali1/Projects/Erp-entegrasyon/erp-api/ErpMobile.Api.csproj]
/Users/ali1/Projects/Erp-entegrasyon/erp-api/Repositories/Invoice/InvoiceRepository.cs(499,58): warning CS8601: Possible null reference assignment. [/Users/ali1/Projects/Erp-entegrasyon/erp-api/ErpMobile.Api.csproj]
/Users/ali1/Projects/Erp-entegrasyon/erp-api/Repositories/Invoice/InvoiceRepository.cs(500,49): warning CS8601: Possible null reference assignment. [/Users/ali1/Projects/Erp-entegrasyon/erp-api/ErpMobile.Api.csproj]
/Users/ali1/Projects/Erp-entegrasyon/erp-api/Repositories/Invoice/InvoiceRepository.cs(501,51): warning CS8601: Possible null reference assignment. [/Users/ali1/Projects/Erp-entegrasyon/erp-api/ErpMobile.Api.csproj]
/Users/ali1/Projects/Erp-entegrasyon/erp-api/Controllers/ItemController.cs(607,28): warning CS8625: Cannot convert null literal to non-nullable reference type. [/Users/ali1/Projects/Erp-entegrasyon/erp-api/ErpMobile.Api.csproj]
/Users/ali1/Projects/Erp-entegrasyon/erp-api/Entities/Common/cdCityDesc.cs(13,23): warning CS8618: Non-nullable property 'CityCode' must contain a non-null value when exiting constructor. Consider adding the 'required' modifier or declaring the property as nullable. [/Users/ali1/Projects/Erp-entegrasyon/erp-api/ErpMobile.Api.csproj]
/Users/ali1/Projects/Erp-entegrasyon/erp-api/Entities/Common/cdCityDesc.cs(18,23): warning CS8618: Non-nullable property 'LangCode' must contain a non-null value when exiting constructor. Consider adding the 'required' modifier or declaring the property as nullable. [/Users/ali1/Projects/Erp-entegrasyon/erp-api/ErpMobile.Api.csproj]
/Users/ali1/Projects/Erp-entegrasyon/erp-api/Entities/Common/cdCityDesc.cs(22,23): warning CS8618: Non-nullable property 'CityDescription' must contain a non-null value when exiting constructor. Consider adding the 'required' modifier or declaring the property as nullable. [/Users/ali1/Projects/Erp-entegrasyon/erp-api/ErpMobile.Api.csproj]
/Users/ali1/Projects/Erp-entegrasyon/erp-api/Entities/Common/cdCityDesc.cs(26,23): warning CS8618: Non-nullable property 'CreatedUserName' must contain a non-null value when exiting constructor. Consider adding the 'required' modifier or declaring the property as nullable. [/Users/ali1/Projects/Erp-entegrasyon/erp-api/ErpMobile.Api.csproj]
/Users/ali1/Projects/Erp-entegrasyon/erp-api/Entities/Common/cdCityDesc.cs(33,23): warning CS8618: Non-nullable property 'LastUpdatedUserName' must contain a non-null value when exiting constructor. Consider adding the 'required' modifier or declaring the property as nullable. [/Users/ali1/Projects/Erp-entegrasyon/erp-api/ErpMobile.Api.csproj]
/Users/ali1/Projects/Erp-entegrasyon/erp-api/Entities/Common/cdCityDesc.cs(43,31): warning CS8618: Non-nullable property 'City' must contain a non-null value when exiting constructor. Consider adding the 'required' modifier or declaring the property as nullable. [/Users/ali1/Projects/Erp-entegrasyon/erp-api/ErpMobile.Api.csproj]
/Users/ali1/Projects/Erp-entegrasyon/erp-api/Models/Requests/CustomerCreateRequest.cs(18,23): warning CS8618: Non-nullable property 'CustomerCode' must contain a non-null value when exiting constructor. Consider adding the 'required' modifier or declaring the property as nullable. [/Users/ali1/Projects/Erp-entegrasyon/erp-api/ErpMobile.Api.csproj]
/Users/ali1/Projects/Erp-entegrasyon/erp-api/Models/Requests/CustomerCreateRequest.cs(25,23): warning CS8618: Non-nullable property 'CustomerName' must contain a non-null value when exiting constructor. Consider adding the 'required' modifier or declaring the property as nullable. [/Users/ali1/Projects/Erp-entegrasyon/erp-api/ErpMobile.Api.csproj]
/Users/ali1/Projects/Erp-entegrasyon/erp-api/Models/Requests/CustomerCreateRequest.cs(31,23): warning CS8618: Non-nullable property 'CustomerSurname' must contain a non-null value when exiting constructor. Consider adding the 'required' modifier or declaring the property as nullable. [/Users/ali1/Projects/Erp-entegrasyon/erp-api/ErpMobile.Api.csproj]
/Users/ali1/Projects/Erp-entegrasyon/erp-api/Models/Requests/CustomerCreateRequest.cs(37,23): warning CS8618: Non-nullable property 'TitleCode' must contain a non-null value when exiting constructor. Consider adding the 'required' modifier or declaring the property as nullable. [/Users/ali1/Projects/Erp-entegrasyon/erp-api/ErpMobile.Api.csproj]
/Users/ali1/Projects/Erp-entegrasyon/erp-api/Models/Requests/CustomerCreateRequest.cs(43,23): warning CS8618: Non-nullable property 'Patronym' must contain a non-null value when exiting constructor. Consider adding the 'required' modifier or declaring the property as nullable. [/Users/ali1/Projects/Erp-entegrasyon/erp-api/ErpMobile.Api.csproj]
/Users/ali1/Projects/Erp-entegrasyon/erp-api/Models/Requests/CustomerCreateRequest.cs(49,23): warning CS8618: Non-nullable property 'TaxNumber' must contain a non-null value when exiting constructor. Consider adding the 'required' modifier or declaring the property as nullable. [/Users/ali1/Projects/Erp-entegrasyon/erp-api/ErpMobile.Api.csproj]
/Users/ali1/Projects/Erp-entegrasyon/erp-api/Models/Requests/CustomerCreateRequest.cs(55,23): warning CS8618: Non-nullable property 'CustomerIdentityNumber' must contain a non-null value when exiting constructor. Consider adding the 'required' modifier or declaring the property as nullable. [/Users/ali1/Projects/Erp-entegrasyon/erp-api/ErpMobile.Api.csproj]
/Users/ali1/Projects/Erp-entegrasyon/erp-api/Models/Requests/CustomerCreateRequest.cs(61,23): warning CS8618: Non-nullable property 'IdentityNum' must contain a non-null value when exiting constructor. Consider adding the 'required' modifier or declaring the property as nullable. [/Users/ali1/Projects/Erp-entegrasyon/erp-api/ErpMobile.Api.csproj]
/Users/ali1/Projects/Erp-entegrasyon/erp-api/Models/Requests/CustomerCreateRequest.cs(67,23): warning CS8618: Non-nullable property 'MersisNum' must contain a non-null value when exiting constructor. Consider adding the 'required' modifier or declaring the property as nullable. [/Users/ali1/Projects/Erp-entegrasyon/erp-api/ErpMobile.Api.csproj]
/Users/ali1/Projects/Erp-entegrasyon/erp-api/Models/Requests/CustomerCreateRequest.cs(83,23): warning CS8618: Non-nullable property 'DiscountGroupCode' must contain a non-null value when exiting constructor. Consider adding the 'required' modifier or declaring the property as nullable. [/Users/ali1/Projects/Erp-entegrasyon/erp-api/ErpMobile.Api.csproj]
/Users/ali1/Projects/Erp-entegrasyon/erp-api/Models/Requests/CustomerCreateRequest.cs(89,23): warning CS8618: Non-nullable property 'CustomerMarkupGrCode' must contain a non-null value when exiting constructor. Consider adding the 'required' modifier or declaring the property as nullable. [/Users/ali1/Projects/Erp-entegrasyon/erp-api/ErpMobile.Api.csproj]
/Users/ali1/Projects/Erp-entegrasyon/erp-api/Models/Requests/CustomerCreateRequest.cs(95,23): warning CS8618: Non-nullable property 'CustomerPaymentPlanGrCode' must contain a non-null value when exiting constructor. Consider adding the 'required' modifier or declaring the property as nullable. [/Users/ali1/Projects/Erp-entegrasyon/erp-api/ErpMobile.Api.csproj]
/Users/ali1/Projects/Erp-entegrasyon/erp-api/Models/Requests/CustomerCreateRequest.cs(101,23): warning CS8618: Non-nullable property 'VendorPaymentPlanGrCode' must contain a non-null value when exiting constructor. Consider adding the 'required' modifier or declaring the property as nullable. [/Users/ali1/Projects/Erp-entegrasyon/erp-api/ErpMobile.Api.csproj]
/Users/ali1/Projects/Erp-entegrasyon/erp-api/Models/Requests/CustomerCreateRequest.cs(107,23): warning CS8618: Non-nullable property 'CurrencyCode' must contain a non-null value when exiting constructor. Consider adding the 'required' modifier or declaring the property as nullable. [/Users/ali1/Projects/Erp-entegrasyon/erp-api/ErpMobile.Api.csproj]
/Users/ali1/Projects/Erp-entegrasyon/erp-api/Models/Requests/CustomerCreateRequest.cs(125,23): warning CS8618: Non-nullable property 'SalesmanCode' must contain a non-null value when exiting constructor. Consider adding the 'required' modifier or declaring the property as nullable. [/Users/ali1/Projects/Erp-entegrasyon/erp-api/ErpMobile.Api.csproj]
/Users/ali1/Projects/Erp-entegrasyon/erp-api/Models/Requests/CustomerCreateRequest.cs(156,23): warning CS8618: Non-nullable property 'TaxOfficeCode' must contain a non-null value when exiting constructor. Consider adding the 'required' modifier or declaring the property as nullable. [/Users/ali1/Projects/Erp-entegrasyon/erp-api/ErpMobile.Api.csproj]
/Users/ali1/Projects/Erp-entegrasyon/erp-api/Models/Requests/CustomerCreateRequest.cs(162,23): warning CS8618: Non-nullable property 'RegionCode' must contain a non-null value when exiting constructor. Consider adding the 'required' modifier or declaring the property as nullable. [/Users/ali1/Projects/Erp-entegrasyon/erp-api/ErpMobile.Api.csproj]
/Users/ali1/Projects/Erp-entegrasyon/erp-api/Models/Requests/CustomerCreateRequest.cs(168,23): warning CS8618: Non-nullable property 'CityCode' must contain a non-null value when exiting constructor. Consider adding the 'required' modifier or declaring the property as nullable. [/Users/ali1/Projects/Erp-entegrasyon/erp-api/ErpMobile.Api.csproj]
/Users/ali1/Projects/Erp-entegrasyon/erp-api/Models/Requests/CustomerCreateRequest.cs(174,23): warning CS8618: Non-nullable property 'DistrictCode' must contain a non-null value when exiting constructor. Consider adding the 'required' modifier or declaring the property as nullable. [/Users/ali1/Projects/Erp-entegrasyon/erp-api/ErpMobile.Api.csproj]
/Users/ali1/Projects/Erp-entegrasyon/erp-api/Models/Requests/CustomerCreateRequest.cs(205,23): warning CS8618: Non-nullable property 'PromotionGroupCode' must contain a non-null value when exiting constructor. Consider adding the 'required' modifier or declaring the property as nullable. [/Users/ali1/Projects/Erp-entegrasyon/erp-api/ErpMobile.Api.csproj]
/Users/ali1/Projects/Erp-entegrasyon/erp-api/Models/Requests/CustomerCreateRequest.cs(243,23): warning CS8618: Non-nullable property 'DueDateFormulaCode' must contain a non-null value when exiting constructor. Consider adding the 'required' modifier or declaring the property as nullable. [/Users/ali1/Projects/Erp-entegrasyon/erp-api/ErpMobile.Api.csproj]
/Users/ali1/Projects/Erp-entegrasyon/erp-api/Models/Requests/CustomerCreateRequest.cs(249,23): warning CS8618: Non-nullable property 'BankCode' must contain a non-null value when exiting constructor. Consider adding the 'required' modifier or declaring the property as nullable. [/Users/ali1/Projects/Erp-entegrasyon/erp-api/ErpMobile.Api.csproj]
/Users/ali1/Projects/Erp-entegrasyon/erp-api/Models/Requests/CustomerCreateRequest.cs(255,23): warning CS8618: Non-nullable property 'BankBranchCode' must contain a non-null value when exiting constructor. Consider adding the 'required' modifier or declaring the property as nullable. [/Users/ali1/Projects/Erp-entegrasyon/erp-api/ErpMobile.Api.csproj]
/Users/ali1/Projects/Erp-entegrasyon/erp-api/Models/Requests/CustomerCreateRequest.cs(266,23): warning CS8618: Non-nullable property 'IBAN' must contain a non-null value when exiting constructor. Consider adding the 'required' modifier or declaring the property as nullable. [/Users/ali1/Projects/Erp-entegrasyon/erp-api/ErpMobile.Api.csproj]
/Users/ali1/Projects/Erp-entegrasyon/erp-api/Models/Requests/CustomerCreateRequest.cs(272,23): warning CS8618: Non-nullable property 'SWIFTCode' must contain a non-null value when exiting constructor. Consider adding the 'required' modifier or declaring the property as nullable. [/Users/ali1/Projects/Erp-entegrasyon/erp-api/ErpMobile.Api.csproj]
/Users/ali1/Projects/Erp-entegrasyon/erp-api/Models/Requests/CustomerCreateRequest.cs(278,23): warning CS8618: Non-nullable property 'BankAccNo' must contain a non-null value when exiting constructor. Consider adding the 'required' modifier or declaring the property as nullable. [/Users/ali1/Projects/Erp-entegrasyon/erp-api/ErpMobile.Api.csproj]
/Users/ali1/Projects/Erp-entegrasyon/erp-api/Models/Requests/CustomerCreateRequest.cs(289,23): warning CS8618: Non-nullable property 'RetailSalePriceGroupCode' must contain a non-null value when exiting constructor. Consider adding the 'required' modifier or declaring the property as nullable. [/Users/ali1/Projects/Erp-entegrasyon/erp-api/ErpMobile.Api.csproj]
/Users/ali1/Projects/Erp-entegrasyon/erp-api/Models/Requests/CustomerCreateRequest.cs(295,23): warning CS8618: Non-nullable property 'WholesalePriceGroupCode' must contain a non-null value when exiting constructor. Consider adding the 'required' modifier or declaring the property as nullable. [/Users/ali1/Projects/Erp-entegrasyon/erp-api/ErpMobile.Api.csproj]
/Users/ali1/Projects/Erp-entegrasyon/erp-api/Models/Requests/CustomerCreateRequest.cs(311,23): warning CS8618: Non-nullable property 'SalesChannelCode' must contain a non-null value when exiting constructor. Consider adding the 'required' modifier or declaring the property as nullable. [/Users/ali1/Projects/Erp-entegrasyon/erp-api/ErpMobile.Api.csproj]
/Users/ali1/Projects/Erp-entegrasyon/erp-api/Models/Requests/CustomerCreateRequest.cs(322,23): warning CS8618: Non-nullable property 'BarcodeTypeCode' must contain a non-null value when exiting constructor. Consider adding the 'required' modifier or declaring the property as nullable. [/Users/ali1/Projects/Erp-entegrasyon/erp-api/ErpMobile.Api.csproj]
/Users/ali1/Projects/Erp-entegrasyon/erp-api/Models/Requests/CustomerCreateRequest.cs(328,23): warning CS8618: Non-nullable property 'CostCenterCode' must contain a non-null value when exiting constructor. Consider adding the 'required' modifier or declaring the property as nullable. [/Users/ali1/Projects/Erp-entegrasyon/erp-api/ErpMobile.Api.csproj]
/Users/ali1/Projects/Erp-entegrasyon/erp-api/Models/Requests/CustomerCreateRequest.cs(339,23): warning CS8618: Non-nullable property 'GLTypeCode' must contain a non-null value when exiting constructor. Consider adding the 'required' modifier or declaring the property as nullable. [/Users/ali1/Projects/Erp-entegrasyon/erp-api/ErpMobile.Api.csproj]
/Users/ali1/Projects/Erp-entegrasyon/erp-api/Models/Requests/CustomerCreateRequest.cs(355,23): warning CS8618: Non-nullable property 'CurrAccLotGrCode' must contain a non-null value when exiting constructor. Consider adding the 'required' modifier or declaring the property as nullable. [/Users/ali1/Projects/Erp-entegrasyon/erp-api/ErpMobile.Api.csproj]
/Users/ali1/Projects/Erp-entegrasyon/erp-api/Models/Requests/CustomerCreateRequest.cs(391,23): warning CS8618: Non-nullable property 'DBSAccountCode' must contain a non-null value when exiting constructor. Consider adding the 'required' modifier or declaring the property as nullable. [/Users/ali1/Projects/Erp-entegrasyon/erp-api/ErpMobile.Api.csproj]
/Users/ali1/Projects/Erp-entegrasyon/erp-api/Controllers/ItemController.cs(665,28): warning CS8625: Cannot convert null literal to non-nullable reference type. [/Users/ali1/Projects/Erp-entegrasyon/erp-api/ErpMobile.Api.csproj]
/Users/ali1/Projects/Erp-entegrasyon/erp-api/Models/Requests/CustomerCreateBasicRequest.cs(16,23): warning CS8618: Non-nullable property 'CustomerName' must contain a non-null value when exiting constructor. Consider adding the 'required' modifier or declaring the property as nullable. [/Users/ali1/Projects/Erp-entegrasyon/erp-api/ErpMobile.Api.csproj]
/Users/ali1/Projects/Erp-entegrasyon/erp-api/Models/Requests/CustomerCreateBasicRequest.cs(21,23): warning CS8618: Non-nullable property 'CustomerCode' must contain a non-null value when exiting constructor. Consider adding the 'required' modifier or declaring the property as nullable. [/Users/ali1/Projects/Erp-entegrasyon/erp-api/ErpMobile.Api.csproj]
/Users/ali1/Projects/Erp-entegrasyon/erp-api/Models/Requests/CustomerCreateBasicRequest.cs(26,23): warning CS8618: Non-nullable property 'TaxNumber' must contain a non-null value when exiting constructor. Consider adding the 'required' modifier or declaring the property as nullable. [/Users/ali1/Projects/Erp-entegrasyon/erp-api/ErpMobile.Api.csproj]
/Users/ali1/Projects/Erp-entegrasyon/erp-api/Models/Requests/CustomerCreateBasicRequest.cs(31,23): warning CS8618: Non-nullable property 'TaxOffice' must contain a non-null value when exiting constructor. Consider adding the 'required' modifier or declaring the property as nullable. [/Users/ali1/Projects/Erp-entegrasyon/erp-api/ErpMobile.Api.csproj]
/Users/ali1/Projects/Erp-entegrasyon/erp-api/Models/Requests/CustomerCreateBasicRequest.cs(36,23): warning CS8618: Non-nullable property 'CustomerTypeCode' must contain a non-null value when exiting constructor. Consider adding the 'required' modifier or declaring the property as nullable. [/Users/ali1/Projects/Erp-entegrasyon/erp-api/ErpMobile.Api.csproj]
/Users/ali1/Projects/Erp-entegrasyon/erp-api/Models/Requests/CustomerCreateBasicRequest.cs(41,23): warning CS8618: Non-nullable property 'CustomerGroupCode' must contain a non-null value when exiting constructor. Consider adding the 'required' modifier or declaring the property as nullable. [/Users/ali1/Projects/Erp-entegrasyon/erp-api/ErpMobile.Api.csproj]
/Users/ali1/Projects/Erp-entegrasyon/erp-api/Models/Requests/CustomerCreateBasicRequest.cs(46,23): warning CS8618: Non-nullable property 'Description' must contain a non-null value when exiting constructor. Consider adding the 'required' modifier or declaring the property as nullable. [/Users/ali1/Projects/Erp-entegrasyon/erp-api/ErpMobile.Api.csproj]
/Users/ali1/Projects/Erp-entegrasyon/erp-api/Repositories/Invoice/InvoiceRepository.cs(643,49): error CS0029: Cannot implicitly convert type 'string' to 'int?' [/Users/ali1/Projects/Erp-entegrasyon/erp-api/ErpMobile.Api.csproj]
/Users/ali1/Projects/Erp-entegrasyon/erp-api/Repositories/Invoice/InvoiceRepository.cs(669,44): error CS0029: Cannot implicitly convert type 'string' to 'int?' [/Users/ali1/Projects/Erp-entegrasyon/erp-api/ErpMobile.Api.csproj]
/Users/ali1/Projects/Erp-entegrasyon/erp-api/Repositories/Invoice/InvoiceRepository.cs(670,52): error CS0029: Cannot implicitly convert type 'string' to 'int?' [/Users/ali1/Projects/Erp-entegrasyon/erp-api/ErpMobile.Api.csproj]
/Users/ali1/Projects/Erp-entegrasyon/erp-api/Repositories/Invoice/InvoiceRepository.cs(624,49): warning CS8601: Possible null reference assignment. [/Users/ali1/Projects/Erp-entegrasyon/erp-api/ErpMobile.Api.csproj]
/Users/ali1/Projects/Erp-entegrasyon/erp-api/Repositories/Invoice/InvoiceRepository.cs(628,47): warning CS8601: Possible null reference assignment. [/Users/ali1/Projects/Erp-entegrasyon/erp-api/ErpMobile.Api.csproj]
/Users/ali1/Projects/Erp-entegrasyon/erp-api/Repositories/Invoice/InvoiceRepository.cs(630,46): warning CS8601: Possible null reference assignment. [/Users/ali1/Projects/Erp-entegrasyon/erp-api/ErpMobile.Api.csproj]
/Users/ali1/Projects/Erp-entegrasyon/erp-api/Repositories/Invoice/InvoiceRepository.cs(631,53): warning CS8601: Possible null reference assignment. [/Users/ali1/Projects/Erp-entegrasyon/erp-api/ErpMobile.Api.csproj]
/Users/ali1/Projects/Erp-entegrasyon/erp-api/Repositories/Invoice/InvoiceRepository.cs(632,48): warning CS8601: Possible null reference assignment. [/Users/ali1/Projects/Erp-entegrasyon/erp-api/ErpMobile.Api.csproj]
/Users/ali1/Projects/Erp-entegrasyon/erp-api/Repositories/Invoice/InvoiceRepository.cs(633,55): warning CS8601: Possible null reference assignment. [/Users/ali1/Projects/Erp-entegrasyon/erp-api/ErpMobile.Api.csproj]
/Users/ali1/Projects/Erp-entegrasyon/erp-api/Repositories/Invoice/InvoiceRepository.cs(634,54): warning CS8601: Possible null reference assignment. [/Users/ali1/Projects/Erp-entegrasyon/erp-api/ErpMobile.Api.csproj]
/Users/ali1/Projects/Erp-entegrasyon/erp-api/Repositories/Invoice/InvoiceRepository.cs(635,52): warning CS8601: Possible null reference assignment. [/Users/ali1/Projects/Erp-entegrasyon/erp-api/ErpMobile.Api.csproj]
/Users/ali1/Projects/Erp-entegrasyon/erp-api/Repositories/Invoice/InvoiceRepository.cs(636,52): warning CS8601: Possible null reference assignment. [/Users/ali1/Projects/Erp-entegrasyon/erp-api/ErpMobile.Api.csproj]
/Users/ali1/Projects/Erp-entegrasyon/erp-api/Repositories/Invoice/InvoiceRepository.cs(637,48): warning CS8601: Possible null reference assignment. [/Users/ali1/Projects/Erp-entegrasyon/erp-api/ErpMobile.Api.csproj]
/Users/ali1/Projects/Erp-entegrasyon/erp-api/Repositories/Invoice/InvoiceRepository.cs(638,49): warning CS8601: Possible null reference assignment. [/Users/ali1/Projects/Erp-entegrasyon/erp-api/ErpMobile.Api.csproj]
/Users/ali1/Projects/Erp-entegrasyon/erp-api/Repositories/Invoice/InvoiceRepository.cs(639,50): warning CS8601: Possible null reference assignment. [/Users/ali1/Projects/Erp-entegrasyon/erp-api/ErpMobile.Api.csproj]
/Users/ali1/Projects/Erp-entegrasyon/erp-api/Repositories/Invoice/InvoiceRepository.cs(640,57): warning CS8601: Possible null reference assignment. [/Users/ali1/Projects/Erp-entegrasyon/erp-api/ErpMobile.Api.csproj]
/Users/ali1/Projects/Erp-entegrasyon/erp-api/Repositories/Invoice/InvoiceRepository.cs(642,47): warning CS8601: Possible null reference assignment. [/Users/ali1/Projects/Erp-entegrasyon/erp-api/ErpMobile.Api.csproj]
/Users/ali1/Projects/Erp-entegrasyon/erp-api/Repositories/Invoice/InvoiceRepository.cs(644,51): warning CS8601: Possible null reference assignment. [/Users/ali1/Projects/Erp-entegrasyon/erp-api/ErpMobile.Api.csproj]
/Users/ali1/Projects/Erp-entegrasyon/erp-api/Repositories/Invoice/InvoiceRepository.cs(645,42): warning CS8601: Possible null reference assignment. [/Users/ali1/Projects/Erp-entegrasyon/erp-api/ErpMobile.Api.csproj]
/Users/ali1/Projects/Erp-entegrasyon/erp-api/Repositories/Invoice/InvoiceRepository.cs(646,48): warning CS8601: Possible null reference assignment. [/Users/ali1/Projects/Erp-entegrasyon/erp-api/ErpMobile.Api.csproj]
/Users/ali1/Projects/Erp-entegrasyon/erp-api/Repositories/Invoice/InvoiceRepository.cs(647,50): warning CS8601: Possible null reference assignment. [/Users/ali1/Projects/Erp-entegrasyon/erp-api/ErpMobile.Api.csproj]
/Users/ali1/Projects/Erp-entegrasyon/erp-api/Repositories/Invoice/InvoiceRepository.cs(648,47): warning CS8601: Possible null reference assignment. [/Users/ali1/Projects/Erp-entegrasyon/erp-api/ErpMobile.Api.csproj]
/Users/ali1/Projects/Erp-entegrasyon/erp-api/Repositories/Invoice/InvoiceRepository.cs(649,46): warning CS8601: Possible null reference assignment. [/Users/ali1/Projects/Erp-entegrasyon/erp-api/ErpMobile.Api.csproj]
/Users/ali1/Projects/Erp-entegrasyon/erp-api/Repositories/Invoice/InvoiceRepository.cs(650,45): warning CS8601: Possible null reference assignment. [/Users/ali1/Projects/Erp-entegrasyon/erp-api/ErpMobile.Api.csproj]
/Users/ali1/Projects/Erp-entegrasyon/erp-api/Repositories/Invoice/InvoiceRepository.cs(651,49): warning CS8601: Possible null reference assignment. [/Users/ali1/Projects/Erp-entegrasyon/erp-api/ErpMobile.Api.csproj]
/Users/ali1/Projects/Erp-entegrasyon/erp-api/Repositories/Invoice/InvoiceRepository.cs(652,52): warning CS8601: Possible null reference assignment. [/Users/ali1/Projects/Erp-entegrasyon/erp-api/ErpMobile.Api.csproj]
/Users/ali1/Projects/Erp-entegrasyon/erp-api/Repositories/Invoice/InvoiceRepository.cs(653,52): warning CS8601: Possible null reference assignment. [/Users/ali1/Projects/Erp-entegrasyon/erp-api/ErpMobile.Api.csproj]
/Users/ali1/Projects/Erp-entegrasyon/erp-api/Repositories/Invoice/InvoiceRepository.cs(654,50): warning CS8601: Possible null reference assignment. [/Users/ali1/Projects/Erp-entegrasyon/erp-api/ErpMobile.Api.csproj]
/Users/ali1/Projects/Erp-entegrasyon/erp-api/Repositories/Invoice/InvoiceRepository.cs(655,49): warning CS8601: Possible null reference assignment. [/Users/ali1/Projects/Erp-entegrasyon/erp-api/ErpMobile.Api.csproj]
/Users/ali1/Projects/Erp-entegrasyon/erp-api/Repositories/Invoice/InvoiceRepository.cs(656,47): warning CS8601: Possible null reference assignment. [/Users/ali1/Projects/Erp-entegrasyon/erp-api/ErpMobile.Api.csproj]
/Users/ali1/Projects/Erp-entegrasyon/erp-api/Repositories/Invoice/InvoiceRepository.cs(663,49): warning CS8601: Possible null reference assignment. [/Users/ali1/Projects/Erp-entegrasyon/erp-api/ErpMobile.Api.csproj]
/Users/ali1/Projects/Erp-entegrasyon/erp-api/Repositories/Invoice/InvoiceRepository.cs(665,51): warning CS8601: Possible null reference assignment. [/Users/ali1/Projects/Erp-entegrasyon/erp-api/ErpMobile.Api.csproj]
/Users/ali1/Projects/Erp-entegrasyon/erp-api/Repositories/Invoice/InvoiceRepository.cs(666,58): warning CS8601: Possible null reference assignment. [/Users/ali1/Projects/Erp-entegrasyon/erp-api/ErpMobile.Api.csproj]
/Users/ali1/Projects/Erp-entegrasyon/erp-api/Repositories/Invoice/InvoiceRepository.cs(667,49): warning CS8601: Possible null reference assignment. [/Users/ali1/Projects/Erp-entegrasyon/erp-api/ErpMobile.Api.csproj]
/Users/ali1/Projects/Erp-entegrasyon/erp-api/Repositories/Invoice/InvoiceRepository.cs(668,51): warning CS8601: Possible null reference assignment. [/Users/ali1/Projects/Erp-entegrasyon/erp-api/ErpMobile.Api.csproj]
/Users/ali1/Projects/Erp-entegrasyon/erp-api/Repositories/Invoice/InvoiceRepository.cs(677,24): warning CS8603: Possible null reference return. [/Users/ali1/Projects/Erp-entegrasyon/erp-api/ErpMobile.Api.csproj]
/Users/ali1/Projects/Erp-entegrasyon/erp-api/Models/Requests/CustomerContactUpdateRequestNew.cs(16,23): warning CS8618: Non-nullable property 'CustomerCode' must contain a non-null value when exiting constructor. Consider adding the 'required' modifier or declaring the property as nullable. [/Users/ali1/Projects/Erp-entegrasyon/erp-api/ErpMobile.Api.csproj]
/Users/ali1/Projects/Erp-entegrasyon/erp-api/Models/Requests/CustomerContactUpdateRequestNew.cs(28,23): warning CS8618: Non-nullable property 'ContactTypeCode' must contain a non-null value when exiting constructor. Consider adding the 'required' modifier or declaring the property as nullable. [/Users/ali1/Projects/Erp-entegrasyon/erp-api/ErpMobile.Api.csproj]
/Users/ali1/Projects/Erp-entegrasyon/erp-api/Models/Requests/CustomerContactUpdateRequestNew.cs(35,23): warning CS8618: Non-nullable property 'FirstName' must contain a non-null value when exiting constructor. Consider adding the 'required' modifier or declaring the property as nullable. [/Users/ali1/Projects/Erp-entegrasyon/erp-api/ErpMobile.Api.csproj]
/Users/ali1/Projects/Erp-entegrasyon/erp-api/Models/Requests/CustomerContactUpdateRequestNew.cs(42,23): warning CS8618: Non-nullable property 'LastName' must contain a non-null value when exiting constructor. Consider adding the 'required' modifier or declaring the property as nullable. [/Users/ali1/Projects/Erp-entegrasyon/erp-api/ErpMobile.Api.csproj]
/Users/ali1/Projects/Erp-entegrasyon/erp-api/Models/Requests/CustomerContactUpdateRequestNew.cs(48,23): warning CS8618: Non-nullable property 'TitleCode' must contain a non-null value when exiting constructor. Consider adding the 'required' modifier or declaring the property as nullable. [/Users/ali1/Projects/Erp-entegrasyon/erp-api/ErpMobile.Api.csproj]
/Users/ali1/Projects/Erp-entegrasyon/erp-api/Models/Requests/CustomerContactUpdateRequestNew.cs(54,23): warning CS8618: Non-nullable property 'JobTitleCode' must contain a non-null value when exiting constructor. Consider adding the 'required' modifier or declaring the property as nullable. [/Users/ali1/Projects/Erp-entegrasyon/erp-api/ErpMobile.Api.csproj]
/Users/ali1/Projects/Erp-entegrasyon/erp-api/Models/Requests/CustomerContactUpdateRequestNew.cs(65,23): warning CS8618: Non-nullable property 'IdentityNum' must contain a non-null value when exiting constructor. Consider adding the 'required' modifier or declaring the property as nullable. [/Users/ali1/Projects/Erp-entegrasyon/erp-api/ErpMobile.Api.csproj]
/Users/ali1/Projects/Erp-entegrasyon/erp-api/Models/Requests/CustomerContactCreateRequestNew.cs(14,23): warning CS8618: Non-nullable property 'CustomerCode' must contain a non-null value when exiting constructor. Consider adding the 'required' modifier or declaring the property as nullable. [/Users/ali1/Projects/Erp-entegrasyon/erp-api/ErpMobile.Api.csproj]
/Users/ali1/Projects/Erp-entegrasyon/erp-api/Models/Requests/CustomerContactCreateRequestNew.cs(25,23): warning CS8618: Non-nullable property 'ContactTypeCode' must contain a non-null value when exiting constructor. Consider adding the 'required' modifier or declaring the property as nullable. [/Users/ali1/Projects/Erp-entegrasyon/erp-api/ErpMobile.Api.csproj]
/Users/ali1/Projects/Erp-entegrasyon/erp-api/Models/Requests/CustomerContactCreateRequestNew.cs(31,23): warning CS8618: Non-nullable property 'FirstName' must contain a non-null value when exiting constructor. Consider adding the 'required' modifier or declaring the property as nullable. [/Users/ali1/Projects/Erp-entegrasyon/erp-api/ErpMobile.Api.csproj]
/Users/ali1/Projects/Erp-entegrasyon/erp-api/Models/Requests/CustomerContactCreateRequestNew.cs(37,23): warning CS8618: Non-nullable property 'LastName' must contain a non-null value when exiting constructor. Consider adding the 'required' modifier or declaring the property as nullable. [/Users/ali1/Projects/Erp-entegrasyon/erp-api/ErpMobile.Api.csproj]
/Users/ali1/Projects/Erp-entegrasyon/erp-api/Models/Requests/CustomerContactCreateRequestNew.cs(48,23): warning CS8618: Non-nullable property 'CreatedUserName' must contain a non-null value when exiting constructor. Consider adding the 'required' modifier or declaring the property as nullable. [/Users/ali1/Projects/Erp-entegrasyon/erp-api/ErpMobile.Api.csproj]
/Users/ali1/Projects/Erp-entegrasyon/erp-api/Models/Requests/CustomerContactCreateRequestNew.cs(53,23): warning CS8618: Non-nullable property 'LastUpdatedUserName' must contain a non-null value when exiting constructor. Consider adding the 'required' modifier or declaring the property as nullable. [/Users/ali1/Projects/Erp-entegrasyon/erp-api/ErpMobile.Api.csproj]
/Users/ali1/Projects/Erp-entegrasyon/erp-api/Models/Requests/CustomerContactCreateRequestNew.cs(59,23): warning CS8618: Non-nullable property 'IdentityNum' must contain a non-null value when exiting constructor. Consider adding the 'required' modifier or declaring the property as nullable. [/Users/ali1/Projects/Erp-entegrasyon/erp-api/ErpMobile.Api.csproj]
/Users/ali1/Projects/Erp-entegrasyon/erp-api/Controllers/ItemController.cs(700,32): warning CS8625: Cannot convert null literal to non-nullable reference type. [/Users/ali1/Projects/Erp-entegrasyon/erp-api/ErpMobile.Api.csproj]
/Users/ali1/Projects/Erp-entegrasyon/erp-api/Controllers/ItemController.cs(774,28): warning CS8625: Cannot convert null literal to non-nullable reference type. [/Users/ali1/Projects/Erp-entegrasyon/erp-api/ErpMobile.Api.csproj]
/Users/ali1/Projects/Erp-entegrasyon/erp-api/Controllers/RoleController.cs(79,27): warning CS8601: Possible null reference assignment. [/Users/ali1/Projects/Erp-entegrasyon/erp-api/ErpMobile.Api.csproj]
/Users/ali1/Projects/Erp-entegrasyon/erp-api/Models/Requests/CustomerCommunicationUpdateRequestNew.cs(16,23): warning CS8618: Non-nullable property 'CustomerCode' must contain a non-null value when exiting constructor. Consider adding the 'required' modifier or declaring the property as nullable. [/Users/ali1/Projects/Erp-entegrasyon/erp-api/ErpMobile.Api.csproj]
/Users/ali1/Projects/Erp-entegrasyon/erp-api/Models/Requests/CustomerCommunicationUpdateRequestNew.cs(28,23): warning CS8618: Non-nullable property 'CommunicationTypeCode' must contain a non-null value when exiting constructor. Consider adding the 'required' modifier or declaring the property as nullable. [/Users/ali1/Projects/Erp-entegrasyon/erp-api/ErpMobile.Api.csproj]
/Users/ali1/Projects/Erp-entegrasyon/erp-api/Models/Requests/CustomerCommunicationUpdateRequestNew.cs(35,23): warning CS8618: Non-nullable property 'CommAddress' must contain a non-null value when exiting constructor. Consider adding the 'required' modifier or declaring the property as nullable. [/Users/ali1/Projects/Erp-entegrasyon/erp-api/ErpMobile.Api.csproj]
/Users/ali1/Projects/Erp-entegrasyon/erp-api/Repositories/Invoice/InvoiceRepository.cs(737,47): warning CS8601: Possible null reference assignment. [/Users/ali1/Projects/Erp-entegrasyon/erp-api/ErpMobile.Api.csproj]
/Users/ali1/Projects/Erp-entegrasyon/erp-api/Repositories/Invoice/InvoiceRepository.cs(738,48): warning CS8601: Possible null reference assignment. [/Users/ali1/Projects/Erp-entegrasyon/erp-api/ErpMobile.Api.csproj]
/Users/ali1/Projects/Erp-entegrasyon/erp-api/Repositories/Invoice/InvoiceRepository.cs(740,56): warning CS8601: Possible null reference assignment. [/Users/ali1/Projects/Erp-entegrasyon/erp-api/ErpMobile.Api.csproj]
/Users/ali1/Projects/Erp-entegrasyon/erp-api/Controllers/ProductController.cs(57,82): warning CS8625: Cannot convert null literal to non-nullable reference type. [/Users/ali1/Projects/Erp-entegrasyon/erp-api/ErpMobile.Api.csproj]
/Users/ali1/Projects/Erp-entegrasyon/erp-api/Controllers/ProductController.cs(62,82): warning CS8625: Cannot convert null literal to non-nullable reference type. [/Users/ali1/Projects/Erp-entegrasyon/erp-api/ErpMobile.Api.csproj]
/Users/ali1/Projects/Erp-entegrasyon/erp-api/Controllers/ProductController.cs(130,80): warning CS8625: Cannot convert null literal to non-nullable reference type. [/Users/ali1/Projects/Erp-entegrasyon/erp-api/ErpMobile.Api.csproj]
/Users/ali1/Projects/Erp-entegrasyon/erp-api/Controllers/ProductController.cs(146,83): warning CS8625: Cannot convert null literal to non-nullable reference type. [/Users/ali1/Projects/Erp-entegrasyon/erp-api/ErpMobile.Api.csproj]
/Users/ali1/Projects/Erp-entegrasyon/erp-api/Models/Requests/CustomerCommunicationCreateRequestNew.cs(16,23): warning CS8618: Non-nullable property 'CustomerCode' must contain a non-null value when exiting constructor. Consider adding the 'required' modifier or declaring the property as nullable. [/Users/ali1/Projects/Erp-entegrasyon/erp-api/ErpMobile.Api.csproj]
/Users/ali1/Projects/Erp-entegrasyon/erp-api/Models/Requests/CustomerCommunicationCreateRequestNew.cs(28,23): warning CS8618: Non-nullable property 'CommunicationTypeCode' must contain a non-null value when exiting constructor. Consider adding the 'required' modifier or declaring the property as nullable. [/Users/ali1/Projects/Erp-entegrasyon/erp-api/ErpMobile.Api.csproj]
/Users/ali1/Projects/Erp-entegrasyon/erp-api/Models/Requests/CustomerCommunicationCreateRequestNew.cs(35,23): warning CS8618: Non-nullable property 'CommAddress' must contain a non-null value when exiting constructor. Consider adding the 'required' modifier or declaring the property as nullable. [/Users/ali1/Projects/Erp-entegrasyon/erp-api/ErpMobile.Api.csproj]
/Users/ali1/Projects/Erp-entegrasyon/erp-api/Models/Requests/CustomerCommunicationCreateRequestNew.cs(60,23): warning CS8618: Non-nullable property 'CreatedUserName' must contain a non-null value when exiting constructor. Consider adding the 'required' modifier or declaring the property as nullable. [/Users/ali1/Projects/Erp-entegrasyon/erp-api/ErpMobile.Api.csproj]
/Users/ali1/Projects/Erp-entegrasyon/erp-api/Models/Requests/CustomerCommunicationCreateRequestNew.cs(65,23): warning CS8618: Non-nullable property 'LastUpdatedUserName' must contain a non-null value when exiting constructor. Consider adding the 'required' modifier or declaring the property as nullable. [/Users/ali1/Projects/Erp-entegrasyon/erp-api/ErpMobile.Api.csproj]
/Users/ali1/Projects/Erp-entegrasyon/erp-api/Controllers/ProductController.cs(162,82): warning CS8625: Cannot convert null literal to non-nullable reference type. [/Users/ali1/Projects/Erp-entegrasyon/erp-api/ErpMobile.Api.csproj]
/Users/ali1/Projects/Erp-entegrasyon/erp-api/Controllers/ProductController.cs(172,80): warning CS8625: Cannot convert null literal to non-nullable reference type. [/Users/ali1/Projects/Erp-entegrasyon/erp-api/ErpMobile.Api.csproj]
/Users/ali1/Projects/Erp-entegrasyon/erp-api/Controllers/ProductController.cs(180,83): warning CS8625: Cannot convert null literal to non-nullable reference type. [/Users/ali1/Projects/Erp-entegrasyon/erp-api/ErpMobile.Api.csproj]
/Users/ali1/Projects/Erp-entegrasyon/erp-api/Models/Requests/CustomerCommunicationCreateRequest.cs(15,23): warning CS8618: Non-nullable property 'CustomerCode' must contain a non-null value when exiting constructor. Consider adding the 'required' modifier or declaring the property as nullable. [/Users/ali1/Projects/Erp-entegrasyon/erp-api/ErpMobile.Api.csproj]
/Users/ali1/Projects/Erp-entegrasyon/erp-api/Models/Requests/CustomerCommunicationCreateRequest.cs(22,23): warning CS8618: Non-nullable property 'CommunicationTypeCode' must contain a non-null value when exiting constructor. Consider adding the 'required' modifier or declaring the property as nullable. [/Users/ali1/Projects/Erp-entegrasyon/erp-api/ErpMobile.Api.csproj]
/Users/ali1/Projects/Erp-entegrasyon/erp-api/Models/Requests/CustomerCommunicationCreateRequest.cs(29,23): warning CS8618: Non-nullable property 'Communication' must contain a non-null value when exiting constructor. Consider adding the 'required' modifier or declaring the property as nullable. [/Users/ali1/Projects/Erp-entegrasyon/erp-api/ErpMobile.Api.csproj]
/Users/ali1/Projects/Erp-entegrasyon/erp-api/Controllers/ProductController.cs(200,64): warning CS8625: Cannot convert null literal to non-nullable reference type. [/Users/ali1/Projects/Erp-entegrasyon/erp-api/ErpMobile.Api.csproj]
/Users/ali1/Projects/Erp-entegrasyon/erp-api/Controllers/ItemController.cs(811,32): warning CS8625: Cannot convert null literal to non-nullable reference type. [/Users/ali1/Projects/Erp-entegrasyon/erp-api/ErpMobile.Api.csproj]
/Users/ali1/Projects/Erp-entegrasyon/erp-api/Controllers/ItemController.cs(901,28): warning CS8625: Cannot convert null literal to non-nullable reference type. [/Users/ali1/Projects/Erp-entegrasyon/erp-api/ErpMobile.Api.csproj]
/Users/ali1/Projects/Erp-entegrasyon/erp-api/Models/Requests/CustomerAddressUpdateRequestNew.cs(16,23): warning CS8618: Non-nullable property 'CustomerCode' must contain a non-null value when exiting constructor. Consider adding the 'required' modifier or declaring the property as nullable. [/Users/ali1/Projects/Erp-entegrasyon/erp-api/ErpMobile.Api.csproj]
/Users/ali1/Projects/Erp-entegrasyon/erp-api/Models/Requests/CustomerAddressUpdateRequestNew.cs(28,23): warning CS8618: Non-nullable property 'AddressTypeCode' must contain a non-null value when exiting constructor. Consider adding the 'required' modifier or declaring the property as nullable. [/Users/ali1/Projects/Erp-entegrasyon/erp-api/ErpMobile.Api.csproj]
/Users/ali1/Projects/Erp-entegrasyon/erp-api/Models/Requests/CustomerAddressUpdateRequestNew.cs(35,23): warning CS8618: Non-nullable property 'Address' must contain a non-null value when exiting constructor. Consider adding the 'required' modifier or declaring the property as nullable. [/Users/ali1/Projects/Erp-entegrasyon/erp-api/ErpMobile.Api.csproj]
/Users/ali1/Projects/Erp-entegrasyon/erp-api/Models/Requests/CustomerAddressUpdateRequestNew.cs(40,23): warning CS8618: Non-nullable property 'CountryCode' must contain a non-null value when exiting constructor. Consider adding the 'required' modifier or declaring the property as nullable. [/Users/ali1/Projects/Erp-entegrasyon/erp-api/ErpMobile.Api.csproj]
/Users/ali1/Projects/Erp-entegrasyon/erp-api/Models/Requests/CustomerAddressUpdateRequestNew.cs(46,23): warning CS8618: Non-nullable property 'StateCode' must contain a non-null value when exiting constructor. Consider adding the 'required' modifier or declaring the property as nullable. [/Users/ali1/Projects/Erp-entegrasyon/erp-api/ErpMobile.Api.csproj]
/Users/ali1/Projects/Erp-entegrasyon/erp-api/Models/Requests/CustomerAddressUpdateRequestNew.cs(52,23): warning CS8618: Non-nullable property 'CityCode' must contain a non-null value when exiting constructor. Consider adding the 'required' modifier or declaring the property as nullable. [/Users/ali1/Projects/Erp-entegrasyon/erp-api/ErpMobile.Api.csproj]
/Users/ali1/Projects/Erp-entegrasyon/erp-api/Models/Requests/CustomerAddressUpdateRequestNew.cs(58,23): warning CS8618: Non-nullable property 'DistrictCode' must contain a non-null value when exiting constructor. Consider adding the 'required' modifier or declaring the property as nullable. [/Users/ali1/Projects/Erp-entegrasyon/erp-api/ErpMobile.Api.csproj]
/Users/ali1/Projects/Erp-entegrasyon/erp-api/Models/Requests/CustomerAddressUpdateRequestNew.cs(64,23): warning CS8618: Non-nullable property 'TaxOfficeCode' must contain a non-null value when exiting constructor. Consider adding the 'required' modifier or declaring the property as nullable. [/Users/ali1/Projects/Erp-entegrasyon/erp-api/ErpMobile.Api.csproj]
/Users/ali1/Projects/Erp-entegrasyon/erp-api/Models/Requests/CustomerAddressUpdateRequestNew.cs(70,23): warning CS8618: Non-nullable property 'TaxNumber' must contain a non-null value when exiting constructor. Consider adding the 'required' modifier or declaring the property as nullable. [/Users/ali1/Projects/Erp-entegrasyon/erp-api/ErpMobile.Api.csproj]
/Users/ali1/Projects/Erp-entegrasyon/erp-api/Models/Requests/CustomerAddressUpdateRequestNew.cs(85,23): warning CS8618: Non-nullable property 'AddressID' must contain a non-null value when exiting constructor. Consider adding the 'required' modifier or declaring the property as nullable. [/Users/ali1/Projects/Erp-entegrasyon/erp-api/ErpMobile.Api.csproj]
/Users/ali1/Projects/Erp-entegrasyon/erp-api/Controllers/ProductController.cs(257,77): warning CS8625: Cannot convert null literal to non-nullable reference type. [/Users/ali1/Projects/Erp-entegrasyon/erp-api/ErpMobile.Api.csproj]
/Users/ali1/Projects/Erp-entegrasyon/erp-api/Controllers/ProductController.cs(265,80): warning CS8625: Cannot convert null literal to non-nullable reference type. [/Users/ali1/Projects/Erp-entegrasyon/erp-api/ErpMobile.Api.csproj]
/Users/ali1/Projects/Erp-entegrasyon/erp-api/Controllers/ItemController.cs(933,32): warning CS8625: Cannot convert null literal to non-nullable reference type. [/Users/ali1/Projects/Erp-entegrasyon/erp-api/ErpMobile.Api.csproj]
/Users/ali1/Projects/Erp-entegrasyon/erp-api/Controllers/ItemController.cs(961,28): warning CS8625: Cannot convert null literal to non-nullable reference type. [/Users/ali1/Projects/Erp-entegrasyon/erp-api/ErpMobile.Api.csproj]
/Users/ali1/Projects/Erp-entegrasyon/erp-api/Controllers/ItemController.cs(971,28): warning CS8625: Cannot convert null literal to non-nullable reference type. [/Users/ali1/Projects/Erp-entegrasyon/erp-api/ErpMobile.Api.csproj]
/Users/ali1/Projects/Erp-entegrasyon/erp-api/Controllers/ProductController.cs(283,79): warning CS8625: Cannot convert null literal to non-nullable reference type. [/Users/ali1/Projects/Erp-entegrasyon/erp-api/ErpMobile.Api.csproj]
/Users/ali1/Projects/Erp-entegrasyon/erp-api/Controllers/ProductController.cs(291,82): warning CS8625: Cannot convert null literal to non-nullable reference type. [/Users/ali1/Projects/Erp-entegrasyon/erp-api/ErpMobile.Api.csproj]
/Users/ali1/Projects/Erp-entegrasyon/erp-api/Models/Requests/CustomerAddressCreateRequestNew.cs(18,23): warning CS8618: Non-nullable property 'CustomerCode' must contain a non-null value when exiting constructor. Consider adding the 'required' modifier or declaring the property as nullable. [/Users/ali1/Projects/Erp-entegrasyon/erp-api/ErpMobile.Api.csproj]
/Users/ali1/Projects/Erp-entegrasyon/erp-api/Models/Requests/CustomerAddressCreateRequestNew.cs(25,23): warning CS8618: Non-nullable property 'AddressID' must contain a non-null value when exiting constructor. Consider adding the 'required' modifier or declaring the property as nullable. [/Users/ali1/Projects/Erp-entegrasyon/erp-api/ErpMobile.Api.csproj]
/Users/ali1/Projects/Erp-entegrasyon/erp-api/Models/Requests/CustomerAddressCreateRequestNew.cs(41,23): warning CS8618: Non-nullable property 'AddressTypeCode' must contain a non-null value when exiting constructor. Consider adding the 'required' modifier or declaring the property as nullable. [/Users/ali1/Projects/Erp-entegrasyon/erp-api/ErpMobile.Api.csproj]
/Users/ali1/Projects/Erp-entegrasyon/erp-api/Models/Requests/CustomerAddressCreateRequestNew.cs(49,23): warning CS8618: Non-nullable property 'Address' must contain a non-null value when exiting constructor. Consider adding the 'required' modifier or declaring the property as nullable. [/Users/ali1/Projects/Erp-entegrasyon/erp-api/ErpMobile.Api.csproj]
/Users/ali1/Projects/Erp-entegrasyon/erp-api/Models/Requests/CustomerAddressCreateRequestNew.cs(58,23): warning CS8618: Non-nullable property 'CountryCode' must contain a non-null value when exiting constructor. Consider adding the 'required' modifier or declaring the property as nullable. [/Users/ali1/Projects/Erp-entegrasyon/erp-api/ErpMobile.Api.csproj]
/Users/ali1/Projects/Erp-entegrasyon/erp-api/Models/Requests/CustomerAddressCreateRequestNew.cs(67,23): warning CS8618: Non-nullable property 'StateCode' must contain a non-null value when exiting constructor. Consider adding the 'required' modifier or declaring the property as nullable. [/Users/ali1/Projects/Erp-entegrasyon/erp-api/ErpMobile.Api.csproj]
/Users/ali1/Projects/Erp-entegrasyon/erp-api/Models/Requests/CustomerAddressCreateRequestNew.cs(76,23): warning CS8618: Non-nullable property 'CityCode' must contain a non-null value when exiting constructor. Consider adding the 'required' modifier or declaring the property as nullable. [/Users/ali1/Projects/Erp-entegrasyon/erp-api/ErpMobile.Api.csproj]
/Users/ali1/Projects/Erp-entegrasyon/erp-api/Models/Requests/CustomerAddressCreateRequestNew.cs(85,23): warning CS8618: Non-nullable property 'DistrictCode' must contain a non-null value when exiting constructor. Consider adding the 'required' modifier or declaring the property as nullable. [/Users/ali1/Projects/Erp-entegrasyon/erp-api/ErpMobile.Api.csproj]
/Users/ali1/Projects/Erp-entegrasyon/erp-api/Models/Requests/CustomerAddressCreateRequestNew.cs(92,23): warning CS8618: Non-nullable property 'TaxOffice' must contain a non-null value when exiting constructor. Consider adding the 'required' modifier or declaring the property as nullable. [/Users/ali1/Projects/Erp-entegrasyon/erp-api/ErpMobile.Api.csproj]
/Users/ali1/Projects/Erp-entegrasyon/erp-api/Models/Requests/CustomerAddressCreateRequestNew.cs(100,23): warning CS8618: Non-nullable property 'TaxNumber' must contain a non-null value when exiting constructor. Consider adding the 'required' modifier or declaring the property as nullable. [/Users/ali1/Projects/Erp-entegrasyon/erp-api/ErpMobile.Api.csproj]
/Users/ali1/Projects/Erp-entegrasyon/erp-api/Models/Requests/CustomerAddressCreateRequestNew.cs(109,23): warning CS8618: Non-nullable property 'TaxOfficeCode' must contain a non-null value when exiting constructor. Consider adding the 'required' modifier or declaring the property as nullable. [/Users/ali1/Projects/Erp-entegrasyon/erp-api/ErpMobile.Api.csproj]
/Users/ali1/Projects/Erp-entegrasyon/erp-api/Models/Requests/CustomerAddressCreateRequestNew.cs(138,23): warning CS8618: Non-nullable property 'CreatedUserName' must contain a non-null value when exiting constructor. Consider adding the 'required' modifier or declaring the property as nullable. [/Users/ali1/Projects/Erp-entegrasyon/erp-api/ErpMobile.Api.csproj]
/Users/ali1/Projects/Erp-entegrasyon/erp-api/Models/Requests/CustomerAddressCreateRequestNew.cs(146,23): warning CS8618: Non-nullable property 'LastUpdatedUserName' must contain a non-null value when exiting constructor. Consider adding the 'required' modifier or declaring the property as nullable. [/Users/ali1/Projects/Erp-entegrasyon/erp-api/ErpMobile.Api.csproj]
/Users/ali1/Projects/Erp-entegrasyon/erp-api/Repositories/Invoice/InvoiceRepository.cs(776,36): warning CS8600: Converting null literal or possible null value to non-nullable type. [/Users/ali1/Projects/Erp-entegrasyon/erp-api/ErpMobile.Api.csproj]
/Users/ali1/Projects/Erp-entegrasyon/erp-api/Repositories/Invoice/InvoiceRepository.cs(777,43): warning CS8600: Converting null literal or possible null value to non-nullable type. [/Users/ali1/Projects/Erp-entegrasyon/erp-api/ErpMobile.Api.csproj]
/Users/ali1/Projects/Erp-entegrasyon/erp-api/Repositories/Invoice/InvoiceRepository.cs(778,34): warning CS8600: Converting null literal or possible null value to non-nullable type. [/Users/ali1/Projects/Erp-entegrasyon/erp-api/ErpMobile.Api.csproj]
/Users/ali1/Projects/Erp-entegrasyon/erp-api/Repositories/Invoice/InvoiceRepository.cs(779,41): warning CS8600: Converting null literal or possible null value to non-nullable type. [/Users/ali1/Projects/Erp-entegrasyon/erp-api/ErpMobile.Api.csproj]
/Users/ali1/Projects/Erp-entegrasyon/erp-api/Repositories/Invoice/InvoiceRepository.cs(786,40): warning CS8600: Converting null literal or possible null value to non-nullable type. [/Users/ali1/Projects/Erp-entegrasyon/erp-api/ErpMobile.Api.csproj]
/Users/ali1/Projects/Erp-entegrasyon/erp-api/Repositories/Invoice/InvoiceRepository.cs(787,47): warning CS8600: Converting null literal or possible null value to non-nullable type. [/Users/ali1/Projects/Erp-entegrasyon/erp-api/ErpMobile.Api.csproj]
/Users/ali1/Projects/Erp-entegrasyon/erp-api/Repositories/Invoice/InvoiceRepository.cs(791,38): warning CS8600: Converting null literal or possible null value to non-nullable type. [/Users/ali1/Projects/Erp-entegrasyon/erp-api/ErpMobile.Api.csproj]
/Users/ali1/Projects/Erp-entegrasyon/erp-api/Repositories/Invoice/InvoiceRepository.cs(792,45): warning CS8600: Converting null literal or possible null value to non-nullable type. [/Users/ali1/Projects/Erp-entegrasyon/erp-api/ErpMobile.Api.csproj]
/Users/ali1/Projects/Erp-entegrasyon/erp-api/Repositories/Invoice/InvoiceRepository.cs(798,39): warning CS8601: Possible null reference assignment. [/Users/ali1/Projects/Erp-entegrasyon/erp-api/ErpMobile.Api.csproj]
/Users/ali1/Projects/Erp-entegrasyon/erp-api/Repositories/Invoice/InvoiceRepository.cs(799,37): warning CS8601: Possible null reference assignment. [/Users/ali1/Projects/Erp-entegrasyon/erp-api/ErpMobile.Api.csproj]
/Users/ali1/Projects/Erp-entegrasyon/erp-api/Repositories/Invoice/InvoiceRepository.cs(801,35): warning CS8601: Possible null reference assignment. [/Users/ali1/Projects/Erp-entegrasyon/erp-api/ErpMobile.Api.csproj]
/Users/ali1/Projects/Erp-entegrasyon/erp-api/Repositories/Invoice/InvoiceRepository.cs(805,36): warning CS8601: Possible null reference assignment. [/Users/ali1/Projects/Erp-entegrasyon/erp-api/ErpMobile.Api.csproj]
/Users/ali1/Projects/Erp-entegrasyon/erp-api/Repositories/Invoice/InvoiceRepository.cs(806,43): warning CS8601: Possible null reference assignment. [/Users/ali1/Projects/Erp-entegrasyon/erp-api/ErpMobile.Api.csproj]
/Users/ali1/Projects/Erp-entegrasyon/erp-api/Repositories/Invoice/InvoiceRepository.cs(807,34): warning CS8601: Possible null reference assignment. [/Users/ali1/Projects/Erp-entegrasyon/erp-api/ErpMobile.Api.csproj]
/Users/ali1/Projects/Erp-entegrasyon/erp-api/Repositories/Invoice/InvoiceRepository.cs(808,41): warning CS8601: Possible null reference assignment. [/Users/ali1/Projects/Erp-entegrasyon/erp-api/ErpMobile.Api.csproj]
/Users/ali1/Projects/Erp-entegrasyon/erp-api/Repositories/Invoice/InvoiceRepository.cs(809,39): warning CS8601: Possible null reference assignment. [/Users/ali1/Projects/Erp-entegrasyon/erp-api/ErpMobile.Api.csproj]
/Users/ali1/Projects/Erp-entegrasyon/erp-api/Repositories/Invoice/InvoiceRepository.cs(810,35): warning CS8601: Possible null reference assignment. [/Users/ali1/Projects/Erp-entegrasyon/erp-api/ErpMobile.Api.csproj]
/Users/ali1/Projects/Erp-entegrasyon/erp-api/Repositories/Invoice/InvoiceRepository.cs(811,34): warning CS8601: Possible null reference assignment. [/Users/ali1/Projects/Erp-entegrasyon/erp-api/ErpMobile.Api.csproj]
/Users/ali1/Projects/Erp-entegrasyon/erp-api/Repositories/Invoice/InvoiceRepository.cs(812,33): warning CS8601: Possible null reference assignment. [/Users/ali1/Projects/Erp-entegrasyon/erp-api/ErpMobile.Api.csproj]
/Users/ali1/Projects/Erp-entegrasyon/erp-api/Repositories/Invoice/InvoiceRepository.cs(813,37): warning CS8601: Possible null reference assignment. [/Users/ali1/Projects/Erp-entegrasyon/erp-api/ErpMobile.Api.csproj]
/Users/ali1/Projects/Erp-entegrasyon/erp-api/Repositories/Invoice/InvoiceRepository.cs(814,35): warning CS8601: Possible null reference assignment. [/Users/ali1/Projects/Erp-entegrasyon/erp-api/ErpMobile.Api.csproj]
/Users/ali1/Projects/Erp-entegrasyon/erp-api/Repositories/Invoice/InvoiceRepository.cs(818,39): warning CS8601: Possible null reference assignment. [/Users/ali1/Projects/Erp-entegrasyon/erp-api/ErpMobile.Api.csproj]
/Users/ali1/Projects/Erp-entegrasyon/erp-api/Repositories/Invoice/InvoiceRepository.cs(819,46): warning CS8601: Possible null reference assignment. [/Users/ali1/Projects/Erp-entegrasyon/erp-api/ErpMobile.Api.csproj]
/Users/ali1/Projects/Erp-entegrasyon/erp-api/Repositories/Invoice/InvoiceRepository.cs(842,41): warning CS8601: Possible null reference assignment. [/Users/ali1/Projects/Erp-entegrasyon/erp-api/ErpMobile.Api.csproj]
/Users/ali1/Projects/Erp-entegrasyon/erp-api/Repositories/Invoice/InvoiceRepository.cs(843,47): warning CS8601: Possible null reference assignment. [/Users/ali1/Projects/Erp-entegrasyon/erp-api/ErpMobile.Api.csproj]
/Users/ali1/Projects/Erp-entegrasyon/erp-api/Repositories/Invoice/InvoiceRepository.cs(851,42): warning CS8601: Possible null reference assignment. [/Users/ali1/Projects/Erp-entegrasyon/erp-api/ErpMobile.Api.csproj]
/Users/ali1/Projects/Erp-entegrasyon/erp-api/Repositories/Invoice/InvoiceRepository.cs(852,51): warning CS8601: Possible null reference assignment. [/Users/ali1/Projects/Erp-entegrasyon/erp-api/ErpMobile.Api.csproj]
/Users/ali1/Projects/Erp-entegrasyon/erp-api/Controllers/ProductController.cs(306,82): warning CS8625: Cannot convert null literal to non-nullable reference type. [/Users/ali1/Projects/Erp-entegrasyon/erp-api/ErpMobile.Api.csproj]
/Users/ali1/Projects/Erp-entegrasyon/erp-api/Controllers/ProductController.cs(313,80): warning CS8625: Cannot convert null literal to non-nullable reference type. [/Users/ali1/Projects/Erp-entegrasyon/erp-api/ErpMobile.Api.csproj]
/Users/ali1/Projects/Erp-entegrasyon/erp-api/Controllers/ProductController.cs(321,83): warning CS8625: Cannot convert null literal to non-nullable reference type. [/Users/ali1/Projects/Erp-entegrasyon/erp-api/ErpMobile.Api.csproj]
/Users/ali1/Projects/Erp-entegrasyon/erp-api/Models/Requests/CustomerAddressCreateRequest.cs(18,23): warning CS8618: Non-nullable property 'CustomerCode' must contain a non-null value when exiting constructor. Consider adding the 'required' modifier or declaring the property as nullable. [/Users/ali1/Projects/Erp-entegrasyon/erp-api/ErpMobile.Api.csproj]
/Users/ali1/Projects/Erp-entegrasyon/erp-api/Models/Requests/CustomerAddressCreateRequest.cs(33,23): warning CS8618: Non-nullable property 'AddressTypeCode' must contain a non-null value when exiting constructor. Consider adding the 'required' modifier or declaring the property as nullable. [/Users/ali1/Projects/Erp-entegrasyon/erp-api/ErpMobile.Api.csproj]
/Users/ali1/Projects/Erp-entegrasyon/erp-api/Models/Requests/CustomerAddressCreateRequest.cs(41,23): warning CS8618: Non-nullable property 'Address' must contain a non-null value when exiting constructor. Consider adding the 'required' modifier or declaring the property as nullable. [/Users/ali1/Projects/Erp-entegrasyon/erp-api/ErpMobile.Api.csproj]
/Users/ali1/Projects/Erp-entegrasyon/erp-api/Models/Requests/CustomerAddressCreateRequest.cs(52,23): warning CS8618: Non-nullable property 'CountryCode' must contain a non-null value when exiting constructor. Consider adding the 'required' modifier or declaring the property as nullable. [/Users/ali1/Projects/Erp-entegrasyon/erp-api/ErpMobile.Api.csproj]
/Users/ali1/Projects/Erp-entegrasyon/erp-api/Models/Requests/CustomerAddressCreateRequest.cs(61,23): warning CS8618: Non-nullable property 'StateCode' must contain a non-null value when exiting constructor. Consider adding the 'required' modifier or declaring the property as nullable. [/Users/ali1/Projects/Erp-entegrasyon/erp-api/ErpMobile.Api.csproj]
/Users/ali1/Projects/Erp-entegrasyon/erp-api/Models/Requests/CustomerAddressCreateRequest.cs(70,23): warning CS8618: Non-nullable property 'CityCode' must contain a non-null value when exiting constructor. Consider adding the 'required' modifier or declaring the property as nullable. [/Users/ali1/Projects/Erp-entegrasyon/erp-api/ErpMobile.Api.csproj]
/Users/ali1/Projects/Erp-entegrasyon/erp-api/Models/Requests/CustomerAddressCreateRequest.cs(79,23): warning CS8618: Non-nullable property 'DistrictCode' must contain a non-null value when exiting constructor. Consider adding the 'required' modifier or declaring the property as nullable. [/Users/ali1/Projects/Erp-entegrasyon/erp-api/ErpMobile.Api.csproj]
/Users/ali1/Projects/Erp-entegrasyon/erp-api/Models/Requests/CustomerAddressCreateRequest.cs(89,23): warning CS8618: Non-nullable property 'TaxOfficeCode' must contain a non-null value when exiting constructor. Consider adding the 'required' modifier or declaring the property as nullable. [/Users/ali1/Projects/Erp-entegrasyon/erp-api/ErpMobile.Api.csproj]
/Users/ali1/Projects/Erp-entegrasyon/erp-api/Models/Requests/CustomerAddressCreateRequest.cs(97,23): warning CS8618: Non-nullable property 'TaxOffice' must contain a non-null value when exiting constructor. Consider adding the 'required' modifier or declaring the property as nullable. [/Users/ali1/Projects/Erp-entegrasyon/erp-api/ErpMobile.Api.csproj]
/Users/ali1/Projects/Erp-entegrasyon/erp-api/Models/Requests/CustomerAddressCreateRequest.cs(105,23): warning CS8618: Non-nullable property 'TaxNumber' must contain a non-null value when exiting constructor. Consider adding the 'required' modifier or declaring the property as nullable. [/Users/ali1/Projects/Erp-entegrasyon/erp-api/ErpMobile.Api.csproj]
/Users/ali1/Projects/Erp-entegrasyon/erp-api/Models/Requests/CustomerAddressCreateRequest.cs(120,23): warning CS8618: Non-nullable property 'CreatedUserName' must contain a non-null value when exiting constructor. Consider adding the 'required' modifier or declaring the property as nullable. [/Users/ali1/Projects/Erp-entegrasyon/erp-api/ErpMobile.Api.csproj]
/Users/ali1/Projects/Erp-entegrasyon/erp-api/Models/Requests/CustomerAddressCreateRequest.cs(128,23): warning CS8618: Non-nullable property 'LastUpdatedUserName' must contain a non-null value when exiting constructor. Consider adding the 'required' modifier or declaring the property as nullable. [/Users/ali1/Projects/Erp-entegrasyon/erp-api/ErpMobile.Api.csproj]
/Users/ali1/Projects/Erp-entegrasyon/erp-api/Controllers/ProductController.cs(337,82): warning CS8625: Cannot convert null literal to non-nullable reference type. [/Users/ali1/Projects/Erp-entegrasyon/erp-api/ErpMobile.Api.csproj]
/Users/ali1/Projects/Erp-entegrasyon/erp-api/Controllers/ProductController.cs(344,80): warning CS8625: Cannot convert null literal to non-nullable reference type. [/Users/ali1/Projects/Erp-entegrasyon/erp-api/ErpMobile.Api.csproj]
/Users/ali1/Projects/Erp-entegrasyon/erp-api/Controllers/ProductController.cs(352,83): warning CS8625: Cannot convert null literal to non-nullable reference type. [/Users/ali1/Projects/Erp-entegrasyon/erp-api/ErpMobile.Api.csproj]
/Users/ali1/Projects/Erp-entegrasyon/erp-api/Controllers/ItemController.cs(1030,45): warning CS8601: Possible null reference assignment. [/Users/ali1/Projects/Erp-entegrasyon/erp-api/ErpMobile.Api.csproj]
/Users/ali1/Projects/Erp-entegrasyon/erp-api/Controllers/ItemController.cs(1031,52): warning CS8601: Possible null reference assignment. [/Users/ali1/Projects/Erp-entegrasyon/erp-api/ErpMobile.Api.csproj]
/Users/ali1/Projects/Erp-entegrasyon/erp-api/Controllers/ItemController.cs(1032,50): warning CS8601: Possible null reference assignment. [/Users/ali1/Projects/Erp-entegrasyon/erp-api/ErpMobile.Api.csproj]
/Users/ali1/Projects/Erp-entegrasyon/erp-api/Controllers/ItemController.cs(1033,49): warning CS8601: Possible null reference assignment. [/Users/ali1/Projects/Erp-entegrasyon/erp-api/ErpMobile.Api.csproj]
/Users/ali1/Projects/Erp-entegrasyon/erp-api/Controllers/ItemController.cs(1034,53): warning CS8601: Possible null reference assignment. [/Users/ali1/Projects/Erp-entegrasyon/erp-api/ErpMobile.Api.csproj]
/Users/ali1/Projects/Erp-entegrasyon/erp-api/Controllers/ItemController.cs(1035,42): warning CS8601: Possible null reference assignment. [/Users/ali1/Projects/Erp-entegrasyon/erp-api/ErpMobile.Api.csproj]
/Users/ali1/Projects/Erp-entegrasyon/erp-api/Controllers/ItemController.cs(1037,43): warning CS8601: Possible null reference assignment. [/Users/ali1/Projects/Erp-entegrasyon/erp-api/ErpMobile.Api.csproj]
/Users/ali1/Projects/Erp-entegrasyon/erp-api/Controllers/ProductController.cs(368,84): warning CS8625: Cannot convert null literal to non-nullable reference type. [/Users/ali1/Projects/Erp-entegrasyon/erp-api/ErpMobile.Api.csproj]
/Users/ali1/Projects/Erp-entegrasyon/erp-api/Controllers/ProductController.cs(375,82): warning CS8625: Cannot convert null literal to non-nullable reference type. [/Users/ali1/Projects/Erp-entegrasyon/erp-api/ErpMobile.Api.csproj]
/Users/ali1/Projects/Erp-entegrasyon/erp-api/Controllers/ProductController.cs(383,85): warning CS8625: Cannot convert null literal to non-nullable reference type. [/Users/ali1/Projects/Erp-entegrasyon/erp-api/ErpMobile.Api.csproj]
/Users/ali1/Projects/Erp-entegrasyon/erp-api/Models/Requests/CommunicationUpdateRequest.cs(9,23): warning CS8618: Non-nullable property 'CommAddress' must contain a non-null value when exiting constructor. Consider adding the 'required' modifier or declaring the property as nullable. [/Users/ali1/Projects/Erp-entegrasyon/erp-api/ErpMobile.Api.csproj]
/Users/ali1/Projects/Erp-entegrasyon/erp-api/Models/Requests/CommunicationCreateRequest.cs(9,23): warning CS8618: Non-nullable property 'CommunicationTypeCode' must contain a non-null value when exiting constructor. Consider adding the 'required' modifier or declaring the property as nullable. [/Users/ali1/Projects/Erp-entegrasyon/erp-api/ErpMobile.Api.csproj]
/Users/ali1/Projects/Erp-entegrasyon/erp-api/Models/Requests/CommunicationCreateRequest.cs(12,23): warning CS8618: Non-nullable property 'CommAddress' must contain a non-null value when exiting constructor. Consider adding the 'required' modifier or declaring the property as nullable. [/Users/ali1/Projects/Erp-entegrasyon/erp-api/ErpMobile.Api.csproj]
/Users/ali1/Projects/Erp-entegrasyon/erp-api/Controllers/ProductController.cs(399,84): warning CS8625: Cannot convert null literal to non-nullable reference type. [/Users/ali1/Projects/Erp-entegrasyon/erp-api/ErpMobile.Api.csproj]
/Users/ali1/Projects/Erp-entegrasyon/erp-api/Controllers/ProductController.cs(406,82): warning CS8625: Cannot convert null literal to non-nullable reference type. [/Users/ali1/Projects/Erp-entegrasyon/erp-api/ErpMobile.Api.csproj]
/Users/ali1/Projects/Erp-entegrasyon/erp-api/Controllers/ProductController.cs(414,85): warning CS8625: Cannot convert null literal to non-nullable reference type. [/Users/ali1/Projects/Erp-entegrasyon/erp-api/ErpMobile.Api.csproj]
/Users/ali1/Projects/Erp-entegrasyon/erp-api/Models/Requests/AddressUpdateRequest.cs(6,23): warning CS8618: Non-nullable property 'CustomerCode' must contain a non-null value when exiting constructor. Consider adding the 'required' modifier or declaring the property as nullable. [/Users/ali1/Projects/Erp-entegrasyon/erp-api/ErpMobile.Api.csproj]
/Users/ali1/Projects/Erp-entegrasyon/erp-api/Models/Requests/AddressUpdateRequest.cs(7,23): warning CS8618: Non-nullable property 'AddressTypeCode' must contain a non-null value when exiting constructor. Consider adding the 'required' modifier or declaring the property as nullable. [/Users/ali1/Projects/Erp-entegrasyon/erp-api/ErpMobile.Api.csproj]
/Users/ali1/Projects/Erp-entegrasyon/erp-api/Models/Requests/AddressUpdateRequest.cs(8,23): warning CS8618: Non-nullable property 'Address' must contain a non-null value when exiting constructor. Consider adding the 'required' modifier or declaring the property as nullable. [/Users/ali1/Projects/Erp-entegrasyon/erp-api/ErpMobile.Api.csproj]
/Users/ali1/Projects/Erp-entegrasyon/erp-api/Models/Requests/AddressUpdateRequest.cs(9,23): warning CS8618: Non-nullable property 'City' must contain a non-null value when exiting constructor. Consider adding the 'required' modifier or declaring the property as nullable. [/Users/ali1/Projects/Erp-entegrasyon/erp-api/ErpMobile.Api.csproj]
/Users/ali1/Projects/Erp-entegrasyon/erp-api/Models/Requests/AddressUpdateRequest.cs(10,23): warning CS8618: Non-nullable property 'District' must contain a non-null value when exiting constructor. Consider adding the 'required' modifier or declaring the property as nullable. [/Users/ali1/Projects/Erp-entegrasyon/erp-api/ErpMobile.Api.csproj]
/Users/ali1/Projects/Erp-entegrasyon/erp-api/Models/Requests/AddressUpdateRequest.cs(11,23): warning CS8618: Non-nullable property 'Country' must contain a non-null value when exiting constructor. Consider adding the 'required' modifier or declaring the property as nullable. [/Users/ali1/Projects/Erp-entegrasyon/erp-api/ErpMobile.Api.csproj]
/Users/ali1/Projects/Erp-entegrasyon/erp-api/Models/Requests/AddressUpdateRequest.cs(12,23): warning CS8618: Non-nullable property 'PostalCode' must contain a non-null value when exiting constructor. Consider adding the 'required' modifier or declaring the property as nullable. [/Users/ali1/Projects/Erp-entegrasyon/erp-api/ErpMobile.Api.csproj]
/Users/ali1/Projects/Erp-entegrasyon/erp-api/Models/Requests/AddressUpdateRequest.cs(17,23): warning CS8618: Non-nullable property 'CountryCode' must contain a non-null value when exiting constructor. Consider adding the 'required' modifier or declaring the property as nullable. [/Users/ali1/Projects/Erp-entegrasyon/erp-api/ErpMobile.Api.csproj]
/Users/ali1/Projects/Erp-entegrasyon/erp-api/Models/Requests/AddressUpdateRequest.cs(18,23): warning CS8618: Non-nullable property 'StateCode' must contain a non-null value when exiting constructor. Consider adding the 'required' modifier or declaring the property as nullable. [/Users/ali1/Projects/Erp-entegrasyon/erp-api/ErpMobile.Api.csproj]
/Users/ali1/Projects/Erp-entegrasyon/erp-api/Models/Requests/AddressUpdateRequest.cs(19,23): warning CS8618: Non-nullable property 'CityCode' must contain a non-null value when exiting constructor. Consider adding the 'required' modifier or declaring the property as nullable. [/Users/ali1/Projects/Erp-entegrasyon/erp-api/ErpMobile.Api.csproj]
/Users/ali1/Projects/Erp-entegrasyon/erp-api/Models/Requests/AddressUpdateRequest.cs(20,23): warning CS8618: Non-nullable property 'DistrictCode' must contain a non-null value when exiting constructor. Consider adding the 'required' modifier or declaring the property as nullable. [/Users/ali1/Projects/Erp-entegrasyon/erp-api/ErpMobile.Api.csproj]
/Users/ali1/Projects/Erp-entegrasyon/erp-api/Models/Requests/AddressTypeUpdateRequest.cs(6,23): warning CS8618: Non-nullable property 'AddressTypeCode' must contain a non-null value when exiting constructor. Consider adding the 'required' modifier or declaring the property as nullable. [/Users/ali1/Projects/Erp-entegrasyon/erp-api/ErpMobile.Api.csproj]
/Users/ali1/Projects/Erp-entegrasyon/erp-api/Models/Requests/AddressTypeUpdateRequest.cs(7,23): warning CS8618: Non-nullable property 'AddressTypeName' must contain a non-null value when exiting constructor. Consider adding the 'required' modifier or declaring the property as nullable. [/Users/ali1/Projects/Erp-entegrasyon/erp-api/ErpMobile.Api.csproj]
/Users/ali1/Projects/Erp-entegrasyon/erp-api/Models/Requests/AddressTypeUpdateRequest.cs(8,23): warning CS8618: Non-nullable property 'Description' must contain a non-null value when exiting constructor. Consider adding the 'required' modifier or declaring the property as nullable. [/Users/ali1/Projects/Erp-entegrasyon/erp-api/ErpMobile.Api.csproj]
/Users/ali1/Projects/Erp-entegrasyon/erp-api/Models/Requests/AddressTypeUpdateRequest.cs(11,23): warning CS8618: Non-nullable property 'AddressTypeDescription' must contain a non-null value when exiting constructor. Consider adding the 'required' modifier or declaring the property as nullable. [/Users/ali1/Projects/Erp-entegrasyon/erp-api/ErpMobile.Api.csproj]
/Users/ali1/Projects/Erp-entegrasyon/erp-api/Models/Requests/AddressTypeRequest.cs(6,23): warning CS8618: Non-nullable property 'AddressTypeCode' must contain a non-null value when exiting constructor. Consider adding the 'required' modifier or declaring the property as nullable. [/Users/ali1/Projects/Erp-entegrasyon/erp-api/ErpMobile.Api.csproj]
/Users/ali1/Projects/Erp-entegrasyon/erp-api/Models/Requests/AddressTypeRequest.cs(7,23): warning CS8618: Non-nullable property 'AddressTypeName' must contain a non-null value when exiting constructor. Consider adding the 'required' modifier or declaring the property as nullable. [/Users/ali1/Projects/Erp-entegrasyon/erp-api/ErpMobile.Api.csproj]
/Users/ali1/Projects/Erp-entegrasyon/erp-api/Models/Requests/AddressTypeRequest.cs(8,23): warning CS8618: Non-nullable property 'Description' must contain a non-null value when exiting constructor. Consider adding the 'required' modifier or declaring the property as nullable. [/Users/ali1/Projects/Erp-entegrasyon/erp-api/ErpMobile.Api.csproj]
/Users/ali1/Projects/Erp-entegrasyon/erp-api/Models/Requests/AddressTypeListRequest.cs(5,23): warning CS8618: Non-nullable property 'SearchText' must contain a non-null value when exiting constructor. Consider adding the 'required' modifier or declaring the property as nullable. [/Users/ali1/Projects/Erp-entegrasyon/erp-api/ErpMobile.Api.csproj]
/Users/ali1/Projects/Erp-entegrasyon/erp-api/Models/Requests/AddressTypeDetailRequest.cs(6,23): warning CS8618: Non-nullable property 'AddressTypeCode' must contain a non-null value when exiting constructor. Consider adding the 'required' modifier or declaring the property as nullable. [/Users/ali1/Projects/Erp-entegrasyon/erp-api/ErpMobile.Api.csproj]
/Users/ali1/Projects/Erp-entegrasyon/erp-api/Models/Requests/AddressTypeDeleteRequest.cs(6,23): warning CS8618: Non-nullable property 'AddressTypeCode' must contain a non-null value when exiting constructor. Consider adding the 'required' modifier or declaring the property as nullable. [/Users/ali1/Projects/Erp-entegrasyon/erp-api/ErpMobile.Api.csproj]
/Users/ali1/Projects/Erp-entegrasyon/erp-api/Models/Requests/AddressDeleteRequest.cs(6,23): warning CS8618: Non-nullable property 'CustomerCode' must contain a non-null value when exiting constructor. Consider adding the 'required' modifier or declaring the property as nullable. [/Users/ali1/Projects/Erp-entegrasyon/erp-api/ErpMobile.Api.csproj]
/Users/ali1/Projects/Erp-entegrasyon/erp-api/Models/Product/UnitOfMeasureModel.cs(13,23): warning CS8618: Non-nullable property 'Code' must contain a non-null value when exiting constructor. Consider adding the 'required' modifier or declaring the property as nullable. [/Users/ali1/Projects/Erp-entegrasyon/erp-api/ErpMobile.Api.csproj]
/Users/ali1/Projects/Erp-entegrasyon/erp-api/Models/Product/UnitOfMeasureModel.cs(18,23): warning CS8618: Non-nullable property 'Description' must contain a non-null value when exiting constructor. Consider adding the 'required' modifier or declaring the property as nullable. [/Users/ali1/Projects/Erp-entegrasyon/erp-api/ErpMobile.Api.csproj]
/Users/ali1/Projects/Erp-entegrasyon/erp-api/Controllers/ProductController.cs(441,90): warning CS8625: Cannot convert null literal to non-nullable reference type. [/Users/ali1/Projects/Erp-entegrasyon/erp-api/ErpMobile.Api.csproj]
/Users/ali1/Projects/Erp-entegrasyon/erp-api/Controllers/ProductController.cs(446,90): warning CS8625: Cannot convert null literal to non-nullable reference type. [/Users/ali1/Projects/Erp-entegrasyon/erp-api/ErpMobile.Api.csproj]
/Users/ali1/Projects/Erp-entegrasyon/erp-api/Controllers/ProductController.cs(461,94): warning CS8625: Cannot convert null literal to non-nullable reference type. [/Users/ali1/Projects/Erp-entegrasyon/erp-api/ErpMobile.Api.csproj]
/Users/ali1/Projects/Erp-entegrasyon/erp-api/Controllers/ProductController.cs(473,94): warning CS8625: Cannot convert null literal to non-nullable reference type. [/Users/ali1/Projects/Erp-entegrasyon/erp-api/ErpMobile.Api.csproj]
/Users/ali1/Projects/Erp-entegrasyon/erp-api/Controllers/ProductController.cs(500,91): warning CS8625: Cannot convert null literal to non-nullable reference type. [/Users/ali1/Projects/Erp-entegrasyon/erp-api/ErpMobile.Api.csproj]
/Users/ali1/Projects/Erp-entegrasyon/erp-api/Models/Product/ProductVariantModel.cs(8,23): warning CS8618: Non-nullable property 'ProductCode' must contain a non-null value when exiting constructor. Consider adding the 'required' modifier or declaring the property as nullable. [/Users/ali1/Projects/Erp-entegrasyon/erp-api/ErpMobile.Api.csproj]
/Users/ali1/Projects/Erp-entegrasyon/erp-api/Models/Product/ProductVariantModel.cs(9,23): warning CS8618: Non-nullable property 'ProductDescription' must contain a non-null value when exiting constructor. Consider adding the 'required' modifier or declaring the property as nullable. [/Users/ali1/Projects/Erp-entegrasyon/erp-api/ErpMobile.Api.csproj]
/Users/ali1/Projects/Erp-entegrasyon/erp-api/Models/Product/ProductVariantModel.cs(10,23): warning CS8618: Non-nullable property 'ColorCode' must contain a non-null value when exiting constructor. Consider adding the 'required' modifier or declaring the property as nullable. [/Users/ali1/Projects/Erp-entegrasyon/erp-api/ErpMobile.Api.csproj]
/Users/ali1/Projects/Erp-entegrasyon/erp-api/Models/Product/ProductVariantModel.cs(11,23): warning CS8618: Non-nullable property 'ColorDescription' must contain a non-null value when exiting constructor. Consider adding the 'required' modifier or declaring the property as nullable. [/Users/ali1/Projects/Erp-entegrasyon/erp-api/ErpMobile.Api.csproj]
/Users/ali1/Projects/Erp-entegrasyon/erp-api/Models/Product/ProductVariantModel.cs(12,23): warning CS8618: Non-nullable property 'ManufacturerColorCode' must contain a non-null value when exiting constructor. Consider adding the 'required' modifier or declaring the property as nullable. [/Users/ali1/Projects/Erp-entegrasyon/erp-api/ErpMobile.Api.csproj]
/Users/ali1/Projects/Erp-entegrasyon/erp-api/Models/Product/ProductVariantModel.cs(13,23): warning CS8618: Non-nullable property 'ItemDim1Code' must contain a non-null value when exiting constructor. Consider adding the 'required' modifier or declaring the property as nullable. [/Users/ali1/Projects/Erp-entegrasyon/erp-api/ErpMobile.Api.csproj]
/Users/ali1/Projects/Erp-entegrasyon/erp-api/Models/Product/ProductVariantModel.cs(14,23): warning CS8618: Non-nullable property 'ItemDim2Code' must contain a non-null value when exiting constructor. Consider adding the 'required' modifier or declaring the property as nullable. [/Users/ali1/Projects/Erp-entegrasyon/erp-api/ErpMobile.Api.csproj]
/Users/ali1/Projects/Erp-entegrasyon/erp-api/Models/Product/ProductVariantModel.cs(15,23): warning CS8618: Non-nullable property 'ItemDim3Code' must contain a non-null value when exiting constructor. Consider adding the 'required' modifier or declaring the property as nullable. [/Users/ali1/Projects/Erp-entegrasyon/erp-api/ErpMobile.Api.csproj]
/Users/ali1/Projects/Erp-entegrasyon/erp-api/Models/Product/ProductVariantModel.cs(16,23): warning CS8618: Non-nullable property 'BarcodeTypeCode' must contain a non-null value when exiting constructor. Consider adding the 'required' modifier or declaring the property as nullable. [/Users/ali1/Projects/Erp-entegrasyon/erp-api/ErpMobile.Api.csproj]
/Users/ali1/Projects/Erp-entegrasyon/erp-api/Models/Product/ProductVariantModel.cs(17,23): warning CS8618: Non-nullable property 'Barcode' must contain a non-null value when exiting constructor. Consider adding the 'required' modifier or declaring the property as nullable. [/Users/ali1/Projects/Erp-entegrasyon/erp-api/ErpMobile.Api.csproj]
/Users/ali1/Projects/Erp-entegrasyon/erp-api/Models/Product/ProductVariantModel.cs(20,23): warning CS8618: Non-nullable property 'ProductTypeCode' must contain a non-null value when exiting constructor. Consider adding the 'required' modifier or declaring the property as nullable. [/Users/ali1/Projects/Erp-entegrasyon/erp-api/ErpMobile.Api.csproj]
/Users/ali1/Projects/Erp-entegrasyon/erp-api/Models/Product/ProductVariantModel.cs(21,23): warning CS8618: Non-nullable property 'ProductTypeDescription' must contain a non-null value when exiting constructor. Consider adding the 'required' modifier or declaring the property as nullable. [/Users/ali1/Projects/Erp-entegrasyon/erp-api/ErpMobile.Api.csproj]
/Users/ali1/Projects/Erp-entegrasyon/erp-api/Models/Product/ProductVariantModel.cs(22,23): warning CS8618: Non-nullable property 'UnitOfMeasureCode1' must contain a non-null value when exiting constructor. Consider adding the 'required' modifier or declaring the property as nullable. [/Users/ali1/Projects/Erp-entegrasyon/erp-api/ErpMobile.Api.csproj]
/Users/ali1/Projects/Erp-entegrasyon/erp-api/Models/Product/ProductVariantModel.cs(23,23): warning CS8618: Non-nullable property 'UnitOfMeasureCode2' must contain a non-null value when exiting constructor. Consider adding the 'required' modifier or declaring the property as nullable. [/Users/ali1/Projects/Erp-entegrasyon/erp-api/ErpMobile.Api.csproj]
/Users/ali1/Projects/Erp-entegrasyon/erp-api/Models/Product/ProductVariantModel.cs(24,23): warning CS8618: Non-nullable property 'ProductHierarchyID' must contain a non-null value when exiting constructor. Consider adding the 'required' modifier or declaring the property as nullable. [/Users/ali1/Projects/Erp-entegrasyon/erp-api/ErpMobile.Api.csproj]
/Users/ali1/Projects/Erp-entegrasyon/erp-api/Models/Product/ProductVariantModel.cs(25,23): warning CS8618: Non-nullable property 'ProductHierarchyLevel01' must contain a non-null value when exiting constructor. Consider adding the 'required' modifier or declaring the property as nullable. [/Users/ali1/Projects/Erp-entegrasyon/erp-api/ErpMobile.Api.csproj]
/Users/ali1/Projects/Erp-entegrasyon/erp-api/Models/Product/ProductVariantModel.cs(26,23): warning CS8618: Non-nullable property 'ProductHierarchyLevel02' must contain a non-null value when exiting constructor. Consider adding the 'required' modifier or declaring the property as nullable. [/Users/ali1/Projects/Erp-entegrasyon/erp-api/ErpMobile.Api.csproj]
/Users/ali1/Projects/Erp-entegrasyon/erp-api/Models/Product/ProductVariantModel.cs(27,23): warning CS8618: Non-nullable property 'ProductHierarchyLevel03' must contain a non-null value when exiting constructor. Consider adding the 'required' modifier or declaring the property as nullable. [/Users/ali1/Projects/Erp-entegrasyon/erp-api/ErpMobile.Api.csproj]
/Users/ali1/Projects/Erp-entegrasyon/erp-api/Models/Product/ProductVariantModel.cs(28,23): warning CS8618: Non-nullable property 'ProductHierarchyLevel04' must contain a non-null value when exiting constructor. Consider adding the 'required' modifier or declaring the property as nullable. [/Users/ali1/Projects/Erp-entegrasyon/erp-api/ErpMobile.Api.csproj]
/Users/ali1/Projects/Erp-entegrasyon/erp-api/Models/Product/ProductVariantModel.cs(29,23): warning CS8618: Non-nullable property 'ProductHierarchyLevel05' must contain a non-null value when exiting constructor. Consider adding the 'required' modifier or declaring the property as nullable. [/Users/ali1/Projects/Erp-entegrasyon/erp-api/ErpMobile.Api.csproj]
/Users/ali1/Projects/Erp-entegrasyon/erp-api/Models/Product/ProductVariantModel.cs(30,23): warning CS8618: Non-nullable property 'ProductHierarchyLevel06' must contain a non-null value when exiting constructor. Consider adding the 'required' modifier or declaring the property as nullable. [/Users/ali1/Projects/Erp-entegrasyon/erp-api/ErpMobile.Api.csproj]
/Users/ali1/Projects/Erp-entegrasyon/erp-api/Models/Product/ProductVariantModel.cs(31,23): warning CS8618: Non-nullable property 'ProductCollectionGrCode' must contain a non-null value when exiting constructor. Consider adding the 'required' modifier or declaring the property as nullable. [/Users/ali1/Projects/Erp-entegrasyon/erp-api/ErpMobile.Api.csproj]
/Users/ali1/Projects/Erp-entegrasyon/erp-api/Models/Product/ProductVariantModel.cs(32,23): warning CS8618: Non-nullable property 'SeasonCode' must contain a non-null value when exiting constructor. Consider adding the 'required' modifier or declaring the property as nullable. [/Users/ali1/Projects/Erp-entegrasyon/erp-api/ErpMobile.Api.csproj]
/Users/ali1/Projects/Erp-entegrasyon/erp-api/Models/Product/ProductVariantModel.cs(33,23): warning CS8618: Non-nullable property 'SeasonDescription' must contain a non-null value when exiting constructor. Consider adding the 'required' modifier or declaring the property as nullable. [/Users/ali1/Projects/Erp-entegrasyon/erp-api/ErpMobile.Api.csproj]
/Users/ali1/Projects/Erp-entegrasyon/erp-api/Models/Product/ProductVariantModel.cs(34,23): warning CS8618: Non-nullable property 'CollectionCode' must contain a non-null value when exiting constructor. Consider adding the 'required' modifier or declaring the property as nullable. [/Users/ali1/Projects/Erp-entegrasyon/erp-api/ErpMobile.Api.csproj]
/Users/ali1/Projects/Erp-entegrasyon/erp-api/Models/Product/ProductVariantModel.cs(35,23): warning CS8618: Non-nullable property 'CollectionDescription' must contain a non-null value when exiting constructor. Consider adding the 'required' modifier or declaring the property as nullable. [/Users/ali1/Projects/Erp-entegrasyon/erp-api/ErpMobile.Api.csproj]
/Users/ali1/Projects/Erp-entegrasyon/erp-api/Models/Product/ProductVariantModel.cs(36,23): warning CS8618: Non-nullable property 'StoryBoardCode' must contain a non-null value when exiting constructor. Consider adding the 'required' modifier or declaring the property as nullable. [/Users/ali1/Projects/Erp-entegrasyon/erp-api/ErpMobile.Api.csproj]
/Users/ali1/Projects/Erp-entegrasyon/erp-api/Models/Product/ProductVariantModel.cs(37,23): warning CS8618: Non-nullable property 'StoryBoardDescription' must contain a non-null value when exiting constructor. Consider adding the 'required' modifier or declaring the property as nullable. [/Users/ali1/Projects/Erp-entegrasyon/erp-api/ErpMobile.Api.csproj]
/Users/ali1/Projects/Erp-entegrasyon/erp-api/Models/Product/ProductTypeModel.cs(13,23): warning CS8618: Non-nullable property 'Code' must contain a non-null value when exiting constructor. Consider adding the 'required' modifier or declaring the property as nullable. [/Users/ali1/Projects/Erp-entegrasyon/erp-api/ErpMobile.Api.csproj]
/Users/ali1/Projects/Erp-entegrasyon/erp-api/Models/Product/ProductTypeModel.cs(18,23): warning CS8618: Non-nullable property 'Description' must contain a non-null value when exiting constructor. Consider adding the 'required' modifier or declaring the property as nullable. [/Users/ali1/Projects/Erp-entegrasyon/erp-api/ErpMobile.Api.csproj]
/Users/ali1/Projects/Erp-entegrasyon/erp-api/Models/Product/ProductPriceListModel.cs(7,23): warning CS8618: Non-nullable property 'PriceListNumber' must contain a non-null value when exiting constructor. Consider adding the 'required' modifier or declaring the property as nullable. [/Users/ali1/Projects/Erp-entegrasyon/erp-api/ErpMobile.Api.csproj]
/Users/ali1/Projects/Erp-entegrasyon/erp-api/Models/Product/ProductPriceListModel.cs(8,23): warning CS8618: Non-nullable property 'PriceGroupCode' must contain a non-null value when exiting constructor. Consider adding the 'required' modifier or declaring the property as nullable. [/Users/ali1/Projects/Erp-entegrasyon/erp-api/ErpMobile.Api.csproj]
/Users/ali1/Projects/Erp-entegrasyon/erp-api/Models/Product/ProductPriceListModel.cs(9,23): warning CS8618: Non-nullable property 'PriceGroupDescription' must contain a non-null value when exiting constructor. Consider adding the 'required' modifier or declaring the property as nullable. [/Users/ali1/Projects/Erp-entegrasyon/erp-api/ErpMobile.Api.csproj]
/Users/ali1/Projects/Erp-entegrasyon/erp-api/Models/Product/ProductPriceListModel.cs(10,23): warning CS8618: Non-nullable property 'PriceListTypeCode' must contain a non-null value when exiting constructor. Consider adding the 'required' modifier or declaring the property as nullable. [/Users/ali1/Projects/Erp-entegrasyon/erp-api/ErpMobile.Api.csproj]
/Users/ali1/Projects/Erp-entegrasyon/erp-api/Models/Product/ProductPriceListModel.cs(11,23): warning CS8618: Non-nullable property 'PriceListTypeDescription' must contain a non-null value when exiting constructor. Consider adding the 'required' modifier or declaring the property as nullable. [/Users/ali1/Projects/Erp-entegrasyon/erp-api/ErpMobile.Api.csproj]
/Users/ali1/Projects/Erp-entegrasyon/erp-api/Models/Product/ProductPriceListModel.cs(15,23): warning CS8618: Non-nullable property 'CompanyCode' must contain a non-null value when exiting constructor. Consider adding the 'required' modifier or declaring the property as nullable. [/Users/ali1/Projects/Erp-entegrasyon/erp-api/ErpMobile.Api.csproj]
/Users/ali1/Projects/Erp-entegrasyon/erp-api/Models/Product/ProductPriceListModel.cs(19,23): warning CS8618: Non-nullable property 'ApplicationCode' must contain a non-null value when exiting constructor. Consider adding the 'required' modifier or declaring the property as nullable. [/Users/ali1/Projects/Erp-entegrasyon/erp-api/ErpMobile.Api.csproj]
/Users/ali1/Projects/Erp-entegrasyon/erp-api/Models/Product/ProductPriceListModel.cs(20,23): warning CS8618: Non-nullable property 'ApplicationDescription' must contain a non-null value when exiting constructor. Consider adding the 'required' modifier or declaring the property as nullable. [/Users/ali1/Projects/Erp-entegrasyon/erp-api/ErpMobile.Api.csproj]
/Users/ali1/Projects/Erp-entegrasyon/erp-api/Models/Product/ProductPriceListModel.cs(21,23): warning CS8618: Non-nullable property 'CreatedUserName' must contain a non-null value when exiting constructor. Consider adding the 'required' modifier or declaring the property as nullable. [/Users/ali1/Projects/Erp-entegrasyon/erp-api/ErpMobile.Api.csproj]
/Users/ali1/Projects/Erp-entegrasyon/erp-api/Models/Product/ProductPriceListModel.cs(22,23): warning CS8618: Non-nullable property 'LastUpdatedUserName' must contain a non-null value when exiting constructor. Consider adding the 'required' modifier or declaring the property as nullable. [/Users/ali1/Projects/Erp-entegrasyon/erp-api/ErpMobile.Api.csproj]
/Users/ali1/Projects/Erp-entegrasyon/erp-api/Models/Product/ProductPriceListModel.cs(23,23): warning CS8618: Non-nullable property 'PriceListHeaderID' must contain a non-null value when exiting constructor. Consider adding the 'required' modifier or declaring the property as nullable. [/Users/ali1/Projects/Erp-entegrasyon/erp-api/ErpMobile.Api.csproj]
/Users/ali1/Projects/Erp-entegrasyon/erp-api/Models/Product/ProductPriceListModel.cs(29,23): warning CS8618: Non-nullable property 'ProductCode' must contain a non-null value when exiting constructor. Consider adding the 'required' modifier or declaring the property as nullable. [/Users/ali1/Projects/Erp-entegrasyon/erp-api/ErpMobile.Api.csproj]
/Users/ali1/Projects/Erp-entegrasyon/erp-api/Models/Product/ProductPriceListDetailModel.cs(12,23): warning CS8618: Non-nullable property 'HeaderID' must contain a non-null value when exiting constructor. Consider adding the 'required' modifier or declaring the property as nullable. [/Users/ali1/Projects/Erp-entegrasyon/erp-api/ErpMobile.Api.csproj]
/Users/ali1/Projects/Erp-entegrasyon/erp-api/Models/Product/ProductPriceListDetailModel.cs(15,23): warning CS8618: Non-nullable property 'ItemTypeCode' must contain a non-null value when exiting constructor. Consider adding the 'required' modifier or declaring the property as nullable. [/Users/ali1/Projects/Erp-entegrasyon/erp-api/ErpMobile.Api.csproj]
/Users/ali1/Projects/Erp-entegrasyon/erp-api/Models/Product/ProductPriceListDetailModel.cs(16,23): warning CS8618: Non-nullable property 'ItemTypeDescription' must contain a non-null value when exiting constructor. Consider adding the 'required' modifier or declaring the property as nullable. [/Users/ali1/Projects/Erp-entegrasyon/erp-api/ErpMobile.Api.csproj]
/Users/ali1/Projects/Erp-entegrasyon/erp-api/Models/Product/ProductPriceListDetailModel.cs(17,23): warning CS8618: Non-nullable property 'ItemCode' must contain a non-null value when exiting constructor. Consider adding the 'required' modifier or declaring the property as nullable. [/Users/ali1/Projects/Erp-entegrasyon/erp-api/ErpMobile.Api.csproj]
/Users/ali1/Projects/Erp-entegrasyon/erp-api/Models/Product/ProductPriceListDetailModel.cs(18,23): warning CS8618: Non-nullable property 'ItemDescription' must contain a non-null value when exiting constructor. Consider adding the 'required' modifier or declaring the property as nullable. [/Users/ali1/Projects/Erp-entegrasyon/erp-api/ErpMobile.Api.csproj]
/Users/ali1/Projects/Erp-entegrasyon/erp-api/Models/Product/ProductPriceListDetailModel.cs(21,23): warning CS8618: Non-nullable property 'ColorCode' must contain a non-null value when exiting constructor. Consider adding the 'required' modifier or declaring the property as nullable. [/Users/ali1/Projects/Erp-entegrasyon/erp-api/ErpMobile.Api.csproj]
/Users/ali1/Projects/Erp-entegrasyon/erp-api/Models/Product/ProductPriceListDetailModel.cs(22,23): warning CS8618: Non-nullable property 'ColorDescription' must contain a non-null value when exiting constructor. Consider adding the 'required' modifier or declaring the property as nullable. [/Users/ali1/Projects/Erp-entegrasyon/erp-api/ErpMobile.Api.csproj]
/Users/ali1/Projects/Erp-entegrasyon/erp-api/Models/Product/ProductPriceListDetailModel.cs(23,23): warning CS8618: Non-nullable property 'ItemDim1Code' must contain a non-null value when exiting constructor. Consider adding the 'required' modifier or declaring the property as nullable. [/Users/ali1/Projects/Erp-entegrasyon/erp-api/ErpMobile.Api.csproj]
/Users/ali1/Projects/Erp-entegrasyon/erp-api/Models/Product/ProductPriceListDetailModel.cs(24,23): warning CS8618: Non-nullable property 'ItemDim2Code' must contain a non-null value when exiting constructor. Consider adding the 'required' modifier or declaring the property as nullable. [/Users/ali1/Projects/Erp-entegrasyon/erp-api/ErpMobile.Api.csproj]
/Users/ali1/Projects/Erp-entegrasyon/erp-api/Models/Product/ProductPriceListDetailModel.cs(25,23): warning CS8618: Non-nullable property 'ItemDim3Code' must contain a non-null value when exiting constructor. Consider adding the 'required' modifier or declaring the property as nullable. [/Users/ali1/Projects/Erp-entegrasyon/erp-api/ErpMobile.Api.csproj]
/Users/ali1/Projects/Erp-entegrasyon/erp-api/Models/Product/ProductPriceListDetailModel.cs(28,23): warning CS8618: Non-nullable property 'UnitOfMeasureCode' must contain a non-null value when exiting constructor. Consider adding the 'required' modifier or declaring the property as nullable. [/Users/ali1/Projects/Erp-entegrasyon/erp-api/ErpMobile.Api.csproj]
/Users/ali1/Projects/Erp-entegrasyon/erp-api/Models/Product/ProductPriceListDetailModel.cs(29,23): warning CS8618: Non-nullable property 'PaymentPlanCode' must contain a non-null value when exiting constructor. Consider adding the 'required' modifier or declaring the property as nullable. [/Users/ali1/Projects/Erp-entegrasyon/erp-api/ErpMobile.Api.csproj]
/Users/ali1/Projects/Erp-entegrasyon/erp-api/Models/Product/ProductPriceListDetailModel.cs(30,23): warning CS8618: Non-nullable property 'LineDescription' must contain a non-null value when exiting constructor. Consider adding the 'required' modifier or declaring the property as nullable. [/Users/ali1/Projects/Erp-entegrasyon/erp-api/ErpMobile.Api.csproj]
/Users/ali1/Projects/Erp-entegrasyon/erp-api/Models/Product/ProductPriceListDetailModel.cs(34,23): warning CS8618: Non-nullable property 'DocCurrencyCode' must contain a non-null value when exiting constructor. Consider adding the 'required' modifier or declaring the property as nullable. [/Users/ali1/Projects/Erp-entegrasyon/erp-api/ErpMobile.Api.csproj]
/Users/ali1/Projects/Erp-entegrasyon/erp-api/Models/prCustomerVendorAccount.cs(15,23): warning CS8618: Non-nullable property 'CurrAccCode' must contain a non-null value when exiting constructor. Consider adding the 'required' modifier or declaring the property as nullable. [/Users/ali1/Projects/Erp-entegrasyon/erp-api/ErpMobile.Api.csproj]
/Users/ali1/Projects/Erp-entegrasyon/erp-api/Models/prCustomerVendorAccount.cs(18,23): warning CS8618: Non-nullable property 'VendorCode' must contain a non-null value when exiting constructor. Consider adding the 'required' modifier or declaring the property as nullable. [/Users/ali1/Projects/Erp-entegrasyon/erp-api/ErpMobile.Api.csproj]
/Users/ali1/Projects/Erp-entegrasyon/erp-api/Models/prCustomerVendorAccount.cs(22,34): warning CS8618: Non-nullable property 'CurrAcc' must contain a non-null value when exiting constructor. Consider adding the 'required' modifier or declaring the property as nullable. [/Users/ali1/Projects/Erp-entegrasyon/erp-api/ErpMobile.Api.csproj]
/Users/ali1/Projects/Erp-entegrasyon/erp-api/Controllers/SalesInvoiceController.cs(63,77): warning CS8625: Cannot convert null literal to non-nullable reference type. [/Users/ali1/Projects/Erp-entegrasyon/erp-api/ErpMobile.Api.csproj]
/Users/ali1/Projects/Erp-entegrasyon/erp-api/Models/Office/OfficeModel.cs(7,23): warning CS8618: Non-nullable property 'OfficeCode' must contain a non-null value when exiting constructor. Consider adding the 'required' modifier or declaring the property as nullable. [/Users/ali1/Projects/Erp-entegrasyon/erp-api/ErpMobile.Api.csproj]
/Users/ali1/Projects/Erp-entegrasyon/erp-api/Models/Office/OfficeModel.cs(8,23): warning CS8618: Non-nullable property 'OfficeDescription' must contain a non-null value when exiting constructor. Consider adding the 'required' modifier or declaring the property as nullable. [/Users/ali1/Projects/Erp-entegrasyon/erp-api/ErpMobile.Api.csproj]
/Users/ali1/Projects/Erp-entegrasyon/erp-api/Models/Office/OfficeModel.cs(9,23): warning CS8618: Non-nullable property 'CompanyCode' must contain a non-null value when exiting constructor. Consider adding the 'required' modifier or declaring the property as nullable. [/Users/ali1/Projects/Erp-entegrasyon/erp-api/ErpMobile.Api.csproj]
/Users/ali1/Projects/Erp-entegrasyon/erp-api/Models/Office/OfficeAddressModel.cs(7,23): warning CS8618: Non-nullable property 'OfficeCode' must contain a non-null value when exiting constructor. Consider adding the 'required' modifier or declaring the property as nullable. [/Users/ali1/Projects/Erp-entegrasyon/erp-api/ErpMobile.Api.csproj]
/Users/ali1/Projects/Erp-entegrasyon/erp-api/Models/Office/OfficeAddressModel.cs(8,23): warning CS8618: Non-nullable property 'Address' must contain a non-null value when exiting constructor. Consider adding the 'required' modifier or declaring the property as nullable. [/Users/ali1/Projects/Erp-entegrasyon/erp-api/ErpMobile.Api.csproj]
/Users/ali1/Projects/Erp-entegrasyon/erp-api/Models/Office/OfficeAddressModel.cs(9,23): warning CS8618: Non-nullable property 'SiteName' must contain a non-null value when exiting constructor. Consider adding the 'required' modifier or declaring the property as nullable. [/Users/ali1/Projects/Erp-entegrasyon/erp-api/ErpMobile.Api.csproj]
/Users/ali1/Projects/Erp-entegrasyon/erp-api/Models/Office/OfficeAddressModel.cs(10,23): warning CS8618: Non-nullable property 'BuildingName' must contain a non-null value when exiting constructor. Consider adding the 'required' modifier or declaring the property as nullable. [/Users/ali1/Projects/Erp-entegrasyon/erp-api/ErpMobile.Api.csproj]
/Users/ali1/Projects/Erp-entegrasyon/erp-api/Models/Office/OfficeAddressModel.cs(11,23): warning CS8618: Non-nullable property 'BuildingNum' must contain a non-null value when exiting constructor. Consider adding the 'required' modifier or declaring the property as nullable. [/Users/ali1/Projects/Erp-entegrasyon/erp-api/ErpMobile.Api.csproj]
/Users/ali1/Projects/Erp-entegrasyon/erp-api/Models/Office/OfficeAddressModel.cs(12,23): warning CS8618: Non-nullable property 'FloorNum' must contain a non-null value when exiting constructor. Consider adding the 'required' modifier or declaring the property as nullable. [/Users/ali1/Projects/Erp-entegrasyon/erp-api/ErpMobile.Api.csproj]
/Users/ali1/Projects/Erp-entegrasyon/erp-api/Models/Office/OfficeAddressModel.cs(13,23): warning CS8618: Non-nullable property 'DoorNum' must contain a non-null value when exiting constructor. Consider adding the 'required' modifier or declaring the property as nullable. [/Users/ali1/Projects/Erp-entegrasyon/erp-api/ErpMobile.Api.csproj]
/Users/ali1/Projects/Erp-entegrasyon/erp-api/Models/Office/OfficeAddressModel.cs(14,23): warning CS8618: Non-nullable property 'QuarterName' must contain a non-null value when exiting constructor. Consider adding the 'required' modifier or declaring the property as nullable. [/Users/ali1/Projects/Erp-entegrasyon/erp-api/ErpMobile.Api.csproj]
/Users/ali1/Projects/Erp-entegrasyon/erp-api/Models/Office/OfficeAddressModel.cs(15,23): warning CS8618: Non-nullable property 'Boulevard' must contain a non-null value when exiting constructor. Consider adding the 'required' modifier or declaring the property as nullable. [/Users/ali1/Projects/Erp-entegrasyon/erp-api/ErpMobile.Api.csproj]
/Users/ali1/Projects/Erp-entegrasyon/erp-api/Models/Office/OfficeAddressModel.cs(16,23): warning CS8618: Non-nullable property 'Street' must contain a non-null value when exiting constructor. Consider adding the 'required' modifier or declaring the property as nullable. [/Users/ali1/Projects/Erp-entegrasyon/erp-api/ErpMobile.Api.csproj]
/Users/ali1/Projects/Erp-entegrasyon/erp-api/Models/Office/OfficeAddressModel.cs(17,23): warning CS8618: Non-nullable property 'Road' must contain a non-null value when exiting constructor. Consider adding the 'required' modifier or declaring the property as nullable. [/Users/ali1/Projects/Erp-entegrasyon/erp-api/ErpMobile.Api.csproj]
/Users/ali1/Projects/Erp-entegrasyon/erp-api/Models/Office/OfficeAddressModel.cs(18,23): warning CS8618: Non-nullable property 'CountryCode' must contain a non-null value when exiting constructor. Consider adding the 'required' modifier or declaring the property as nullable. [/Users/ali1/Projects/Erp-entegrasyon/erp-api/ErpMobile.Api.csproj]
/Users/ali1/Projects/Erp-entegrasyon/erp-api/Models/Office/OfficeAddressModel.cs(19,23): warning CS8618: Non-nullable property 'CountryDescription' must contain a non-null value when exiting constructor. Consider adding the 'required' modifier or declaring the property as nullable. [/Users/ali1/Projects/Erp-entegrasyon/erp-api/ErpMobile.Api.csproj]
/Users/ali1/Projects/Erp-entegrasyon/erp-api/Models/Office/OfficeAddressModel.cs(20,23): warning CS8618: Non-nullable property 'StateCode' must contain a non-null value when exiting constructor. Consider adding the 'required' modifier or declaring the property as nullable. [/Users/ali1/Projects/Erp-entegrasyon/erp-api/ErpMobile.Api.csproj]
/Users/ali1/Projects/Erp-entegrasyon/erp-api/Models/Office/OfficeAddressModel.cs(21,23): warning CS8618: Non-nullable property 'StateDescription' must contain a non-null value when exiting constructor. Consider adding the 'required' modifier or declaring the property as nullable. [/Users/ali1/Projects/Erp-entegrasyon/erp-api/ErpMobile.Api.csproj]
/Users/ali1/Projects/Erp-entegrasyon/erp-api/Models/Office/OfficeAddressModel.cs(22,23): warning CS8618: Non-nullable property 'CityCode' must contain a non-null value when exiting constructor. Consider adding the 'required' modifier or declaring the property as nullable. [/Users/ali1/Projects/Erp-entegrasyon/erp-api/ErpMobile.Api.csproj]
/Users/ali1/Projects/Erp-entegrasyon/erp-api/Models/Office/OfficeAddressModel.cs(23,23): warning CS8618: Non-nullable property 'CityDescription' must contain a non-null value when exiting constructor. Consider adding the 'required' modifier or declaring the property as nullable. [/Users/ali1/Projects/Erp-entegrasyon/erp-api/ErpMobile.Api.csproj]
/Users/ali1/Projects/Erp-entegrasyon/erp-api/Models/Office/OfficeAddressModel.cs(24,23): warning CS8618: Non-nullable property 'DistrictCode' must contain a non-null value when exiting constructor. Consider adding the 'required' modifier or declaring the property as nullable. [/Users/ali1/Projects/Erp-entegrasyon/erp-api/ErpMobile.Api.csproj]
/Users/ali1/Projects/Erp-entegrasyon/erp-api/Models/Office/OfficeAddressModel.cs(25,23): warning CS8618: Non-nullable property 'DistrictDescription' must contain a non-null value when exiting constructor. Consider adding the 'required' modifier or declaring the property as nullable. [/Users/ali1/Projects/Erp-entegrasyon/erp-api/ErpMobile.Api.csproj]
/Users/ali1/Projects/Erp-entegrasyon/erp-api/Models/Office/OfficeAddressModel.cs(26,23): warning CS8618: Non-nullable property 'ZipCode' must contain a non-null value when exiting constructor. Consider adding the 'required' modifier or declaring the property as nullable. [/Users/ali1/Projects/Erp-entegrasyon/erp-api/ErpMobile.Api.csproj]
/Users/ali1/Projects/Erp-entegrasyon/erp-api/Models/Office/OfficeAddressModel.cs(27,23): warning CS8618: Non-nullable property 'DrivingDirections' must contain a non-null value when exiting constructor. Consider adding the 'required' modifier or declaring the property as nullable. [/Users/ali1/Projects/Erp-entegrasyon/erp-api/ErpMobile.Api.csproj]
/Users/ali1/Projects/Erp-entegrasyon/erp-api/Models/Item/WarehouseModel.cs(7,23): warning CS8618: Non-nullable property 'WarehouseCode' must contain a non-null value when exiting constructor. Consider adding the 'required' modifier or declaring the property as nullable. [/Users/ali1/Projects/Erp-entegrasyon/erp-api/ErpMobile.Api.csproj]
/Users/ali1/Projects/Erp-entegrasyon/erp-api/Models/Item/WarehouseModel.cs(8,23): warning CS8618: Non-nullable property 'WarehouseDescription' must contain a non-null value when exiting constructor. Consider adding the 'required' modifier or declaring the property as nullable. [/Users/ali1/Projects/Erp-entegrasyon/erp-api/ErpMobile.Api.csproj]
/Users/ali1/Projects/Erp-entegrasyon/erp-api/Models/Item/WarehouseModel.cs(9,23): warning CS8618: Non-nullable property 'WarehouseOwnerCode' must contain a non-null value when exiting constructor. Consider adding the 'required' modifier or declaring the property as nullable. [/Users/ali1/Projects/Erp-entegrasyon/erp-api/ErpMobile.Api.csproj]
/Users/ali1/Projects/Erp-entegrasyon/erp-api/Models/Item/WarehouseModel.cs(10,23): warning CS8618: Non-nullable property 'WarehouseTypeCode' must contain a non-null value when exiting constructor. Consider adding the 'required' modifier or declaring the property as nullable. [/Users/ali1/Projects/Erp-entegrasyon/erp-api/ErpMobile.Api.csproj]
/Users/ali1/Projects/Erp-entegrasyon/erp-api/Models/Item/WarehouseModel.cs(11,23): warning CS8618: Non-nullable property 'WarehouseCategoryCode' must contain a non-null value when exiting constructor. Consider adding the 'required' modifier or declaring the property as nullable. [/Users/ali1/Projects/Erp-entegrasyon/erp-api/ErpMobile.Api.csproj]
/Users/ali1/Projects/Erp-entegrasyon/erp-api/Models/Item/WarehouseModel.cs(12,23): warning CS8618: Non-nullable property 'OfficeCode' must contain a non-null value when exiting constructor. Consider adding the 'required' modifier or declaring the property as nullable. [/Users/ali1/Projects/Erp-entegrasyon/erp-api/ErpMobile.Api.csproj]
/Users/ali1/Projects/Erp-entegrasyon/erp-api/Models/Item/WarehouseModel.cs(14,23): warning CS8618: Non-nullable property 'CurrAccCode' must contain a non-null value when exiting constructor. Consider adding the 'required' modifier or declaring the property as nullable. [/Users/ali1/Projects/Erp-entegrasyon/erp-api/ErpMobile.Api.csproj]
/Users/ali1/Projects/Erp-entegrasyon/erp-api/Controllers/SalesInvoiceController.cs(75,76): warning CS8625: Cannot convert null literal to non-nullable reference type. [/Users/ali1/Projects/Erp-entegrasyon/erp-api/ErpMobile.Api.csproj]
/Users/ali1/Projects/Erp-entegrasyon/erp-api/Controllers/SalesInvoiceController.cs(83,79): warning CS8625: Cannot convert null literal to non-nullable reference type. [/Users/ali1/Projects/Erp-entegrasyon/erp-api/ErpMobile.Api.csproj]
/Users/ali1/Projects/Erp-entegrasyon/erp-api/Models/Item/WarehouseAddressModel.cs(7,23): warning CS8618: Non-nullable property 'WarehouseCode' must contain a non-null value when exiting constructor. Consider adding the 'required' modifier or declaring the property as nullable. [/Users/ali1/Projects/Erp-entegrasyon/erp-api/ErpMobile.Api.csproj]
/Users/ali1/Projects/Erp-entegrasyon/erp-api/Models/Item/WarehouseAddressModel.cs(8,23): warning CS8618: Non-nullable property 'Address' must contain a non-null value when exiting constructor. Consider adding the 'required' modifier or declaring the property as nullable. [/Users/ali1/Projects/Erp-entegrasyon/erp-api/ErpMobile.Api.csproj]
/Users/ali1/Projects/Erp-entegrasyon/erp-api/Models/Item/WarehouseAddressModel.cs(9,23): warning CS8618: Non-nullable property 'SiteName' must contain a non-null value when exiting constructor. Consider adding the 'required' modifier or declaring the property as nullable. [/Users/ali1/Projects/Erp-entegrasyon/erp-api/ErpMobile.Api.csproj]
/Users/ali1/Projects/Erp-entegrasyon/erp-api/Models/Item/WarehouseAddressModel.cs(10,23): warning CS8618: Non-nullable property 'BuildingName' must contain a non-null value when exiting constructor. Consider adding the 'required' modifier or declaring the property as nullable. [/Users/ali1/Projects/Erp-entegrasyon/erp-api/ErpMobile.Api.csproj]
/Users/ali1/Projects/Erp-entegrasyon/erp-api/Models/Item/WarehouseAddressModel.cs(11,23): warning CS8618: Non-nullable property 'BuildingNum' must contain a non-null value when exiting constructor. Consider adding the 'required' modifier or declaring the property as nullable. [/Users/ali1/Projects/Erp-entegrasyon/erp-api/ErpMobile.Api.csproj]
/Users/ali1/Projects/Erp-entegrasyon/erp-api/Models/Item/WarehouseAddressModel.cs(12,23): warning CS8618: Non-nullable property 'FloorNum' must contain a non-null value when exiting constructor. Consider adding the 'required' modifier or declaring the property as nullable. [/Users/ali1/Projects/Erp-entegrasyon/erp-api/ErpMobile.Api.csproj]
/Users/ali1/Projects/Erp-entegrasyon/erp-api/Models/Item/WarehouseAddressModel.cs(13,23): warning CS8618: Non-nullable property 'DoorNum' must contain a non-null value when exiting constructor. Consider adding the 'required' modifier or declaring the property as nullable. [/Users/ali1/Projects/Erp-entegrasyon/erp-api/ErpMobile.Api.csproj]
/Users/ali1/Projects/Erp-entegrasyon/erp-api/Models/Item/WarehouseAddressModel.cs(14,23): warning CS8618: Non-nullable property 'QuarterName' must contain a non-null value when exiting constructor. Consider adding the 'required' modifier or declaring the property as nullable. [/Users/ali1/Projects/Erp-entegrasyon/erp-api/ErpMobile.Api.csproj]
/Users/ali1/Projects/Erp-entegrasyon/erp-api/Models/Item/WarehouseAddressModel.cs(15,23): warning CS8618: Non-nullable property 'Boulevard' must contain a non-null value when exiting constructor. Consider adding the 'required' modifier or declaring the property as nullable. [/Users/ali1/Projects/Erp-entegrasyon/erp-api/ErpMobile.Api.csproj]
/Users/ali1/Projects/Erp-entegrasyon/erp-api/Models/Item/WarehouseAddressModel.cs(16,23): warning CS8618: Non-nullable property 'Street' must contain a non-null value when exiting constructor. Consider adding the 'required' modifier or declaring the property as nullable. [/Users/ali1/Projects/Erp-entegrasyon/erp-api/ErpMobile.Api.csproj]
/Users/ali1/Projects/Erp-entegrasyon/erp-api/Models/Item/WarehouseAddressModel.cs(17,23): warning CS8618: Non-nullable property 'Road' must contain a non-null value when exiting constructor. Consider adding the 'required' modifier or declaring the property as nullable. [/Users/ali1/Projects/Erp-entegrasyon/erp-api/ErpMobile.Api.csproj]
/Users/ali1/Projects/Erp-entegrasyon/erp-api/Models/Item/WarehouseAddressModel.cs(18,23): warning CS8618: Non-nullable property 'CountryCode' must contain a non-null value when exiting constructor. Consider adding the 'required' modifier or declaring the property as nullable. [/Users/ali1/Projects/Erp-entegrasyon/erp-api/ErpMobile.Api.csproj]
/Users/ali1/Projects/Erp-entegrasyon/erp-api/Models/Item/WarehouseAddressModel.cs(19,23): warning CS8618: Non-nullable property 'CountryDescription' must contain a non-null value when exiting constructor. Consider adding the 'required' modifier or declaring the property as nullable. [/Users/ali1/Projects/Erp-entegrasyon/erp-api/ErpMobile.Api.csproj]
/Users/ali1/Projects/Erp-entegrasyon/erp-api/Models/Item/WarehouseAddressModel.cs(20,23): warning CS8618: Non-nullable property 'StateCode' must contain a non-null value when exiting constructor. Consider adding the 'required' modifier or declaring the property as nullable. [/Users/ali1/Projects/Erp-entegrasyon/erp-api/ErpMobile.Api.csproj]
/Users/ali1/Projects/Erp-entegrasyon/erp-api/Models/Item/WarehouseAddressModel.cs(21,23): warning CS8618: Non-nullable property 'StateDescription' must contain a non-null value when exiting constructor. Consider adding the 'required' modifier or declaring the property as nullable. [/Users/ali1/Projects/Erp-entegrasyon/erp-api/ErpMobile.Api.csproj]
/Users/ali1/Projects/Erp-entegrasyon/erp-api/Models/Item/WarehouseAddressModel.cs(22,23): warning CS8618: Non-nullable property 'CityCode' must contain a non-null value when exiting constructor. Consider adding the 'required' modifier or declaring the property as nullable. [/Users/ali1/Projects/Erp-entegrasyon/erp-api/ErpMobile.Api.csproj]
/Users/ali1/Projects/Erp-entegrasyon/erp-api/Models/Item/WarehouseAddressModel.cs(23,23): warning CS8618: Non-nullable property 'CityDescription' must contain a non-null value when exiting constructor. Consider adding the 'required' modifier or declaring the property as nullable. [/Users/ali1/Projects/Erp-entegrasyon/erp-api/ErpMobile.Api.csproj]
/Users/ali1/Projects/Erp-entegrasyon/erp-api/Models/Item/WarehouseAddressModel.cs(24,23): warning CS8618: Non-nullable property 'DistrictCode' must contain a non-null value when exiting constructor. Consider adding the 'required' modifier or declaring the property as nullable. [/Users/ali1/Projects/Erp-entegrasyon/erp-api/ErpMobile.Api.csproj]
/Users/ali1/Projects/Erp-entegrasyon/erp-api/Models/Item/WarehouseAddressModel.cs(25,23): warning CS8618: Non-nullable property 'DistrictDescription' must contain a non-null value when exiting constructor. Consider adding the 'required' modifier or declaring the property as nullable. [/Users/ali1/Projects/Erp-entegrasyon/erp-api/ErpMobile.Api.csproj]
/Users/ali1/Projects/Erp-entegrasyon/erp-api/Models/Item/WarehouseAddressModel.cs(26,23): warning CS8618: Non-nullable property 'ZipCode' must contain a non-null value when exiting constructor. Consider adding the 'required' modifier or declaring the property as nullable. [/Users/ali1/Projects/Erp-entegrasyon/erp-api/ErpMobile.Api.csproj]
/Users/ali1/Projects/Erp-entegrasyon/erp-api/Models/Item/WarehouseAddressModel.cs(27,23): warning CS8618: Non-nullable property 'DrivingDirections' must contain a non-null value when exiting constructor. Consider adding the 'required' modifier or declaring the property as nullable. [/Users/ali1/Projects/Erp-entegrasyon/erp-api/ErpMobile.Api.csproj]
/Users/ali1/Projects/Erp-entegrasyon/erp-api/Models/Item/VatModel.cs(7,23): warning CS8618: Non-nullable property 'VatCode' must contain a non-null value when exiting constructor. Consider adding the 'required' modifier or declaring the property as nullable. [/Users/ali1/Projects/Erp-entegrasyon/erp-api/ErpMobile.Api.csproj]
/Users/ali1/Projects/Erp-entegrasyon/erp-api/Models/Item/VatModel.cs(8,23): warning CS8618: Non-nullable property 'VatDescription' must contain a non-null value when exiting constructor. Consider adding the 'required' modifier or declaring the property as nullable. [/Users/ali1/Projects/Erp-entegrasyon/erp-api/ErpMobile.Api.csproj]
/Users/ali1/Projects/Erp-entegrasyon/erp-api/Models/Item/UpdateItemRequest.cs(9,23): warning CS8618: Non-nullable property 'ItemDescription' must contain a non-null value when exiting constructor. Consider adding the 'required' modifier or declaring the property as nullable. [/Users/ali1/Projects/Erp-entegrasyon/erp-api/ErpMobile.Api.csproj]
/Users/ali1/Projects/Erp-entegrasyon/erp-api/Models/Item/UpdateItemRequest.cs(11,23): warning CS8618: Non-nullable property 'ProductTypeCode' must contain a non-null value when exiting constructor. Consider adding the 'required' modifier or declaring the property as nullable. [/Users/ali1/Projects/Erp-entegrasyon/erp-api/ErpMobile.Api.csproj]
/Users/ali1/Projects/Erp-entegrasyon/erp-api/Models/Item/UpdateItemRequest.cs(13,23): warning CS8618: Non-nullable property 'ItemDimTypeCode' must contain a non-null value when exiting constructor. Consider adding the 'required' modifier or declaring the property as nullable. [/Users/ali1/Projects/Erp-entegrasyon/erp-api/ErpMobile.Api.csproj]
/Users/ali1/Projects/Erp-entegrasyon/erp-api/Models/Item/UpdateItemRequest.cs(15,23): warning CS8618: Non-nullable property 'UnitOfMeasureCode1' must contain a non-null value when exiting constructor. Consider adding the 'required' modifier or declaring the property as nullable. [/Users/ali1/Projects/Erp-entegrasyon/erp-api/ErpMobile.Api.csproj]
/Users/ali1/Projects/Erp-entegrasyon/erp-api/Models/Item/UpdateItemRequest.cs(17,23): warning CS8618: Non-nullable property 'UnitOfMeasureCode2' must contain a non-null value when exiting constructor. Consider adding the 'required' modifier or declaring the property as nullable. [/Users/ali1/Projects/Erp-entegrasyon/erp-api/ErpMobile.Api.csproj]
/Users/ali1/Projects/Erp-entegrasyon/erp-api/Models/Item/UpdateItemRequest.cs(19,23): warning CS8618: Non-nullable property 'CompanyBrandCode' must contain a non-null value when exiting constructor. Consider adding the 'required' modifier or declaring the property as nullable. [/Users/ali1/Projects/Erp-entegrasyon/erp-api/ErpMobile.Api.csproj]
/Users/ali1/Projects/Erp-entegrasyon/erp-api/Models/Item/ItemPriceModel.cs(7,23): warning CS8618: Non-nullable property 'ItemCode' must contain a non-null value when exiting constructor. Consider adding the 'required' modifier or declaring the property as nullable. [/Users/ali1/Projects/Erp-entegrasyon/erp-api/ErpMobile.Api.csproj]
/Users/ali1/Projects/Erp-entegrasyon/erp-api/Models/Item/ItemPriceModel.cs(8,23): warning CS8618: Non-nullable property 'PriceListCode' must contain a non-null value when exiting constructor. Consider adding the 'required' modifier or declaring the property as nullable. [/Users/ali1/Projects/Erp-entegrasyon/erp-api/ErpMobile.Api.csproj]
/Users/ali1/Projects/Erp-entegrasyon/erp-api/Models/Item/ItemPriceModel.cs(9,23): warning CS8618: Non-nullable property 'PriceListDescription' must contain a non-null value when exiting constructor. Consider adding the 'required' modifier or declaring the property as nullable. [/Users/ali1/Projects/Erp-entegrasyon/erp-api/ErpMobile.Api.csproj]
/Users/ali1/Projects/Erp-entegrasyon/erp-api/Models/Item/ItemPriceModel.cs(10,23): warning CS8618: Non-nullable property 'CurrencyCode' must contain a non-null value when exiting constructor. Consider adding the 'required' modifier or declaring the property as nullable. [/Users/ali1/Projects/Erp-entegrasyon/erp-api/ErpMobile.Api.csproj]
/Users/ali1/Projects/Erp-entegrasyon/erp-api/Controllers/SalesInvoiceController.cs(98,79): warning CS8625: Cannot convert null literal to non-nullable reference type. [/Users/ali1/Projects/Erp-entegrasyon/erp-api/ErpMobile.Api.csproj]
/Users/ali1/Projects/Erp-entegrasyon/erp-api/Models/Item/ItemModel.cs(8,23): warning CS8618: Non-nullable property 'ItemCode' must contain a non-null value when exiting constructor. Consider adding the 'required' modifier or declaring the property as nullable. [/Users/ali1/Projects/Erp-entegrasyon/erp-api/ErpMobile.Api.csproj]
/Users/ali1/Projects/Erp-entegrasyon/erp-api/Models/Item/ItemModel.cs(9,23): warning CS8618: Non-nullable property 'ItemDescription' must contain a non-null value when exiting constructor. Consider adding the 'required' modifier or declaring the property as nullable. [/Users/ali1/Projects/Erp-entegrasyon/erp-api/ErpMobile.Api.csproj]
/Users/ali1/Projects/Erp-entegrasyon/erp-api/Models/Item/ItemModel.cs(11,23): warning CS8618: Non-nullable property 'ProductTypeCode' must contain a non-null value when exiting constructor. Consider adding the 'required' modifier or declaring the property as nullable. [/Users/ali1/Projects/Erp-entegrasyon/erp-api/ErpMobile.Api.csproj]
/Users/ali1/Projects/Erp-entegrasyon/erp-api/Models/Item/ItemModel.cs(12,23): warning CS8618: Non-nullable property 'ProductTypeDescription' must contain a non-null value when exiting constructor. Consider adding the 'required' modifier or declaring the property as nullable. [/Users/ali1/Projects/Erp-entegrasyon/erp-api/ErpMobile.Api.csproj]
/Users/ali1/Projects/Erp-entegrasyon/erp-api/Models/Item/ItemModel.cs(13,23): warning CS8618: Non-nullable property 'ItemDimTypeCode' must contain a non-null value when exiting constructor. Consider adding the 'required' modifier or declaring the property as nullable. [/Users/ali1/Projects/Erp-entegrasyon/erp-api/ErpMobile.Api.csproj]
/Users/ali1/Projects/Erp-entegrasyon/erp-api/Models/Item/ItemModel.cs(14,23): warning CS8618: Non-nullable property 'ItemDimTypeDescription' must contain a non-null value when exiting constructor. Consider adding the 'required' modifier or declaring the property as nullable. [/Users/ali1/Projects/Erp-entegrasyon/erp-api/ErpMobile.Api.csproj]
/Users/ali1/Projects/Erp-entegrasyon/erp-api/Models/Item/ItemModel.cs(15,23): warning CS8618: Non-nullable property 'UnitCode' must contain a non-null value when exiting constructor. Consider adding the 'required' modifier or declaring the property as nullable. [/Users/ali1/Projects/Erp-entegrasyon/erp-api/ErpMobile.Api.csproj]
/Users/ali1/Projects/Erp-entegrasyon/erp-api/Models/Item/ItemModel.cs(16,23): warning CS8618: Non-nullable property 'UnitOfMeasureCode1' must contain a non-null value when exiting constructor. Consider adding the 'required' modifier or declaring the property as nullable. [/Users/ali1/Projects/Erp-entegrasyon/erp-api/ErpMobile.Api.csproj]
/Users/ali1/Projects/Erp-entegrasyon/erp-api/Models/Item/ItemModel.cs(17,23): warning CS8618: Non-nullable property 'UnitOfMeasureCode2' must contain a non-null value when exiting constructor. Consider adding the 'required' modifier or declaring the property as nullable. [/Users/ali1/Projects/Erp-entegrasyon/erp-api/ErpMobile.Api.csproj]
/Users/ali1/Projects/Erp-entegrasyon/erp-api/Models/Item/ItemModel.cs(18,23): warning CS8618: Non-nullable property 'VatCode' must contain a non-null value when exiting constructor. Consider adding the 'required' modifier or declaring the property as nullable. [/Users/ali1/Projects/Erp-entegrasyon/erp-api/ErpMobile.Api.csproj]
/Users/ali1/Projects/Erp-entegrasyon/erp-api/Models/Item/ItemModel.cs(20,23): warning CS8618: Non-nullable property 'CompanyBrandCode' must contain a non-null value when exiting constructor. Consider adding the 'required' modifier or declaring the property as nullable. [/Users/ali1/Projects/Erp-entegrasyon/erp-api/ErpMobile.Api.csproj]
/Users/ali1/Projects/Erp-entegrasyon/erp-api/Models/Item/ItemAttributeTypeModel.cs(8,23): warning CS8618: Non-nullable property 'AttributeTypeCode' must contain a non-null value when exiting constructor. Consider adding the 'required' modifier or declaring the property as nullable. [/Users/ali1/Projects/Erp-entegrasyon/erp-api/ErpMobile.Api.csproj]
/Users/ali1/Projects/Erp-entegrasyon/erp-api/Models/Item/ItemAttributeTypeModel.cs(9,23): warning CS8618: Non-nullable property 'AttributeTypeDescription' must contain a non-null value when exiting constructor. Consider adding the 'required' modifier or declaring the property as nullable. [/Users/ali1/Projects/Erp-entegrasyon/erp-api/ErpMobile.Api.csproj]
/Users/ali1/Projects/Erp-entegrasyon/erp-api/Models/Item/ItemAttributeTypeModel.cs(10,23): warning CS8618: Non-nullable property 'ProductHierarchyFilter' must contain a non-null value when exiting constructor. Consider adding the 'required' modifier or declaring the property as nullable. [/Users/ali1/Projects/Erp-entegrasyon/erp-api/ErpMobile.Api.csproj]
/Users/ali1/Projects/Erp-entegrasyon/erp-api/Models/Item/ItemAttributeModel.cs(7,23): warning CS8618: Non-nullable property 'AttributeTypeCode' must contain a non-null value when exiting constructor. Consider adding the 'required' modifier or declaring the property as nullable. [/Users/ali1/Projects/Erp-entegrasyon/erp-api/ErpMobile.Api.csproj]
/Users/ali1/Projects/Erp-entegrasyon/erp-api/Models/Item/ItemAttributeModel.cs(8,23): warning CS8618: Non-nullable property 'AttributeTypeDescription' must contain a non-null value when exiting constructor. Consider adding the 'required' modifier or declaring the property as nullable. [/Users/ali1/Projects/Erp-entegrasyon/erp-api/ErpMobile.Api.csproj]
/Users/ali1/Projects/Erp-entegrasyon/erp-api/Models/Item/ItemAttributeModel.cs(9,23): warning CS8618: Non-nullable property 'AttributeCode' must contain a non-null value when exiting constructor. Consider adding the 'required' modifier or declaring the property as nullable. [/Users/ali1/Projects/Erp-entegrasyon/erp-api/ErpMobile.Api.csproj]
/Users/ali1/Projects/Erp-entegrasyon/erp-api/Models/Item/ItemAttributeModel.cs(10,23): warning CS8618: Non-nullable property 'AttributeDescription' must contain a non-null value when exiting constructor. Consider adding the 'required' modifier or declaring the property as nullable. [/Users/ali1/Projects/Erp-entegrasyon/erp-api/ErpMobile.Api.csproj]
/Users/ali1/Projects/Erp-entegrasyon/erp-api/Models/Item/ItemAttributeModel.cs(11,23): warning CS8618: Non-nullable property 'ProductHierarchyFilter' must contain a non-null value when exiting constructor. Consider adding the 'required' modifier or declaring the property as nullable. [/Users/ali1/Projects/Erp-entegrasyon/erp-api/ErpMobile.Api.csproj]
/Users/ali1/Projects/Erp-entegrasyon/erp-api/Models/Item/CreateItemRequest.cs(9,23): warning CS8618: Non-nullable property 'ItemCode' must contain a non-null value when exiting constructor. Consider adding the 'required' modifier or declaring the property as nullable. [/Users/ali1/Projects/Erp-entegrasyon/erp-api/ErpMobile.Api.csproj]
/Users/ali1/Projects/Erp-entegrasyon/erp-api/Models/Item/CreateItemRequest.cs(12,23): warning CS8618: Non-nullable property 'ItemDescription' must contain a non-null value when exiting constructor. Consider adding the 'required' modifier or declaring the property as nullable. [/Users/ali1/Projects/Erp-entegrasyon/erp-api/ErpMobile.Api.csproj]
/Users/ali1/Projects/Erp-entegrasyon/erp-api/Models/Item/CreateItemRequest.cs(15,23): warning CS8618: Non-nullable property 'ProductTypeCode' must contain a non-null value when exiting constructor. Consider adding the 'required' modifier or declaring the property as nullable. [/Users/ali1/Projects/Erp-entegrasyon/erp-api/ErpMobile.Api.csproj]
/Users/ali1/Projects/Erp-entegrasyon/erp-api/Models/Item/CreateItemRequest.cs(18,23): warning CS8618: Non-nullable property 'ItemDimTypeCode' must contain a non-null value when exiting constructor. Consider adding the 'required' modifier or declaring the property as nullable. [/Users/ali1/Projects/Erp-entegrasyon/erp-api/ErpMobile.Api.csproj]
/Users/ali1/Projects/Erp-entegrasyon/erp-api/Models/Item/CreateItemRequest.cs(21,23): warning CS8618: Non-nullable property 'UnitOfMeasureCode1' must contain a non-null value when exiting constructor. Consider adding the 'required' modifier or declaring the property as nullable. [/Users/ali1/Projects/Erp-entegrasyon/erp-api/ErpMobile.Api.csproj]
/Users/ali1/Projects/Erp-entegrasyon/erp-api/Models/Item/CreateItemRequest.cs(23,23): warning CS8618: Non-nullable property 'UnitOfMeasureCode2' must contain a non-null value when exiting constructor. Consider adding the 'required' modifier or declaring the property as nullable. [/Users/ali1/Projects/Erp-entegrasyon/erp-api/ErpMobile.Api.csproj]
/Users/ali1/Projects/Erp-entegrasyon/erp-api/Models/Item/CreateItemRequest.cs(25,23): warning CS8618: Non-nullable property 'CompanyBrandCode' must contain a non-null value when exiting constructor. Consider adding the 'required' modifier or declaring the property as nullable. [/Users/ali1/Projects/Erp-entegrasyon/erp-api/ErpMobile.Api.csproj]
/Users/ali1/Projects/Erp-entegrasyon/erp-api/Models/Item/BarcodeTypeModel.cs(7,23): warning CS8618: Non-nullable property 'BarcodeTypeCode' must contain a non-null value when exiting constructor. Consider adding the 'required' modifier or declaring the property as nullable. [/Users/ali1/Projects/Erp-entegrasyon/erp-api/ErpMobile.Api.csproj]
/Users/ali1/Projects/Erp-entegrasyon/erp-api/Models/Item/BarcodeTypeModel.cs(8,23): warning CS8618: Non-nullable property 'BarcodeTypeDescription' must contain a non-null value when exiting constructor. Consider adding the 'required' modifier or declaring the property as nullable. [/Users/ali1/Projects/Erp-entegrasyon/erp-api/ErpMobile.Api.csproj]
/Users/ali1/Projects/Erp-entegrasyon/erp-api/Models/Item/BarcodeTypeModel.cs(9,23): warning CS8618: Non-nullable property 'StandardBarcodeTypeCode' must contain a non-null value when exiting constructor. Consider adding the 'required' modifier or declaring the property as nullable. [/Users/ali1/Projects/Erp-entegrasyon/erp-api/ErpMobile.Api.csproj]
/Users/ali1/Projects/Erp-entegrasyon/erp-api/Models/Item/BarcodeTypeModel.cs(10,23): warning CS8618: Non-nullable property 'StandardBarcodeTypeDescription' must contain a non-null value when exiting constructor. Consider adding the 'required' modifier or declaring the property as nullable. [/Users/ali1/Projects/Erp-entegrasyon/erp-api/ErpMobile.Api.csproj]
/Users/ali1/Projects/Erp-entegrasyon/erp-api/Models/InvoiceType/InvoiceTypeModel.cs(11,23): warning CS8618: Non-nullable property 'LangCode' must contain a non-null value when exiting constructor. Consider adding the 'required' modifier or declaring the property as nullable. [/Users/ali1/Projects/Erp-entegrasyon/erp-api/ErpMobile.Api.csproj]
/Users/ali1/Projects/Erp-entegrasyon/erp-api/Models/InvoiceType/InvoiceTypeModel.cs(13,23): warning CS8618: Non-nullable property 'InvoiceTypeDescription' must contain a non-null value when exiting constructor. Consider adding the 'required' modifier or declaring the property as nullable. [/Users/ali1/Projects/Erp-entegrasyon/erp-api/ErpMobile.Api.csproj]
/Users/ali1/Projects/Erp-entegrasyon/erp-api/Models/Invoice/WholesalePurchaseInvoiceModel.cs(10,23): warning CS8618: Non-nullable property 'InvoiceNumber' must contain a non-null value when exiting constructor. Consider adding the 'required' modifier or declaring the property as nullable. [/Users/ali1/Projects/Erp-entegrasyon/erp-api/ErpMobile.Api.csproj]
/Users/ali1/Projects/Erp-entegrasyon/erp-api/Models/Invoice/WholesalePurchaseInvoiceModel.cs(16,23): warning CS8618: Non-nullable property 'VendorCode' must contain a non-null value when exiting constructor. Consider adding the 'required' modifier or declaring the property as nullable. [/Users/ali1/Projects/Erp-entegrasyon/erp-api/ErpMobile.Api.csproj]
/Users/ali1/Projects/Erp-entegrasyon/erp-api/Models/Invoice/WholesalePurchaseInvoiceModel.cs(18,23): warning CS8618: Non-nullable property 'VendorName' must contain a non-null value when exiting constructor. Consider adding the 'required' modifier or declaring the property as nullable. [/Users/ali1/Projects/Erp-entegrasyon/erp-api/ErpMobile.Api.csproj]
/Users/ali1/Projects/Erp-entegrasyon/erp-api/Models/Invoice/WholesalePurchaseInvoiceModel.cs(28,23): warning CS8618: Non-nullable property 'CurrencyCode' must contain a non-null value when exiting constructor. Consider adding the 'required' modifier or declaring the property as nullable. [/Users/ali1/Projects/Erp-entegrasyon/erp-api/ErpMobile.Api.csproj]
/Users/ali1/Projects/Erp-entegrasyon/erp-api/Models/Invoice/WholesalePurchaseInvoiceModel.cs(30,23): warning CS8618: Non-nullable property 'Status' must contain a non-null value when exiting constructor. Consider adding the 'required' modifier or declaring the property as nullable. [/Users/ali1/Projects/Erp-entegrasyon/erp-api/ErpMobile.Api.csproj]
/Users/ali1/Projects/Erp-entegrasyon/erp-api/Models/Invoice/WholesalePurchaseInvoiceModel.cs(40,23): warning CS8618: Non-nullable property 'Notes' must contain a non-null value when exiting constructor. Consider adding the 'required' modifier or declaring the property as nullable. [/Users/ali1/Projects/Erp-entegrasyon/erp-api/ErpMobile.Api.csproj]
/Users/ali1/Projects/Erp-entegrasyon/erp-api/Models/Invoice/WholesalePurchaseInvoiceModel.cs(42,23): warning CS8618: Non-nullable property 'CreatedBy' must contain a non-null value when exiting constructor. Consider adding the 'required' modifier or declaring the property as nullable. [/Users/ali1/Projects/Erp-entegrasyon/erp-api/ErpMobile.Api.csproj]
/Users/ali1/Projects/Erp-entegrasyon/erp-api/Models/Invoice/WholesalePurchaseInvoiceModel.cs(46,23): warning CS8618: Non-nullable property 'ModifiedBy' must contain a non-null value when exiting constructor. Consider adding the 'required' modifier or declaring the property as nullable. [/Users/ali1/Projects/Erp-entegrasyon/erp-api/ErpMobile.Api.csproj]
/Users/ali1/Projects/Erp-entegrasyon/erp-api/Controllers/SalesInvoiceController.cs(135,81): warning CS8625: Cannot convert null literal to non-nullable reference type. [/Users/ali1/Projects/Erp-entegrasyon/erp-api/ErpMobile.Api.csproj]
/Users/ali1/Projects/Erp-entegrasyon/erp-api/Models/Invoice/WholesaleInvoiceModel.cs(10,23): warning CS8618: Non-nullable property 'InvoiceNumber' must contain a non-null value when exiting constructor. Consider adding the 'required' modifier or declaring the property as nullable. [/Users/ali1/Projects/Erp-entegrasyon/erp-api/ErpMobile.Api.csproj]
/Users/ali1/Projects/Erp-entegrasyon/erp-api/Models/Invoice/WholesaleInvoiceModel.cs(16,23): warning CS8618: Non-nullable property 'CustomerCode' must contain a non-null value when exiting constructor. Consider adding the 'required' modifier or declaring the property as nullable. [/Users/ali1/Projects/Erp-entegrasyon/erp-api/ErpMobile.Api.csproj]
/Users/ali1/Projects/Erp-entegrasyon/erp-api/Models/Invoice/WholesaleInvoiceModel.cs(18,23): warning CS8618: Non-nullable property 'CustomerName' must contain a non-null value when exiting constructor. Consider adding the 'required' modifier or declaring the property as nullable. [/Users/ali1/Projects/Erp-entegrasyon/erp-api/ErpMobile.Api.csproj]
/Users/ali1/Projects/Erp-entegrasyon/erp-api/Models/Invoice/WholesaleInvoiceModel.cs(28,23): warning CS8618: Non-nullable property 'CurrencyCode' must contain a non-null value when exiting constructor. Consider adding the 'required' modifier or declaring the property as nullable. [/Users/ali1/Projects/Erp-entegrasyon/erp-api/ErpMobile.Api.csproj]
/Users/ali1/Projects/Erp-entegrasyon/erp-api/Models/Invoice/WholesaleInvoiceModel.cs(30,23): warning CS8618: Non-nullable property 'Status' must contain a non-null value when exiting constructor. Consider adding the 'required' modifier or declaring the property as nullable. [/Users/ali1/Projects/Erp-entegrasyon/erp-api/ErpMobile.Api.csproj]
/Users/ali1/Projects/Erp-entegrasyon/erp-api/Models/Invoice/WholesaleInvoiceModel.cs(40,23): warning CS8618: Non-nullable property 'Notes' must contain a non-null value when exiting constructor. Consider adding the 'required' modifier or declaring the property as nullable. [/Users/ali1/Projects/Erp-entegrasyon/erp-api/ErpMobile.Api.csproj]
/Users/ali1/Projects/Erp-entegrasyon/erp-api/Models/Invoice/WholesaleInvoiceModel.cs(42,23): warning CS8618: Non-nullable property 'CreatedBy' must contain a non-null value when exiting constructor. Consider adding the 'required' modifier or declaring the property as nullable. [/Users/ali1/Projects/Erp-entegrasyon/erp-api/ErpMobile.Api.csproj]
/Users/ali1/Projects/Erp-entegrasyon/erp-api/Models/Invoice/WholesaleInvoiceModel.cs(46,23): warning CS8618: Non-nullable property 'ModifiedBy' must contain a non-null value when exiting constructor. Consider adding the 'required' modifier or declaring the property as nullable. [/Users/ali1/Projects/Erp-entegrasyon/erp-api/ErpMobile.Api.csproj]
/Users/ali1/Projects/Erp-entegrasyon/erp-api/Models/Invoice/InvoicePaymentDetailModel.cs(7,23): warning CS8618: Non-nullable property 'DebitLineID' must contain a non-null value when exiting constructor. Consider adding the 'required' modifier or declaring the property as nullable. [/Users/ali1/Projects/Erp-entegrasyon/erp-api/ErpMobile.Api.csproj]
/Users/ali1/Projects/Erp-entegrasyon/erp-api/Models/Invoice/InvoicePaymentDetailModel.cs(8,23): warning CS8618: Non-nullable property 'CurrencyCode' must contain a non-null value when exiting constructor. Consider adding the 'required' modifier or declaring the property as nullable. [/Users/ali1/Projects/Erp-entegrasyon/erp-api/ErpMobile.Api.csproj]
/Users/ali1/Projects/Erp-entegrasyon/erp-api/Models/Invoice/InvoicePaymentDetailModel.cs(10,23): warning CS8618: Non-nullable property 'RelationCurrencyCode' must contain a non-null value when exiting constructor. Consider adding the 'required' modifier or declaring the property as nullable. [/Users/ali1/Projects/Erp-entegrasyon/erp-api/ErpMobile.Api.csproj]
/Users/ali1/Projects/Erp-entegrasyon/erp-api/Models/Invoice/InvoiceListResponse.cs(7,41): warning CS8618: Non-nullable property 'Items' must contain a non-null value when exiting constructor. Consider adding the 'required' modifier or declaring the property as nullable. [/Users/ali1/Projects/Erp-entegrasyon/erp-api/ErpMobile.Api.csproj]
/Users/ali1/Projects/Erp-entegrasyon/erp-api/Controllers/SalesInvoiceController.cs(151,83): warning CS8625: Cannot convert null literal to non-nullable reference type. [/Users/ali1/Projects/Erp-entegrasyon/erp-api/ErpMobile.Api.csproj]
/Users/ali1/Projects/Erp-entegrasyon/erp-api/Controllers/SalesInvoiceController.cs(168,79): warning CS8625: Cannot convert null literal to non-nullable reference type. [/Users/ali1/Projects/Erp-entegrasyon/erp-api/ErpMobile.Api.csproj]
/Users/ali1/Projects/Erp-entegrasyon/erp-api/Models/Invoice/InvoiceListRequest.cs(59,23): warning CS8618: Non-nullable property 'InvoiceNumber' must contain a non-null value when exiting constructor. Consider adding the 'required' modifier or declaring the property as nullable. [/Users/ali1/Projects/Erp-entegrasyon/erp-api/ErpMobile.Api.csproj]
/Users/ali1/Projects/Erp-entegrasyon/erp-api/Models/Invoice/InvoiceListRequest.cs(63,23): warning CS8618: Non-nullable property 'ProcessCode' must contain a non-null value when exiting constructor. Consider adding the 'required' modifier or declaring the property as nullable. [/Users/ali1/Projects/Erp-entegrasyon/erp-api/ErpMobile.Api.csproj]
/Users/ali1/Projects/Erp-entegrasyon/erp-api/Models/Invoice/InvoiceListRequest.cs(65,23): warning CS8618: Non-nullable property 'CustomerCode' must contain a non-null value when exiting constructor. Consider adding the 'required' modifier or declaring the property as nullable. [/Users/ali1/Projects/Erp-entegrasyon/erp-api/ErpMobile.Api.csproj]
/Users/ali1/Projects/Erp-entegrasyon/erp-api/Models/Invoice/InvoiceListRequest.cs(66,23): warning CS8618: Non-nullable property 'VendorCode' must contain a non-null value when exiting constructor. Consider adding the 'required' modifier or declaring the property as nullable. [/Users/ali1/Projects/Erp-entegrasyon/erp-api/ErpMobile.Api.csproj]
/Users/ali1/Projects/Erp-entegrasyon/erp-api/Models/Invoice/InvoiceListRequest.cs(73,23): warning CS8618: Non-nullable property 'CompanyCode' must contain a non-null value when exiting constructor. Consider adding the 'required' modifier or declaring the property as nullable. [/Users/ali1/Projects/Erp-entegrasyon/erp-api/ErpMobile.Api.csproj]
/Users/ali1/Projects/Erp-entegrasyon/erp-api/Models/Invoice/InvoiceListRequest.cs(74,23): warning CS8618: Non-nullable property 'StoreCode' must contain a non-null value when exiting constructor. Consider adding the 'required' modifier or declaring the property as nullable. [/Users/ali1/Projects/Erp-entegrasyon/erp-api/ErpMobile.Api.csproj]
/Users/ali1/Projects/Erp-entegrasyon/erp-api/Models/Invoice/InvoiceListRequest.cs(75,23): warning CS8618: Non-nullable property 'WarehouseCode' must contain a non-null value when exiting constructor. Consider adding the 'required' modifier or declaring the property as nullable. [/Users/ali1/Projects/Erp-entegrasyon/erp-api/ErpMobile.Api.csproj]
/Users/ali1/Projects/Erp-entegrasyon/erp-api/Controllers/SalesInvoiceController.cs(184,76): warning CS8625: Cannot convert null literal to non-nullable reference type. [/Users/ali1/Projects/Erp-entegrasyon/erp-api/ErpMobile.Api.csproj]
/Users/ali1/Projects/Erp-entegrasyon/erp-api/Controllers/SalesInvoiceController.cs(200,87): warning CS8625: Cannot convert null literal to non-nullable reference type. [/Users/ali1/Projects/Erp-entegrasyon/erp-api/ErpMobile.Api.csproj]
/Users/ali1/Projects/Erp-entegrasyon/erp-api/Models/Invoice/InvoiceHeaderModel.cs(9,23): warning CS8618: Non-nullable property 'InvoiceNumber' must contain a non-null value when exiting constructor. Consider adding the 'required' modifier or declaring the property as nullable. [/Users/ali1/Projects/Erp-entegrasyon/erp-api/ErpMobile.Api.csproj]
/Users/ali1/Projects/Erp-entegrasyon/erp-api/Models/Invoice/InvoiceHeaderModel.cs(12,23): warning CS8618: Non-nullable property 'InvoiceTypeCode' must contain a non-null value when exiting constructor. Consider adding the 'required' modifier or declaring the property as nullable. [/Users/ali1/Projects/Erp-entegrasyon/erp-api/ErpMobile.Api.csproj]
/Users/ali1/Projects/Erp-entegrasyon/erp-api/Models/Invoice/InvoiceHeaderModel.cs(13,23): warning CS8618: Non-nullable property 'InvoiceTypeDescription' must contain a non-null value when exiting constructor. Consider adding the 'required' modifier or declaring the property as nullable. [/Users/ali1/Projects/Erp-entegrasyon/erp-api/ErpMobile.Api.csproj]
/Users/ali1/Projects/Erp-entegrasyon/erp-api/Models/Invoice/InvoiceHeaderModel.cs(16,23): warning CS8618: Non-nullable property 'InvoiceTime' must contain a non-null value when exiting constructor. Consider adding the 'required' modifier or declaring the property as nullable. [/Users/ali1/Projects/Erp-entegrasyon/erp-api/ErpMobile.Api.csproj]
/Users/ali1/Projects/Erp-entegrasyon/erp-api/Models/Invoice/InvoiceHeaderModel.cs(19,23): warning CS8618: Non-nullable property 'VendorCode' must contain a non-null value when exiting constructor. Consider adding the 'required' modifier or declaring the property as nullable. [/Users/ali1/Projects/Erp-entegrasyon/erp-api/ErpMobile.Api.csproj]
/Users/ali1/Projects/Erp-entegrasyon/erp-api/Models/Invoice/InvoiceHeaderModel.cs(20,23): warning CS8618: Non-nullable property 'VendorDescription' must contain a non-null value when exiting constructor. Consider adding the 'required' modifier or declaring the property as nullable. [/Users/ali1/Projects/Erp-entegrasyon/erp-api/ErpMobile.Api.csproj]
/Users/ali1/Projects/Erp-entegrasyon/erp-api/Models/Invoice/InvoiceHeaderModel.cs(21,23): warning CS8618: Non-nullable property 'CustomerCode' must contain a non-null value when exiting constructor. Consider adding the 'required' modifier or declaring the property as nullable. [/Users/ali1/Projects/Erp-entegrasyon/erp-api/ErpMobile.Api.csproj]
/Users/ali1/Projects/Erp-entegrasyon/erp-api/Models/Invoice/InvoiceHeaderModel.cs(22,23): warning CS8618: Non-nullable property 'CustomerDescription' must contain a non-null value when exiting constructor. Consider adding the 'required' modifier or declaring the property as nullable. [/Users/ali1/Projects/Erp-entegrasyon/erp-api/ErpMobile.Api.csproj]
/Users/ali1/Projects/Erp-entegrasyon/erp-api/Models/Invoice/InvoiceHeaderModel.cs(23,23): warning CS8618: Non-nullable property 'RetailCustomerCode' must contain a non-null value when exiting constructor. Consider adding the 'required' modifier or declaring the property as nullable. [/Users/ali1/Projects/Erp-entegrasyon/erp-api/ErpMobile.Api.csproj]
/Users/ali1/Projects/Erp-entegrasyon/erp-api/Models/Invoice/InvoiceHeaderModel.cs(24,23): warning CS8618: Non-nullable property 'StoreCurrAccCode' must contain a non-null value when exiting constructor. Consider adding the 'required' modifier or declaring the property as nullable. [/Users/ali1/Projects/Erp-entegrasyon/erp-api/ErpMobile.Api.csproj]
/Users/ali1/Projects/Erp-entegrasyon/erp-api/Models/Invoice/InvoiceHeaderModel.cs(25,23): warning CS8618: Non-nullable property 'StoreDescription' must contain a non-null value when exiting constructor. Consider adding the 'required' modifier or declaring the property as nullable. [/Users/ali1/Projects/Erp-entegrasyon/erp-api/ErpMobile.Api.csproj]
/Users/ali1/Projects/Erp-entegrasyon/erp-api/Models/Invoice/InvoiceHeaderModel.cs(26,23): warning CS8618: Non-nullable property 'EmployeeCode' must contain a non-null value when exiting constructor. Consider adding the 'required' modifier or declaring the property as nullable. [/Users/ali1/Projects/Erp-entegrasyon/erp-api/ErpMobile.Api.csproj]
/Users/ali1/Projects/Erp-entegrasyon/erp-api/Models/Invoice/InvoiceHeaderModel.cs(27,23): warning CS8618: Non-nullable property 'FirstLastName' must contain a non-null value when exiting constructor. Consider adding the 'required' modifier or declaring the property as nullable. [/Users/ali1/Projects/Erp-entegrasyon/erp-api/ErpMobile.Api.csproj]
/Users/ali1/Projects/Erp-entegrasyon/erp-api/Models/Invoice/InvoiceHeaderModel.cs(29,23): warning CS8618: Non-nullable property 'SubCurrAccCode' must contain a non-null value when exiting constructor. Consider adding the 'required' modifier or declaring the property as nullable. [/Users/ali1/Projects/Erp-entegrasyon/erp-api/ErpMobile.Api.csproj]
/Users/ali1/Projects/Erp-entegrasyon/erp-api/Models/Invoice/InvoiceHeaderModel.cs(30,23): warning CS8618: Non-nullable property 'SubCurrAccCompanyName' must contain a non-null value when exiting constructor. Consider adding the 'required' modifier or declaring the property as nullable. [/Users/ali1/Projects/Erp-entegrasyon/erp-api/ErpMobile.Api.csproj]
/Users/ali1/Projects/Erp-entegrasyon/erp-api/Models/Invoice/InvoiceHeaderModel.cs(32,23): warning CS8618: Non-nullable property 'ProcessCode' must contain a non-null value when exiting constructor. Consider adding the 'required' modifier or declaring the property as nullable. [/Users/ali1/Projects/Erp-entegrasyon/erp-api/ErpMobile.Api.csproj]
/Users/ali1/Projects/Erp-entegrasyon/erp-api/Models/Invoice/InvoiceHeaderModel.cs(34,23): warning CS8618: Non-nullable property 'DocCurrencyCode' must contain a non-null value when exiting constructor. Consider adding the 'required' modifier or declaring the property as nullable. [/Users/ali1/Projects/Erp-entegrasyon/erp-api/ErpMobile.Api.csproj]
/Users/ali1/Projects/Erp-entegrasyon/erp-api/Models/Invoice/InvoiceHeaderModel.cs(35,23): warning CS8618: Non-nullable property 'CurrencyCode' must contain a non-null value when exiting constructor. Consider adding the 'required' modifier or declaring the property as nullable. [/Users/ali1/Projects/Erp-entegrasyon/erp-api/ErpMobile.Api.csproj]
/Users/ali1/Projects/Erp-entegrasyon/erp-api/Models/Invoice/InvoiceHeaderModel.cs(36,23): warning CS8618: Non-nullable property 'Series' must contain a non-null value when exiting constructor. Consider adding the 'required' modifier or declaring the property as nullable. [/Users/ali1/Projects/Erp-entegrasyon/erp-api/ErpMobile.Api.csproj]
/Users/ali1/Projects/Erp-entegrasyon/erp-api/Models/Invoice/InvoiceHeaderModel.cs(37,23): warning CS8618: Non-nullable property 'SeriesNumber' must contain a non-null value when exiting constructor. Consider adding the 'required' modifier or declaring the property as nullable. [/Users/ali1/Projects/Erp-entegrasyon/erp-api/ErpMobile.Api.csproj]
/Users/ali1/Projects/Erp-entegrasyon/erp-api/Models/Invoice/InvoiceHeaderModel.cs(38,23): warning CS8618: Non-nullable property 'EInvoiceNumber' must contain a non-null value when exiting constructor. Consider adding the 'required' modifier or declaring the property as nullable. [/Users/ali1/Projects/Erp-entegrasyon/erp-api/ErpMobile.Api.csproj]
/Users/ali1/Projects/Erp-entegrasyon/erp-api/Models/Invoice/InvoiceHeaderModel.cs(39,23): warning CS8618: Non-nullable property 'CompanyCode' must contain a non-null value when exiting constructor. Consider adding the 'required' modifier or declaring the property as nullable. [/Users/ali1/Projects/Erp-entegrasyon/erp-api/ErpMobile.Api.csproj]
/Users/ali1/Projects/Erp-entegrasyon/erp-api/Models/Invoice/InvoiceHeaderModel.cs(40,23): warning CS8618: Non-nullable property 'OfficeCode' must contain a non-null value when exiting constructor. Consider adding the 'required' modifier or declaring the property as nullable. [/Users/ali1/Projects/Erp-entegrasyon/erp-api/ErpMobile.Api.csproj]
/Users/ali1/Projects/Erp-entegrasyon/erp-api/Models/Invoice/InvoiceHeaderModel.cs(41,23): warning CS8618: Non-nullable property 'StoreCode' must contain a non-null value when exiting constructor. Consider adding the 'required' modifier or declaring the property as nullable. [/Users/ali1/Projects/Erp-entegrasyon/erp-api/ErpMobile.Api.csproj]
/Users/ali1/Projects/Erp-entegrasyon/erp-api/Models/Invoice/InvoiceHeaderModel.cs(42,23): warning CS8618: Non-nullable property 'WarehouseCode' must contain a non-null value when exiting constructor. Consider adding the 'required' modifier or declaring the property as nullable. [/Users/ali1/Projects/Erp-entegrasyon/erp-api/ErpMobile.Api.csproj]
/Users/ali1/Projects/Erp-entegrasyon/erp-api/Models/Invoice/InvoiceHeaderModel.cs(43,23): warning CS8618: Non-nullable property 'ImportFileNumber' must contain a non-null value when exiting constructor. Consider adding the 'required' modifier or declaring the property as nullable. [/Users/ali1/Projects/Erp-entegrasyon/erp-api/ErpMobile.Api.csproj]
/Users/ali1/Projects/Erp-entegrasyon/erp-api/Models/Invoice/InvoiceHeaderModel.cs(44,23): warning CS8618: Non-nullable property 'ExportFileNumber' must contain a non-null value when exiting constructor. Consider adding the 'required' modifier or declaring the property as nullable. [/Users/ali1/Projects/Erp-entegrasyon/erp-api/ErpMobile.Api.csproj]
/Users/ali1/Projects/Erp-entegrasyon/erp-api/Models/Invoice/InvoiceHeaderModel.cs(45,23): warning CS8618: Non-nullable property 'ExportTypeCode' must contain a non-null value when exiting constructor. Consider adding the 'required' modifier or declaring the property as nullable. [/Users/ali1/Projects/Erp-entegrasyon/erp-api/ErpMobile.Api.csproj]
/Users/ali1/Projects/Erp-entegrasyon/erp-api/Models/Invoice/InvoiceHeaderModel.cs(46,23): warning CS8618: Non-nullable property 'PosTerminalID' must contain a non-null value when exiting constructor. Consider adding the 'required' modifier or declaring the property as nullable. [/Users/ali1/Projects/Erp-entegrasyon/erp-api/ErpMobile.Api.csproj]
/Users/ali1/Projects/Erp-entegrasyon/erp-api/Models/Invoice/InvoiceHeaderModel.cs(47,23): warning CS8618: Non-nullable property 'TaxTypeCode' must contain a non-null value when exiting constructor. Consider adding the 'required' modifier or declaring the property as nullable. [/Users/ali1/Projects/Erp-entegrasyon/erp-api/ErpMobile.Api.csproj]
/Users/ali1/Projects/Erp-entegrasyon/erp-api/Models/Invoice/InvoiceHeaderModel.cs(54,23): warning CS8618: Non-nullable property 'JournalNumber' must contain a non-null value when exiting constructor. Consider adding the 'required' modifier or declaring the property as nullable. [/Users/ali1/Projects/Erp-entegrasyon/erp-api/ErpMobile.Api.csproj]
/Users/ali1/Projects/Erp-entegrasyon/erp-api/Models/Invoice/InvoiceHeaderModel.cs(56,23): warning CS8618: Non-nullable property 'ApplicationCode' must contain a non-null value when exiting constructor. Consider adding the 'required' modifier or declaring the property as nullable. [/Users/ali1/Projects/Erp-entegrasyon/erp-api/ErpMobile.Api.csproj]
/Users/ali1/Projects/Erp-entegrasyon/erp-api/Models/Invoice/InvoiceHeaderModel.cs(57,23): warning CS8618: Non-nullable property 'ApplicationDescription' must contain a non-null value when exiting constructor. Consider adding the 'required' modifier or declaring the property as nullable. [/Users/ali1/Projects/Erp-entegrasyon/erp-api/ErpMobile.Api.csproj]
/Users/ali1/Projects/Erp-entegrasyon/erp-api/Models/Invoice/InvoiceHeaderModel.cs(58,23): warning CS8618: Non-nullable property 'ApplicationID' must contain a non-null value when exiting constructor. Consider adding the 'required' modifier or declaring the property as nullable. [/Users/ali1/Projects/Erp-entegrasyon/erp-api/ErpMobile.Api.csproj]
/Users/ali1/Projects/Erp-entegrasyon/erp-api/Models/Invoice/InvoiceHeaderModel.cs(59,23): warning CS8618: Non-nullable property 'InvoiceHeaderID' must contain a non-null value when exiting constructor. Consider adding the 'required' modifier or declaring the property as nullable. [/Users/ali1/Projects/Erp-entegrasyon/erp-api/ErpMobile.Api.csproj]
/Users/ali1/Projects/Erp-entegrasyon/erp-api/Models/Invoice/InvoiceHeaderModel.cs(64,23): warning CS8618: Non-nullable property 'ShippingPostalAddressID' must contain a non-null value when exiting constructor. Consider adding the 'required' modifier or declaring the property as nullable. [/Users/ali1/Projects/Erp-entegrasyon/erp-api/ErpMobile.Api.csproj]
/Users/ali1/Projects/Erp-entegrasyon/erp-api/Models/Invoice/InvoiceHeaderModel.cs(65,23): warning CS8618: Non-nullable property 'BillingPostalAddressID' must contain a non-null value when exiting constructor. Consider adding the 'required' modifier or declaring the property as nullable. [/Users/ali1/Projects/Erp-entegrasyon/erp-api/ErpMobile.Api.csproj]
/Users/ali1/Projects/Erp-entegrasyon/erp-api/Models/Invoice/InvoiceHeaderModel.cs(68,23): warning CS8618: Non-nullable property 'CurrAccCode' must contain a non-null value when exiting constructor. Consider adding the 'required' modifier or declaring the property as nullable. [/Users/ali1/Projects/Erp-entegrasyon/erp-api/ErpMobile.Api.csproj]
/Users/ali1/Projects/Erp-entegrasyon/erp-api/Models/Invoice/InvoiceHeaderModel.cs(69,23): warning CS8618: Non-nullable property 'LocalCurrencyCode' must contain a non-null value when exiting constructor. Consider adding the 'required' modifier or declaring the property as nullable. [/Users/ali1/Projects/Erp-entegrasyon/erp-api/ErpMobile.Api.csproj]
/Users/ali1/Projects/Erp-entegrasyon/erp-api/Models/Invoice/InvoiceHeaderModel.cs(72,23): warning CS8618: Non-nullable property 'OperationTime' must contain a non-null value when exiting constructor. Consider adding the 'required' modifier or declaring the property as nullable. [/Users/ali1/Projects/Erp-entegrasyon/erp-api/ErpMobile.Api.csproj]
/Users/ali1/Projects/Erp-entegrasyon/erp-api/Models/Invoice/InvoiceHeaderModel.cs(81,23): warning CS8618: Non-nullable property 'Status' must contain a non-null value when exiting constructor. Consider adding the 'required' modifier or declaring the property as nullable. [/Users/ali1/Projects/Erp-entegrasyon/erp-api/ErpMobile.Api.csproj]
/Users/ali1/Projects/Erp-entegrasyon/erp-api/Models/Invoice/InvoiceHeaderModel.cs(82,23): warning CS8618: Non-nullable property 'Notes' must contain a non-null value when exiting constructor. Consider adding the 'required' modifier or declaring the property as nullable. [/Users/ali1/Projects/Erp-entegrasyon/erp-api/ErpMobile.Api.csproj]
/Users/ali1/Projects/Erp-entegrasyon/erp-api/Models/Invoice/InvoiceHeaderModel.cs(83,23): warning CS8618: Non-nullable property 'CreatedBy' must contain a non-null value when exiting constructor. Consider adding the 'required' modifier or declaring the property as nullable. [/Users/ali1/Projects/Erp-entegrasyon/erp-api/ErpMobile.Api.csproj]
/Users/ali1/Projects/Erp-entegrasyon/erp-api/Models/Invoice/InvoiceHeaderModel.cs(85,23): warning CS8618: Non-nullable property 'ModifiedBy' must contain a non-null value when exiting constructor. Consider adding the 'required' modifier or declaring the property as nullable. [/Users/ali1/Projects/Erp-entegrasyon/erp-api/ErpMobile.Api.csproj]
/Users/ali1/Projects/Erp-entegrasyon/erp-api/Models/Invoice/InvoiceHeaderModel.cs(89,23): warning CS8618: Non-nullable property 'CreatedUserName' must contain a non-null value when exiting constructor. Consider adding the 'required' modifier or declaring the property as nullable. [/Users/ali1/Projects/Erp-entegrasyon/erp-api/ErpMobile.Api.csproj]
/Users/ali1/Projects/Erp-entegrasyon/erp-api/Models/Invoice/InvoiceHeaderModel.cs(90,23): warning CS8618: Non-nullable property 'LastUpdatedUserName' must contain a non-null value when exiting constructor. Consider adding the 'required' modifier or declaring the property as nullable. [/Users/ali1/Projects/Erp-entegrasyon/erp-api/ErpMobile.Api.csproj]
/Users/ali1/Projects/Erp-entegrasyon/erp-api/Controllers/UserController.cs(85,62): warning CS8604: Possible null reference argument for parameter 'user' in 'Task<IList<string>> UserManager<User>.GetRolesAsync(User user)'. [/Users/ali1/Projects/Erp-entegrasyon/erp-api/ErpMobile.Api.csproj]
/Users/ali1/Projects/Erp-entegrasyon/erp-api/Controllers/SalesInvoiceController.cs(215,75): warning CS8625: Cannot convert null literal to non-nullable reference type. [/Users/ali1/Projects/Erp-entegrasyon/erp-api/ErpMobile.Api.csproj]
/Users/ali1/Projects/Erp-entegrasyon/erp-api/Entities/Common/cdCountry.cs(12,23): warning CS8618: Non-nullable property 'CountryCode' must contain a non-null value when exiting constructor. Consider adding the 'required' modifier or declaring the property as nullable. [/Users/ali1/Projects/Erp-entegrasyon/erp-api/ErpMobile.Api.csproj]
/Users/ali1/Projects/Erp-entegrasyon/erp-api/Entities/Common/cdCountry.cs(16,23): warning CS8618: Non-nullable property 'ISOCode' must contain a non-null value when exiting constructor. Consider adding the 'required' modifier or declaring the property as nullable. [/Users/ali1/Projects/Erp-entegrasyon/erp-api/ErpMobile.Api.csproj]
/Users/ali1/Projects/Erp-entegrasyon/erp-api/Entities/Common/cdCountry.cs(20,23): warning CS8618: Non-nullable property 'ISOCode3' must contain a non-null value when exiting constructor. Consider adding the 'required' modifier or declaring the property as nullable. [/Users/ali1/Projects/Erp-entegrasyon/erp-api/ErpMobile.Api.csproj]
/Users/ali1/Projects/Erp-entegrasyon/erp-api/Entities/Common/cdCountry.cs(27,23): warning CS8618: Non-nullable property 'CreatedUserName' must contain a non-null value when exiting constructor. Consider adding the 'required' modifier or declaring the property as nullable. [/Users/ali1/Projects/Erp-entegrasyon/erp-api/ErpMobile.Api.csproj]
/Users/ali1/Projects/Erp-entegrasyon/erp-api/Entities/Common/cdCountry.cs(34,23): warning CS8618: Non-nullable property 'LastUpdatedUserName' must contain a non-null value when exiting constructor. Consider adding the 'required' modifier or declaring the property as nullable. [/Users/ali1/Projects/Erp-entegrasyon/erp-api/ErpMobile.Api.csproj]
/Users/ali1/Projects/Erp-entegrasyon/erp-api/Models/Invoice/InvoiceDetailModel.cs(9,23): warning CS8618: Non-nullable property 'InvoiceHeaderID' must contain a non-null value when exiting constructor. Consider adding the 'required' modifier or declaring the property as nullable. [/Users/ali1/Projects/Erp-entegrasyon/erp-api/ErpMobile.Api.csproj]
/Users/ali1/Projects/Erp-entegrasyon/erp-api/Models/Invoice/InvoiceDetailModel.cs(10,23): warning CS8618: Non-nullable property 'InvoiceNumber' must contain a non-null value when exiting constructor. Consider adding the 'required' modifier or declaring the property as nullable. [/Users/ali1/Projects/Erp-entegrasyon/erp-api/ErpMobile.Api.csproj]
/Users/ali1/Projects/Erp-entegrasyon/erp-api/Models/Invoice/InvoiceDetailModel.cs(14,23): warning CS8618: Non-nullable property 'ItemCode' must contain a non-null value when exiting constructor. Consider adding the 'required' modifier or declaring the property as nullable. [/Users/ali1/Projects/Erp-entegrasyon/erp-api/ErpMobile.Api.csproj]
/Users/ali1/Projects/Erp-entegrasyon/erp-api/Models/Invoice/InvoiceDetailModel.cs(15,23): warning CS8618: Non-nullable property 'ItemDescription' must contain a non-null value when exiting constructor. Consider adding the 'required' modifier or declaring the property as nullable. [/Users/ali1/Projects/Erp-entegrasyon/erp-api/ErpMobile.Api.csproj]
/Users/ali1/Projects/Erp-entegrasyon/erp-api/Models/Invoice/InvoiceDetailModel.cs(16,23): warning CS8618: Non-nullable property 'ItemTypeCode' must contain a non-null value when exiting constructor. Consider adding the 'required' modifier or declaring the property as nullable. [/Users/ali1/Projects/Erp-entegrasyon/erp-api/ErpMobile.Api.csproj]
/Users/ali1/Projects/Erp-entegrasyon/erp-api/Models/Invoice/InvoiceDetailModel.cs(17,23): warning CS8618: Non-nullable property 'ProductTypeCode' must contain a non-null value when exiting constructor. Consider adding the 'required' modifier or declaring the property as nullable. [/Users/ali1/Projects/Erp-entegrasyon/erp-api/ErpMobile.Api.csproj]
/Users/ali1/Projects/Erp-entegrasyon/erp-api/Models/Invoice/InvoiceDetailModel.cs(18,23): warning CS8618: Non-nullable property 'UnitOfMeasureCode' must contain a non-null value when exiting constructor. Consider adding the 'required' modifier or declaring the property as nullable. [/Users/ali1/Projects/Erp-entegrasyon/erp-api/ErpMobile.Api.csproj]
/Users/ali1/Projects/Erp-entegrasyon/erp-api/Models/Invoice/InvoiceDetailModel.cs(19,23): warning CS8618: Non-nullable property 'SalesPersonCode' must contain a non-null value when exiting constructor. Consider adding the 'required' modifier or declaring the property as nullable. [/Users/ali1/Projects/Erp-entegrasyon/erp-api/ErpMobile.Api.csproj]
/Users/ali1/Projects/Erp-entegrasyon/erp-api/Models/Invoice/InvoiceDetailModel.cs(20,23): warning CS8618: Non-nullable property 'PromotionCode' must contain a non-null value when exiting constructor. Consider adding the 'required' modifier or declaring the property as nullable. [/Users/ali1/Projects/Erp-entegrasyon/erp-api/ErpMobile.Api.csproj]
/Users/ali1/Projects/Erp-entegrasyon/erp-api/Models/Invoice/InvoiceDetailModel.cs(23,23): warning CS8618: Non-nullable property 'ProductCode' must contain a non-null value when exiting constructor. Consider adding the 'required' modifier or declaring the property as nullable. [/Users/ali1/Projects/Erp-entegrasyon/erp-api/ErpMobile.Api.csproj]
/Users/ali1/Projects/Erp-entegrasyon/erp-api/Models/Invoice/InvoiceDetailModel.cs(24,23): warning CS8618: Non-nullable property 'ProductDescription' must contain a non-null value when exiting constructor. Consider adding the 'required' modifier or declaring the property as nullable. [/Users/ali1/Projects/Erp-entegrasyon/erp-api/ErpMobile.Api.csproj]
/Users/ali1/Projects/Erp-entegrasyon/erp-api/Models/Invoice/InvoiceDetailModel.cs(26,23): warning CS8618: Non-nullable property 'UnitCode' must contain a non-null value when exiting constructor. Consider adding the 'required' modifier or declaring the property as nullable. [/Users/ali1/Projects/Erp-entegrasyon/erp-api/ErpMobile.Api.csproj]
/Users/ali1/Projects/Erp-entegrasyon/erp-api/Models/Invoice/InvoiceDetailModel.cs(43,23): warning CS8618: Non-nullable property 'CurrencyCode' must contain a non-null value when exiting constructor. Consider adding the 'required' modifier or declaring the property as nullable. [/Users/ali1/Projects/Erp-entegrasyon/erp-api/ErpMobile.Api.csproj]
/Users/ali1/Projects/Erp-entegrasyon/erp-api/Models/Invoice/InvoiceDetailModel.cs(51,23): warning CS8618: Non-nullable property 'WarehouseCode' must contain a non-null value when exiting constructor. Consider adding the 'required' modifier or declaring the property as nullable. [/Users/ali1/Projects/Erp-entegrasyon/erp-api/ErpMobile.Api.csproj]
/Users/ali1/Projects/Erp-entegrasyon/erp-api/Models/Invoice/InvoiceDetailModel.cs(52,23): warning CS8618: Non-nullable property 'LocationCode' must contain a non-null value when exiting constructor. Consider adding the 'required' modifier or declaring the property as nullable. [/Users/ali1/Projects/Erp-entegrasyon/erp-api/ErpMobile.Api.csproj]
/Users/ali1/Projects/Erp-entegrasyon/erp-api/Models/Invoice/InvoiceDetailModel.cs(55,23): warning CS8618: Non-nullable property 'SerialNumber' must contain a non-null value when exiting constructor. Consider adding the 'required' modifier or declaring the property as nullable. [/Users/ali1/Projects/Erp-entegrasyon/erp-api/ErpMobile.Api.csproj]
/Users/ali1/Projects/Erp-entegrasyon/erp-api/Models/Invoice/InvoiceDetailModel.cs(56,23): warning CS8618: Non-nullable property 'BatchCode' must contain a non-null value when exiting constructor. Consider adding the 'required' modifier or declaring the property as nullable. [/Users/ali1/Projects/Erp-entegrasyon/erp-api/ErpMobile.Api.csproj]
/Users/ali1/Projects/Erp-entegrasyon/erp-api/Models/Invoice/InvoiceDetailModel.cs(57,23): warning CS8618: Non-nullable property 'Notes' must contain a non-null value when exiting constructor. Consider adding the 'required' modifier or declaring the property as nullable. [/Users/ali1/Projects/Erp-entegrasyon/erp-api/ErpMobile.Api.csproj]
/Users/ali1/Projects/Erp-entegrasyon/erp-api/Models/Invoice/InvoiceDetailModel.cs(62,23): warning CS8618: Non-nullable property 'CreatedBy' must contain a non-null value when exiting constructor. Consider adding the 'required' modifier or declaring the property as nullable. [/Users/ali1/Projects/Erp-entegrasyon/erp-api/ErpMobile.Api.csproj]
/Users/ali1/Projects/Erp-entegrasyon/erp-api/Models/Invoice/InvoiceDetailModel.cs(64,23): warning CS8618: Non-nullable property 'ModifiedBy' must contain a non-null value when exiting constructor. Consider adding the 'required' modifier or declaring the property as nullable. [/Users/ali1/Projects/Erp-entegrasyon/erp-api/ErpMobile.Api.csproj]
/Users/ali1/Projects/Erp-entegrasyon/erp-api/Models/Invoice/CreateInvoiceRequest.cs(114,23): warning CS8618: Non-nullable property 'ItemCode' must contain a non-null value when exiting constructor. Consider adding the 'required' modifier or declaring the property as nullable. [/Users/ali1/Projects/Erp-entegrasyon/erp-api/ErpMobile.Api.csproj]
/Users/ali1/Projects/Erp-entegrasyon/erp-api/Models/Invoice/CreateInvoiceRequest.cs(124,23): warning CS8618: Non-nullable property 'ColorCode' must contain a non-null value when exiting constructor. Consider adding the 'required' modifier or declaring the property as nullable. [/Users/ali1/Projects/Erp-entegrasyon/erp-api/ErpMobile.Api.csproj]
/Users/ali1/Projects/Erp-entegrasyon/erp-api/Models/Invoice/CreateInvoiceRequest.cs(129,23): warning CS8618: Non-nullable property 'ItemDim1Code' must contain a non-null value when exiting constructor. Consider adding the 'required' modifier or declaring the property as nullable. [/Users/ali1/Projects/Erp-entegrasyon/erp-api/ErpMobile.Api.csproj]
/Users/ali1/Projects/Erp-entegrasyon/erp-api/Models/Invoice/CreateInvoiceRequest.cs(134,23): warning CS8618: Non-nullable property 'ItemDim2Code' must contain a non-null value when exiting constructor. Consider adding the 'required' modifier or declaring the property as nullable. [/Users/ali1/Projects/Erp-entegrasyon/erp-api/ErpMobile.Api.csproj]
/Users/ali1/Projects/Erp-entegrasyon/erp-api/Models/Invoice/CreateInvoiceRequest.cs(139,23): warning CS8618: Non-nullable property 'ItemDim3Code' must contain a non-null value when exiting constructor. Consider adding the 'required' modifier or declaring the property as nullable. [/Users/ali1/Projects/Erp-entegrasyon/erp-api/ErpMobile.Api.csproj]
/Users/ali1/Projects/Erp-entegrasyon/erp-api/Models/Invoice/CreateInvoiceRequest.cs(145,23): warning CS8618: Non-nullable property 'UnitOfMeasureCode' must contain a non-null value when exiting constructor. Consider adding the 'required' modifier or declaring the property as nullable. [/Users/ali1/Projects/Erp-entegrasyon/erp-api/ErpMobile.Api.csproj]
/Users/ali1/Projects/Erp-entegrasyon/erp-api/Models/Invoice/CreateInvoiceRequest.cs(172,23): warning CS8618: Non-nullable property 'VatCode' must contain a non-null value when exiting constructor. Consider adding the 'required' modifier or declaring the property as nullable. [/Users/ali1/Projects/Erp-entegrasyon/erp-api/ErpMobile.Api.csproj]
/Users/ali1/Projects/Erp-entegrasyon/erp-api/Models/Invoice/CreateInvoiceRequest.cs(202,23): warning CS8618: Non-nullable property 'CurrencyCode' must contain a non-null value when exiting constructor. Consider adding the 'required' modifier or declaring the property as nullable. [/Users/ali1/Projects/Erp-entegrasyon/erp-api/ErpMobile.Api.csproj]
/Users/ali1/Projects/Erp-entegrasyon/erp-api/Models/Invoice/CreateInvoiceRequest.cs(207,23): warning CS8618: Non-nullable property 'PriceCurrencyCode' must contain a non-null value when exiting constructor. Consider adding the 'required' modifier or declaring the property as nullable. [/Users/ali1/Projects/Erp-entegrasyon/erp-api/ErpMobile.Api.csproj]
/Users/ali1/Projects/Erp-entegrasyon/erp-api/Models/Invoice/CreateInvoiceRequest.cs(217,23): warning CS8618: Non-nullable property 'WarehouseCode' must contain a non-null value when exiting constructor. Consider adding the 'required' modifier or declaring the property as nullable. [/Users/ali1/Projects/Erp-entegrasyon/erp-api/ErpMobile.Api.csproj]
/Users/ali1/Projects/Erp-entegrasyon/erp-api/Models/Invoice/CreateInvoiceRequest.cs(232,23): warning CS8618: Non-nullable property 'SalesPersonCode' must contain a non-null value when exiting constructor. Consider adding the 'required' modifier or declaring the property as nullable. [/Users/ali1/Projects/Erp-entegrasyon/erp-api/ErpMobile.Api.csproj]
/Users/ali1/Projects/Erp-entegrasyon/erp-api/Models/Invoice/CreateInvoiceRequest.cs(237,23): warning CS8618: Non-nullable property 'ProductTypeCode' must contain a non-null value when exiting constructor. Consider adding the 'required' modifier or declaring the property as nullable. [/Users/ali1/Projects/Erp-entegrasyon/erp-api/ErpMobile.Api.csproj]
/Users/ali1/Projects/Erp-entegrasyon/erp-api/Models/Invoice/CreateInvoiceRequest.cs(242,23): warning CS8618: Non-nullable property 'PromotionCode' must contain a non-null value when exiting constructor. Consider adding the 'required' modifier or declaring the property as nullable. [/Users/ali1/Projects/Erp-entegrasyon/erp-api/ErpMobile.Api.csproj]
/Users/ali1/Projects/Erp-entegrasyon/erp-api/Models/Invoice/CreateInvoiceRequest.cs(247,23): warning CS8618: Non-nullable property 'BatchCode' must contain a non-null value when exiting constructor. Consider adding the 'required' modifier or declaring the property as nullable. [/Users/ali1/Projects/Erp-entegrasyon/erp-api/ErpMobile.Api.csproj]
/Users/ali1/Projects/Erp-entegrasyon/erp-api/Models/Invoice/CreateInvoiceRequest.cs(252,23): warning CS8618: Non-nullable property 'Description' must contain a non-null value when exiting constructor. Consider adding the 'required' modifier or declaring the property as nullable. [/Users/ali1/Projects/Erp-entegrasyon/erp-api/ErpMobile.Api.csproj]
/Users/ali1/Projects/Erp-entegrasyon/erp-api/Models/Invoice/CreateInvoiceRequest.cs(11,23): warning CS8618: Non-nullable property 'InvoiceNumber' must contain a non-null value when exiting constructor. Consider adding the 'required' modifier or declaring the property as nullable. [/Users/ali1/Projects/Erp-entegrasyon/erp-api/ErpMobile.Api.csproj]
/Users/ali1/Projects/Erp-entegrasyon/erp-api/Models/Invoice/CreateInvoiceRequest.cs(22,23): warning CS8618: Non-nullable property 'InvoiceTime' must contain a non-null value when exiting constructor. Consider adding the 'required' modifier or declaring the property as nullable. [/Users/ali1/Projects/Erp-entegrasyon/erp-api/ErpMobile.Api.csproj]
/Users/ali1/Projects/Erp-entegrasyon/erp-api/Models/Invoice/CreateInvoiceRequest.cs(27,23): warning CS8618: Non-nullable property 'VendorCode' must contain a non-null value when exiting constructor. Consider adding the 'required' modifier or declaring the property as nullable. [/Users/ali1/Projects/Erp-entegrasyon/erp-api/ErpMobile.Api.csproj]
/Users/ali1/Projects/Erp-entegrasyon/erp-api/Models/Invoice/CreateInvoiceRequest.cs(29,23): warning CS8618: Non-nullable property 'CustomerCode' must contain a non-null value when exiting constructor. Consider adding the 'required' modifier or declaring the property as nullable. [/Users/ali1/Projects/Erp-entegrasyon/erp-api/ErpMobile.Api.csproj]
/Users/ali1/Projects/Erp-entegrasyon/erp-api/Models/Invoice/CreateInvoiceRequest.cs(31,23): warning CS8618: Non-nullable property 'RetailCustomerCode' must contain a non-null value when exiting constructor. Consider adding the 'required' modifier or declaring the property as nullable. [/Users/ali1/Projects/Erp-entegrasyon/erp-api/ErpMobile.Api.csproj]
/Users/ali1/Projects/Erp-entegrasyon/erp-api/Models/Invoice/CreateInvoiceRequest.cs(33,23): warning CS8618: Non-nullable property 'StoreCurrAccCode' must contain a non-null value when exiting constructor. Consider adding the 'required' modifier or declaring the property as nullable. [/Users/ali1/Projects/Erp-entegrasyon/erp-api/ErpMobile.Api.csproj]
/Users/ali1/Projects/Erp-entegrasyon/erp-api/Models/Invoice/CreateInvoiceRequest.cs(35,23): warning CS8618: Non-nullable property 'EmployeeCode' must contain a non-null value when exiting constructor. Consider adding the 'required' modifier or declaring the property as nullable. [/Users/ali1/Projects/Erp-entegrasyon/erp-api/ErpMobile.Api.csproj]
/Users/ali1/Projects/Erp-entegrasyon/erp-api/Models/Invoice/CreateInvoiceRequest.cs(37,23): warning CS8618: Non-nullable property 'SubCurrAccCode' must contain a non-null value when exiting constructor. Consider adding the 'required' modifier or declaring the property as nullable. [/Users/ali1/Projects/Erp-entegrasyon/erp-api/ErpMobile.Api.csproj]
/Users/ali1/Projects/Erp-entegrasyon/erp-api/Models/Invoice/CreateInvoiceRequest.cs(43,23): warning CS8618: Non-nullable property 'ProcessCode' must contain a non-null value when exiting constructor. Consider adding the 'required' modifier or declaring the property as nullable. [/Users/ali1/Projects/Erp-entegrasyon/erp-api/ErpMobile.Api.csproj]
/Users/ali1/Projects/Erp-entegrasyon/erp-api/Models/Invoice/CreateInvoiceRequest.cs(48,23): warning CS8618: Non-nullable property 'DocCurrencyCode' must contain a non-null value when exiting constructor. Consider adding the 'required' modifier or declaring the property as nullable. [/Users/ali1/Projects/Erp-entegrasyon/erp-api/ErpMobile.Api.csproj]
/Users/ali1/Projects/Erp-entegrasyon/erp-api/Models/Invoice/CreateInvoiceRequest.cs(52,23): warning CS8618: Non-nullable property 'Series' must contain a non-null value when exiting constructor. Consider adding the 'required' modifier or declaring the property as nullable. [/Users/ali1/Projects/Erp-entegrasyon/erp-api/ErpMobile.Api.csproj]
/Users/ali1/Projects/Erp-entegrasyon/erp-api/Models/Invoice/CreateInvoiceRequest.cs(54,23): warning CS8618: Non-nullable property 'SeriesNumber' must contain a non-null value when exiting constructor. Consider adding the 'required' modifier or declaring the property as nullable. [/Users/ali1/Projects/Erp-entegrasyon/erp-api/ErpMobile.Api.csproj]
/Users/ali1/Projects/Erp-entegrasyon/erp-api/Models/Invoice/CreateInvoiceRequest.cs(56,23): warning CS8618: Non-nullable property 'EInvoiceNumber' must contain a non-null value when exiting constructor. Consider adding the 'required' modifier or declaring the property as nullable. [/Users/ali1/Projects/Erp-entegrasyon/erp-api/ErpMobile.Api.csproj]
/Users/ali1/Projects/Erp-entegrasyon/erp-api/Models/Invoice/CreateInvoiceRequest.cs(59,23): warning CS8618: Non-nullable property 'CompanyCode' must contain a non-null value when exiting constructor. Consider adding the 'required' modifier or declaring the property as nullable. [/Users/ali1/Projects/Erp-entegrasyon/erp-api/ErpMobile.Api.csproj]
/Users/ali1/Projects/Erp-entegrasyon/erp-api/Models/Invoice/CreateInvoiceRequest.cs(61,23): warning CS8618: Non-nullable property 'OfficeCode' must contain a non-null value when exiting constructor. Consider adding the 'required' modifier or declaring the property as nullable. [/Users/ali1/Projects/Erp-entegrasyon/erp-api/ErpMobile.Api.csproj]
/Users/ali1/Projects/Erp-entegrasyon/erp-api/Models/Invoice/CreateInvoiceRequest.cs(63,23): warning CS8618: Non-nullable property 'StoreCode' must contain a non-null value when exiting constructor. Consider adding the 'required' modifier or declaring the property as nullable. [/Users/ali1/Projects/Erp-entegrasyon/erp-api/ErpMobile.Api.csproj]
/Users/ali1/Projects/Erp-entegrasyon/erp-api/Models/Invoice/CreateInvoiceRequest.cs(66,23): warning CS8618: Non-nullable property 'WarehouseCode' must contain a non-null value when exiting constructor. Consider adding the 'required' modifier or declaring the property as nullable. [/Users/ali1/Projects/Erp-entegrasyon/erp-api/ErpMobile.Api.csproj]
/Users/ali1/Projects/Erp-entegrasyon/erp-api/Models/Invoice/CreateInvoiceRequest.cs(68,23): warning CS8618: Non-nullable property 'ImportFileNumber' must contain a non-null value when exiting constructor. Consider adding the 'required' modifier or declaring the property as nullable. [/Users/ali1/Projects/Erp-entegrasyon/erp-api/ErpMobile.Api.csproj]
/Users/ali1/Projects/Erp-entegrasyon/erp-api/Models/Invoice/CreateInvoiceRequest.cs(70,23): warning CS8618: Non-nullable property 'ExportFileNumber' must contain a non-null value when exiting constructor. Consider adding the 'required' modifier or declaring the property as nullable. [/Users/ali1/Projects/Erp-entegrasyon/erp-api/ErpMobile.Api.csproj]
/Users/ali1/Projects/Erp-entegrasyon/erp-api/Models/Invoice/CreateInvoiceRequest.cs(72,23): warning CS8618: Non-nullable property 'ExportTypeCode' must contain a non-null value when exiting constructor. Consider adding the 'required' modifier or declaring the property as nullable. [/Users/ali1/Projects/Erp-entegrasyon/erp-api/ErpMobile.Api.csproj]
/Users/ali1/Projects/Erp-entegrasyon/erp-api/Models/Invoice/CreateInvoiceRequest.cs(74,23): warning CS8618: Non-nullable property 'PosTerminalID' must contain a non-null value when exiting constructor. Consider adding the 'required' modifier or declaring the property as nullable. [/Users/ali1/Projects/Erp-entegrasyon/erp-api/ErpMobile.Api.csproj]
/Users/ali1/Projects/Erp-entegrasyon/erp-api/Models/Invoice/CreateInvoiceRequest.cs(76,23): warning CS8618: Non-nullable property 'TaxTypeCode' must contain a non-null value when exiting constructor. Consider adding the 'required' modifier or declaring the property as nullable. [/Users/ali1/Projects/Erp-entegrasyon/erp-api/ErpMobile.Api.csproj]
/Users/ali1/Projects/Erp-entegrasyon/erp-api/Models/Invoice/CreateInvoiceRequest.cs(82,23): warning CS8618: Non-nullable property 'ApplicationCode' must contain a non-null value when exiting constructor. Consider adding the 'required' modifier or declaring the property as nullable. [/Users/ali1/Projects/Erp-entegrasyon/erp-api/ErpMobile.Api.csproj]
/Users/ali1/Projects/Erp-entegrasyon/erp-api/Models/Invoice/CreateInvoiceRequest.cs(90,23): warning CS8618: Non-nullable property 'DocumentType' must contain a non-null value when exiting constructor. Consider adding the 'required' modifier or declaring the property as nullable. [/Users/ali1/Projects/Erp-entegrasyon/erp-api/ErpMobile.Api.csproj]
/Users/ali1/Projects/Erp-entegrasyon/erp-api/Models/Invoice/CreateInvoiceRequest.cs(96,23): warning CS8618: Non-nullable property 'Notes' must contain a non-null value when exiting constructor. Consider adding the 'required' modifier or declaring the property as nullable. [/Users/ali1/Projects/Erp-entegrasyon/erp-api/ErpMobile.Api.csproj]
/Users/ali1/Projects/Erp-entegrasyon/erp-api/Models/Invoice/CreateInvoiceRequest.cs(100,49): warning CS8618: Non-nullable property 'Details' must contain a non-null value when exiting constructor. Consider adding the 'required' modifier or declaring the property as nullable. [/Users/ali1/Projects/Erp-entegrasyon/erp-api/ErpMobile.Api.csproj]
/Users/ali1/Projects/Erp-entegrasyon/erp-api/Controllers/InvoiceController.cs(842,45): warning CS0618: 'SqlConnection' is obsolete: 'Use the Microsoft.Data.SqlClient package instead.' [/Users/ali1/Projects/Erp-entegrasyon/erp-api/ErpMobile.Api.csproj]
/Users/ali1/Projects/Erp-entegrasyon/erp-api/Controllers/InvoiceController.cs(850,46): warning CS0618: 'SqlCommand' is obsolete: 'Use the Microsoft.Data.SqlClient package instead.' [/Users/ali1/Projects/Erp-entegrasyon/erp-api/ErpMobile.Api.csproj]
/Users/ali1/Projects/Erp-entegrasyon/erp-api/Controllers/InvoiceController.cs(870,46): warning CS0618: 'SqlCommand' is obsolete: 'Use the Microsoft.Data.SqlClient package instead.' [/Users/ali1/Projects/Erp-entegrasyon/erp-api/ErpMobile.Api.csproj]
/Users/ali1/Projects/Erp-entegrasyon/erp-api/Controllers/InvoiceController.cs(890,46): warning CS0618: 'SqlCommand' is obsolete: 'Use the Microsoft.Data.SqlClient package instead.' [/Users/ali1/Projects/Erp-entegrasyon/erp-api/ErpMobile.Api.csproj]
/Users/ali1/Projects/Erp-entegrasyon/erp-api/Controllers/InvoiceController.cs(910,46): warning CS0618: 'SqlCommand' is obsolete: 'Use the Microsoft.Data.SqlClient package instead.' [/Users/ali1/Projects/Erp-entegrasyon/erp-api/ErpMobile.Api.csproj]
/Users/ali1/Projects/Erp-entegrasyon/erp-api/Controllers/InvoiceController.cs(858,58): warning CS8601: Possible null reference assignment. [/Users/ali1/Projects/Erp-entegrasyon/erp-api/ErpMobile.Api.csproj]
/Users/ali1/Projects/Erp-entegrasyon/erp-api/Controllers/InvoiceController.cs(878,58): warning CS8601: Possible null reference assignment. [/Users/ali1/Projects/Erp-entegrasyon/erp-api/ErpMobile.Api.csproj]
/Users/ali1/Projects/Erp-entegrasyon/erp-api/Controllers/InvoiceController.cs(898,58): warning CS8601: Possible null reference assignment. [/Users/ali1/Projects/Erp-entegrasyon/erp-api/ErpMobile.Api.csproj]
/Users/ali1/Projects/Erp-entegrasyon/erp-api/Controllers/InvoiceController.cs(918,58): warning CS8601: Possible null reference assignment. [/Users/ali1/Projects/Erp-entegrasyon/erp-api/ErpMobile.Api.csproj]
/Users/ali1/Projects/Erp-entegrasyon/erp-api/Models/Inventory/InventoryStockModel.cs(7,23): warning CS8618: Non-nullable property 'ItemCode' must contain a non-null value when exiting constructor. Consider adding the 'required' modifier or declaring the property as nullable. [/Users/ali1/Projects/Erp-entegrasyon/erp-api/ErpMobile.Api.csproj]
/Users/ali1/Projects/Erp-entegrasyon/erp-api/Models/Inventory/InventoryStockModel.cs(8,23): warning CS8618: Non-nullable property 'ItemTypeCode' must contain a non-null value when exiting constructor. Consider adding the 'required' modifier or declaring the property as nullable. [/Users/ali1/Projects/Erp-entegrasyon/erp-api/ErpMobile.Api.csproj]
/Users/ali1/Projects/Erp-entegrasyon/erp-api/Models/Inventory/InventoryStockModel.cs(9,23): warning CS8618: Non-nullable property 'UsedBarcode' must contain a non-null value when exiting constructor. Consider adding the 'required' modifier or declaring the property as nullable. [/Users/ali1/Projects/Erp-entegrasyon/erp-api/ErpMobile.Api.csproj]
/Users/ali1/Projects/Erp-entegrasyon/erp-api/Models/Inventory/InventoryStockModel.cs(10,23): warning CS8618: Non-nullable property 'ItemDescription' must contain a non-null value when exiting constructor. Consider adding the 'required' modifier or declaring the property as nullable. [/Users/ali1/Projects/Erp-entegrasyon/erp-api/ErpMobile.Api.csproj]
/Users/ali1/Projects/Erp-entegrasyon/erp-api/Models/Inventory/InventoryStockModel.cs(11,23): warning CS8618: Non-nullable property 'ColorDescription' must contain a non-null value when exiting constructor. Consider adding the 'required' modifier or declaring the property as nullable. [/Users/ali1/Projects/Erp-entegrasyon/erp-api/ErpMobile.Api.csproj]
/Users/ali1/Projects/Erp-entegrasyon/erp-api/Models/Inventory/InventoryStockModel.cs(12,23): warning CS8618: Non-nullable property 'BinCode' must contain a non-null value when exiting constructor. Consider adding the 'required' modifier or declaring the property as nullable. [/Users/ali1/Projects/Erp-entegrasyon/erp-api/ErpMobile.Api.csproj]
/Users/ali1/Projects/Erp-entegrasyon/erp-api/Models/Inventory/InventoryStockModel.cs(13,23): warning CS8618: Non-nullable property 'UnitOfMeasureCode' must contain a non-null value when exiting constructor. Consider adding the 'required' modifier or declaring the property as nullable. [/Users/ali1/Projects/Erp-entegrasyon/erp-api/ErpMobile.Api.csproj]
/Users/ali1/Projects/Erp-entegrasyon/erp-api/Models/Inventory/InventoryStockModel.cs(14,23): warning CS8618: Non-nullable property 'BarcodeTypeCode' must contain a non-null value when exiting constructor. Consider adding the 'required' modifier or declaring the property as nullable. [/Users/ali1/Projects/Erp-entegrasyon/erp-api/ErpMobile.Api.csproj]
/Users/ali1/Projects/Erp-entegrasyon/erp-api/Models/Inventory/InventoryStockModel.cs(15,23): warning CS8618: Non-nullable property 'ColorCode' must contain a non-null value when exiting constructor. Consider adding the 'required' modifier or declaring the property as nullable. [/Users/ali1/Projects/Erp-entegrasyon/erp-api/ErpMobile.Api.csproj]
/Users/ali1/Projects/Erp-entegrasyon/erp-api/Models/Inventory/InventoryStockModel.cs(16,23): warning CS8618: Non-nullable property 'ItemDim1Code' must contain a non-null value when exiting constructor. Consider adding the 'required' modifier or declaring the property as nullable. [/Users/ali1/Projects/Erp-entegrasyon/erp-api/ErpMobile.Api.csproj]
/Users/ali1/Projects/Erp-entegrasyon/erp-api/Models/Inventory/InventoryStockModel.cs(17,23): warning CS8618: Non-nullable property 'ItemDim2TypeCode' must contain a non-null value when exiting constructor. Consider adding the 'required' modifier or declaring the property as nullable. [/Users/ali1/Projects/Erp-entegrasyon/erp-api/ErpMobile.Api.csproj]
/Users/ali1/Projects/Erp-entegrasyon/erp-api/Models/Inventory/InventoryStockModel.cs(18,23): warning CS8618: Non-nullable property 'ItemDim2Code' must contain a non-null value when exiting constructor. Consider adding the 'required' modifier or declaring the property as nullable. [/Users/ali1/Projects/Erp-entegrasyon/erp-api/ErpMobile.Api.csproj]
/Users/ali1/Projects/Erp-entegrasyon/erp-api/Models/Inventory/InventoryStockModel.cs(19,23): warning CS8618: Non-nullable property 'ItemDim3Code' must contain a non-null value when exiting constructor. Consider adding the 'required' modifier or declaring the property as nullable. [/Users/ali1/Projects/Erp-entegrasyon/erp-api/ErpMobile.Api.csproj]
/Users/ali1/Projects/Erp-entegrasyon/erp-api/Models/Inventory/InventoryStockModel.cs(20,23): warning CS8618: Non-nullable property 'WarehouseCode' must contain a non-null value when exiting constructor. Consider adding the 'required' modifier or declaring the property as nullable. [/Users/ali1/Projects/Erp-entegrasyon/erp-api/ErpMobile.Api.csproj]
/Users/ali1/Projects/Erp-entegrasyon/erp-api/Models/Inventory/InventoryStockModel.cs(21,23): warning CS8618: Non-nullable property 'WarehouseName' must contain a non-null value when exiting constructor. Consider adding the 'required' modifier or declaring the property as nullable. [/Users/ali1/Projects/Erp-entegrasyon/erp-api/ErpMobile.Api.csproj]
/Users/ali1/Projects/Erp-entegrasyon/erp-api/Models/Entities/ExchangeRate.cs(18,23): warning CS8618: Non-nullable property 'CurrencyCode' must contain a non-null value when exiting constructor. Consider adding the 'required' modifier or declaring the property as nullable. [/Users/ali1/Projects/Erp-entegrasyon/erp-api/ErpMobile.Api.csproj]
/Users/ali1/Projects/Erp-entegrasyon/erp-api/Models/Entities/ExchangeRate.cs(29,23): warning CS8618: Non-nullable property 'Source' must contain a non-null value when exiting constructor. Consider adding the 'required' modifier or declaring the property as nullable. [/Users/ali1/Projects/Erp-entegrasyon/erp-api/ErpMobile.Api.csproj]
/Users/ali1/Projects/Erp-entegrasyon/erp-api/Models/Entities/ExchangeRate.cs(33,23): warning CS8618: Non-nullable property 'Type' must contain a non-null value when exiting constructor. Consider adding the 'required' modifier or declaring the property as nullable. [/Users/ali1/Projects/Erp-entegrasyon/erp-api/ErpMobile.Api.csproj]
/Users/ali1/Projects/Erp-entegrasyon/erp-api/Models/Entities/CurrencyDescription.cs(15,23): warning CS8618: Non-nullable property 'CurrencyCode' must contain a non-null value when exiting constructor. Consider adding the 'required' modifier or declaring the property as nullable. [/Users/ali1/Projects/Erp-entegrasyon/erp-api/ErpMobile.Api.csproj]
/Users/ali1/Projects/Erp-entegrasyon/erp-api/Models/Entities/CurrencyDescription.cs(19,23): warning CS8618: Non-nullable property 'LangCode' must contain a non-null value when exiting constructor. Consider adding the 'required' modifier or declaring the property as nullable. [/Users/ali1/Projects/Erp-entegrasyon/erp-api/ErpMobile.Api.csproj]
/Users/ali1/Projects/Erp-entegrasyon/erp-api/Models/Entities/CurrencyDescription.cs(23,23): warning CS8618: Non-nullable property 'Description' must contain a non-null value when exiting constructor. Consider adding the 'required' modifier or declaring the property as nullable. [/Users/ali1/Projects/Erp-entegrasyon/erp-api/ErpMobile.Api.csproj]
/Users/ali1/Projects/Erp-entegrasyon/erp-api/Models/Dto/ExchangeRateDto.cs(8,23): warning CS8618: Non-nullable property 'CurrencyCode' must contain a non-null value when exiting constructor. Consider adding the 'required' modifier or declaring the property as nullable. [/Users/ali1/Projects/Erp-entegrasyon/erp-api/ErpMobile.Api.csproj]
/Users/ali1/Projects/Erp-entegrasyon/erp-api/Models/Dto/ExchangeRateDto.cs(9,23): warning CS8618: Non-nullable property 'CurrencyDescription' must contain a non-null value when exiting constructor. Consider adding the 'required' modifier or declaring the property as nullable. [/Users/ali1/Projects/Erp-entegrasyon/erp-api/ErpMobile.Api.csproj]
/Users/ali1/Projects/Erp-entegrasyon/erp-api/Models/Dto/ExchangeRateDto.cs(25,23): warning CS8618: Non-nullable property 'Source' must contain a non-null value when exiting constructor. Consider adding the 'required' modifier or declaring the property as nullable. [/Users/ali1/Projects/Erp-entegrasyon/erp-api/ErpMobile.Api.csproj]
/Users/ali1/Projects/Erp-entegrasyon/erp-api/Models/CustomerDebtResponse.cs(49,23): warning CS8618: Non-nullable property 'CurrAccCode' must contain a non-null value when exiting constructor. Consider adding the 'required' modifier or declaring the property as nullable. [/Users/ali1/Projects/Erp-entegrasyon/erp-api/ErpMobile.Api.csproj]
/Users/ali1/Projects/Erp-entegrasyon/erp-api/Models/CustomerDebtResponse.cs(50,23): warning CS8618: Non-nullable property 'CurrAccDescription' must contain a non-null value when exiting constructor. Consider adding the 'required' modifier or declaring the property as nullable. [/Users/ali1/Projects/Erp-entegrasyon/erp-api/ErpMobile.Api.csproj]
/Users/ali1/Projects/Erp-entegrasyon/erp-api/Models/CustomerDebtResponse.cs(51,23): warning CS8618: Non-nullable property 'CurrencyCode' must contain a non-null value when exiting constructor. Consider adding the 'required' modifier or declaring the property as nullable. [/Users/ali1/Projects/Erp-entegrasyon/erp-api/ErpMobile.Api.csproj]
/Users/ali1/Projects/Erp-entegrasyon/erp-api/Models/CustomerDebtResponse.cs(9,23): warning CS8618: Non-nullable property 'CurrAccCode' must contain a non-null value when exiting constructor. Consider adding the 'required' modifier or declaring the property as nullable. [/Users/ali1/Projects/Erp-entegrasyon/erp-api/ErpMobile.Api.csproj]
/Users/ali1/Projects/Erp-entegrasyon/erp-api/Models/CustomerDebtResponse.cs(11,23): warning CS8618: Non-nullable property 'CompanyCode' must contain a non-null value when exiting constructor. Consider adding the 'required' modifier or declaring the property as nullable. [/Users/ali1/Projects/Erp-entegrasyon/erp-api/ErpMobile.Api.csproj]
/Users/ali1/Projects/Erp-entegrasyon/erp-api/Models/CustomerDebtResponse.cs(12,23): warning CS8618: Non-nullable property 'OfficeCode' must contain a non-null value when exiting constructor. Consider adding the 'required' modifier or declaring the property as nullable. [/Users/ali1/Projects/Erp-entegrasyon/erp-api/ErpMobile.Api.csproj]
/Users/ali1/Projects/Erp-entegrasyon/erp-api/Models/CustomerDebtResponse.cs(13,23): warning CS8618: Non-nullable property 'StoreTypeCode' must contain a non-null value when exiting constructor. Consider adding the 'required' modifier or declaring the property as nullable. [/Users/ali1/Projects/Erp-entegrasyon/erp-api/ErpMobile.Api.csproj]
/Users/ali1/Projects/Erp-entegrasyon/erp-api/Models/CustomerDebtResponse.cs(14,23): warning CS8618: Non-nullable property 'StoreCode' must contain a non-null value when exiting constructor. Consider adding the 'required' modifier or declaring the property as nullable. [/Users/ali1/Projects/Erp-entegrasyon/erp-api/ErpMobile.Api.csproj]
/Users/ali1/Projects/Erp-entegrasyon/erp-api/Models/CustomerDebtResponse.cs(16,23): warning CS8618: Non-nullable property 'DocumentNumber' must contain a non-null value when exiting constructor. Consider adding the 'required' modifier or declaring the property as nullable. [/Users/ali1/Projects/Erp-entegrasyon/erp-api/ErpMobile.Api.csproj]
/Users/ali1/Projects/Erp-entegrasyon/erp-api/Models/CustomerDebtResponse.cs(18,23): warning CS8618: Non-nullable property 'LineDescription' must contain a non-null value when exiting constructor. Consider adding the 'required' modifier or declaring the property as nullable. [/Users/ali1/Projects/Erp-entegrasyon/erp-api/ErpMobile.Api.csproj]
/Users/ali1/Projects/Erp-entegrasyon/erp-api/Models/CustomerDebtResponse.cs(19,23): warning CS8618: Non-nullable property 'RefNumber' must contain a non-null value when exiting constructor. Consider adding the 'required' modifier or declaring the property as nullable. [/Users/ali1/Projects/Erp-entegrasyon/erp-api/ErpMobile.Api.csproj]
/Users/ali1/Projects/Erp-entegrasyon/erp-api/Models/CustomerDebtResponse.cs(22,23): warning CS8618: Non-nullable property 'Doc_CurrencyCode' must contain a non-null value when exiting constructor. Consider adding the 'required' modifier or declaring the property as nullable. [/Users/ali1/Projects/Erp-entegrasyon/erp-api/ErpMobile.Api.csproj]
/Users/ali1/Projects/Erp-entegrasyon/erp-api/Models/CustomerDebtResponse.cs(26,23): warning CS8618: Non-nullable property 'Loc_CurrencyCode' must contain a non-null value when exiting constructor. Consider adding the 'required' modifier or declaring the property as nullable. [/Users/ali1/Projects/Erp-entegrasyon/erp-api/ErpMobile.Api.csproj]
/Users/ali1/Projects/Erp-entegrasyon/erp-api/Models/CustomerDebtResponse.cs(32,23): warning CS8618: Non-nullable property 'DebitReasonCode' must contain a non-null value when exiting constructor. Consider adding the 'required' modifier or declaring the property as nullable. [/Users/ali1/Projects/Erp-entegrasyon/erp-api/ErpMobile.Api.csproj]
/Users/ali1/Projects/Erp-entegrasyon/erp-api/Models/CustomerDebtResponse.cs(35,23): warning CS8618: Non-nullable property 'ApplicationCode' must contain a non-null value when exiting constructor. Consider adding the 'required' modifier or declaring the property as nullable. [/Users/ali1/Projects/Erp-entegrasyon/erp-api/ErpMobile.Api.csproj]
/Users/ali1/Projects/Erp-entegrasyon/erp-api/Models/CustomerDebtResponse.cs(39,23): warning CS8618: Non-nullable property 'ATAtt01' must contain a non-null value when exiting constructor. Consider adding the 'required' modifier or declaring the property as nullable. [/Users/ali1/Projects/Erp-entegrasyon/erp-api/ErpMobile.Api.csproj]
/Users/ali1/Projects/Erp-entegrasyon/erp-api/Models/CustomerDebtResponse.cs(40,23): warning CS8618: Non-nullable property 'ATAtt02' must contain a non-null value when exiting constructor. Consider adding the 'required' modifier or declaring the property as nullable. [/Users/ali1/Projects/Erp-entegrasyon/erp-api/ErpMobile.Api.csproj]
/Users/ali1/Projects/Erp-entegrasyon/erp-api/Models/CustomerDebtResponse.cs(41,23): warning CS8618: Non-nullable property 'ATAtt03' must contain a non-null value when exiting constructor. Consider adding the 'required' modifier or declaring the property as nullable. [/Users/ali1/Projects/Erp-entegrasyon/erp-api/ErpMobile.Api.csproj]
/Users/ali1/Projects/Erp-entegrasyon/erp-api/Models/CustomerDebtResponse.cs(42,23): warning CS8618: Non-nullable property 'ATAtt04' must contain a non-null value when exiting constructor. Consider adding the 'required' modifier or declaring the property as nullable. [/Users/ali1/Projects/Erp-entegrasyon/erp-api/ErpMobile.Api.csproj]
/Users/ali1/Projects/Erp-entegrasyon/erp-api/Models/CustomerDebtResponse.cs(43,23): warning CS8618: Non-nullable property 'ATAtt05' must contain a non-null value when exiting constructor. Consider adding the 'required' modifier or declaring the property as nullable. [/Users/ali1/Projects/Erp-entegrasyon/erp-api/ErpMobile.Api.csproj]
/Users/ali1/Projects/Erp-entegrasyon/erp-api/Controllers/ItemController.cs(1116,45): warning CS8601: Possible null reference assignment. [/Users/ali1/Projects/Erp-entegrasyon/erp-api/ErpMobile.Api.csproj]
/Users/ali1/Projects/Erp-entegrasyon/erp-api/Controllers/ItemController.cs(1117,39): warning CS8601: Possible null reference assignment. [/Users/ali1/Projects/Erp-entegrasyon/erp-api/ErpMobile.Api.csproj]
/Users/ali1/Projects/Erp-entegrasyon/erp-api/Models/CustomerCreditResponse.cs(47,23): warning CS8618: Non-nullable property 'CurrAccCode' must contain a non-null value when exiting constructor. Consider adding the 'required' modifier or declaring the property as nullable. [/Users/ali1/Projects/Erp-entegrasyon/erp-api/ErpMobile.Api.csproj]
/Users/ali1/Projects/Erp-entegrasyon/erp-api/Models/CustomerCreditResponse.cs(48,23): warning CS8618: Non-nullable property 'CurrAccDescription' must contain a non-null value when exiting constructor. Consider adding the 'required' modifier or declaring the property as nullable. [/Users/ali1/Projects/Erp-entegrasyon/erp-api/ErpMobile.Api.csproj]
/Users/ali1/Projects/Erp-entegrasyon/erp-api/Models/CustomerCreditResponse.cs(49,23): warning CS8618: Non-nullable property 'CurrencyCode' must contain a non-null value when exiting constructor. Consider adding the 'required' modifier or declaring the property as nullable. [/Users/ali1/Projects/Erp-entegrasyon/erp-api/ErpMobile.Api.csproj]
/Users/ali1/Projects/Erp-entegrasyon/erp-api/Models/CustomerCreditResponse.cs(56,23): warning CS8618: Non-nullable property 'PaymentTypeDescription' must contain a non-null value when exiting constructor. Consider adding the 'required' modifier or declaring the property as nullable. [/Users/ali1/Projects/Erp-entegrasyon/erp-api/ErpMobile.Api.csproj]
/Users/ali1/Projects/Erp-entegrasyon/erp-api/Controllers/ItemController.cs(1118,40): warning CS8601: Possible null reference assignment. [/Users/ali1/Projects/Erp-entegrasyon/erp-api/ErpMobile.Api.csproj]
/Users/ali1/Projects/Erp-entegrasyon/erp-api/Controllers/ItemController.cs(1119,44): warning CS8601: Possible null reference assignment. [/Users/ali1/Projects/Erp-entegrasyon/erp-api/ErpMobile.Api.csproj]
/Users/ali1/Projects/Erp-entegrasyon/erp-api/Controllers/ItemController.cs(1120,43): warning CS8601: Possible null reference assignment. [/Users/ali1/Projects/Erp-entegrasyon/erp-api/ErpMobile.Api.csproj]
/Users/ali1/Projects/Erp-entegrasyon/erp-api/Controllers/ItemController.cs(1121,40): warning CS8601: Possible null reference assignment. [/Users/ali1/Projects/Erp-entegrasyon/erp-api/ErpMobile.Api.csproj]
/Users/ali1/Projects/Erp-entegrasyon/erp-api/Controllers/ItemController.cs(1122,39): warning CS8601: Possible null reference assignment. [/Users/ali1/Projects/Erp-entegrasyon/erp-api/ErpMobile.Api.csproj]
/Users/ali1/Projects/Erp-entegrasyon/erp-api/Controllers/ItemController.cs(1123,43): warning CS8601: Possible null reference assignment. [/Users/ali1/Projects/Erp-entegrasyon/erp-api/ErpMobile.Api.csproj]
/Users/ali1/Projects/Erp-entegrasyon/erp-api/Controllers/ItemController.cs(1124,41): warning CS8601: Possible null reference assignment. [/Users/ali1/Projects/Erp-entegrasyon/erp-api/ErpMobile.Api.csproj]
/Users/ali1/Projects/Erp-entegrasyon/erp-api/Controllers/ItemController.cs(1125,38): warning CS8601: Possible null reference assignment. [/Users/ali1/Projects/Erp-entegrasyon/erp-api/ErpMobile.Api.csproj]
/Users/ali1/Projects/Erp-entegrasyon/erp-api/Controllers/ItemController.cs(1126,36): warning CS8601: Possible null reference assignment. [/Users/ali1/Projects/Erp-entegrasyon/erp-api/ErpMobile.Api.csproj]
/Users/ali1/Projects/Erp-entegrasyon/erp-api/Controllers/ItemController.cs(1127,43): warning CS8601: Possible null reference assignment. [/Users/ali1/Projects/Erp-entegrasyon/erp-api/ErpMobile.Api.csproj]
/Users/ali1/Projects/Erp-entegrasyon/erp-api/Controllers/ItemController.cs(1128,50): warning CS8601: Possible null reference assignment. [/Users/ali1/Projects/Erp-entegrasyon/erp-api/ErpMobile.Api.csproj]
/Users/ali1/Projects/Erp-entegrasyon/erp-api/Controllers/ItemController.cs(1129,41): warning CS8601: Possible null reference assignment. [/Users/ali1/Projects/Erp-entegrasyon/erp-api/ErpMobile.Api.csproj]
/Users/ali1/Projects/Erp-entegrasyon/erp-api/Controllers/ItemController.cs(1130,48): warning CS8601: Possible null reference assignment. [/Users/ali1/Projects/Erp-entegrasyon/erp-api/ErpMobile.Api.csproj]
/Users/ali1/Projects/Erp-entegrasyon/erp-api/Controllers/ItemController.cs(1131,40): warning CS8601: Possible null reference assignment. [/Users/ali1/Projects/Erp-entegrasyon/erp-api/ErpMobile.Api.csproj]
/Users/ali1/Projects/Erp-entegrasyon/erp-api/Controllers/ItemController.cs(1132,47): warning CS8601: Possible null reference assignment. [/Users/ali1/Projects/Erp-entegrasyon/erp-api/ErpMobile.Api.csproj]
/Users/ali1/Projects/Erp-entegrasyon/erp-api/Controllers/ItemController.cs(1133,44): warning CS8601: Possible null reference assignment. [/Users/ali1/Projects/Erp-entegrasyon/erp-api/ErpMobile.Api.csproj]
/Users/ali1/Projects/Erp-entegrasyon/erp-api/Controllers/ItemController.cs(1134,51): warning CS8601: Possible null reference assignment. [/Users/ali1/Projects/Erp-entegrasyon/erp-api/ErpMobile.Api.csproj]
/Users/ali1/Projects/Erp-entegrasyon/erp-api/Controllers/ItemController.cs(1135,39): warning CS8601: Possible null reference assignment. [/Users/ali1/Projects/Erp-entegrasyon/erp-api/ErpMobile.Api.csproj]
/Users/ali1/Projects/Erp-entegrasyon/erp-api/Controllers/ItemController.cs(1136,49): warning CS8601: Possible null reference assignment. [/Users/ali1/Projects/Erp-entegrasyon/erp-api/ErpMobile.Api.csproj]
/Users/ali1/Projects/Erp-entegrasyon/erp-api/Controllers/ItemController.cs(1152,36): warning CS8625: Cannot convert null literal to non-nullable reference type. [/Users/ali1/Projects/Erp-entegrasyon/erp-api/ErpMobile.Api.csproj]
/Users/ali1/Projects/Erp-entegrasyon/erp-api/Models/CustomerCreditResponse.cs(9,23): warning CS8618: Non-nullable property 'CurrAccCode' must contain a non-null value when exiting constructor. Consider adding the 'required' modifier or declaring the property as nullable. [/Users/ali1/Projects/Erp-entegrasyon/erp-api/ErpMobile.Api.csproj]
/Users/ali1/Projects/Erp-entegrasyon/erp-api/Models/CustomerCreditResponse.cs(11,23): warning CS8618: Non-nullable property 'CompanyCode' must contain a non-null value when exiting constructor. Consider adding the 'required' modifier or declaring the property as nullable. [/Users/ali1/Projects/Erp-entegrasyon/erp-api/ErpMobile.Api.csproj]
/Users/ali1/Projects/Erp-entegrasyon/erp-api/Models/CustomerCreditResponse.cs(12,23): warning CS8618: Non-nullable property 'OfficeCode' must contain a non-null value when exiting constructor. Consider adding the 'required' modifier or declaring the property as nullable. [/Users/ali1/Projects/Erp-entegrasyon/erp-api/ErpMobile.Api.csproj]
/Users/ali1/Projects/Erp-entegrasyon/erp-api/Models/CustomerCreditResponse.cs(13,23): warning CS8618: Non-nullable property 'StoreTypeCode' must contain a non-null value when exiting constructor. Consider adding the 'required' modifier or declaring the property as nullable. [/Users/ali1/Projects/Erp-entegrasyon/erp-api/ErpMobile.Api.csproj]
/Users/ali1/Projects/Erp-entegrasyon/erp-api/Models/CustomerCreditResponse.cs(14,23): warning CS8618: Non-nullable property 'StoreCode' must contain a non-null value when exiting constructor. Consider adding the 'required' modifier or declaring the property as nullable. [/Users/ali1/Projects/Erp-entegrasyon/erp-api/ErpMobile.Api.csproj]
/Users/ali1/Projects/Erp-entegrasyon/erp-api/Models/CustomerCreditResponse.cs(16,23): warning CS8618: Non-nullable property 'DocumentNumber' must contain a non-null value when exiting constructor. Consider adding the 'required' modifier or declaring the property as nullable. [/Users/ali1/Projects/Erp-entegrasyon/erp-api/ErpMobile.Api.csproj]
/Users/ali1/Projects/Erp-entegrasyon/erp-api/Models/CustomerCreditResponse.cs(17,23): warning CS8618: Non-nullable property 'RefNumber' must contain a non-null value when exiting constructor. Consider adding the 'required' modifier or declaring the property as nullable. [/Users/ali1/Projects/Erp-entegrasyon/erp-api/ErpMobile.Api.csproj]
/Users/ali1/Projects/Erp-entegrasyon/erp-api/Models/CustomerCreditResponse.cs(19,23): warning CS8618: Non-nullable property 'LineDescription' must contain a non-null value when exiting constructor. Consider adding the 'required' modifier or declaring the property as nullable. [/Users/ali1/Projects/Erp-entegrasyon/erp-api/ErpMobile.Api.csproj]
/Users/ali1/Projects/Erp-entegrasyon/erp-api/Models/CustomerCreditResponse.cs(22,23): warning CS8618: Non-nullable property 'Doc_CurrencyCode' must contain a non-null value when exiting constructor. Consider adding the 'required' modifier or declaring the property as nullable. [/Users/ali1/Projects/Erp-entegrasyon/erp-api/ErpMobile.Api.csproj]
/Users/ali1/Projects/Erp-entegrasyon/erp-api/Models/CustomerCreditResponse.cs(26,23): warning CS8618: Non-nullable property 'Loc_CurrencyCode' must contain a non-null value when exiting constructor. Consider adding the 'required' modifier or declaring the property as nullable. [/Users/ali1/Projects/Erp-entegrasyon/erp-api/ErpMobile.Api.csproj]
/Users/ali1/Projects/Erp-entegrasyon/erp-api/Models/CustomerCreditResponse.cs(31,23): warning CS8618: Non-nullable property 'ApplicationCode' must contain a non-null value when exiting constructor. Consider adding the 'required' modifier or declaring the property as nullable. [/Users/ali1/Projects/Erp-entegrasyon/erp-api/ErpMobile.Api.csproj]
/Users/ali1/Projects/Erp-entegrasyon/erp-api/Models/CustomerCreditResponse.cs(37,23): warning CS8618: Non-nullable property 'ATAtt01' must contain a non-null value when exiting constructor. Consider adding the 'required' modifier or declaring the property as nullable. [/Users/ali1/Projects/Erp-entegrasyon/erp-api/ErpMobile.Api.csproj]
/Users/ali1/Projects/Erp-entegrasyon/erp-api/Models/CustomerCreditResponse.cs(38,23): warning CS8618: Non-nullable property 'ATAtt02' must contain a non-null value when exiting constructor. Consider adding the 'required' modifier or declaring the property as nullable. [/Users/ali1/Projects/Erp-entegrasyon/erp-api/ErpMobile.Api.csproj]
/Users/ali1/Projects/Erp-entegrasyon/erp-api/Models/CustomerCreditResponse.cs(39,23): warning CS8618: Non-nullable property 'ATAtt03' must contain a non-null value when exiting constructor. Consider adding the 'required' modifier or declaring the property as nullable. [/Users/ali1/Projects/Erp-entegrasyon/erp-api/ErpMobile.Api.csproj]
/Users/ali1/Projects/Erp-entegrasyon/erp-api/Models/CustomerCreditResponse.cs(40,23): warning CS8618: Non-nullable property 'ATAtt04' must contain a non-null value when exiting constructor. Consider adding the 'required' modifier or declaring the property as nullable. [/Users/ali1/Projects/Erp-entegrasyon/erp-api/ErpMobile.Api.csproj]
/Users/ali1/Projects/Erp-entegrasyon/erp-api/Models/CustomerCreditResponse.cs(41,23): warning CS8618: Non-nullable property 'ATAtt05' must contain a non-null value when exiting constructor. Consider adding the 'required' modifier or declaring the property as nullable. [/Users/ali1/Projects/Erp-entegrasyon/erp-api/ErpMobile.Api.csproj]
/Users/ali1/Projects/Erp-entegrasyon/erp-api/Models/Customer/Dtos/StateDto.cs(5,23): warning CS8618: Non-nullable property 'StateCode' must contain a non-null value when exiting constructor. Consider adding the 'required' modifier or declaring the property as nullable. [/Users/ali1/Projects/Erp-entegrasyon/erp-api/ErpMobile.Api.csproj]
/Users/ali1/Projects/Erp-entegrasyon/erp-api/Models/Customer/Dtos/StateDto.cs(6,23): warning CS8618: Non-nullable property 'StateName' must contain a non-null value when exiting constructor. Consider adding the 'required' modifier or declaring the property as nullable. [/Users/ali1/Projects/Erp-entegrasyon/erp-api/ErpMobile.Api.csproj]
/Users/ali1/Projects/Erp-entegrasyon/erp-api/Models/Customer/Dtos/StateDto.cs(7,23): warning CS8618: Non-nullable property 'CountryCode' must contain a non-null value when exiting constructor. Consider adding the 'required' modifier or declaring the property as nullable. [/Users/ali1/Projects/Erp-entegrasyon/erp-api/ErpMobile.Api.csproj]
/Users/ali1/Projects/Erp-entegrasyon/erp-api/Controllers/ShipmentController.cs(85,51): warning CS8601: Possible null reference assignment. [/Users/ali1/Projects/Erp-entegrasyon/erp-api/ErpMobile.Api.csproj]
/Users/ali1/Projects/Erp-entegrasyon/erp-api/Controllers/ShipmentController.cs(86,43): warning CS8601: Possible null reference assignment. [/Users/ali1/Projects/Erp-entegrasyon/erp-api/ErpMobile.Api.csproj]
/Users/ali1/Projects/Erp-entegrasyon/erp-api/Controllers/ShipmentController.cs(87,43): warning CS8601: Possible null reference assignment. [/Users/ali1/Projects/Erp-entegrasyon/erp-api/ErpMobile.Api.csproj]
/Users/ali1/Projects/Erp-entegrasyon/erp-api/Controllers/ShipmentController.cs(88,50): warning CS8601: Possible null reference assignment. [/Users/ali1/Projects/Erp-entegrasyon/erp-api/ErpMobile.Api.csproj]
/Users/ali1/Projects/Erp-entegrasyon/erp-api/Controllers/ShipmentController.cs(89,39): warning CS8601: Possible null reference assignment. [/Users/ali1/Projects/Erp-entegrasyon/erp-api/ErpMobile.Api.csproj]
/Users/ali1/Projects/Erp-entegrasyon/erp-api/Controllers/ShipmentController.cs(90,36): warning CS8601: Possible null reference assignment. [/Users/ali1/Projects/Erp-entegrasyon/erp-api/ErpMobile.Api.csproj]
/Users/ali1/Projects/Erp-entegrasyon/erp-api/Controllers/ShipmentController.cs(91,40): warning CS8601: Possible null reference assignment. [/Users/ali1/Projects/Erp-entegrasyon/erp-api/ErpMobile.Api.csproj]
/Users/ali1/Projects/Erp-entegrasyon/erp-api/Controllers/ShipmentController.cs(92,42): warning CS8601: Possible null reference assignment. [/Users/ali1/Projects/Erp-entegrasyon/erp-api/ErpMobile.Api.csproj]
/Users/ali1/Projects/Erp-entegrasyon/erp-api/Controllers/ShipmentController.cs(93,43): warning CS8601: Possible null reference assignment. [/Users/ali1/Projects/Erp-entegrasyon/erp-api/ErpMobile.Api.csproj]
/Users/ali1/Projects/Erp-entegrasyon/erp-api/Models/Customer/Dtos/DistrictDto.cs(5,23): warning CS8618: Non-nullable property 'DistrictCode' must contain a non-null value when exiting constructor. Consider adding the 'required' modifier or declaring the property as nullable. [/Users/ali1/Projects/Erp-entegrasyon/erp-api/ErpMobile.Api.csproj]
/Users/ali1/Projects/Erp-entegrasyon/erp-api/Models/Customer/Dtos/DistrictDto.cs(6,23): warning CS8618: Non-nullable property 'DistrictName' must contain a non-null value when exiting constructor. Consider adding the 'required' modifier or declaring the property as nullable. [/Users/ali1/Projects/Erp-entegrasyon/erp-api/ErpMobile.Api.csproj]
/Users/ali1/Projects/Erp-entegrasyon/erp-api/Models/Customer/Dtos/DistrictDto.cs(7,23): warning CS8618: Non-nullable property 'CityCode' must contain a non-null value when exiting constructor. Consider adding the 'required' modifier or declaring the property as nullable. [/Users/ali1/Projects/Erp-entegrasyon/erp-api/ErpMobile.Api.csproj]
/Users/ali1/Projects/Erp-entegrasyon/erp-api/Models/Customer/Dtos/CountryDto.cs(5,23): warning CS8618: Non-nullable property 'CountryCode' must contain a non-null value when exiting constructor. Consider adding the 'required' modifier or declaring the property as nullable. [/Users/ali1/Projects/Erp-entegrasyon/erp-api/ErpMobile.Api.csproj]
/Users/ali1/Projects/Erp-entegrasyon/erp-api/Models/Customer/Dtos/CountryDto.cs(6,23): warning CS8618: Non-nullable property 'CountryName' must contain a non-null value when exiting constructor. Consider adding the 'required' modifier or declaring the property as nullable. [/Users/ali1/Projects/Erp-entegrasyon/erp-api/ErpMobile.Api.csproj]
/Users/ali1/Projects/Erp-entegrasyon/erp-api/Models/Customer/Dtos/ContactDto.cs(6,23): warning CS8618: Non-nullable property 'CustomerCode' must contain a non-null value when exiting constructor. Consider adding the 'required' modifier or declaring the property as nullable. [/Users/ali1/Projects/Erp-entegrasyon/erp-api/ErpMobile.Api.csproj]
/Users/ali1/Projects/Erp-entegrasyon/erp-api/Models/Customer/Dtos/ContactDto.cs(7,23): warning CS8618: Non-nullable property 'ContactName' must contain a non-null value when exiting constructor. Consider adding the 'required' modifier or declaring the property as nullable. [/Users/ali1/Projects/Erp-entegrasyon/erp-api/ErpMobile.Api.csproj]
/Users/ali1/Projects/Erp-entegrasyon/erp-api/Models/Customer/Dtos/ContactDto.cs(8,23): warning CS8618: Non-nullable property 'ContactTitle' must contain a non-null value when exiting constructor. Consider adding the 'required' modifier or declaring the property as nullable. [/Users/ali1/Projects/Erp-entegrasyon/erp-api/ErpMobile.Api.csproj]
/Users/ali1/Projects/Erp-entegrasyon/erp-api/Models/Customer/Dtos/ContactDto.cs(9,23): warning CS8618: Non-nullable property 'Phone' must contain a non-null value when exiting constructor. Consider adding the 'required' modifier or declaring the property as nullable. [/Users/ali1/Projects/Erp-entegrasyon/erp-api/ErpMobile.Api.csproj]
/Users/ali1/Projects/Erp-entegrasyon/erp-api/Models/Customer/Dtos/ContactDto.cs(10,23): warning CS8618: Non-nullable property 'Email' must contain a non-null value when exiting constructor. Consider adding the 'required' modifier or declaring the property as nullable. [/Users/ali1/Projects/Erp-entegrasyon/erp-api/ErpMobile.Api.csproj]
/Users/ali1/Projects/Erp-entegrasyon/erp-api/Models/Customer/Dtos/CityDto.cs(5,23): warning CS8618: Non-nullable property 'CityCode' must contain a non-null value when exiting constructor. Consider adding the 'required' modifier or declaring the property as nullable. [/Users/ali1/Projects/Erp-entegrasyon/erp-api/ErpMobile.Api.csproj]
/Users/ali1/Projects/Erp-entegrasyon/erp-api/Models/Customer/Dtos/CityDto.cs(6,23): warning CS8618: Non-nullable property 'CityName' must contain a non-null value when exiting constructor. Consider adding the 'required' modifier or declaring the property as nullable. [/Users/ali1/Projects/Erp-entegrasyon/erp-api/ErpMobile.Api.csproj]
/Users/ali1/Projects/Erp-entegrasyon/erp-api/Models/Customer/Dtos/CityDto.cs(7,23): warning CS8618: Non-nullable property 'StateCode' must contain a non-null value when exiting constructor. Consider adding the 'required' modifier or declaring the property as nullable. [/Users/ali1/Projects/Erp-entegrasyon/erp-api/ErpMobile.Api.csproj]
/Users/ali1/Projects/Erp-entegrasyon/erp-api/Models/Customer/CustomerType.cs(10,23): warning CS8618: Non-nullable property 'TypeCode' must contain a non-null value when exiting constructor. Consider adding the 'required' modifier or declaring the property as nullable. [/Users/ali1/Projects/Erp-entegrasyon/erp-api/ErpMobile.Api.csproj]
/Users/ali1/Projects/Erp-entegrasyon/erp-api/Models/Customer/CustomerType.cs(14,23): warning CS8618: Non-nullable property 'Description' must contain a non-null value when exiting constructor. Consider adding the 'required' modifier or declaring the property as nullable. [/Users/ali1/Projects/Erp-entegrasyon/erp-api/ErpMobile.Api.csproj]
/Users/ali1/Projects/Erp-entegrasyon/erp-api/Controllers/RoleController.cs(200,24): warning CS8601: Possible null reference assignment. [/Users/ali1/Projects/Erp-entegrasyon/erp-api/ErpMobile.Api.csproj]
/Users/ali1/Projects/Erp-entegrasyon/erp-api/Models/Customer/CustomerCreditInfoResponse.cs(7,23): warning CS8618: Non-nullable property 'CustomerCode' must contain a non-null value when exiting constructor. Consider adding the 'required' modifier or declaring the property as nullable. [/Users/ali1/Projects/Erp-entegrasyon/erp-api/ErpMobile.Api.csproj]
/Users/ali1/Projects/Erp-entegrasyon/erp-api/Models/Customer/CustomerCreditInfoResponse.cs(8,23): warning CS8618: Non-nullable property 'CustomerDescription' must contain a non-null value when exiting constructor. Consider adding the 'required' modifier or declaring the property as nullable. [/Users/ali1/Projects/Erp-entegrasyon/erp-api/ErpMobile.Api.csproj]
/Users/ali1/Projects/Erp-entegrasyon/erp-api/Models/Customer/AddressCreateRequest.cs(16,23): warning CS8618: Non-nullable property 'AddressTypeCode' must contain a non-null value when exiting constructor. Consider adding the 'required' modifier or declaring the property as nullable. [/Users/ali1/Projects/Erp-entegrasyon/erp-api/ErpMobile.Api.csproj]
/Users/ali1/Projects/Erp-entegrasyon/erp-api/Models/Customer/AddressCreateRequest.cs(23,23): warning CS8618: Non-nullable property 'Address' must contain a non-null value when exiting constructor. Consider adding the 'required' modifier or declaring the property as nullable. [/Users/ali1/Projects/Erp-entegrasyon/erp-api/ErpMobile.Api.csproj]
/Users/ali1/Projects/Erp-entegrasyon/erp-api/Models/Customer/AddressCreateRequest.cs(29,23): warning CS8618: Non-nullable property 'CityCode' must contain a non-null value when exiting constructor. Consider adding the 'required' modifier or declaring the property as nullable. [/Users/ali1/Projects/Erp-entegrasyon/erp-api/ErpMobile.Api.csproj]
/Users/ali1/Projects/Erp-entegrasyon/erp-api/Models/Customer/AddressCreateRequest.cs(35,23): warning CS8618: Non-nullable property 'DistrictCode' must contain a non-null value when exiting constructor. Consider adding the 'required' modifier or declaring the property as nullable. [/Users/ali1/Projects/Erp-entegrasyon/erp-api/ErpMobile.Api.csproj]
/Users/ali1/Projects/Erp-entegrasyon/erp-api/Models/Customer/AddressCreateRequest.cs(41,23): warning CS8618: Non-nullable property 'ZipCode' must contain a non-null value when exiting constructor. Consider adding the 'required' modifier or declaring the property as nullable. [/Users/ali1/Projects/Erp-entegrasyon/erp-api/ErpMobile.Api.csproj]
/Users/ali1/Projects/Erp-entegrasyon/erp-api/Models/Customer/AddressCreateRequest.cs(53,23): warning CS8618: Non-nullable property 'TaxOfficeCode' must contain a non-null value when exiting constructor. Consider adding the 'required' modifier or declaring the property as nullable. [/Users/ali1/Projects/Erp-entegrasyon/erp-api/ErpMobile.Api.csproj]
/Users/ali1/Projects/Erp-entegrasyon/erp-api/Models/Customer/AddressCreateRequest.cs(59,23): warning CS8618: Non-nullable property 'TaxNumber' must contain a non-null value when exiting constructor. Consider adding the 'required' modifier or declaring the property as nullable. [/Users/ali1/Projects/Erp-entegrasyon/erp-api/ErpMobile.Api.csproj]
/Users/ali1/Projects/Erp-entegrasyon/erp-api/Models/Responses/WarehouseResponse.cs(13,23): warning CS8618: Non-nullable property 'WarehouseCode' must contain a non-null value when exiting constructor. Consider adding the 'required' modifier or declaring the property as nullable. [/Users/ali1/Projects/Erp-entegrasyon/erp-api/ErpMobile.Api.csproj]
/Users/ali1/Projects/Erp-entegrasyon/erp-api/Models/Responses/WarehouseResponse.cs(18,23): warning CS8618: Non-nullable property 'WarehouseOwnerCode' must contain a non-null value when exiting constructor. Consider adding the 'required' modifier or declaring the property as nullable. [/Users/ali1/Projects/Erp-entegrasyon/erp-api/ErpMobile.Api.csproj]
/Users/ali1/Projects/Erp-entegrasyon/erp-api/Models/Responses/WarehouseResponse.cs(23,23): warning CS8618: Non-nullable property 'WarehouseTypeCode' must contain a non-null value when exiting constructor. Consider adding the 'required' modifier or declaring the property as nullable. [/Users/ali1/Projects/Erp-entegrasyon/erp-api/ErpMobile.Api.csproj]
/Users/ali1/Projects/Erp-entegrasyon/erp-api/Models/Responses/WarehouseResponse.cs(28,23): warning CS8618: Non-nullable property 'WarehouseTypeDescription' must contain a non-null value when exiting constructor. Consider adding the 'required' modifier or declaring the property as nullable. [/Users/ali1/Projects/Erp-entegrasyon/erp-api/ErpMobile.Api.csproj]
/Users/ali1/Projects/Erp-entegrasyon/erp-api/Models/Responses/WarehouseResponse.cs(33,23): warning CS8618: Non-nullable property 'WarehouseCategoryCode' must contain a non-null value when exiting constructor. Consider adding the 'required' modifier or declaring the property as nullable. [/Users/ali1/Projects/Erp-entegrasyon/erp-api/ErpMobile.Api.csproj]
/Users/ali1/Projects/Erp-entegrasyon/erp-api/Models/Responses/WarehouseResponse.cs(38,23): warning CS8618: Non-nullable property 'WarehouseCategoryDescription' must contain a non-null value when exiting constructor. Consider adding the 'required' modifier or declaring the property as nullable. [/Users/ali1/Projects/Erp-entegrasyon/erp-api/ErpMobile.Api.csproj]
/Users/ali1/Projects/Erp-entegrasyon/erp-api/Models/Responses/WarehouseResponse.cs(43,23): warning CS8618: Non-nullable property 'OfficeCode' must contain a non-null value when exiting constructor. Consider adding the 'required' modifier or declaring the property as nullable. [/Users/ali1/Projects/Erp-entegrasyon/erp-api/ErpMobile.Api.csproj]
/Users/ali1/Projects/Erp-entegrasyon/erp-api/Models/Responses/WarehouseResponse.cs(48,23): warning CS8618: Non-nullable property 'WarehouseDescription' must contain a non-null value when exiting constructor. Consider adding the 'required' modifier or declaring the property as nullable. [/Users/ali1/Projects/Erp-entegrasyon/erp-api/ErpMobile.Api.csproj]
/Users/ali1/Projects/Erp-entegrasyon/erp-api/Models/Responses/TaxOfficeResponse.cs(13,23): warning CS8618: Non-nullable property 'TaxOfficeCode' must contain a non-null value when exiting constructor. Consider adding the 'required' modifier or declaring the property as nullable. [/Users/ali1/Projects/Erp-entegrasyon/erp-api/ErpMobile.Api.csproj]
/Users/ali1/Projects/Erp-entegrasyon/erp-api/Models/Responses/TaxOfficeResponse.cs(18,23): warning CS8618: Non-nullable property 'CityCode' must contain a non-null value when exiting constructor. Consider adding the 'required' modifier or declaring the property as nullable. [/Users/ali1/Projects/Erp-entegrasyon/erp-api/ErpMobile.Api.csproj]
/Users/ali1/Projects/Erp-entegrasyon/erp-api/Models/Responses/TaxOfficeResponse.cs(23,23): warning CS8618: Non-nullable property 'TaxOfficeDescription' must contain a non-null value when exiting constructor. Consider adding the 'required' modifier or declaring the property as nullable. [/Users/ali1/Projects/Erp-entegrasyon/erp-api/ErpMobile.Api.csproj]
/Users/ali1/Projects/Erp-entegrasyon/erp-api/Models/Responses/StreetResponse.cs(5,23): warning CS8618: Non-nullable property 'StreetCode' must contain a non-null value when exiting constructor. Consider adding the 'required' modifier or declaring the property as nullable. [/Users/ali1/Projects/Erp-entegrasyon/erp-api/ErpMobile.Api.csproj]
/Users/ali1/Projects/Erp-entegrasyon/erp-api/Models/Responses/StreetResponse.cs(6,23): warning CS8618: Non-nullable property 'StreetName' must contain a non-null value when exiting constructor. Consider adding the 'required' modifier or declaring the property as nullable. [/Users/ali1/Projects/Erp-entegrasyon/erp-api/ErpMobile.Api.csproj]
/Users/ali1/Projects/Erp-entegrasyon/erp-api/Models/Responses/StateResponse.cs(13,23): warning CS8618: Non-nullable property 'StateCode' must contain a non-null value when exiting constructor. Consider adding the 'required' modifier or declaring the property as nullable. [/Users/ali1/Projects/Erp-entegrasyon/erp-api/ErpMobile.Api.csproj]
/Users/ali1/Projects/Erp-entegrasyon/erp-api/Models/Responses/StateResponse.cs(18,23): warning CS8618: Non-nullable property 'CountryCode' must contain a non-null value when exiting constructor. Consider adding the 'required' modifier or declaring the property as nullable. [/Users/ali1/Projects/Erp-entegrasyon/erp-api/ErpMobile.Api.csproj]
/Users/ali1/Projects/Erp-entegrasyon/erp-api/Models/Responses/StateResponse.cs(23,23): warning CS8618: Non-nullable property 'StateDescription' must contain a non-null value when exiting constructor. Consider adding the 'required' modifier or declaring the property as nullable. [/Users/ali1/Projects/Erp-entegrasyon/erp-api/ErpMobile.Api.csproj]
/Users/ali1/Projects/Erp-entegrasyon/erp-api/Models/Responses/StateResponse.cs(33,23): warning CS8618: Non-nullable property 'LangCode' must contain a non-null value when exiting constructor. Consider adding the 'required' modifier or declaring the property as nullable. [/Users/ali1/Projects/Erp-entegrasyon/erp-api/ErpMobile.Api.csproj]
/Users/ali1/Projects/Erp-entegrasyon/erp-api/Models/Responses/SalesInvoiceResponse.cs(252,23): warning CS8618: Non-nullable property 'DimensionTypeCode' must contain a non-null value when exiting constructor. Consider adding the 'required' modifier or declaring the property as nullable. [/Users/ali1/Projects/Erp-entegrasyon/erp-api/ErpMobile.Api.csproj]
/Users/ali1/Projects/Erp-entegrasyon/erp-api/Models/Responses/SalesInvoiceResponse.cs(257,23): warning CS8618: Non-nullable property 'DimensionTypeName' must contain a non-null value when exiting constructor. Consider adding the 'required' modifier or declaring the property as nullable. [/Users/ali1/Projects/Erp-entegrasyon/erp-api/ErpMobile.Api.csproj]
/Users/ali1/Projects/Erp-entegrasyon/erp-api/Models/Responses/SalesInvoiceResponse.cs(262,23): warning CS8618: Non-nullable property 'DimensionValue' must contain a non-null value when exiting constructor. Consider adding the 'required' modifier or declaring the property as nullable. [/Users/ali1/Projects/Erp-entegrasyon/erp-api/ErpMobile.Api.csproj]
/Users/ali1/Projects/Erp-entegrasyon/erp-api/Models/Responses/SalesInvoiceResponse.cs(267,23): warning CS8618: Non-nullable property 'DimensionValueDescription' must contain a non-null value when exiting constructor. Consider adding the 'required' modifier or declaring the property as nullable. [/Users/ali1/Projects/Erp-entegrasyon/erp-api/ErpMobile.Api.csproj]
/Users/ali1/Projects/Erp-entegrasyon/erp-api/Models/Responses/SalesInvoiceResponse.cs(226,23): warning CS8618: Non-nullable property 'AttributeTypeCode' must contain a non-null value when exiting constructor. Consider adding the 'required' modifier or declaring the property as nullable. [/Users/ali1/Projects/Erp-entegrasyon/erp-api/ErpMobile.Api.csproj]
/Users/ali1/Projects/Erp-entegrasyon/erp-api/Models/Responses/SalesInvoiceResponse.cs(231,23): warning CS8618: Non-nullable property 'AttributeTypeName' must contain a non-null value when exiting constructor. Consider adding the 'required' modifier or declaring the property as nullable. [/Users/ali1/Projects/Erp-entegrasyon/erp-api/ErpMobile.Api.csproj]
/Users/ali1/Projects/Erp-entegrasyon/erp-api/Models/Responses/SalesInvoiceResponse.cs(236,23): warning CS8618: Non-nullable property 'AttributeValue' must contain a non-null value when exiting constructor. Consider adding the 'required' modifier or declaring the property as nullable. [/Users/ali1/Projects/Erp-entegrasyon/erp-api/ErpMobile.Api.csproj]
/Users/ali1/Projects/Erp-entegrasyon/erp-api/Models/Responses/SalesInvoiceResponse.cs(145,23): warning CS8618: Non-nullable property 'ItemCode' must contain a non-null value when exiting constructor. Consider adding the 'required' modifier or declaring the property as nullable. [/Users/ali1/Projects/Erp-entegrasyon/erp-api/ErpMobile.Api.csproj]
/Users/ali1/Projects/Erp-entegrasyon/erp-api/Models/Responses/SalesInvoiceResponse.cs(150,23): warning CS8618: Non-nullable property 'ItemName' must contain a non-null value when exiting constructor. Consider adding the 'required' modifier or declaring the property as nullable. [/Users/ali1/Projects/Erp-entegrasyon/erp-api/ErpMobile.Api.csproj]
/Users/ali1/Projects/Erp-entegrasyon/erp-api/Models/Responses/SalesInvoiceResponse.cs(195,23): warning CS8618: Non-nullable property 'Description' must contain a non-null value when exiting constructor. Consider adding the 'required' modifier or declaring the property as nullable. [/Users/ali1/Projects/Erp-entegrasyon/erp-api/ErpMobile.Api.csproj]
/Users/ali1/Projects/Erp-entegrasyon/erp-api/Models/Responses/SalesInvoiceResponse.cs(200,23): warning CS8618: Non-nullable property 'UnitCode' must contain a non-null value when exiting constructor. Consider adding the 'required' modifier or declaring the property as nullable. [/Users/ali1/Projects/Erp-entegrasyon/erp-api/ErpMobile.Api.csproj]
/Users/ali1/Projects/Erp-entegrasyon/erp-api/Models/Responses/SalesInvoiceResponse.cs(205,23): warning CS8618: Non-nullable property 'UnitName' must contain a non-null value when exiting constructor. Consider adding the 'required' modifier or declaring the property as nullable. [/Users/ali1/Projects/Erp-entegrasyon/erp-api/ErpMobile.Api.csproj]
/Users/ali1/Projects/Erp-entegrasyon/erp-api/Entities/Common/cdDistrict.cs(11,23): warning CS8618: Non-nullable property 'DistrictCode' must contain a non-null value when exiting constructor. Consider adding the 'required' modifier or declaring the property as nullable. [/Users/ali1/Projects/Erp-entegrasyon/erp-api/ErpMobile.Api.csproj]
/Users/ali1/Projects/Erp-entegrasyon/erp-api/Entities/Common/cdDistrict.cs(15,23): warning CS8618: Non-nullable property 'CityCode' must contain a non-null value when exiting constructor. Consider adding the 'required' modifier or declaring the property as nullable. [/Users/ali1/Projects/Erp-entegrasyon/erp-api/ErpMobile.Api.csproj]
/Users/ali1/Projects/Erp-entegrasyon/erp-api/Entities/Common/cdDistrict.cs(19,23): warning CS8618: Non-nullable property 'CreatedUserName' must contain a non-null value when exiting constructor. Consider adding the 'required' modifier or declaring the property as nullable. [/Users/ali1/Projects/Erp-entegrasyon/erp-api/ErpMobile.Api.csproj]
/Users/ali1/Projects/Erp-entegrasyon/erp-api/Entities/Common/cdDistrict.cs(26,23): warning CS8618: Non-nullable property 'LastUpdatedUserName' must contain a non-null value when exiting constructor. Consider adding the 'required' modifier or declaring the property as nullable. [/Users/ali1/Projects/Erp-entegrasyon/erp-api/ErpMobile.Api.csproj]
/Users/ali1/Projects/Erp-entegrasyon/erp-api/Entities/Common/cdDistrict.cs(36,31): warning CS8618: Non-nullable property 'City' must contain a non-null value when exiting constructor. Consider adding the 'required' modifier or declaring the property as nullable. [/Users/ali1/Projects/Erp-entegrasyon/erp-api/ErpMobile.Api.csproj]
/Users/ali1/Projects/Erp-entegrasyon/erp-api/Models/Responses/SalesInvoiceResponse.cs(19,23): warning CS8618: Non-nullable property 'InvoiceNumber' must contain a non-null value when exiting constructor. Consider adding the 'required' modifier or declaring the property as nullable. [/Users/ali1/Projects/Erp-entegrasyon/erp-api/ErpMobile.Api.csproj]
/Users/ali1/Projects/Erp-entegrasyon/erp-api/Models/Responses/SalesInvoiceResponse.cs(39,23): warning CS8618: Non-nullable property 'Status' must contain a non-null value when exiting constructor. Consider adding the 'required' modifier or declaring the property as nullable. [/Users/ali1/Projects/Erp-entegrasyon/erp-api/ErpMobile.Api.csproj]
/Users/ali1/Projects/Erp-entegrasyon/erp-api/Models/Responses/SalesInvoiceResponse.cs(64,23): warning CS8618: Non-nullable property 'CustomerCode' must contain a non-null value when exiting constructor. Consider adding the 'required' modifier or declaring the property as nullable. [/Users/ali1/Projects/Erp-entegrasyon/erp-api/ErpMobile.Api.csproj]
/Users/ali1/Projects/Erp-entegrasyon/erp-api/Models/Responses/SalesInvoiceResponse.cs(69,23): warning CS8618: Non-nullable property 'CustomerName' must contain a non-null value when exiting constructor. Consider adding the 'required' modifier or declaring the property as nullable. [/Users/ali1/Projects/Erp-entegrasyon/erp-api/ErpMobile.Api.csproj]
/Users/ali1/Projects/Erp-entegrasyon/erp-api/Models/Responses/SalesInvoiceResponse.cs(74,23): warning CS8618: Non-nullable property 'PaymentPlanCode' must contain a non-null value when exiting constructor. Consider adding the 'required' modifier or declaring the property as nullable. [/Users/ali1/Projects/Erp-entegrasyon/erp-api/ErpMobile.Api.csproj]
/Users/ali1/Projects/Erp-entegrasyon/erp-api/Models/Responses/SalesInvoiceResponse.cs(79,23): warning CS8618: Non-nullable property 'PaymentPlanName' must contain a non-null value when exiting constructor. Consider adding the 'required' modifier or declaring the property as nullable. [/Users/ali1/Projects/Erp-entegrasyon/erp-api/ErpMobile.Api.csproj]
/Users/ali1/Projects/Erp-entegrasyon/erp-api/Models/Responses/SalesInvoiceResponse.cs(84,23): warning CS8618: Non-nullable property 'OfficeCode' must contain a non-null value when exiting constructor. Consider adding the 'required' modifier or declaring the property as nullable. [/Users/ali1/Projects/Erp-entegrasyon/erp-api/ErpMobile.Api.csproj]
/Users/ali1/Projects/Erp-entegrasyon/erp-api/Models/Responses/SalesInvoiceResponse.cs(89,23): warning CS8618: Non-nullable property 'OfficeName' must contain a non-null value when exiting constructor. Consider adding the 'required' modifier or declaring the property as nullable. [/Users/ali1/Projects/Erp-entegrasyon/erp-api/ErpMobile.Api.csproj]
/Users/ali1/Projects/Erp-entegrasyon/erp-api/Models/Responses/SalesInvoiceResponse.cs(94,23): warning CS8618: Non-nullable property 'WarehouseCode' must contain a non-null value when exiting constructor. Consider adding the 'required' modifier or declaring the property as nullable. [/Users/ali1/Projects/Erp-entegrasyon/erp-api/ErpMobile.Api.csproj]
/Users/ali1/Projects/Erp-entegrasyon/erp-api/Models/Responses/SalesInvoiceResponse.cs(99,23): warning CS8618: Non-nullable property 'WarehouseName' must contain a non-null value when exiting constructor. Consider adding the 'required' modifier or declaring the property as nullable. [/Users/ali1/Projects/Erp-entegrasyon/erp-api/ErpMobile.Api.csproj]
/Users/ali1/Projects/Erp-entegrasyon/erp-api/Models/Responses/SalesInvoiceResponse.cs(104,23): warning CS8618: Non-nullable property 'Description' must contain a non-null value when exiting constructor. Consider adding the 'required' modifier or declaring the property as nullable. [/Users/ali1/Projects/Erp-entegrasyon/erp-api/ErpMobile.Api.csproj]
/Users/ali1/Projects/Erp-entegrasyon/erp-api/Models/Responses/SalesInvoiceResponse.cs(109,23): warning CS8618: Non-nullable property 'ReferenceNo' must contain a non-null value when exiting constructor. Consider adding the 'required' modifier or declaring the property as nullable. [/Users/ali1/Projects/Erp-entegrasyon/erp-api/ErpMobile.Api.csproj]
/Users/ali1/Projects/Erp-entegrasyon/erp-api/Models/Responses/SalesInvoiceResponse.cs(114,23): warning CS8618: Non-nullable property 'CreatedBy' must contain a non-null value when exiting constructor. Consider adding the 'required' modifier or declaring the property as nullable. [/Users/ali1/Projects/Erp-entegrasyon/erp-api/ErpMobile.Api.csproj]
/Users/ali1/Projects/Erp-entegrasyon/erp-api/Models/Responses/RegionResponse.cs(13,23): warning CS8618: Non-nullable property 'RegionCode' must contain a non-null value when exiting constructor. Consider adding the 'required' modifier or declaring the property as nullable. [/Users/ali1/Projects/Erp-entegrasyon/erp-api/ErpMobile.Api.csproj]
/Users/ali1/Projects/Erp-entegrasyon/erp-api/Models/Responses/RegionResponse.cs(18,23): warning CS8618: Non-nullable property 'RegionDescription' must contain a non-null value when exiting constructor. Consider adding the 'required' modifier or declaring the property as nullable. [/Users/ali1/Projects/Erp-entegrasyon/erp-api/ErpMobile.Api.csproj]
/Users/ali1/Projects/Erp-entegrasyon/erp-api/Models/Responses/PaymentPlanListResponse.cs(24,23): warning CS8618: Non-nullable property 'PaymentPlanCode' must contain a non-null value when exiting constructor. Consider adding the 'required' modifier or declaring the property as nullable. [/Users/ali1/Projects/Erp-entegrasyon/erp-api/ErpMobile.Api.csproj]
/Users/ali1/Projects/Erp-entegrasyon/erp-api/Models/Responses/PaymentPlanListResponse.cs(29,23): warning CS8618: Non-nullable property 'PaymentPlanDesc' must contain a non-null value when exiting constructor. Consider adding the 'required' modifier or declaring the property as nullable. [/Users/ali1/Projects/Erp-entegrasyon/erp-api/ErpMobile.Api.csproj]
/Users/ali1/Projects/Erp-entegrasyon/erp-api/Models/Responses/PaymentPlanGroupResponse.cs(5,23): warning CS8618: Non-nullable property 'CustomerPaymentPlanGrCode' must contain a non-null value when exiting constructor. Consider adding the 'required' modifier or declaring the property as nullable. [/Users/ali1/Projects/Erp-entegrasyon/erp-api/ErpMobile.Api.csproj]
/Users/ali1/Projects/Erp-entegrasyon/erp-api/Models/Responses/PaymentPlanGroupResponse.cs(6,23): warning CS8618: Non-nullable property 'PaymentPlanGroupDescription' must contain a non-null value when exiting constructor. Consider adding the 'required' modifier or declaring the property as nullable. [/Users/ali1/Projects/Erp-entegrasyon/erp-api/ErpMobile.Api.csproj]
/Users/ali1/Projects/Erp-entegrasyon/erp-api/Models/Responses/PagedResult.cs(7,31): warning CS8618: Non-nullable property 'Items' must contain a non-null value when exiting constructor. Consider adding the 'required' modifier or declaring the property as nullable. [/Users/ali1/Projects/Erp-entegrasyon/erp-api/ErpMobile.Api.csproj]
/Users/ali1/Projects/Erp-entegrasyon/erp-api/Models/Responses/OfficeResponse.cs(13,23): warning CS8618: Non-nullable property 'OfficeCode' must contain a non-null value when exiting constructor. Consider adding the 'required' modifier or declaring the property as nullable. [/Users/ali1/Projects/Erp-entegrasyon/erp-api/ErpMobile.Api.csproj]
/Users/ali1/Projects/Erp-entegrasyon/erp-api/Models/Responses/OfficeResponse.cs(18,23): warning CS8618: Non-nullable property 'CompanyCode' must contain a non-null value when exiting constructor. Consider adding the 'required' modifier or declaring the property as nullable. [/Users/ali1/Projects/Erp-entegrasyon/erp-api/ErpMobile.Api.csproj]
/Users/ali1/Projects/Erp-entegrasyon/erp-api/Models/Responses/OfficeResponse.cs(23,23): warning CS8618: Non-nullable property 'OfficeDescription' must contain a non-null value when exiting constructor. Consider adding the 'required' modifier or declaring the property as nullable. [/Users/ali1/Projects/Erp-entegrasyon/erp-api/ErpMobile.Api.csproj]
/Users/ali1/Projects/Erp-entegrasyon/erp-api/Models/Responses/NeighborhoodResponse.cs(5,23): warning CS8618: Non-nullable property 'NeighborhoodCode' must contain a non-null value when exiting constructor. Consider adding the 'required' modifier or declaring the property as nullable. [/Users/ali1/Projects/Erp-entegrasyon/erp-api/ErpMobile.Api.csproj]
/Users/ali1/Projects/Erp-entegrasyon/erp-api/Models/Responses/NeighborhoodResponse.cs(6,23): warning CS8618: Non-nullable property 'NeighborhoodName' must contain a non-null value when exiting constructor. Consider adding the 'required' modifier or declaring the property as nullable. [/Users/ali1/Projects/Erp-entegrasyon/erp-api/ErpMobile.Api.csproj]
/Users/ali1/Projects/Erp-entegrasyon/erp-api/Models/Responses/LocationHierarchyResponse.cs(31,23): warning CS8618: Non-nullable property 'DistrictCode' must contain a non-null value when exiting constructor. Consider adding the 'required' modifier or declaring the property as nullable. [/Users/ali1/Projects/Erp-entegrasyon/erp-api/ErpMobile.Api.csproj]
/Users/ali1/Projects/Erp-entegrasyon/erp-api/Models/Responses/LocationHierarchyResponse.cs(32,23): warning CS8618: Non-nullable property 'DistrictDescription' must contain a non-null value when exiting constructor. Consider adding the 'required' modifier or declaring the property as nullable. [/Users/ali1/Projects/Erp-entegrasyon/erp-api/ErpMobile.Api.csproj]
/Users/ali1/Projects/Erp-entegrasyon/erp-api/Models/Responses/LocationHierarchyResponse.cs(24,23): warning CS8618: Non-nullable property 'CityCode' must contain a non-null value when exiting constructor. Consider adding the 'required' modifier or declaring the property as nullable. [/Users/ali1/Projects/Erp-entegrasyon/erp-api/ErpMobile.Api.csproj]
/Users/ali1/Projects/Erp-entegrasyon/erp-api/Models/Responses/LocationHierarchyResponse.cs(25,23): warning CS8618: Non-nullable property 'CityDescription' must contain a non-null value when exiting constructor. Consider adding the 'required' modifier or declaring the property as nullable. [/Users/ali1/Projects/Erp-entegrasyon/erp-api/ErpMobile.Api.csproj]
/Users/ali1/Projects/Erp-entegrasyon/erp-api/Models/Responses/LocationHierarchyResponse.cs(26,34): warning CS8618: Non-nullable property 'Districts' must contain a non-null value when exiting constructor. Consider adding the 'required' modifier or declaring the property as nullable. [/Users/ali1/Projects/Erp-entegrasyon/erp-api/ErpMobile.Api.csproj]
/Users/ali1/Projects/Erp-entegrasyon/erp-api/Models/Responses/LocationHierarchyResponse.cs(17,23): warning CS8618: Non-nullable property 'StateCode' must contain a non-null value when exiting constructor. Consider adding the 'required' modifier or declaring the property as nullable. [/Users/ali1/Projects/Erp-entegrasyon/erp-api/ErpMobile.Api.csproj]
/Users/ali1/Projects/Erp-entegrasyon/erp-api/Models/Responses/LocationHierarchyResponse.cs(18,23): warning CS8618: Non-nullable property 'StateDescription' must contain a non-null value when exiting constructor. Consider adding the 'required' modifier or declaring the property as nullable. [/Users/ali1/Projects/Erp-entegrasyon/erp-api/ErpMobile.Api.csproj]
/Users/ali1/Projects/Erp-entegrasyon/erp-api/Models/Responses/LocationHierarchyResponse.cs(19,30): warning CS8618: Non-nullable property 'Cities' must contain a non-null value when exiting constructor. Consider adding the 'required' modifier or declaring the property as nullable. [/Users/ali1/Projects/Erp-entegrasyon/erp-api/ErpMobile.Api.csproj]
/Users/ali1/Projects/Erp-entegrasyon/erp-api/Models/Responses/LocationHierarchyResponse.cs(10,23): warning CS8618: Non-nullable property 'CountryCode' must contain a non-null value when exiting constructor. Consider adding the 'required' modifier or declaring the property as nullable. [/Users/ali1/Projects/Erp-entegrasyon/erp-api/ErpMobile.Api.csproj]
/Users/ali1/Projects/Erp-entegrasyon/erp-api/Models/Responses/LocationHierarchyResponse.cs(11,23): warning CS8618: Non-nullable property 'CountryDescription' must contain a non-null value when exiting constructor. Consider adding the 'required' modifier or declaring the property as nullable. [/Users/ali1/Projects/Erp-entegrasyon/erp-api/ErpMobile.Api.csproj]
/Users/ali1/Projects/Erp-entegrasyon/erp-api/Models/Responses/LocationHierarchyResponse.cs(12,31): warning CS8618: Non-nullable property 'States' must contain a non-null value when exiting constructor. Consider adding the 'required' modifier or declaring the property as nullable. [/Users/ali1/Projects/Erp-entegrasyon/erp-api/ErpMobile.Api.csproj]
/Users/ali1/Projects/Erp-entegrasyon/erp-api/Models/Responses/ItemDimensionTypeListResponse.cs(13,23): warning CS8618: Non-nullable property 'DimensionTypeCode' must contain a non-null value when exiting constructor. Consider adding the 'required' modifier or declaring the property as nullable. [/Users/ali1/Projects/Erp-entegrasyon/erp-api/ErpMobile.Api.csproj]
/Users/ali1/Projects/Erp-entegrasyon/erp-api/Models/Responses/ItemDimensionTypeListResponse.cs(14,23): warning CS8618: Non-nullable property 'DimensionTypeDescription' must contain a non-null value when exiting constructor. Consider adding the 'required' modifier or declaring the property as nullable. [/Users/ali1/Projects/Erp-entegrasyon/erp-api/ErpMobile.Api.csproj]
/Users/ali1/Projects/Erp-entegrasyon/erp-api/Models/Responses/InvoiceListResponse.cs(45,23): warning CS8618: Non-nullable property 'InvoiceHeaderId' must contain a non-null value when exiting constructor. Consider adding the 'required' modifier or declaring the property as nullable. [/Users/ali1/Projects/Erp-entegrasyon/erp-api/ErpMobile.Api.csproj]
/Users/ali1/Projects/Erp-entegrasyon/erp-api/Models/Responses/InvoiceListResponse.cs(50,23): warning CS8618: Non-nullable property 'InvoiceNumber' must contain a non-null value when exiting constructor. Consider adding the 'required' modifier or declaring the property as nullable. [/Users/ali1/Projects/Erp-entegrasyon/erp-api/ErpMobile.Api.csproj]
/Users/ali1/Projects/Erp-entegrasyon/erp-api/Models/Responses/InvoiceListResponse.cs(65,23): warning CS8618: Non-nullable property 'CurrAccCode' must contain a non-null value when exiting constructor. Consider adding the 'required' modifier or declaring the property as nullable. [/Users/ali1/Projects/Erp-entegrasyon/erp-api/ErpMobile.Api.csproj]
/Users/ali1/Projects/Erp-entegrasyon/erp-api/Models/Responses/InvoiceListResponse.cs(70,23): warning CS8618: Non-nullable property 'CurrAccDesc' must contain a non-null value when exiting constructor. Consider adding the 'required' modifier or declaring the property as nullable. [/Users/ali1/Projects/Erp-entegrasyon/erp-api/ErpMobile.Api.csproj]
/Users/ali1/Projects/Erp-entegrasyon/erp-api/Models/Responses/InvoiceDetailResponse.cs(115,23): warning CS8618: Non-nullable property 'InvoiceLineId' must contain a non-null value when exiting constructor. Consider adding the 'required' modifier or declaring the property as nullable. [/Users/ali1/Projects/Erp-entegrasyon/erp-api/ErpMobile.Api.csproj]
/Users/ali1/Projects/Erp-entegrasyon/erp-api/Models/Responses/InvoiceDetailResponse.cs(120,23): warning CS8618: Non-nullable property 'InvoiceHeaderId' must contain a non-null value when exiting constructor. Consider adding the 'required' modifier or declaring the property as nullable. [/Users/ali1/Projects/Erp-entegrasyon/erp-api/ErpMobile.Api.csproj]
/Users/ali1/Projects/Erp-entegrasyon/erp-api/Models/Responses/InvoiceDetailResponse.cs(130,23): warning CS8618: Non-nullable property 'ItemCode' must contain a non-null value when exiting constructor. Consider adding the 'required' modifier or declaring the property as nullable. [/Users/ali1/Projects/Erp-entegrasyon/erp-api/ErpMobile.Api.csproj]
/Users/ali1/Projects/Erp-entegrasyon/erp-api/Models/Responses/InvoiceDetailResponse.cs(135,23): warning CS8618: Non-nullable property 'ItemDescription' must contain a non-null value when exiting constructor. Consider adding the 'required' modifier or declaring the property as nullable. [/Users/ali1/Projects/Erp-entegrasyon/erp-api/ErpMobile.Api.csproj]
/Users/ali1/Projects/Erp-entegrasyon/erp-api/Models/Responses/InvoiceDetailResponse.cs(145,23): warning CS8618: Non-nullable property 'UnitCode' must contain a non-null value when exiting constructor. Consider adding the 'required' modifier or declaring the property as nullable. [/Users/ali1/Projects/Erp-entegrasyon/erp-api/ErpMobile.Api.csproj]
/Users/ali1/Projects/Erp-entegrasyon/erp-api/Models/Responses/InvoiceDetailResponse.cs(185,23): warning CS8618: Non-nullable property 'Description' must contain a non-null value when exiting constructor. Consider adding the 'required' modifier or declaring the property as nullable. [/Users/ali1/Projects/Erp-entegrasyon/erp-api/ErpMobile.Api.csproj]
/Users/ali1/Projects/Erp-entegrasyon/erp-api/Models/Responses/InvoiceDetailResponse.cs(14,23): warning CS8618: Non-nullable property 'InvoiceHeaderId' must contain a non-null value when exiting constructor. Consider adding the 'required' modifier or declaring the property as nullable. [/Users/ali1/Projects/Erp-entegrasyon/erp-api/ErpMobile.Api.csproj]
/Users/ali1/Projects/Erp-entegrasyon/erp-api/Models/Responses/InvoiceDetailResponse.cs(19,23): warning CS8618: Non-nullable property 'InvoiceNumber' must contain a non-null value when exiting constructor. Consider adding the 'required' modifier or declaring the property as nullable. [/Users/ali1/Projects/Erp-entegrasyon/erp-api/ErpMobile.Api.csproj]
/Users/ali1/Projects/Erp-entegrasyon/erp-api/Models/Responses/InvoiceDetailResponse.cs(34,23): warning CS8618: Non-nullable property 'CurrAccCode' must contain a non-null value when exiting constructor. Consider adding the 'required' modifier or declaring the property as nullable. [/Users/ali1/Projects/Erp-entegrasyon/erp-api/ErpMobile.Api.csproj]
/Users/ali1/Projects/Erp-entegrasyon/erp-api/Models/Responses/InvoiceDetailResponse.cs(39,23): warning CS8618: Non-nullable property 'CurrAccDesc' must contain a non-null value when exiting constructor. Consider adding the 'required' modifier or declaring the property as nullable. [/Users/ali1/Projects/Erp-entegrasyon/erp-api/ErpMobile.Api.csproj]
/Users/ali1/Projects/Erp-entegrasyon/erp-api/Models/Responses/InvoiceDetailResponse.cs(44,23): warning CS8618: Non-nullable property 'OfficeCode' must contain a non-null value when exiting constructor. Consider adding the 'required' modifier or declaring the property as nullable. [/Users/ali1/Projects/Erp-entegrasyon/erp-api/ErpMobile.Api.csproj]
/Users/ali1/Projects/Erp-entegrasyon/erp-api/Models/Responses/InvoiceDetailResponse.cs(49,23): warning CS8618: Non-nullable property 'Description1' must contain a non-null value when exiting constructor. Consider adding the 'required' modifier or declaring the property as nullable. [/Users/ali1/Projects/Erp-entegrasyon/erp-api/ErpMobile.Api.csproj]
/Users/ali1/Projects/Erp-entegrasyon/erp-api/Models/Responses/InvoiceDetailResponse.cs(54,23): warning CS8618: Non-nullable property 'Description2' must contain a non-null value when exiting constructor. Consider adding the 'required' modifier or declaring the property as nullable. [/Users/ali1/Projects/Erp-entegrasyon/erp-api/ErpMobile.Api.csproj]
/Users/ali1/Projects/Erp-entegrasyon/erp-api/Models/Responses/InvoiceDetailResponse.cs(59,23): warning CS8618: Non-nullable property 'Description3' must contain a non-null value when exiting constructor. Consider adding the 'required' modifier or declaring the property as nullable. [/Users/ali1/Projects/Erp-entegrasyon/erp-api/ErpMobile.Api.csproj]
/Users/ali1/Projects/Erp-entegrasyon/erp-api/Models/Responses/InvoiceDetailResponse.cs(64,23): warning CS8618: Non-nullable property 'Description4' must contain a non-null value when exiting constructor. Consider adding the 'required' modifier or declaring the property as nullable. [/Users/ali1/Projects/Erp-entegrasyon/erp-api/ErpMobile.Api.csproj]
/Users/ali1/Projects/Erp-entegrasyon/erp-api/Models/Responses/InvoiceDetailResponse.cs(84,23): warning CS8618: Non-nullable property 'PaymentPlanCode' must contain a non-null value when exiting constructor. Consider adding the 'required' modifier or declaring the property as nullable. [/Users/ali1/Projects/Erp-entegrasyon/erp-api/ErpMobile.Api.csproj]
/Users/ali1/Projects/Erp-entegrasyon/erp-api/Models/Responses/InvoiceDetailResponse.cs(99,23): warning CS8618: Non-nullable property 'DocTrackingNumber' must contain a non-null value when exiting constructor. Consider adding the 'required' modifier or declaring the property as nullable. [/Users/ali1/Projects/Erp-entegrasyon/erp-api/ErpMobile.Api.csproj]
/Users/ali1/Projects/Erp-entegrasyon/erp-api/Middleware/LegacyApiRedirectMiddleware.cs(20,17): warning CS8602: Dereference of a possibly null reference. [/Users/ali1/Projects/Erp-entegrasyon/erp-api/ErpMobile.Api.csproj]
/Users/ali1/Projects/Erp-entegrasyon/erp-api/Models/Responses/InvoiceCreateResponse.cs(18,23): warning CS8618: Non-nullable property 'InvoiceNumber' must contain a non-null value when exiting constructor. Consider adding the 'required' modifier or declaring the property as nullable. [/Users/ali1/Projects/Erp-entegrasyon/erp-api/ErpMobile.Api.csproj]
/Users/ali1/Projects/Erp-entegrasyon/erp-api/Models/Responses/InvoiceCreateResponse.cs(28,23): warning CS8618: Non-nullable property 'CustomerCode' must contain a non-null value when exiting constructor. Consider adding the 'required' modifier or declaring the property as nullable. [/Users/ali1/Projects/Erp-entegrasyon/erp-api/ErpMobile.Api.csproj]
/Users/ali1/Projects/Erp-entegrasyon/erp-api/Models/Responses/InvoiceCreateResponse.cs(33,23): warning CS8618: Non-nullable property 'CustomerName' must contain a non-null value when exiting constructor. Consider adding the 'required' modifier or declaring the property as nullable. [/Users/ali1/Projects/Erp-entegrasyon/erp-api/ErpMobile.Api.csproj]
/Users/ali1/Projects/Erp-entegrasyon/erp-api/Models/Responses/InvoiceCreateResponse.cs(48,23): warning CS8618: Non-nullable property 'Message' must contain a non-null value when exiting constructor. Consider adding the 'required' modifier or declaring the property as nullable. [/Users/ali1/Projects/Erp-entegrasyon/erp-api/ErpMobile.Api.csproj]
/Users/ali1/Projects/Erp-entegrasyon/erp-api/Models/Responses/DistrictResponse.cs(11,23): warning CS8618: Non-nullable property 'DistrictCode' must contain a non-null value when exiting constructor. Consider adding the 'required' modifier or declaring the property as nullable. [/Users/ali1/Projects/Erp-entegrasyon/erp-api/ErpMobile.Api.csproj]
/Users/ali1/Projects/Erp-entegrasyon/erp-api/Models/Responses/DistrictResponse.cs(16,23): warning CS8618: Non-nullable property 'CityCode' must contain a non-null value when exiting constructor. Consider adding the 'required' modifier or declaring the property as nullable. [/Users/ali1/Projects/Erp-entegrasyon/erp-api/ErpMobile.Api.csproj]
/Users/ali1/Projects/Erp-entegrasyon/erp-api/Models/Responses/DistrictResponse.cs(21,23): warning CS8618: Non-nullable property 'DistrictDescription' must contain a non-null value when exiting constructor. Consider adding the 'required' modifier or declaring the property as nullable. [/Users/ali1/Projects/Erp-entegrasyon/erp-api/ErpMobile.Api.csproj]
/Users/ali1/Projects/Erp-entegrasyon/erp-api/Models/Responses/DiscountGroupResponse.cs(5,23): warning CS8618: Non-nullable property 'DiscountGroupCode' must contain a non-null value when exiting constructor. Consider adding the 'required' modifier or declaring the property as nullable. [/Users/ali1/Projects/Erp-entegrasyon/erp-api/ErpMobile.Api.csproj]
/Users/ali1/Projects/Erp-entegrasyon/erp-api/Models/Responses/DiscountGroupResponse.cs(6,23): warning CS8618: Non-nullable property 'DiscountGroupDescription' must contain a non-null value when exiting constructor. Consider adding the 'required' modifier or declaring the property as nullable. [/Users/ali1/Projects/Erp-entegrasyon/erp-api/ErpMobile.Api.csproj]
/Users/ali1/Projects/Erp-entegrasyon/erp-api/Models/Responses/DebitListResponse.cs(25,23): warning CS8618: Non-nullable property 'DebitId' must contain a non-null value when exiting constructor. Consider adding the 'required' modifier or declaring the property as nullable. [/Users/ali1/Projects/Erp-entegrasyon/erp-api/ErpMobile.Api.csproj]
/Users/ali1/Projects/Erp-entegrasyon/erp-api/Models/Responses/DebitListResponse.cs(30,23): warning CS8618: Non-nullable property 'InvoiceHeaderId' must contain a non-null value when exiting constructor. Consider adding the 'required' modifier or declaring the property as nullable. [/Users/ali1/Projects/Erp-entegrasyon/erp-api/ErpMobile.Api.csproj]
/Users/ali1/Projects/Erp-entegrasyon/erp-api/Models/Responses/CustomerUpdateResponseNew.cs(18,23): warning CS8618: Non-nullable property 'Message' must contain a non-null value when exiting constructor. Consider adding the 'required' modifier or declaring the property as nullable. [/Users/ali1/Projects/Erp-entegrasyon/erp-api/ErpMobile.Api.csproj]
/Users/ali1/Projects/Erp-entegrasyon/erp-api/Models/Responses/CustomerUpdateResponseNew.cs(23,23): warning CS8618: Non-nullable property 'ErrorDetails' must contain a non-null value when exiting constructor. Consider adding the 'required' modifier or declaring the property as nullable. [/Users/ali1/Projects/Erp-entegrasyon/erp-api/ErpMobile.Api.csproj]
/Users/ali1/Projects/Erp-entegrasyon/erp-api/Models/Responses/CustomerUpdateResponseNew.cs(28,23): warning CS8618: Non-nullable property 'CustomerCode' must contain a non-null value when exiting constructor. Consider adding the 'required' modifier or declaring the property as nullable. [/Users/ali1/Projects/Erp-entegrasyon/erp-api/ErpMobile.Api.csproj]
/Users/ali1/Projects/Erp-entegrasyon/erp-api/Models/Responses/CustomerUpdateResponseNew.cs(33,23): warning CS8618: Non-nullable property 'CustomerName' must contain a non-null value when exiting constructor. Consider adding the 'required' modifier or declaring the property as nullable. [/Users/ali1/Projects/Erp-entegrasyon/erp-api/ErpMobile.Api.csproj]
/Users/ali1/Projects/Erp-entegrasyon/erp-api/Models/Responses/CustomerUpdateResponseNew.cs(43,23): warning CS8618: Non-nullable property 'CustomerTypeDescription' must contain a non-null value when exiting constructor. Consider adding the 'required' modifier or declaring the property as nullable. [/Users/ali1/Projects/Erp-entegrasyon/erp-api/ErpMobile.Api.csproj]
/Users/ali1/Projects/Erp-entegrasyon/erp-api/Models/Responses/CustomerUpdateResponseNew.cs(53,23): warning CS8618: Non-nullable property 'CreatedUsername' must contain a non-null value when exiting constructor. Consider adding the 'required' modifier or declaring the property as nullable. [/Users/ali1/Projects/Erp-entegrasyon/erp-api/ErpMobile.Api.csproj]
/Users/ali1/Projects/Erp-entegrasyon/erp-api/Models/Responses/CustomerUpdateResponseNew.cs(58,23): warning CS8618: Non-nullable property 'CurrencyCode' must contain a non-null value when exiting constructor. Consider adding the 'required' modifier or declaring the property as nullable. [/Users/ali1/Projects/Erp-entegrasyon/erp-api/ErpMobile.Api.csproj]
/Users/ali1/Projects/Erp-entegrasyon/erp-api/Models/Responses/CustomerUpdateResponseNew.cs(68,23): warning CS8618: Non-nullable property 'CompanyCode' must contain a non-null value when exiting constructor. Consider adding the 'required' modifier or declaring the property as nullable. [/Users/ali1/Projects/Erp-entegrasyon/erp-api/ErpMobile.Api.csproj]
/Users/ali1/Projects/Erp-entegrasyon/erp-api/Models/Responses/CustomerUpdateResponseNew.cs(73,23): warning CS8618: Non-nullable property 'OfficeCode' must contain a non-null value when exiting constructor. Consider adding the 'required' modifier or declaring the property as nullable. [/Users/ali1/Projects/Erp-entegrasyon/erp-api/ErpMobile.Api.csproj]
/Users/ali1/Projects/Erp-entegrasyon/erp-api/Models/Responses/CustomerUpdateResponseNew.cs(78,23): warning CS8618: Non-nullable property 'OfficeDescription' must contain a non-null value when exiting constructor. Consider adding the 'required' modifier or declaring the property as nullable. [/Users/ali1/Projects/Erp-entegrasyon/erp-api/ErpMobile.Api.csproj]
/Users/ali1/Projects/Erp-entegrasyon/erp-api/Models/Responses/CustomerUpdateResponseNew.cs(83,23): warning CS8618: Non-nullable property 'IdentityNum' must contain a non-null value when exiting constructor. Consider adding the 'required' modifier or declaring the property as nullable. [/Users/ali1/Projects/Erp-entegrasyon/erp-api/ErpMobile.Api.csproj]
/Users/ali1/Projects/Erp-entegrasyon/erp-api/Models/Responses/CustomerUpdateResponseNew.cs(88,23): warning CS8618: Non-nullable property 'TaxNumber' must contain a non-null value when exiting constructor. Consider adding the 'required' modifier or declaring the property as nullable. [/Users/ali1/Projects/Erp-entegrasyon/erp-api/ErpMobile.Api.csproj]
/Users/ali1/Projects/Erp-entegrasyon/erp-api/Models/Responses/CustomerUpdateResponseNew.cs(93,23): warning CS8618: Non-nullable property 'TaxOfficeCode' must contain a non-null value when exiting constructor. Consider adding the 'required' modifier or declaring the property as nullable. [/Users/ali1/Projects/Erp-entegrasyon/erp-api/ErpMobile.Api.csproj]
/Users/ali1/Projects/Erp-entegrasyon/erp-api/Models/Responses/CustomerUpdateResponse.cs(13,23): warning CS8618: Non-nullable property 'CustomerCode' must contain a non-null value when exiting constructor. Consider adding the 'required' modifier or declaring the property as nullable. [/Users/ali1/Projects/Erp-entegrasyon/erp-api/ErpMobile.Api.csproj]
/Users/ali1/Projects/Erp-entegrasyon/erp-api/Models/Responses/CustomerUpdateResponse.cs(18,23): warning CS8618: Non-nullable property 'CustomerName' must contain a non-null value when exiting constructor. Consider adding the 'required' modifier or declaring the property as nullable. [/Users/ali1/Projects/Erp-entegrasyon/erp-api/ErpMobile.Api.csproj]
/Users/ali1/Projects/Erp-entegrasyon/erp-api/Models/Responses/CustomerUpdateResponse.cs(33,23): warning CS8618: Non-nullable property 'Message' must contain a non-null value when exiting constructor. Consider adding the 'required' modifier or declaring the property as nullable. [/Users/ali1/Projects/Erp-entegrasyon/erp-api/ErpMobile.Api.csproj]
/Users/ali1/Projects/Erp-entegrasyon/erp-api/Controllers/ItemController.cs(1207,39): warning CS8601: Possible null reference assignment. [/Users/ali1/Projects/Erp-entegrasyon/erp-api/ErpMobile.Api.csproj]
/Users/ali1/Projects/Erp-entegrasyon/erp-api/Controllers/ItemController.cs(1208,46): warning CS8601: Possible null reference assignment. [/Users/ali1/Projects/Erp-entegrasyon/erp-api/ErpMobile.Api.csproj]
/Users/ali1/Projects/Erp-entegrasyon/erp-api/Controllers/ItemController.cs(1229,28): warning CS8625: Cannot convert null literal to non-nullable reference type. [/Users/ali1/Projects/Erp-entegrasyon/erp-api/ErpMobile.Api.csproj]
/Users/ali1/Projects/Erp-entegrasyon/erp-api/Services/WarehouseService.cs(83,28): warning CS8603: Possible null reference return. [/Users/ali1/Projects/Erp-entegrasyon/erp-api/ErpMobile.Api.csproj]
/Users/ali1/Projects/Erp-entegrasyon/erp-api/Entities/Common/cdDistrictDesc.cs(13,23): warning CS8618: Non-nullable property 'DistrictCode' must contain a non-null value when exiting constructor. Consider adding the 'required' modifier or declaring the property as nullable. [/Users/ali1/Projects/Erp-entegrasyon/erp-api/ErpMobile.Api.csproj]
/Users/ali1/Projects/Erp-entegrasyon/erp-api/Entities/Common/cdDistrictDesc.cs(18,23): warning CS8618: Non-nullable property 'LangCode' must contain a non-null value when exiting constructor. Consider adding the 'required' modifier or declaring the property as nullable. [/Users/ali1/Projects/Erp-entegrasyon/erp-api/ErpMobile.Api.csproj]
/Users/ali1/Projects/Erp-entegrasyon/erp-api/Entities/Common/cdDistrictDesc.cs(22,23): warning CS8618: Non-nullable property 'DistrictDescription' must contain a non-null value when exiting constructor. Consider adding the 'required' modifier or declaring the property as nullable. [/Users/ali1/Projects/Erp-entegrasyon/erp-api/ErpMobile.Api.csproj]
/Users/ali1/Projects/Erp-entegrasyon/erp-api/Entities/Common/cdDistrictDesc.cs(26,23): warning CS8618: Non-nullable property 'CreatedUserName' must contain a non-null value when exiting constructor. Consider adding the 'required' modifier or declaring the property as nullable. [/Users/ali1/Projects/Erp-entegrasyon/erp-api/ErpMobile.Api.csproj]
/Users/ali1/Projects/Erp-entegrasyon/erp-api/Entities/Common/cdDistrictDesc.cs(33,23): warning CS8618: Non-nullable property 'LastUpdatedUserName' must contain a non-null value when exiting constructor. Consider adding the 'required' modifier or declaring the property as nullable. [/Users/ali1/Projects/Erp-entegrasyon/erp-api/ErpMobile.Api.csproj]
/Users/ali1/Projects/Erp-entegrasyon/erp-api/Entities/Common/cdDistrictDesc.cs(43,35): warning CS8618: Non-nullable property 'District' must contain a non-null value when exiting constructor. Consider adding the 'required' modifier or declaring the property as nullable. [/Users/ali1/Projects/Erp-entegrasyon/erp-api/ErpMobile.Api.csproj]
/Users/ali1/Projects/Erp-entegrasyon/erp-api/Models/Responses/CustomerTypeResponse.cs(18,23): warning CS8618: Non-nullable property 'Description' must contain a non-null value when exiting constructor. Consider adding the 'required' modifier or declaring the property as nullable. [/Users/ali1/Projects/Erp-entegrasyon/erp-api/ErpMobile.Api.csproj]
/Users/ali1/Projects/Erp-entegrasyon/erp-api/Models/Responses/CustomerTypeResponse.cs(23,23): warning CS8618: Non-nullable property 'LangCode' must contain a non-null value when exiting constructor. Consider adding the 'required' modifier or declaring the property as nullable. [/Users/ali1/Projects/Erp-entegrasyon/erp-api/ErpMobile.Api.csproj]
/Users/ali1/Projects/Erp-entegrasyon/erp-api/Entities/Common/cdOffice.cs(11,23): warning CS8618: Non-nullable property 'OfficeCode' must contain a non-null value when exiting constructor. Consider adding the 'required' modifier or declaring the property as nullable. [/Users/ali1/Projects/Erp-entegrasyon/erp-api/ErpMobile.Api.csproj]
/Users/ali1/Projects/Erp-entegrasyon/erp-api/Entities/Common/cdOffice.cs(16,37): warning CS8618: Non-nullable property 'OfficeDesc' must contain a non-null value when exiting constructor. Consider adding the 'required' modifier or declaring the property as nullable. [/Users/ali1/Projects/Erp-entegrasyon/erp-api/ErpMobile.Api.csproj]
/Users/ali1/Projects/Erp-entegrasyon/erp-api/Entities/Common/cdOfficeDesc.cs(13,23): warning CS8618: Non-nullable property 'OfficeCode' must contain a non-null value when exiting constructor. Consider adding the 'required' modifier or declaring the property as nullable. [/Users/ali1/Projects/Erp-entegrasyon/erp-api/ErpMobile.Api.csproj]
/Users/ali1/Projects/Erp-entegrasyon/erp-api/Entities/Common/cdOfficeDesc.cs(18,23): warning CS8618: Non-nullable property 'LangCode' must contain a non-null value when exiting constructor. Consider adding the 'required' modifier or declaring the property as nullable. [/Users/ali1/Projects/Erp-entegrasyon/erp-api/ErpMobile.Api.csproj]
/Users/ali1/Projects/Erp-entegrasyon/erp-api/Entities/Common/cdOfficeDesc.cs(22,23): warning CS8618: Non-nullable property 'OfficeDescription' must contain a non-null value when exiting constructor. Consider adding the 'required' modifier or declaring the property as nullable. [/Users/ali1/Projects/Erp-entegrasyon/erp-api/ErpMobile.Api.csproj]
/Users/ali1/Projects/Erp-entegrasyon/erp-api/Entities/Common/cdOfficeDesc.cs(26,23): warning CS8618: Non-nullable property 'CreatedUserName' must contain a non-null value when exiting constructor. Consider adding the 'required' modifier or declaring the property as nullable. [/Users/ali1/Projects/Erp-entegrasyon/erp-api/ErpMobile.Api.csproj]
/Users/ali1/Projects/Erp-entegrasyon/erp-api/Entities/Common/cdOfficeDesc.cs(33,23): warning CS8618: Non-nullable property 'LastUpdatedUserName' must contain a non-null value when exiting constructor. Consider adding the 'required' modifier or declaring the property as nullable. [/Users/ali1/Projects/Erp-entegrasyon/erp-api/ErpMobile.Api.csproj]
/Users/ali1/Projects/Erp-entegrasyon/erp-api/Entities/Common/cdOfficeDesc.cs(43,33): warning CS8618: Non-nullable property 'Office' must contain a non-null value when exiting constructor. Consider adding the 'required' modifier or declaring the property as nullable. [/Users/ali1/Projects/Erp-entegrasyon/erp-api/ErpMobile.Api.csproj]
/Users/ali1/Projects/Erp-entegrasyon/erp-api/Entities/Common/cdState.cs(12,23): warning CS8618: Non-nullable property 'StateCode' must contain a non-null value when exiting constructor. Consider adding the 'required' modifier or declaring the property as nullable. [/Users/ali1/Projects/Erp-entegrasyon/erp-api/ErpMobile.Api.csproj]
/Users/ali1/Projects/Erp-entegrasyon/erp-api/Entities/Common/cdState.cs(16,23): warning CS8618: Non-nullable property 'CountryCode' must contain a non-null value when exiting constructor. Consider adding the 'required' modifier or declaring the property as nullable. [/Users/ali1/Projects/Erp-entegrasyon/erp-api/ErpMobile.Api.csproj]
/Users/ali1/Projects/Erp-entegrasyon/erp-api/Entities/Common/cdState.cs(20,23): warning CS8618: Non-nullable property 'CreatedUserName' must contain a non-null value when exiting constructor. Consider adding the 'required' modifier or declaring the property as nullable. [/Users/ali1/Projects/Erp-entegrasyon/erp-api/ErpMobile.Api.csproj]
/Users/ali1/Projects/Erp-entegrasyon/erp-api/Entities/Common/cdState.cs(27,23): warning CS8618: Non-nullable property 'LastUpdatedUserName' must contain a non-null value when exiting constructor. Consider adding the 'required' modifier or declaring the property as nullable. [/Users/ali1/Projects/Erp-entegrasyon/erp-api/ErpMobile.Api.csproj]
/Users/ali1/Projects/Erp-entegrasyon/erp-api/Entities/Common/cdState.cs(37,34): warning CS8618: Non-nullable property 'Country' must contain a non-null value when exiting constructor. Consider adding the 'required' modifier or declaring the property as nullable. [/Users/ali1/Projects/Erp-entegrasyon/erp-api/ErpMobile.Api.csproj]
/Users/ali1/Projects/Erp-entegrasyon/erp-api/Models/Responses/CustomerTransactionResponse.cs(13,23): warning CS8618: Non-nullable property 'CustomerCode' must contain a non-null value when exiting constructor. Consider adding the 'required' modifier or declaring the property as nullable. [/Users/ali1/Projects/Erp-entegrasyon/erp-api/ErpMobile.Api.csproj]
/Users/ali1/Projects/Erp-entegrasyon/erp-api/Models/Responses/CustomerTransactionResponse.cs(38,23): warning CS8618: Non-nullable property 'TransactionTypeName' must contain a non-null value when exiting constructor. Consider adding the 'required' modifier or declaring the property as nullable. [/Users/ali1/Projects/Erp-entegrasyon/erp-api/ErpMobile.Api.csproj]
/Users/ali1/Projects/Erp-entegrasyon/erp-api/Models/Responses/CustomerTransactionResponse.cs(43,23): warning CS8618: Non-nullable property 'DocumentNo' must contain a non-null value when exiting constructor. Consider adding the 'required' modifier or declaring the property as nullable. [/Users/ali1/Projects/Erp-entegrasyon/erp-api/ErpMobile.Api.csproj]
/Users/ali1/Projects/Erp-entegrasyon/erp-api/Models/Responses/CustomerTransactionResponse.cs(48,23): warning CS8618: Non-nullable property 'DocumentNumber' must contain a non-null value when exiting constructor. Consider adding the 'required' modifier or declaring the property as nullable. [/Users/ali1/Projects/Erp-entegrasyon/erp-api/ErpMobile.Api.csproj]
/Users/ali1/Projects/Erp-entegrasyon/erp-api/Models/Responses/CustomerTransactionResponse.cs(53,23): warning CS8618: Non-nullable property 'RefNumber' must contain a non-null value when exiting constructor. Consider adding the 'required' modifier or declaring the property as nullable. [/Users/ali1/Projects/Erp-entegrasyon/erp-api/ErpMobile.Api.csproj]
/Users/ali1/Projects/Erp-entegrasyon/erp-api/Models/Responses/CustomerTransactionResponse.cs(58,23): warning CS8618: Non-nullable property 'Description' must contain a non-null value when exiting constructor. Consider adding the 'required' modifier or declaring the property as nullable. [/Users/ali1/Projects/Erp-entegrasyon/erp-api/ErpMobile.Api.csproj]
/Users/ali1/Projects/Erp-entegrasyon/erp-api/Models/Responses/CustomerTransactionResponse.cs(63,23): warning CS8618: Non-nullable property 'LineDescription' must contain a non-null value when exiting constructor. Consider adding the 'required' modifier or declaring the property as nullable. [/Users/ali1/Projects/Erp-entegrasyon/erp-api/ErpMobile.Api.csproj]
/Users/ali1/Projects/Erp-entegrasyon/erp-api/Models/Responses/CustomerTransactionResponse.cs(68,23): warning CS8618: Non-nullable property 'DocCurrencyCode' must contain a non-null value when exiting constructor. Consider adding the 'required' modifier or declaring the property as nullable. [/Users/ali1/Projects/Erp-entegrasyon/erp-api/ErpMobile.Api.csproj]
/Users/ali1/Projects/Erp-entegrasyon/erp-api/Models/Responses/CustomerTransactionResponse.cs(98,23): warning CS8618: Non-nullable property 'CurrencyCode' must contain a non-null value when exiting constructor. Consider adding the 'required' modifier or declaring the property as nullable. [/Users/ali1/Projects/Erp-entegrasyon/erp-api/ErpMobile.Api.csproj]
/Users/ali1/Projects/Erp-entegrasyon/erp-api/Models/Responses/CustomerTransactionResponse.cs(113,23): warning CS8618: Non-nullable property 'CreatedUserName' must contain a non-null value when exiting constructor. Consider adding the 'required' modifier or declaring the property as nullable. [/Users/ali1/Projects/Erp-entegrasyon/erp-api/ErpMobile.Api.csproj]
/Users/ali1/Projects/Erp-entegrasyon/erp-api/Services/SalesInvoiceService.cs(178,28): warning CS8603: Possible null reference return. [/Users/ali1/Projects/Erp-entegrasyon/erp-api/ErpMobile.Api.csproj]
/Users/ali1/Projects/Erp-entegrasyon/erp-api/Repositories/Inventory/InventoryRepository.cs(25,33): warning CS8601: Possible null reference assignment. [/Users/ali1/Projects/Erp-entegrasyon/erp-api/ErpMobile.Api.csproj]
/Users/ali1/Projects/Erp-entegrasyon/erp-api/Repositories/Inventory/InventoryRepository.cs(19,16): warning CS8618: Non-nullable field '_connectionString' must contain a non-null value when exiting constructor. Consider adding the 'required' modifier or declaring the field as nullable. [/Users/ali1/Projects/Erp-entegrasyon/erp-api/ErpMobile.Api.csproj]
/Users/ali1/Projects/Erp-entegrasyon/erp-api/Entities/Common/dfOfficeDefault.cs(11,23): warning CS8618: Non-nullable property 'OfficeCode' must contain a non-null value when exiting constructor. Consider adding the 'required' modifier or declaring the property as nullable. [/Users/ali1/Projects/Erp-entegrasyon/erp-api/ErpMobile.Api.csproj]
/Users/ali1/Projects/Erp-entegrasyon/erp-api/Entities/Common/dfOfficeDefault.cs(18,23): warning CS8618: Non-nullable property 'LocalCurrencyCode' must contain a non-null value when exiting constructor. Consider adding the 'required' modifier or declaring the property as nullable. [/Users/ali1/Projects/Erp-entegrasyon/erp-api/ErpMobile.Api.csproj]
/Users/ali1/Projects/Erp-entegrasyon/erp-api/Entities/Common/dfOfficeDefault.cs(30,23): warning CS8618: Non-nullable property 'LocalDataLanguageCode' must contain a non-null value when exiting constructor. Consider adding the 'required' modifier or declaring the property as nullable. [/Users/ali1/Projects/Erp-entegrasyon/erp-api/ErpMobile.Api.csproj]
/Users/ali1/Projects/Erp-entegrasyon/erp-api/Entities/Common/dfOfficeDefault.cs(37,23): warning CS8618: Non-nullable property 'PriceGroupCode' must contain a non-null value when exiting constructor. Consider adding the 'required' modifier or declaring the property as nullable. [/Users/ali1/Projects/Erp-entegrasyon/erp-api/ErpMobile.Api.csproj]
/Users/ali1/Projects/Erp-entegrasyon/erp-api/Entities/Common/dfOfficeDefault.cs(89,23): warning CS8618: Non-nullable property 'SendAdvertConfirmationFormTypeCode' must contain a non-null value when exiting constructor. Consider adding the 'required' modifier or declaring the property as nullable. [/Users/ali1/Projects/Erp-entegrasyon/erp-api/ErpMobile.Api.csproj]
/Users/ali1/Projects/Erp-entegrasyon/erp-api/Entities/Common/dfOfficeDefault.cs(99,23): warning CS8618: Non-nullable property 'TaxFreeRefundCompanyCode' must contain a non-null value when exiting constructor. Consider adding the 'required' modifier or declaring the property as nullable. [/Users/ali1/Projects/Erp-entegrasyon/erp-api/ErpMobile.Api.csproj]
/Users/ali1/Projects/Erp-entegrasyon/erp-api/Entities/Common/dfOfficeDefault.cs(115,23): warning CS8618: Non-nullable property 'SGKTaxPayerCode' must contain a non-null value when exiting constructor. Consider adding the 'required' modifier or declaring the property as nullable. [/Users/ali1/Projects/Erp-entegrasyon/erp-api/ErpMobile.Api.csproj]
/Users/ali1/Projects/Erp-entegrasyon/erp-api/Entities/Common/dfOfficeDefault.cs(119,23): warning CS8618: Non-nullable property 'CommercialRegistrationNo' must contain a non-null value when exiting constructor. Consider adding the 'required' modifier or declaring the property as nullable. [/Users/ali1/Projects/Erp-entegrasyon/erp-api/ErpMobile.Api.csproj]
/Users/ali1/Projects/Erp-entegrasyon/erp-api/Entities/Common/dfOfficeDefault.cs(126,23): warning CS8618: Non-nullable property 'Address' must contain a non-null value when exiting constructor. Consider adding the 'required' modifier or declaring the property as nullable. [/Users/ali1/Projects/Erp-entegrasyon/erp-api/ErpMobile.Api.csproj]
/Users/ali1/Projects/Erp-entegrasyon/erp-api/Entities/Common/dfOfficeDefault.cs(130,23): warning CS8618: Non-nullable property 'SiteName' must contain a non-null value when exiting constructor. Consider adding the 'required' modifier or declaring the property as nullable. [/Users/ali1/Projects/Erp-entegrasyon/erp-api/ErpMobile.Api.csproj]
/Users/ali1/Projects/Erp-entegrasyon/erp-api/Entities/Common/dfOfficeDefault.cs(134,23): warning CS8618: Non-nullable property 'BuildingName' must contain a non-null value when exiting constructor. Consider adding the 'required' modifier or declaring the property as nullable. [/Users/ali1/Projects/Erp-entegrasyon/erp-api/ErpMobile.Api.csproj]
/Users/ali1/Projects/Erp-entegrasyon/erp-api/Entities/Common/dfOfficeDefault.cs(138,23): warning CS8618: Non-nullable property 'BuildingNum' must contain a non-null value when exiting constructor. Consider adding the 'required' modifier or declaring the property as nullable. [/Users/ali1/Projects/Erp-entegrasyon/erp-api/ErpMobile.Api.csproj]
/Users/ali1/Projects/Erp-entegrasyon/erp-api/Entities/Common/dfOfficeDefault.cs(151,23): warning CS8618: Non-nullable property 'QuarterName' must contain a non-null value when exiting constructor. Consider adding the 'required' modifier or declaring the property as nullable. [/Users/ali1/Projects/Erp-entegrasyon/erp-api/ErpMobile.Api.csproj]
/Users/ali1/Projects/Erp-entegrasyon/erp-api/Entities/Common/dfOfficeDefault.cs(155,23): warning CS8618: Non-nullable property 'Boulevard' must contain a non-null value when exiting constructor. Consider adding the 'required' modifier or declaring the property as nullable. [/Users/ali1/Projects/Erp-entegrasyon/erp-api/ErpMobile.Api.csproj]
/Users/ali1/Projects/Erp-entegrasyon/erp-api/Entities/Common/dfOfficeDefault.cs(162,23): warning CS8618: Non-nullable property 'Street' must contain a non-null value when exiting constructor. Consider adding the 'required' modifier or declaring the property as nullable. [/Users/ali1/Projects/Erp-entegrasyon/erp-api/ErpMobile.Api.csproj]
/Users/ali1/Projects/Erp-entegrasyon/erp-api/Entities/Common/dfOfficeDefault.cs(166,23): warning CS8618: Non-nullable property 'Road' must contain a non-null value when exiting constructor. Consider adding the 'required' modifier or declaring the property as nullable. [/Users/ali1/Projects/Erp-entegrasyon/erp-api/ErpMobile.Api.csproj]
/Users/ali1/Projects/Erp-entegrasyon/erp-api/Entities/Common/dfOfficeDefault.cs(170,23): warning CS8618: Non-nullable property 'CountryCode' must contain a non-null value when exiting constructor. Consider adding the 'required' modifier or declaring the property as nullable. [/Users/ali1/Projects/Erp-entegrasyon/erp-api/ErpMobile.Api.csproj]
/Users/ali1/Projects/Erp-entegrasyon/erp-api/Entities/Common/dfOfficeDefault.cs(174,23): warning CS8618: Non-nullable property 'StateCode' must contain a non-null value when exiting constructor. Consider adding the 'required' modifier or declaring the property as nullable. [/Users/ali1/Projects/Erp-entegrasyon/erp-api/ErpMobile.Api.csproj]
/Users/ali1/Projects/Erp-entegrasyon/erp-api/Entities/Common/dfOfficeDefault.cs(178,23): warning CS8618: Non-nullable property 'CityCode' must contain a non-null value when exiting constructor. Consider adding the 'required' modifier or declaring the property as nullable. [/Users/ali1/Projects/Erp-entegrasyon/erp-api/ErpMobile.Api.csproj]
/Users/ali1/Projects/Erp-entegrasyon/erp-api/Entities/Common/dfOfficeDefault.cs(182,23): warning CS8618: Non-nullable property 'DistrictCode' must contain a non-null value when exiting constructor. Consider adding the 'required' modifier or declaring the property as nullable. [/Users/ali1/Projects/Erp-entegrasyon/erp-api/ErpMobile.Api.csproj]
/Users/ali1/Projects/Erp-entegrasyon/erp-api/Entities/Common/dfOfficeDefault.cs(186,23): warning CS8618: Non-nullable property 'ZipCode' must contain a non-null value when exiting constructor. Consider adding the 'required' modifier or declaring the property as nullable. [/Users/ali1/Projects/Erp-entegrasyon/erp-api/ErpMobile.Api.csproj]
/Users/ali1/Projects/Erp-entegrasyon/erp-api/Entities/Common/dfOfficeDefault.cs(190,23): warning CS8618: Non-nullable property 'DrivingDirections' must contain a non-null value when exiting constructor. Consider adding the 'required' modifier or declaring the property as nullable. [/Users/ali1/Projects/Erp-entegrasyon/erp-api/ErpMobile.Api.csproj]
/Users/ali1/Projects/Erp-entegrasyon/erp-api/Entities/Common/dfOfficeDefault.cs(194,23): warning CS8618: Non-nullable property 'MersisNum' must contain a non-null value when exiting constructor. Consider adding the 'required' modifier or declaring the property as nullable. [/Users/ali1/Projects/Erp-entegrasyon/erp-api/ErpMobile.Api.csproj]
/Users/ali1/Projects/Erp-entegrasyon/erp-api/Entities/Common/dfOfficeDefault.cs(198,23): warning CS8618: Non-nullable property 'URNAddress' must contain a non-null value when exiting constructor. Consider adding the 'required' modifier or declaring the property as nullable. [/Users/ali1/Projects/Erp-entegrasyon/erp-api/ErpMobile.Api.csproj]
/Users/ali1/Projects/Erp-entegrasyon/erp-api/Entities/Common/dfOfficeDefault.cs(202,23): warning CS8618: Non-nullable property 'EShipmentUrnAddress' must contain a non-null value when exiting constructor. Consider adding the 'required' modifier or declaring the property as nullable. [/Users/ali1/Projects/Erp-entegrasyon/erp-api/ErpMobile.Api.csproj]
/Users/ali1/Projects/Erp-entegrasyon/erp-api/Entities/Common/dfOfficeDefault.cs(206,23): warning CS8618: Non-nullable property 'EShipmentUrnAddressPK' must contain a non-null value when exiting constructor. Consider adding the 'required' modifier or declaring the property as nullable. [/Users/ali1/Projects/Erp-entegrasyon/erp-api/ErpMobile.Api.csproj]
/Users/ali1/Projects/Erp-entegrasyon/erp-api/Entities/Common/dfOfficeDefault.cs(222,23): warning CS8618: Non-nullable property 'ConfirmationFormTypeCode' must contain a non-null value when exiting constructor. Consider adding the 'required' modifier or declaring the property as nullable. [/Users/ali1/Projects/Erp-entegrasyon/erp-api/ErpMobile.Api.csproj]
/Users/ali1/Projects/Erp-entegrasyon/erp-api/Entities/Common/dfOfficeDefault.cs(238,23): warning CS8618: Non-nullable property 'CreatedUserName' must contain a non-null value when exiting constructor. Consider adding the 'required' modifier or declaring the property as nullable. [/Users/ali1/Projects/Erp-entegrasyon/erp-api/ErpMobile.Api.csproj]
/Users/ali1/Projects/Erp-entegrasyon/erp-api/Entities/Common/dfOfficeDefault.cs(245,23): warning CS8618: Non-nullable property 'LastUpdatedUserName' must contain a non-null value when exiting constructor. Consider adding the 'required' modifier or declaring the property as nullable. [/Users/ali1/Projects/Erp-entegrasyon/erp-api/ErpMobile.Api.csproj]
/Users/ali1/Projects/Erp-entegrasyon/erp-api/Entities/Common/dfOfficeDefault.cs(255,33): warning CS8618: Non-nullable property 'Office' must contain a non-null value when exiting constructor. Consider adding the 'required' modifier or declaring the property as nullable. [/Users/ali1/Projects/Erp-entegrasyon/erp-api/ErpMobile.Api.csproj]
/Users/ali1/Projects/Erp-entegrasyon/erp-api/Entities/Common/dfOfficeDefault.cs(258,34): warning CS8618: Non-nullable property 'Country' must contain a non-null value when exiting constructor. Consider adding the 'required' modifier or declaring the property as nullable. [/Users/ali1/Projects/Erp-entegrasyon/erp-api/ErpMobile.Api.csproj]
/Users/ali1/Projects/Erp-entegrasyon/erp-api/Entities/Common/dfOfficeDefault.cs(261,32): warning CS8618: Non-nullable property 'State' must contain a non-null value when exiting constructor. Consider adding the 'required' modifier or declaring the property as nullable. [/Users/ali1/Projects/Erp-entegrasyon/erp-api/ErpMobile.Api.csproj]
/Users/ali1/Projects/Erp-entegrasyon/erp-api/Entities/Common/dfOfficeDefault.cs(264,31): warning CS8618: Non-nullable property 'City' must contain a non-null value when exiting constructor. Consider adding the 'required' modifier or declaring the property as nullable. [/Users/ali1/Projects/Erp-entegrasyon/erp-api/ErpMobile.Api.csproj]
/Users/ali1/Projects/Erp-entegrasyon/erp-api/Entities/Common/dfOfficeDefault.cs(267,35): warning CS8618: Non-nullable property 'District' must contain a non-null value when exiting constructor. Consider adding the 'required' modifier or declaring the property as nullable. [/Users/ali1/Projects/Erp-entegrasyon/erp-api/ErpMobile.Api.csproj]
/Users/ali1/Projects/Erp-entegrasyon/erp-api/Entities/Common/dfOfficeDefault.cs(270,37): warning CS8618: Non-nullable property 'PriceGroup' must contain a non-null value when exiting constructor. Consider adding the 'required' modifier or declaring the property as nullable. [/Users/ali1/Projects/Erp-entegrasyon/erp-api/ErpMobile.Api.csproj]
/Users/ali1/Projects/Erp-entegrasyon/erp-api/Entities/Customer/bsCustomerType.cs(15,43): warning CS8618: Non-nullable property 'CustomerTypeDesc' must contain a non-null value when exiting constructor. Consider adding the 'required' modifier or declaring the property as nullable. [/Users/ali1/Projects/Erp-entegrasyon/erp-api/ErpMobile.Api.csproj]
/Users/ali1/Projects/Erp-entegrasyon/erp-api/Models/Responses/CustomerPaymentPlanGroupResponse.cs(13,23): warning CS8618: Non-nullable property 'CustomerPaymentPlanGrCode' must contain a non-null value when exiting constructor. Consider adding the 'required' modifier or declaring the property as nullable. [/Users/ali1/Projects/Erp-entegrasyon/erp-api/ErpMobile.Api.csproj]
/Users/ali1/Projects/Erp-entegrasyon/erp-api/Models/Responses/CustomerPaymentPlanGroupResponse.cs(18,23): warning CS8618: Non-nullable property 'PaymentPlanGroupDescription' must contain a non-null value when exiting constructor. Consider adding the 'required' modifier or declaring the property as nullable. [/Users/ali1/Projects/Erp-entegrasyon/erp-api/ErpMobile.Api.csproj]
/Users/ali1/Projects/Erp-entegrasyon/erp-api/Services/SalesInvoiceService.cs(197,42): warning CS8600: Converting null literal or possible null value to non-nullable type. [/Users/ali1/Projects/Erp-entegrasyon/erp-api/ErpMobile.Api.csproj]
/Users/ali1/Projects/Erp-entegrasyon/erp-api/Services/SalesInvoiceService.cs(366,39): warning CS8600: Converting null literal or possible null value to non-nullable type. [/Users/ali1/Projects/Erp-entegrasyon/erp-api/ErpMobile.Api.csproj]
/Users/ali1/Projects/Erp-entegrasyon/erp-api/Services/SalesInvoiceService.cs(375,36): warning CS8601: Possible null reference assignment. [/Users/ali1/Projects/Erp-entegrasyon/erp-api/ErpMobile.Api.csproj]
/Users/ali1/Projects/Erp-entegrasyon/erp-api/Entities/Customer/bsCustomerTypeDesc.cs(17,23): warning CS8618: Non-nullable property 'LangCode' must contain a non-null value when exiting constructor. Consider adding the 'required' modifier or declaring the property as nullable. [/Users/ali1/Projects/Erp-entegrasyon/erp-api/ErpMobile.Api.csproj]
/Users/ali1/Projects/Erp-entegrasyon/erp-api/Entities/Customer/bsCustomerTypeDesc.cs(21,23): warning CS8618: Non-nullable property 'CustomerTypeDescription' must contain a non-null value when exiting constructor. Consider adding the 'required' modifier or declaring the property as nullable. [/Users/ali1/Projects/Erp-entegrasyon/erp-api/ErpMobile.Api.csproj]
/Users/ali1/Projects/Erp-entegrasyon/erp-api/Entities/Customer/bsCustomerTypeDesc.cs(28,39): warning CS8618: Non-nullable property 'CustomerType' must contain a non-null value when exiting constructor. Consider adding the 'required' modifier or declaring the property as nullable. [/Users/ali1/Projects/Erp-entegrasyon/erp-api/ErpMobile.Api.csproj]
/Users/ali1/Projects/Erp-entegrasyon/erp-api/Models/Responses/CustomerListResponse.cs(11,23): warning CS8618: Non-nullable property 'CustomerCode' must contain a non-null value when exiting constructor. Consider adding the 'required' modifier or declaring the property as nullable. [/Users/ali1/Projects/Erp-entegrasyon/erp-api/ErpMobile.Api.csproj]
/Users/ali1/Projects/Erp-entegrasyon/erp-api/Models/Responses/CustomerListResponse.cs(16,23): warning CS8618: Non-nullable property 'CustomerName' must contain a non-null value when exiting constructor. Consider adding the 'required' modifier or declaring the property as nullable. [/Users/ali1/Projects/Erp-entegrasyon/erp-api/ErpMobile.Api.csproj]
/Users/ali1/Projects/Erp-entegrasyon/erp-api/Models/Responses/CustomerListResponse.cs(26,23): warning CS8618: Non-nullable property 'CustomerTypeDescription' must contain a non-null value when exiting constructor. Consider adding the 'required' modifier or declaring the property as nullable. [/Users/ali1/Projects/Erp-entegrasyon/erp-api/ErpMobile.Api.csproj]
/Users/ali1/Projects/Erp-entegrasyon/erp-api/Models/Responses/CustomerListResponse.cs(36,23): warning CS8618: Non-nullable property 'CreatedUsername' must contain a non-null value when exiting constructor. Consider adding the 'required' modifier or declaring the property as nullable. [/Users/ali1/Projects/Erp-entegrasyon/erp-api/ErpMobile.Api.csproj]
/Users/ali1/Projects/Erp-entegrasyon/erp-api/Models/Responses/CustomerListResponse.cs(41,23): warning CS8618: Non-nullable property 'CurrencyCode' must contain a non-null value when exiting constructor. Consider adding the 'required' modifier or declaring the property as nullable. [/Users/ali1/Projects/Erp-entegrasyon/erp-api/ErpMobile.Api.csproj]
/Users/ali1/Projects/Erp-entegrasyon/erp-api/Models/Responses/CustomerListResponse.cs(51,23): warning CS8618: Non-nullable property 'PromotionGroupDescription' must contain a non-null value when exiting constructor. Consider adding the 'required' modifier or declaring the property as nullable. [/Users/ali1/Projects/Erp-entegrasyon/erp-api/ErpMobile.Api.csproj]
/Users/ali1/Projects/Erp-entegrasyon/erp-api/Models/Responses/CustomerListResponse.cs(56,23): warning CS8618: Non-nullable property 'CompanyCode' must contain a non-null value when exiting constructor. Consider adding the 'required' modifier or declaring the property as nullable. [/Users/ali1/Projects/Erp-entegrasyon/erp-api/ErpMobile.Api.csproj]
/Users/ali1/Projects/Erp-entegrasyon/erp-api/Models/Responses/CustomerListResponse.cs(61,23): warning CS8618: Non-nullable property 'OfficeCode' must contain a non-null value when exiting constructor. Consider adding the 'required' modifier or declaring the property as nullable. [/Users/ali1/Projects/Erp-entegrasyon/erp-api/ErpMobile.Api.csproj]
/Users/ali1/Projects/Erp-entegrasyon/erp-api/Models/Responses/CustomerListResponse.cs(66,23): warning CS8618: Non-nullable property 'OfficeDescription' must contain a non-null value when exiting constructor. Consider adding the 'required' modifier or declaring the property as nullable. [/Users/ali1/Projects/Erp-entegrasyon/erp-api/ErpMobile.Api.csproj]
/Users/ali1/Projects/Erp-entegrasyon/erp-api/Models/Responses/CustomerListResponse.cs(71,23): warning CS8618: Non-nullable property 'OfficeCountryCode' must contain a non-null value when exiting constructor. Consider adding the 'required' modifier or declaring the property as nullable. [/Users/ali1/Projects/Erp-entegrasyon/erp-api/ErpMobile.Api.csproj]
/Users/ali1/Projects/Erp-entegrasyon/erp-api/Models/Responses/CustomerListResponse.cs(76,23): warning CS8618: Non-nullable property 'CityDescription' must contain a non-null value when exiting constructor. Consider adding the 'required' modifier or declaring the property as nullable. [/Users/ali1/Projects/Erp-entegrasyon/erp-api/ErpMobile.Api.csproj]
/Users/ali1/Projects/Erp-entegrasyon/erp-api/Models/Responses/CustomerListResponse.cs(81,23): warning CS8618: Non-nullable property 'DistrictDescription' must contain a non-null value when exiting constructor. Consider adding the 'required' modifier or declaring the property as nullable. [/Users/ali1/Projects/Erp-entegrasyon/erp-api/ErpMobile.Api.csproj]
/Users/ali1/Projects/Erp-entegrasyon/erp-api/Models/Responses/CustomerListResponse.cs(86,23): warning CS8618: Non-nullable property 'IdentityNum' must contain a non-null value when exiting constructor. Consider adding the 'required' modifier or declaring the property as nullable. [/Users/ali1/Projects/Erp-entegrasyon/erp-api/ErpMobile.Api.csproj]
/Users/ali1/Projects/Erp-entegrasyon/erp-api/Models/Responses/CustomerListResponse.cs(91,23): warning CS8618: Non-nullable property 'TaxNumber' must contain a non-null value when exiting constructor. Consider adding the 'required' modifier or declaring the property as nullable. [/Users/ali1/Projects/Erp-entegrasyon/erp-api/ErpMobile.Api.csproj]
/Users/ali1/Projects/Erp-entegrasyon/erp-api/Models/Responses/CustomerListResponse.cs(96,23): warning CS8618: Non-nullable property 'VendorCode' must contain a non-null value when exiting constructor. Consider adding the 'required' modifier or declaring the property as nullable. [/Users/ali1/Projects/Erp-entegrasyon/erp-api/ErpMobile.Api.csproj]
/Users/ali1/Projects/Erp-entegrasyon/erp-api/Models/Responses/CustomerFinancialUpdateResponse.cs(13,23): warning CS8618: Non-nullable property 'CustomerCode' must contain a non-null value when exiting constructor. Consider adding the 'required' modifier or declaring the property as nullable. [/Users/ali1/Projects/Erp-entegrasyon/erp-api/ErpMobile.Api.csproj]
/Users/ali1/Projects/Erp-entegrasyon/erp-api/Models/Responses/CustomerFinancialUpdateResponse.cs(23,23): warning CS8618: Non-nullable property 'Message' must contain a non-null value when exiting constructor. Consider adding the 'required' modifier or declaring the property as nullable. [/Users/ali1/Projects/Erp-entegrasyon/erp-api/ErpMobile.Api.csproj]
/Users/ali1/Projects/Erp-entegrasyon/erp-api/Models/Responses/CustomerFinancialUpdateResponse.cs(33,23): warning CS8618: Non-nullable property 'CurrencyCode' must contain a non-null value when exiting constructor. Consider adding the 'required' modifier or declaring the property as nullable. [/Users/ali1/Projects/Erp-entegrasyon/erp-api/ErpMobile.Api.csproj]
/Users/ali1/Projects/Erp-entegrasyon/erp-api/Models/Responses/CustomerFinancialUpdateResponse.cs(38,23): warning CS8618: Non-nullable property 'PaymentPlanCode' must contain a non-null value when exiting constructor. Consider adding the 'required' modifier or declaring the property as nullable. [/Users/ali1/Projects/Erp-entegrasyon/erp-api/ErpMobile.Api.csproj]
/Users/ali1/Projects/Erp-entegrasyon/erp-api/Models/Responses/CustomerFinancialUpdateResponse.cs(48,23): warning CS8618: Non-nullable property 'UpdatedUserName' must contain a non-null value when exiting constructor. Consider adding the 'required' modifier or declaring the property as nullable. [/Users/ali1/Projects/Erp-entegrasyon/erp-api/ErpMobile.Api.csproj]
/Users/ali1/Projects/Erp-entegrasyon/erp-api/Services/CashService.cs(33,45): warning CS0618: 'SqlConnection' is obsolete: 'Use the Microsoft.Data.SqlClient package instead.' [/Users/ali1/Projects/Erp-entegrasyon/erp-api/ErpMobile.Api.csproj]
/Users/ali1/Projects/Erp-entegrasyon/erp-api/Services/CashService.cs(43,20): warning CS0618: 'SqlException' is obsolete: 'Use the Microsoft.Data.SqlClient package instead.' [/Users/ali1/Projects/Erp-entegrasyon/erp-api/ErpMobile.Api.csproj]
/Users/ali1/Projects/Erp-entegrasyon/erp-api/Repositories/Invoice/InvoiceRepository.cs(1349,38): warning CS8605: Unboxing a possibly null value. [/Users/ali1/Projects/Erp-entegrasyon/erp-api/ErpMobile.Api.csproj]
/Users/ali1/Projects/Erp-entegrasyon/erp-api/Repositories/Inventory/InventoryRepository.cs(422,48): warning CS8601: Possible null reference assignment. [/Users/ali1/Projects/Erp-entegrasyon/erp-api/ErpMobile.Api.csproj]
/Users/ali1/Projects/Erp-entegrasyon/erp-api/Repositories/Inventory/InventoryRepository.cs(423,44): warning CS8601: Possible null reference assignment. [/Users/ali1/Projects/Erp-entegrasyon/erp-api/ErpMobile.Api.csproj]
/Users/ali1/Projects/Erp-entegrasyon/erp-api/Repositories/Inventory/InventoryRepository.cs(424,47): warning CS8601: Possible null reference assignment. [/Users/ali1/Projects/Erp-entegrasyon/erp-api/ErpMobile.Api.csproj]
/Users/ali1/Projects/Erp-entegrasyon/erp-api/Repositories/Inventory/InventoryRepository.cs(425,51): warning CS8601: Possible null reference assignment. [/Users/ali1/Projects/Erp-entegrasyon/erp-api/ErpMobile.Api.csproj]
/Users/ali1/Projects/Erp-entegrasyon/erp-api/Repositories/Inventory/InventoryRepository.cs(426,52): warning CS8601: Possible null reference assignment. [/Users/ali1/Projects/Erp-entegrasyon/erp-api/ErpMobile.Api.csproj]
/Users/ali1/Projects/Erp-entegrasyon/erp-api/Repositories/Inventory/InventoryRepository.cs(427,43): warning CS8601: Possible null reference assignment. [/Users/ali1/Projects/Erp-entegrasyon/erp-api/ErpMobile.Api.csproj]
/Users/ali1/Projects/Erp-entegrasyon/erp-api/Repositories/Inventory/InventoryRepository.cs(428,53): warning CS8601: Possible null reference assignment. [/Users/ali1/Projects/Erp-entegrasyon/erp-api/ErpMobile.Api.csproj]
/Users/ali1/Projects/Erp-entegrasyon/erp-api/Repositories/Inventory/InventoryRepository.cs(429,51): warning CS8601: Possible null reference assignment. [/Users/ali1/Projects/Erp-entegrasyon/erp-api/ErpMobile.Api.csproj]
/Users/ali1/Projects/Erp-entegrasyon/erp-api/Repositories/Inventory/InventoryRepository.cs(430,45): warning CS8601: Possible null reference assignment. [/Users/ali1/Projects/Erp-entegrasyon/erp-api/ErpMobile.Api.csproj]
/Users/ali1/Projects/Erp-entegrasyon/erp-api/Repositories/Inventory/InventoryRepository.cs(431,48): warning CS8601: Possible null reference assignment. [/Users/ali1/Projects/Erp-entegrasyon/erp-api/ErpMobile.Api.csproj]
/Users/ali1/Projects/Erp-entegrasyon/erp-api/Repositories/Inventory/InventoryRepository.cs(432,52): warning CS8601: Possible null reference assignment. [/Users/ali1/Projects/Erp-entegrasyon/erp-api/ErpMobile.Api.csproj]
/Users/ali1/Projects/Erp-entegrasyon/erp-api/Repositories/Inventory/InventoryRepository.cs(433,48): warning CS8601: Possible null reference assignment. [/Users/ali1/Projects/Erp-entegrasyon/erp-api/ErpMobile.Api.csproj]
/Users/ali1/Projects/Erp-entegrasyon/erp-api/Repositories/Inventory/InventoryRepository.cs(434,48): warning CS8601: Possible null reference assignment. [/Users/ali1/Projects/Erp-entegrasyon/erp-api/ErpMobile.Api.csproj]
/Users/ali1/Projects/Erp-entegrasyon/erp-api/Repositories/Inventory/InventoryRepository.cs(436,49): warning CS8601: Possible null reference assignment. [/Users/ali1/Projects/Erp-entegrasyon/erp-api/ErpMobile.Api.csproj]
/Users/ali1/Projects/Erp-entegrasyon/erp-api/Repositories/Inventory/InventoryRepository.cs(437,49): warning CS8601: Possible null reference assignment. [/Users/ali1/Projects/Erp-entegrasyon/erp-api/ErpMobile.Api.csproj]
/Users/ali1/Projects/Erp-entegrasyon/erp-api/Services/CashService.cs(62,45): warning CS0618: 'SqlConnection' is obsolete: 'Use the Microsoft.Data.SqlClient package instead.' [/Users/ali1/Projects/Erp-entegrasyon/erp-api/ErpMobile.Api.csproj]
/Users/ali1/Projects/Erp-entegrasyon/erp-api/Services/CashService.cs(74,20): warning CS0618: 'SqlException' is obsolete: 'Use the Microsoft.Data.SqlClient package instead.' [/Users/ali1/Projects/Erp-entegrasyon/erp-api/ErpMobile.Api.csproj]
/Users/ali1/Projects/Erp-entegrasyon/erp-api/Services/CashService.cs(93,45): warning CS0618: 'SqlConnection' is obsolete: 'Use the Microsoft.Data.SqlClient package instead.' [/Users/ali1/Projects/Erp-entegrasyon/erp-api/ErpMobile.Api.csproj]
/Users/ali1/Projects/Erp-entegrasyon/erp-api/Services/CashService.cs(105,20): warning CS0618: 'SqlException' is obsolete: 'Use the Microsoft.Data.SqlClient package instead.' [/Users/ali1/Projects/Erp-entegrasyon/erp-api/ErpMobile.Api.csproj]
/Users/ali1/Projects/Erp-entegrasyon/erp-api/Models/Responses/CustomerDiscountGroupResponse.cs(13,23): warning CS8618: Non-nullable property 'DiscountGroupCode' must contain a non-null value when exiting constructor. Consider adding the 'required' modifier or declaring the property as nullable. [/Users/ali1/Projects/Erp-entegrasyon/erp-api/ErpMobile.Api.csproj]
/Users/ali1/Projects/Erp-entegrasyon/erp-api/Models/Responses/CustomerDiscountGroupResponse.cs(18,23): warning CS8618: Non-nullable property 'DiscountGroupDescription' must contain a non-null value when exiting constructor. Consider adding the 'required' modifier or declaring the property as nullable. [/Users/ali1/Projects/Erp-entegrasyon/erp-api/ErpMobile.Api.csproj]
/Users/ali1/Projects/Erp-entegrasyon/erp-api/Services/CurrencyService.cs(88,28): warning CS8603: Possible null reference return. [/Users/ali1/Projects/Erp-entegrasyon/erp-api/ErpMobile.Api.csproj]
/Users/ali1/Projects/Erp-entegrasyon/erp-api/Services/CashService.cs(124,45): warning CS0618: 'SqlConnection' is obsolete: 'Use the Microsoft.Data.SqlClient package instead.' [/Users/ali1/Projects/Erp-entegrasyon/erp-api/ErpMobile.Api.csproj]
/Users/ali1/Projects/Erp-entegrasyon/erp-api/Services/CashService.cs(142,20): warning CS0618: 'SqlException' is obsolete: 'Use the Microsoft.Data.SqlClient package instead.' [/Users/ali1/Projects/Erp-entegrasyon/erp-api/ErpMobile.Api.csproj]
/Users/ali1/Projects/Erp-entegrasyon/erp-api/Entities/Customer/cdCurrAcc.cs(17,23): warning CS8618: Non-nullable property 'CurrAccCode' must contain a non-null value when exiting constructor. Consider adding the 'required' modifier or declaring the property as nullable. [/Users/ali1/Projects/Erp-entegrasyon/erp-api/ErpMobile.Api.csproj]
/Users/ali1/Projects/Erp-entegrasyon/erp-api/Entities/Customer/cdCurrAcc.cs(20,23): warning CS8618: Non-nullable property 'FirstLastName' must contain a non-null value when exiting constructor. Consider adding the 'required' modifier or declaring the property as nullable. [/Users/ali1/Projects/Erp-entegrasyon/erp-api/ErpMobile.Api.csproj]
/Users/ali1/Projects/Erp-entegrasyon/erp-api/Entities/Customer/cdCurrAcc.cs(29,23): warning CS8618: Non-nullable property 'CreatedUserName' must contain a non-null value when exiting constructor. Consider adding the 'required' modifier or declaring the property as nullable. [/Users/ali1/Projects/Erp-entegrasyon/erp-api/ErpMobile.Api.csproj]
/Users/ali1/Projects/Erp-entegrasyon/erp-api/Entities/Customer/cdCurrAcc.cs(32,23): warning CS8618: Non-nullable property 'CurrencyCode' must contain a non-null value when exiting constructor. Consider adding the 'required' modifier or declaring the property as nullable. [/Users/ali1/Projects/Erp-entegrasyon/erp-api/ErpMobile.Api.csproj]
/Users/ali1/Projects/Erp-entegrasyon/erp-api/Entities/Customer/cdCurrAcc.cs(39,23): warning CS8618: Non-nullable property 'PromotionGroupCode' must contain a non-null value when exiting constructor. Consider adding the 'required' modifier or declaring the property as nullable. [/Users/ali1/Projects/Erp-entegrasyon/erp-api/ErpMobile.Api.csproj]
/Users/ali1/Projects/Erp-entegrasyon/erp-api/Entities/Customer/cdCurrAcc.cs(42,23): warning CS8618: Non-nullable property 'CompanyCode' must contain a non-null value when exiting constructor. Consider adding the 'required' modifier or declaring the property as nullable. [/Users/ali1/Projects/Erp-entegrasyon/erp-api/ErpMobile.Api.csproj]
/Users/ali1/Projects/Erp-entegrasyon/erp-api/Entities/Customer/cdCurrAcc.cs(45,23): warning CS8618: Non-nullable property 'OfficeCode' must contain a non-null value when exiting constructor. Consider adding the 'required' modifier or declaring the property as nullable. [/Users/ali1/Projects/Erp-entegrasyon/erp-api/ErpMobile.Api.csproj]
/Users/ali1/Projects/Erp-entegrasyon/erp-api/Entities/Customer/cdCurrAcc.cs(48,23): warning CS8618: Non-nullable property 'IdentityNum' must contain a non-null value when exiting constructor. Consider adding the 'required' modifier or declaring the property as nullable. [/Users/ali1/Projects/Erp-entegrasyon/erp-api/ErpMobile.Api.csproj]
/Users/ali1/Projects/Erp-entegrasyon/erp-api/Entities/Customer/cdCurrAcc.cs(51,23): warning CS8618: Non-nullable property 'TaxNumber' must contain a non-null value when exiting constructor. Consider adding the 'required' modifier or declaring the property as nullable. [/Users/ali1/Projects/Erp-entegrasyon/erp-api/ErpMobile.Api.csproj]
/Users/ali1/Projects/Erp-entegrasyon/erp-api/Entities/Customer/cdCurrAcc.cs(66,23): warning CS8618: Non-nullable property 'LastUpdatedUserName' must contain a non-null value when exiting constructor. Consider adding the 'required' modifier or declaring the property as nullable. [/Users/ali1/Projects/Erp-entegrasyon/erp-api/ErpMobile.Api.csproj]
/Users/ali1/Projects/Erp-entegrasyon/erp-api/Entities/Customer/cdCurrAcc.cs(73,41): warning CS8618: Non-nullable property 'PromotionGroup' must contain a non-null value when exiting constructor. Consider adding the 'required' modifier or declaring the property as nullable. [/Users/ali1/Projects/Erp-entegrasyon/erp-api/ErpMobile.Api.csproj]
/Users/ali1/Projects/Erp-entegrasyon/erp-api/Entities/Customer/cdCurrAcc.cs(74,38): warning CS8618: Non-nullable property 'CurrAccDesc' must contain a non-null value when exiting constructor. Consider adding the 'required' modifier or declaring the property as nullable. [/Users/ali1/Projects/Erp-entegrasyon/erp-api/ErpMobile.Api.csproj]
/Users/ali1/Projects/Erp-entegrasyon/erp-api/Entities/Customer/cdCurrAcc.cs(75,48): warning CS8618: Non-nullable property 'CustomerVendorAccount' must contain a non-null value when exiting constructor. Consider adding the 'required' modifier or declaring the property as nullable. [/Users/ali1/Projects/Erp-entegrasyon/erp-api/ErpMobile.Api.csproj]
/Users/ali1/Projects/Erp-entegrasyon/erp-api/Entities/Customer/cdCurrAcc.cs(76,41): warning CS8618: Non-nullable property 'CurrAccDefault' must contain a non-null value when exiting constructor. Consider adding the 'required' modifier or declaring the property as nullable. [/Users/ali1/Projects/Erp-entegrasyon/erp-api/ErpMobile.Api.csproj]
/Users/ali1/Projects/Erp-entegrasyon/erp-api/Entities/Customer/cdCurrAccDesc.cs(16,23): warning CS8618: Non-nullable property 'CurrAccCode' must contain a non-null value when exiting constructor. Consider adding the 'required' modifier or declaring the property as nullable. [/Users/ali1/Projects/Erp-entegrasyon/erp-api/ErpMobile.Api.csproj]
/Users/ali1/Projects/Erp-entegrasyon/erp-api/Entities/Customer/cdCurrAccDesc.cs(21,23): warning CS8618: Non-nullable property 'LangCode' must contain a non-null value when exiting constructor. Consider adding the 'required' modifier or declaring the property as nullable. [/Users/ali1/Projects/Erp-entegrasyon/erp-api/ErpMobile.Api.csproj]
/Users/ali1/Projects/Erp-entegrasyon/erp-api/Entities/Customer/cdCurrAccDesc.cs(24,23): warning CS8618: Non-nullable property 'CurrAccDescription' must contain a non-null value when exiting constructor. Consider adding the 'required' modifier or declaring the property as nullable. [/Users/ali1/Projects/Erp-entegrasyon/erp-api/ErpMobile.Api.csproj]
/Users/ali1/Projects/Erp-entegrasyon/erp-api/Entities/Customer/cdCurrAccDesc.cs(28,34): warning CS8618: Non-nullable property 'CurrAcc' must contain a non-null value when exiting constructor. Consider adding the 'required' modifier or declaring the property as nullable. [/Users/ali1/Projects/Erp-entegrasyon/erp-api/ErpMobile.Api.csproj]
/Users/ali1/Projects/Erp-entegrasyon/erp-api/Models/Responses/CustomerCreditInfoResponse.cs(13,23): warning CS8618: Non-nullable property 'CustomerCode' must contain a non-null value when exiting constructor. Consider adding the 'required' modifier or declaring the property as nullable. [/Users/ali1/Projects/Erp-entegrasyon/erp-api/ErpMobile.Api.csproj]
/Users/ali1/Projects/Erp-entegrasyon/erp-api/Models/Responses/CustomerCreditInfoResponse.cs(18,23): warning CS8618: Non-nullable property 'CustomerDescription' must contain a non-null value when exiting constructor. Consider adding the 'required' modifier or declaring the property as nullable. [/Users/ali1/Projects/Erp-entegrasyon/erp-api/ErpMobile.Api.csproj]
/Users/ali1/Projects/Erp-entegrasyon/erp-api/Models/Responses/CustomerCreateResponseNew.cs(18,23): warning CS8618: Non-nullable property 'Message' must contain a non-null value when exiting constructor. Consider adding the 'required' modifier or declaring the property as nullable. [/Users/ali1/Projects/Erp-entegrasyon/erp-api/ErpMobile.Api.csproj]
/Users/ali1/Projects/Erp-entegrasyon/erp-api/Models/Responses/CustomerCreateResponseNew.cs(23,23): warning CS8618: Non-nullable property 'ErrorDetails' must contain a non-null value when exiting constructor. Consider adding the 'required' modifier or declaring the property as nullable. [/Users/ali1/Projects/Erp-entegrasyon/erp-api/ErpMobile.Api.csproj]
/Users/ali1/Projects/Erp-entegrasyon/erp-api/Models/Responses/CustomerCreateResponseNew.cs(28,23): warning CS8618: Non-nullable property 'CustomerCode' must contain a non-null value when exiting constructor. Consider adding the 'required' modifier or declaring the property as nullable. [/Users/ali1/Projects/Erp-entegrasyon/erp-api/ErpMobile.Api.csproj]
/Users/ali1/Projects/Erp-entegrasyon/erp-api/Models/Responses/CustomerCreateResponseNew.cs(33,23): warning CS8618: Non-nullable property 'CustomerName' must contain a non-null value when exiting constructor. Consider adding the 'required' modifier or declaring the property as nullable. [/Users/ali1/Projects/Erp-entegrasyon/erp-api/ErpMobile.Api.csproj]
/Users/ali1/Projects/Erp-entegrasyon/erp-api/Models/Responses/CustomerCreateResponseNew.cs(43,23): warning CS8618: Non-nullable property 'CustomerTypeDescription' must contain a non-null value when exiting constructor. Consider adding the 'required' modifier or declaring the property as nullable. [/Users/ali1/Projects/Erp-entegrasyon/erp-api/ErpMobile.Api.csproj]
/Users/ali1/Projects/Erp-entegrasyon/erp-api/Models/Responses/CustomerCreateResponseNew.cs(53,23): warning CS8618: Non-nullable property 'CreatedUsername' must contain a non-null value when exiting constructor. Consider adding the 'required' modifier or declaring the property as nullable. [/Users/ali1/Projects/Erp-entegrasyon/erp-api/ErpMobile.Api.csproj]
/Users/ali1/Projects/Erp-entegrasyon/erp-api/Models/Responses/CustomerCreateResponseNew.cs(58,23): warning CS8618: Non-nullable property 'CurrencyCode' must contain a non-null value when exiting constructor. Consider adding the 'required' modifier or declaring the property as nullable. [/Users/ali1/Projects/Erp-entegrasyon/erp-api/ErpMobile.Api.csproj]
/Users/ali1/Projects/Erp-entegrasyon/erp-api/Models/Responses/CustomerCreateResponseNew.cs(68,23): warning CS8618: Non-nullable property 'CompanyCode' must contain a non-null value when exiting constructor. Consider adding the 'required' modifier or declaring the property as nullable. [/Users/ali1/Projects/Erp-entegrasyon/erp-api/ErpMobile.Api.csproj]
/Users/ali1/Projects/Erp-entegrasyon/erp-api/Models/Responses/CustomerCreateResponseNew.cs(73,23): warning CS8618: Non-nullable property 'OfficeCode' must contain a non-null value when exiting constructor. Consider adding the 'required' modifier or declaring the property as nullable. [/Users/ali1/Projects/Erp-entegrasyon/erp-api/ErpMobile.Api.csproj]
/Users/ali1/Projects/Erp-entegrasyon/erp-api/Models/Responses/CustomerCreateResponseNew.cs(78,23): warning CS8618: Non-nullable property 'OfficeDescription' must contain a non-null value when exiting constructor. Consider adding the 'required' modifier or declaring the property as nullable. [/Users/ali1/Projects/Erp-entegrasyon/erp-api/ErpMobile.Api.csproj]
/Users/ali1/Projects/Erp-entegrasyon/erp-api/Models/Responses/CustomerCreateResponseNew.cs(83,23): warning CS8618: Non-nullable property 'IdentityNum' must contain a non-null value when exiting constructor. Consider adding the 'required' modifier or declaring the property as nullable. [/Users/ali1/Projects/Erp-entegrasyon/erp-api/ErpMobile.Api.csproj]
/Users/ali1/Projects/Erp-entegrasyon/erp-api/Models/Responses/CustomerCreateResponseNew.cs(88,23): warning CS8618: Non-nullable property 'TaxNumber' must contain a non-null value when exiting constructor. Consider adding the 'required' modifier or declaring the property as nullable. [/Users/ali1/Projects/Erp-entegrasyon/erp-api/ErpMobile.Api.csproj]
/Users/ali1/Projects/Erp-entegrasyon/erp-api/Models/Responses/CustomerCreateResponseNew.cs(93,23): warning CS8618: Non-nullable property 'TaxOfficeCode' must contain a non-null value when exiting constructor. Consider adding the 'required' modifier or declaring the property as nullable. [/Users/ali1/Projects/Erp-entegrasyon/erp-api/ErpMobile.Api.csproj]
/Users/ali1/Projects/Erp-entegrasyon/erp-api/Services/CashService.cs(161,45): warning CS0618: 'SqlConnection' is obsolete: 'Use the Microsoft.Data.SqlClient package instead.' [/Users/ali1/Projects/Erp-entegrasyon/erp-api/ErpMobile.Api.csproj]
/Users/ali1/Projects/Erp-entegrasyon/erp-api/Services/CashService.cs(178,20): warning CS0618: 'SqlException' is obsolete: 'Use the Microsoft.Data.SqlClient package instead.' [/Users/ali1/Projects/Erp-entegrasyon/erp-api/ErpMobile.Api.csproj]
/Users/ali1/Projects/Erp-entegrasyon/erp-api/Models/Responses/CustomerCreateResponse.cs(14,23): warning CS8618: Non-nullable property 'CustomerCode' must contain a non-null value when exiting constructor. Consider adding the 'required' modifier or declaring the property as nullable. [/Users/ali1/Projects/Erp-entegrasyon/erp-api/ErpMobile.Api.csproj]
/Users/ali1/Projects/Erp-entegrasyon/erp-api/Models/Responses/CustomerCreateResponse.cs(19,23): warning CS8618: Non-nullable property 'CustomerName' must contain a non-null value when exiting constructor. Consider adding the 'required' modifier or declaring the property as nullable. [/Users/ali1/Projects/Erp-entegrasyon/erp-api/ErpMobile.Api.csproj]
/Users/ali1/Projects/Erp-entegrasyon/erp-api/Models/Responses/CustomerCreateResponse.cs(24,23): warning CS8618: Non-nullable property 'TaxNumber' must contain a non-null value when exiting constructor. Consider adding the 'required' modifier or declaring the property as nullable. [/Users/ali1/Projects/Erp-entegrasyon/erp-api/ErpMobile.Api.csproj]
/Users/ali1/Projects/Erp-entegrasyon/erp-api/Models/Responses/CustomerCreateResponse.cs(29,23): warning CS8618: Non-nullable property 'TaxOfficeCode' must contain a non-null value when exiting constructor. Consider adding the 'required' modifier or declaring the property as nullable. [/Users/ali1/Projects/Erp-entegrasyon/erp-api/ErpMobile.Api.csproj]
/Users/ali1/Projects/Erp-entegrasyon/erp-api/Models/Responses/CustomerCreateResponse.cs(39,23): warning CS8618: Non-nullable property 'CustomerTypeDescription' must contain a non-null value when exiting constructor. Consider adding the 'required' modifier or declaring the property as nullable. [/Users/ali1/Projects/Erp-entegrasyon/erp-api/ErpMobile.Api.csproj]
/Users/ali1/Projects/Erp-entegrasyon/erp-api/Models/Responses/CustomerCreateResponse.cs(59,23): warning CS8618: Non-nullable property 'Message' must contain a non-null value when exiting constructor. Consider adding the 'required' modifier or declaring the property as nullable. [/Users/ali1/Projects/Erp-entegrasyon/erp-api/ErpMobile.Api.csproj]
/Users/ali1/Projects/Erp-entegrasyon/erp-api/Models/Responses/CustomerCreateResponse.cs(74,23): warning CS8618: Non-nullable property 'CreatedBy' must contain a non-null value when exiting constructor. Consider adding the 'required' modifier or declaring the property as nullable. [/Users/ali1/Projects/Erp-entegrasyon/erp-api/ErpMobile.Api.csproj]
/Users/ali1/Projects/Erp-entegrasyon/erp-api/Entities/Customer/cdCustomerDiscountGr.cs(11,23): warning CS8618: Non-nullable property 'CustomerDiscountGrCode' must contain a non-null value when exiting constructor. Consider adding the 'required' modifier or declaring the property as nullable. [/Users/ali1/Projects/Erp-entegrasyon/erp-api/ErpMobile.Api.csproj]
/Users/ali1/Projects/Erp-entegrasyon/erp-api/Entities/Customer/cdCustomerDiscountGr.cs(16,49): warning CS8618: Non-nullable property 'CustomerDiscountGrDesc' must contain a non-null value when exiting constructor. Consider adding the 'required' modifier or declaring the property as nullable. [/Users/ali1/Projects/Erp-entegrasyon/erp-api/ErpMobile.Api.csproj]
/Users/ali1/Projects/Erp-entegrasyon/erp-api/Models/Responses/CustomerCreateBasicResponse.cs(13,23): warning CS8618: Non-nullable property 'CustomerCode' must contain a non-null value when exiting constructor. Consider adding the 'required' modifier or declaring the property as nullable. [/Users/ali1/Projects/Erp-entegrasyon/erp-api/ErpMobile.Api.csproj]
/Users/ali1/Projects/Erp-entegrasyon/erp-api/Models/Responses/CustomerCreateBasicResponse.cs(18,23): warning CS8618: Non-nullable property 'CustomerName' must contain a non-null value when exiting constructor. Consider adding the 'required' modifier or declaring the property as nullable. [/Users/ali1/Projects/Erp-entegrasyon/erp-api/ErpMobile.Api.csproj]
/Users/ali1/Projects/Erp-entegrasyon/erp-api/Models/Responses/CustomerCreateBasicResponse.cs(33,23): warning CS8618: Non-nullable property 'Message' must contain a non-null value when exiting constructor. Consider adding the 'required' modifier or declaring the property as nullable. [/Users/ali1/Projects/Erp-entegrasyon/erp-api/ErpMobile.Api.csproj]
/Users/ali1/Projects/Erp-entegrasyon/erp-api/Entities/Customer/cdCustomerDiscountGrDesc.cs(12,23): warning CS8618: Non-nullable property 'CustomerDiscountGrCode' must contain a non-null value when exiting constructor. Consider adding the 'required' modifier or declaring the property as nullable. [/Users/ali1/Projects/Erp-entegrasyon/erp-api/ErpMobile.Api.csproj]
/Users/ali1/Projects/Erp-entegrasyon/erp-api/Entities/Customer/cdCustomerDiscountGrDesc.cs(17,23): warning CS8618: Non-nullable property 'LangCode' must contain a non-null value when exiting constructor. Consider adding the 'required' modifier or declaring the property as nullable. [/Users/ali1/Projects/Erp-entegrasyon/erp-api/ErpMobile.Api.csproj]
/Users/ali1/Projects/Erp-entegrasyon/erp-api/Entities/Customer/cdCustomerDiscountGrDesc.cs(20,23): warning CS8618: Non-nullable property 'CustomerDiscountGrDescription' must contain a non-null value when exiting constructor. Consider adding the 'required' modifier or declaring the property as nullable. [/Users/ali1/Projects/Erp-entegrasyon/erp-api/ErpMobile.Api.csproj]
/Users/ali1/Projects/Erp-entegrasyon/erp-api/Entities/Customer/cdCustomerDiscountGrDesc.cs(24,45): warning CS8618: Non-nullable property 'CustomerDiscountGr' must contain a non-null value when exiting constructor. Consider adding the 'required' modifier or declaring the property as nullable. [/Users/ali1/Projects/Erp-entegrasyon/erp-api/ErpMobile.Api.csproj]
/Users/ali1/Projects/Erp-entegrasyon/erp-api/Entities/Customer/cdCustomerPaymentPlanGr.cs(11,23): warning CS8618: Non-nullable property 'CustomerPaymentPlanGrCode' must contain a non-null value when exiting constructor. Consider adding the 'required' modifier or declaring the property as nullable. [/Users/ali1/Projects/Erp-entegrasyon/erp-api/ErpMobile.Api.csproj]
/Users/ali1/Projects/Erp-entegrasyon/erp-api/Entities/Customer/cdCustomerPaymentPlanGr.cs(16,52): warning CS8618: Non-nullable property 'CustomerPaymentPlanGrDesc' must contain a non-null value when exiting constructor. Consider adding the 'required' modifier or declaring the property as nullable. [/Users/ali1/Projects/Erp-entegrasyon/erp-api/ErpMobile.Api.csproj]
/Users/ali1/Projects/Erp-entegrasyon/erp-api/Services/CustomerBasicService.cs(49,51): warning CS1998: This async method lacks 'await' operators and will run synchronously. Consider using the 'await' operator to await non-blocking API calls, or 'await Task.Run(...)' to do CPU-bound work on a background thread. [/Users/ali1/Projects/Erp-entegrasyon/erp-api/ErpMobile.Api.csproj]
/Users/ali1/Projects/Erp-entegrasyon/erp-api/Entities/Customer/cdCustomerPaymentPlanGrDesc.cs(13,23): warning CS8618: Non-nullable property 'CustomerPaymentPlanGrCode' must contain a non-null value when exiting constructor. Consider adding the 'required' modifier or declaring the property as nullable. [/Users/ali1/Projects/Erp-entegrasyon/erp-api/ErpMobile.Api.csproj]
/Users/ali1/Projects/Erp-entegrasyon/erp-api/Entities/Customer/cdCustomerPaymentPlanGrDesc.cs(18,23): warning CS8618: Non-nullable property 'LangCode' must contain a non-null value when exiting constructor. Consider adding the 'required' modifier or declaring the property as nullable. [/Users/ali1/Projects/Erp-entegrasyon/erp-api/ErpMobile.Api.csproj]
/Users/ali1/Projects/Erp-entegrasyon/erp-api/Entities/Customer/cdCustomerPaymentPlanGrDesc.cs(22,23): warning CS8618: Non-nullable property 'CustomerPaymentPlanGrDescription' must contain a non-null value when exiting constructor. Consider adding the 'required' modifier or declaring the property as nullable. [/Users/ali1/Projects/Erp-entegrasyon/erp-api/ErpMobile.Api.csproj]
/Users/ali1/Projects/Erp-entegrasyon/erp-api/Entities/Customer/cdCustomerPaymentPlanGrDesc.cs(26,23): warning CS8618: Non-nullable property 'CreatedUserName' must contain a non-null value when exiting constructor. Consider adding the 'required' modifier or declaring the property as nullable. [/Users/ali1/Projects/Erp-entegrasyon/erp-api/ErpMobile.Api.csproj]
/Users/ali1/Projects/Erp-entegrasyon/erp-api/Entities/Customer/cdCustomerPaymentPlanGrDesc.cs(33,23): warning CS8618: Non-nullable property 'LastUpdatedUserName' must contain a non-null value when exiting constructor. Consider adding the 'required' modifier or declaring the property as nullable. [/Users/ali1/Projects/Erp-entegrasyon/erp-api/ErpMobile.Api.csproj]
/Users/ali1/Projects/Erp-entegrasyon/erp-api/Entities/Customer/cdCustomerPaymentPlanGrDesc.cs(43,48): warning CS8618: Non-nullable property 'CustomerPaymentPlanGr' must contain a non-null value when exiting constructor. Consider adding the 'required' modifier or declaring the property as nullable. [/Users/ali1/Projects/Erp-entegrasyon/erp-api/ErpMobile.Api.csproj]
/Users/ali1/Projects/Erp-entegrasyon/erp-api/Services/CustomerAddressService.cs(83,28): warning CS8603: Possible null reference return. [/Users/ali1/Projects/Erp-entegrasyon/erp-api/ErpMobile.Api.csproj]
/Users/ali1/Projects/Erp-entegrasyon/erp-api/Models/Responses/CustomerAttributeResponse.cs(13,23): warning CS8618: Non-nullable property 'CustomerCode' must contain a non-null value when exiting constructor. Consider adding the 'required' modifier or declaring the property as nullable. [/Users/ali1/Projects/Erp-entegrasyon/erp-api/ErpMobile.Api.csproj]
/Users/ali1/Projects/Erp-entegrasyon/erp-api/Models/Responses/CustomerAttributeResponse.cs(18,23): warning CS8618: Non-nullable property 'AttributeTypeCode' must contain a non-null value when exiting constructor. Consider adding the 'required' modifier or declaring the property as nullable. [/Users/ali1/Projects/Erp-entegrasyon/erp-api/ErpMobile.Api.csproj]
/Users/ali1/Projects/Erp-entegrasyon/erp-api/Models/Responses/CustomerAttributeResponse.cs(23,23): warning CS8618: Non-nullable property 'AttributeCode' must contain a non-null value when exiting constructor. Consider adding the 'required' modifier or declaring the property as nullable. [/Users/ali1/Projects/Erp-entegrasyon/erp-api/ErpMobile.Api.csproj]
/Users/ali1/Projects/Erp-entegrasyon/erp-api/Models/Responses/CustomerAttributeResponse.cs(28,23): warning CS8618: Non-nullable property 'AttributeValue' must contain a non-null value when exiting constructor. Consider adding the 'required' modifier or declaring the property as nullable. [/Users/ali1/Projects/Erp-entegrasyon/erp-api/ErpMobile.Api.csproj]
/Users/ali1/Projects/Erp-entegrasyon/erp-api/Models/Responses/CustomerAttributeResponse.cs(33,23): warning CS8618: Non-nullable property 'AttributeDescription' must contain a non-null value when exiting constructor. Consider adding the 'required' modifier or declaring the property as nullable. [/Users/ali1/Projects/Erp-entegrasyon/erp-api/ErpMobile.Api.csproj]
/Users/ali1/Projects/Erp-entegrasyon/erp-api/Models/Responses/CustomerAttributeResponse.cs(43,23): warning CS8618: Non-nullable property 'CreatedUserName' must contain a non-null value when exiting constructor. Consider adding the 'required' modifier or declaring the property as nullable. [/Users/ali1/Projects/Erp-entegrasyon/erp-api/ErpMobile.Api.csproj]
/Users/ali1/Projects/Erp-entegrasyon/erp-api/Models/Responses/CurrencyResponse.cs(14,23): warning CS8618: Non-nullable property 'CurrencyCode' must contain a non-null value when exiting constructor. Consider adding the 'required' modifier or declaring the property as nullable. [/Users/ali1/Projects/Erp-entegrasyon/erp-api/ErpMobile.Api.csproj]
/Users/ali1/Projects/Erp-entegrasyon/erp-api/Models/Responses/CurrencyResponse.cs(19,23): warning CS8618: Non-nullable property 'CurrencyDescription' must contain a non-null value when exiting constructor. Consider adding the 'required' modifier or declaring the property as nullable. [/Users/ali1/Projects/Erp-entegrasyon/erp-api/ErpMobile.Api.csproj]
/Users/ali1/Projects/Erp-entegrasyon/erp-api/Models/Responses/CurrencyResponse.cs(24,23): warning CS8618: Non-nullable property 'LangCode' must contain a non-null value when exiting constructor. Consider adding the 'required' modifier or declaring the property as nullable. [/Users/ali1/Projects/Erp-entegrasyon/erp-api/ErpMobile.Api.csproj]
/Users/ali1/Projects/Erp-entegrasyon/erp-api/Models/Responses/CountryResponse.cs(5,23): warning CS8618: Non-nullable property 'CountryCode' must contain a non-null value when exiting constructor. Consider adding the 'required' modifier or declaring the property as nullable. [/Users/ali1/Projects/Erp-entegrasyon/erp-api/ErpMobile.Api.csproj]
/Users/ali1/Projects/Erp-entegrasyon/erp-api/Models/Responses/CountryResponse.cs(6,23): warning CS8618: Non-nullable property 'CurrencyCode' must contain a non-null value when exiting constructor. Consider adding the 'required' modifier or declaring the property as nullable. [/Users/ali1/Projects/Erp-entegrasyon/erp-api/ErpMobile.Api.csproj]
/Users/ali1/Projects/Erp-entegrasyon/erp-api/Models/Responses/CountryResponse.cs(9,23): warning CS8618: Non-nullable property 'TaxDecCode' must contain a non-null value when exiting constructor. Consider adding the 'required' modifier or declaring the property as nullable. [/Users/ali1/Projects/Erp-entegrasyon/erp-api/ErpMobile.Api.csproj]
/Users/ali1/Projects/Erp-entegrasyon/erp-api/Models/Responses/CountryResponse.cs(10,23): warning CS8618: Non-nullable property 'CountryISOCode' must contain a non-null value when exiting constructor. Consider adding the 'required' modifier or declaring the property as nullable. [/Users/ali1/Projects/Erp-entegrasyon/erp-api/ErpMobile.Api.csproj]
/Users/ali1/Projects/Erp-entegrasyon/erp-api/Models/Responses/CountryResponse.cs(19,23): warning CS8618: Non-nullable property 'LangCode' must contain a non-null value when exiting constructor. Consider adding the 'required' modifier or declaring the property as nullable. [/Users/ali1/Projects/Erp-entegrasyon/erp-api/ErpMobile.Api.csproj]
/Users/ali1/Projects/Erp-entegrasyon/erp-api/Models/Responses/CountryResponse.cs(20,23): warning CS8618: Non-nullable property 'CountryDescription' must contain a non-null value when exiting constructor. Consider adding the 'required' modifier or declaring the property as nullable. [/Users/ali1/Projects/Erp-entegrasyon/erp-api/ErpMobile.Api.csproj]
/Users/ali1/Projects/Erp-entegrasyon/erp-api/Services/CustomerCommunicationService.cs(89,28): warning CS8603: Possible null reference return. [/Users/ali1/Projects/Erp-entegrasyon/erp-api/ErpMobile.Api.csproj]
/Users/ali1/Projects/Erp-entegrasyon/erp-api/Services/CustomerAddressService.cs(140,68): warning CS8604: Possible null reference argument for parameter 'code' in 'Task<AddressTypeResponse> CustomerAddressService.GetAddressTypeByCodeAsync(string code)'. [/Users/ali1/Projects/Erp-entegrasyon/erp-api/ErpMobile.Api.csproj]
/Users/ali1/Projects/Erp-entegrasyon/erp-api/Models/Responses/ContactResponse.cs(23,23): warning CS8618: Non-nullable property 'ContactTypeCode' must contain a non-null value when exiting constructor. Consider adding the 'required' modifier or declaring the property as nullable. [/Users/ali1/Projects/Erp-entegrasyon/erp-api/ErpMobile.Api.csproj]
/Users/ali1/Projects/Erp-entegrasyon/erp-api/Models/Responses/ContactResponse.cs(33,23): warning CS8618: Non-nullable property 'Contact' must contain a non-null value when exiting constructor. Consider adding the 'required' modifier or declaring the property as nullable. [/Users/ali1/Projects/Erp-entegrasyon/erp-api/ErpMobile.Api.csproj]
/Users/ali1/Projects/Erp-entegrasyon/erp-api/Models/Responses/ContactResponse.cs(58,23): warning CS8618: Non-nullable property 'CurrAccCode' must contain a non-null value when exiting constructor. Consider adding the 'required' modifier or declaring the property as nullable. [/Users/ali1/Projects/Erp-entegrasyon/erp-api/ErpMobile.Api.csproj]
/Users/ali1/Projects/Erp-entegrasyon/erp-api/Models/Responses/ContactResponse.cs(68,23): warning CS8618: Non-nullable property 'TitleCode' must contain a non-null value when exiting constructor. Consider adding the 'required' modifier or declaring the property as nullable. [/Users/ali1/Projects/Erp-entegrasyon/erp-api/ErpMobile.Api.csproj]
/Users/ali1/Projects/Erp-entegrasyon/erp-api/Models/Responses/ContactResponse.cs(73,23): warning CS8618: Non-nullable property 'JobTitleCode' must contain a non-null value when exiting constructor. Consider adding the 'required' modifier or declaring the property as nullable. [/Users/ali1/Projects/Erp-entegrasyon/erp-api/ErpMobile.Api.csproj]
/Users/ali1/Projects/Erp-entegrasyon/erp-api/Models/Responses/ContactResponse.cs(78,23): warning CS8618: Non-nullable property 'FirstName' must contain a non-null value when exiting constructor. Consider adding the 'required' modifier or declaring the property as nullable. [/Users/ali1/Projects/Erp-entegrasyon/erp-api/ErpMobile.Api.csproj]
/Users/ali1/Projects/Erp-entegrasyon/erp-api/Models/Responses/ContactResponse.cs(83,23): warning CS8618: Non-nullable property 'LastName' must contain a non-null value when exiting constructor. Consider adding the 'required' modifier or declaring the property as nullable. [/Users/ali1/Projects/Erp-entegrasyon/erp-api/ErpMobile.Api.csproj]
/Users/ali1/Projects/Erp-entegrasyon/erp-api/Models/Responses/ContactResponse.cs(88,23): warning CS8618: Non-nullable property 'FirstLastName' must contain a non-null value when exiting constructor. Consider adding the 'required' modifier or declaring the property as nullable. [/Users/ali1/Projects/Erp-entegrasyon/erp-api/ErpMobile.Api.csproj]
/Users/ali1/Projects/Erp-entegrasyon/erp-api/Models/Responses/ContactResponse.cs(93,23): warning CS8618: Non-nullable property 'IdentityNum' must contain a non-null value when exiting constructor. Consider adding the 'required' modifier or declaring the property as nullable. [/Users/ali1/Projects/Erp-entegrasyon/erp-api/ErpMobile.Api.csproj]
/Users/ali1/Projects/Erp-entegrasyon/erp-api/Models/Responses/ContactResponse.cs(103,23): warning CS8618: Non-nullable property 'CreatedUserName' must contain a non-null value when exiting constructor. Consider adding the 'required' modifier or declaring the property as nullable. [/Users/ali1/Projects/Erp-entegrasyon/erp-api/ErpMobile.Api.csproj]
/Users/ali1/Projects/Erp-entegrasyon/erp-api/Models/Responses/ContactResponse.cs(108,23): warning CS8618: Non-nullable property 'LastUpdatedUserName' must contain a non-null value when exiting constructor. Consider adding the 'required' modifier or declaring the property as nullable. [/Users/ali1/Projects/Erp-entegrasyon/erp-api/ErpMobile.Api.csproj]
/Users/ali1/Projects/Erp-entegrasyon/erp-api/Models/Responses/CommunicationResponse.cs(18,23): warning CS8618: Non-nullable property 'CommunicationTypeCode' must contain a non-null value when exiting constructor. Consider adding the 'required' modifier or declaring the property as nullable. [/Users/ali1/Projects/Erp-entegrasyon/erp-api/ErpMobile.Api.csproj]
/Users/ali1/Projects/Erp-entegrasyon/erp-api/Models/Responses/CommunicationResponse.cs(23,23): warning CS8618: Non-nullable property 'CommunicationTypeDescription' must contain a non-null value when exiting constructor. Consider adding the 'required' modifier or declaring the property as nullable. [/Users/ali1/Projects/Erp-entegrasyon/erp-api/ErpMobile.Api.csproj]
/Users/ali1/Projects/Erp-entegrasyon/erp-api/Models/Responses/CommunicationResponse.cs(28,23): warning CS8618: Non-nullable property 'CommAddress' must contain a non-null value when exiting constructor. Consider adding the 'required' modifier or declaring the property as nullable. [/Users/ali1/Projects/Erp-entegrasyon/erp-api/ErpMobile.Api.csproj]
/Users/ali1/Projects/Erp-entegrasyon/erp-api/Models/Responses/CommunicationResponse.cs(38,23): warning CS8618: Non-nullable property 'ContactFirstName' must contain a non-null value when exiting constructor. Consider adding the 'required' modifier or declaring the property as nullable. [/Users/ali1/Projects/Erp-entegrasyon/erp-api/ErpMobile.Api.csproj]
/Users/ali1/Projects/Erp-entegrasyon/erp-api/Models/Responses/CommunicationResponse.cs(43,23): warning CS8618: Non-nullable property 'ContactLastName' must contain a non-null value when exiting constructor. Consider adding the 'required' modifier or declaring the property as nullable. [/Users/ali1/Projects/Erp-entegrasyon/erp-api/ErpMobile.Api.csproj]
/Users/ali1/Projects/Erp-entegrasyon/erp-api/Models/Responses/CommunicationResponse.cs(53,23): warning CS8618: Non-nullable property 'CreatedUserName' must contain a non-null value when exiting constructor. Consider adding the 'required' modifier or declaring the property as nullable. [/Users/ali1/Projects/Erp-entegrasyon/erp-api/ErpMobile.Api.csproj]
/Users/ali1/Projects/Erp-entegrasyon/erp-api/Models/Responses/CityResponse.cs(11,23): warning CS8618: Non-nullable property 'CityCode' must contain a non-null value when exiting constructor. Consider adding the 'required' modifier or declaring the property as nullable. [/Users/ali1/Projects/Erp-entegrasyon/erp-api/ErpMobile.Api.csproj]
/Users/ali1/Projects/Erp-entegrasyon/erp-api/Models/Responses/CityResponse.cs(16,23): warning CS8618: Non-nullable property 'StateCode' must contain a non-null value when exiting constructor. Consider adding the 'required' modifier or declaring the property as nullable. [/Users/ali1/Projects/Erp-entegrasyon/erp-api/ErpMobile.Api.csproj]
/Users/ali1/Projects/Erp-entegrasyon/erp-api/Models/Responses/CityResponse.cs(21,23): warning CS8618: Non-nullable property 'CityDescription' must contain a non-null value when exiting constructor. Consider adding the 'required' modifier or declaring the property as nullable. [/Users/ali1/Projects/Erp-entegrasyon/erp-api/ErpMobile.Api.csproj]
/Users/ali1/Projects/Erp-entegrasyon/erp-api/Models/Responses/BankAccountResponse.cs(18,23): warning CS8618: Non-nullable property 'CustomerCode' must contain a non-null value when exiting constructor. Consider adding the 'required' modifier or declaring the property as nullable. [/Users/ali1/Projects/Erp-entegrasyon/erp-api/ErpMobile.Api.csproj]
/Users/ali1/Projects/Erp-entegrasyon/erp-api/Models/Responses/BankAccountResponse.cs(23,23): warning CS8618: Non-nullable property 'BankCode' must contain a non-null value when exiting constructor. Consider adding the 'required' modifier or declaring the property as nullable. [/Users/ali1/Projects/Erp-entegrasyon/erp-api/ErpMobile.Api.csproj]
/Users/ali1/Projects/Erp-entegrasyon/erp-api/Models/Responses/BankAccountResponse.cs(28,23): warning CS8618: Non-nullable property 'BankName' must contain a non-null value when exiting constructor. Consider adding the 'required' modifier or declaring the property as nullable. [/Users/ali1/Projects/Erp-entegrasyon/erp-api/ErpMobile.Api.csproj]
/Users/ali1/Projects/Erp-entegrasyon/erp-api/Models/Responses/BankAccountResponse.cs(33,23): warning CS8618: Non-nullable property 'BranchCode' must contain a non-null value when exiting constructor. Consider adding the 'required' modifier or declaring the property as nullable. [/Users/ali1/Projects/Erp-entegrasyon/erp-api/ErpMobile.Api.csproj]
/Users/ali1/Projects/Erp-entegrasyon/erp-api/Models/Responses/BankAccountResponse.cs(38,23): warning CS8618: Non-nullable property 'BranchName' must contain a non-null value when exiting constructor. Consider adding the 'required' modifier or declaring the property as nullable. [/Users/ali1/Projects/Erp-entegrasyon/erp-api/ErpMobile.Api.csproj]
/Users/ali1/Projects/Erp-entegrasyon/erp-api/Models/Responses/BankAccountResponse.cs(43,23): warning CS8618: Non-nullable property 'AccountNumber' must contain a non-null value when exiting constructor. Consider adding the 'required' modifier or declaring the property as nullable. [/Users/ali1/Projects/Erp-entegrasyon/erp-api/ErpMobile.Api.csproj]
/Users/ali1/Projects/Erp-entegrasyon/erp-api/Models/Responses/BankAccountResponse.cs(48,23): warning CS8618: Non-nullable property 'IBAN' must contain a non-null value when exiting constructor. Consider adding the 'required' modifier or declaring the property as nullable. [/Users/ali1/Projects/Erp-entegrasyon/erp-api/ErpMobile.Api.csproj]
/Users/ali1/Projects/Erp-entegrasyon/erp-api/Models/Responses/BankAccountResponse.cs(53,23): warning CS8618: Non-nullable property 'CurrencyCode' must contain a non-null value when exiting constructor. Consider adding the 'required' modifier or declaring the property as nullable. [/Users/ali1/Projects/Erp-entegrasyon/erp-api/ErpMobile.Api.csproj]
/Users/ali1/Projects/Erp-entegrasyon/erp-api/Models/Responses/AttributeTypeListResponse.cs(13,23): warning CS8618: Non-nullable property 'AttributeTypeCode' must contain a non-null value when exiting constructor. Consider adding the 'required' modifier or declaring the property as nullable. [/Users/ali1/Projects/Erp-entegrasyon/erp-api/ErpMobile.Api.csproj]
/Users/ali1/Projects/Erp-entegrasyon/erp-api/Models/Responses/AttributeTypeListResponse.cs(14,23): warning CS8618: Non-nullable property 'AttributeTypeDescription' must contain a non-null value when exiting constructor. Consider adding the 'required' modifier or declaring the property as nullable. [/Users/ali1/Projects/Erp-entegrasyon/erp-api/ErpMobile.Api.csproj]
/Users/ali1/Projects/Erp-entegrasyon/erp-api/Models/Responses/AttributeListResponse.cs(13,23): warning CS8618: Non-nullable property 'AttributeCode' must contain a non-null value when exiting constructor. Consider adding the 'required' modifier or declaring the property as nullable. [/Users/ali1/Projects/Erp-entegrasyon/erp-api/ErpMobile.Api.csproj]
/Users/ali1/Projects/Erp-entegrasyon/erp-api/Models/Responses/AttributeListResponse.cs(14,23): warning CS8618: Non-nullable property 'AttributeDescription' must contain a non-null value when exiting constructor. Consider adding the 'required' modifier or declaring the property as nullable. [/Users/ali1/Projects/Erp-entegrasyon/erp-api/ErpMobile.Api.csproj]
/Users/ali1/Projects/Erp-entegrasyon/erp-api/Models/Responses/AttributeListResponse.cs(15,23): warning CS8618: Non-nullable property 'AttributeTypeCode' must contain a non-null value when exiting constructor. Consider adding the 'required' modifier or declaring the property as nullable. [/Users/ali1/Projects/Erp-entegrasyon/erp-api/ErpMobile.Api.csproj]
/Users/ali1/Projects/Erp-entegrasyon/erp-api/Models/Responses/AddressTypeListResponse.cs(8,23): warning CS8618: Non-nullable property 'AddressTypeCode' must contain a non-null value when exiting constructor. Consider adding the 'required' modifier or declaring the property as nullable. [/Users/ali1/Projects/Erp-entegrasyon/erp-api/ErpMobile.Api.csproj]
/Users/ali1/Projects/Erp-entegrasyon/erp-api/Models/Responses/AddressTypeListResponse.cs(9,23): warning CS8618: Non-nullable property 'AddressTypeName' must contain a non-null value when exiting constructor. Consider adding the 'required' modifier or declaring the property as nullable. [/Users/ali1/Projects/Erp-entegrasyon/erp-api/ErpMobile.Api.csproj]
/Users/ali1/Projects/Erp-entegrasyon/erp-api/Models/Responses/AddressTypeListResponse.cs(11,46): warning CS8618: Non-nullable property 'AddressTypes' must contain a non-null value when exiting constructor. Consider adding the 'required' modifier or declaring the property as nullable. [/Users/ali1/Projects/Erp-entegrasyon/erp-api/ErpMobile.Api.csproj]
/Users/ali1/Projects/Erp-entegrasyon/erp-api/Models/Responses/AddressTypeDetailResponse.cs(11,23): warning CS8618: Non-nullable property 'AddressTypeCode' must contain a non-null value when exiting constructor. Consider adding the 'required' modifier or declaring the property as nullable. [/Users/ali1/Projects/Erp-entegrasyon/erp-api/ErpMobile.Api.csproj]
/Users/ali1/Projects/Erp-entegrasyon/erp-api/Models/Responses/AddressTypeDetailResponse.cs(16,23): warning CS8618: Non-nullable property 'AddressTypeDesc' must contain a non-null value when exiting constructor. Consider adding the 'required' modifier or declaring the property as nullable. [/Users/ali1/Projects/Erp-entegrasyon/erp-api/ErpMobile.Api.csproj]
/Users/ali1/Projects/Erp-entegrasyon/erp-api/Models/Responses/AddressTypeDetailResponse.cs(31,23): warning CS8618: Non-nullable property 'CreatedBy' must contain a non-null value when exiting constructor. Consider adding the 'required' modifier or declaring the property as nullable. [/Users/ali1/Projects/Erp-entegrasyon/erp-api/ErpMobile.Api.csproj]
/Users/ali1/Projects/Erp-entegrasyon/erp-api/Models/Responses/AddressTypeDetailResponse.cs(41,23): warning CS8618: Non-nullable property 'LastUpdatedBy' must contain a non-null value when exiting constructor. Consider adding the 'required' modifier or declaring the property as nullable. [/Users/ali1/Projects/Erp-entegrasyon/erp-api/ErpMobile.Api.csproj]
/Users/ali1/Projects/Erp-entegrasyon/erp-api/Models/Responses/AddressResponse.cs(18,23): warning CS8618: Non-nullable property 'CustomerCode' must contain a non-null value when exiting constructor. Consider adding the 'required' modifier or declaring the property as nullable. [/Users/ali1/Projects/Erp-entegrasyon/erp-api/ErpMobile.Api.csproj]
/Users/ali1/Projects/Erp-entegrasyon/erp-api/Models/Responses/AddressResponse.cs(23,23): warning CS8618: Non-nullable property 'AddressTypeCode' must contain a non-null value when exiting constructor. Consider adding the 'required' modifier or declaring the property as nullable. [/Users/ali1/Projects/Erp-entegrasyon/erp-api/ErpMobile.Api.csproj]
/Users/ali1/Projects/Erp-entegrasyon/erp-api/Models/Responses/AddressResponse.cs(28,23): warning CS8618: Non-nullable property 'AddressTypeName' must contain a non-null value when exiting constructor. Consider adding the 'required' modifier or declaring the property as nullable. [/Users/ali1/Projects/Erp-entegrasyon/erp-api/ErpMobile.Api.csproj]
/Users/ali1/Projects/Erp-entegrasyon/erp-api/Models/Responses/AddressResponse.cs(33,23): warning CS8618: Non-nullable property 'Address' must contain a non-null value when exiting constructor. Consider adding the 'required' modifier or declaring the property as nullable. [/Users/ali1/Projects/Erp-entegrasyon/erp-api/ErpMobile.Api.csproj]
/Users/ali1/Projects/Erp-entegrasyon/erp-api/Models/Responses/AddressResponse.cs(38,23): warning CS8618: Non-nullable property 'City' must contain a non-null value when exiting constructor. Consider adding the 'required' modifier or declaring the property as nullable. [/Users/ali1/Projects/Erp-entegrasyon/erp-api/ErpMobile.Api.csproj]
/Users/ali1/Projects/Erp-entegrasyon/erp-api/Models/Responses/AddressResponse.cs(43,23): warning CS8618: Non-nullable property 'District' must contain a non-null value when exiting constructor. Consider adding the 'required' modifier or declaring the property as nullable. [/Users/ali1/Projects/Erp-entegrasyon/erp-api/ErpMobile.Api.csproj]
/Users/ali1/Projects/Erp-entegrasyon/erp-api/Models/Responses/AddressResponse.cs(48,23): warning CS8618: Non-nullable property 'Country' must contain a non-null value when exiting constructor. Consider adding the 'required' modifier or declaring the property as nullable. [/Users/ali1/Projects/Erp-entegrasyon/erp-api/ErpMobile.Api.csproj]
/Users/ali1/Projects/Erp-entegrasyon/erp-api/Models/Responses/AddressResponse.cs(53,23): warning CS8618: Non-nullable property 'PostalCode' must contain a non-null value when exiting constructor. Consider adding the 'required' modifier or declaring the property as nullable. [/Users/ali1/Projects/Erp-entegrasyon/erp-api/ErpMobile.Api.csproj]
/Users/ali1/Projects/Erp-entegrasyon/erp-api/Models/Responses/AddressResponse.cs(73,23): warning CS8618: Non-nullable property 'CreatedUserName' must contain a non-null value when exiting constructor. Consider adding the 'required' modifier or declaring the property as nullable. [/Users/ali1/Projects/Erp-entegrasyon/erp-api/ErpMobile.Api.csproj]
/Users/ali1/Projects/Erp-entegrasyon/erp-api/Models/Responses/AddressResponse.cs(83,23): warning CS8618: Non-nullable property 'LastUpdatedUserName' must contain a non-null value when exiting constructor. Consider adding the 'required' modifier or declaring the property as nullable. [/Users/ali1/Projects/Erp-entegrasyon/erp-api/ErpMobile.Api.csproj]
/Users/ali1/Projects/Erp-entegrasyon/erp-api/Models/Responses/AddressListResponse.cs(13,23): warning CS8618: Non-nullable property 'CustomerCode' must contain a non-null value when exiting constructor. Consider adding the 'required' modifier or declaring the property as nullable. [/Users/ali1/Projects/Erp-entegrasyon/erp-api/ErpMobile.Api.csproj]
/Users/ali1/Projects/Erp-entegrasyon/erp-api/Models/Responses/AddressListResponse.cs(18,23): warning CS8618: Non-nullable property 'CustomerName' must contain a non-null value when exiting constructor. Consider adding the 'required' modifier or declaring the property as nullable. [/Users/ali1/Projects/Erp-entegrasyon/erp-api/ErpMobile.Api.csproj]
/Users/ali1/Projects/Erp-entegrasyon/erp-api/Models/Responses/AddressListResponse.cs(23,38): warning CS8618: Non-nullable property 'Addresses' must contain a non-null value when exiting constructor. Consider adding the 'required' modifier or declaring the property as nullable. [/Users/ali1/Projects/Erp-entegrasyon/erp-api/ErpMobile.Api.csproj]
/Users/ali1/Projects/Erp-entegrasyon/erp-api/Models/Responses/AddressListResponse.cs(28,42): warning CS8618: Non-nullable property 'AddressTypes' must contain a non-null value when exiting constructor. Consider adding the 'required' modifier or declaring the property as nullable. [/Users/ali1/Projects/Erp-entegrasyon/erp-api/ErpMobile.Api.csproj]
/Users/ali1/Projects/Erp-entegrasyon/erp-api/Models/Currency/ExchangeRateResponse.cs(7,23): warning CS8618: Non-nullable property 'CurrencyCode' must contain a non-null value when exiting constructor. Consider adding the 'required' modifier or declaring the property as nullable. [/Users/ali1/Projects/Erp-entegrasyon/erp-api/ErpMobile.Api.csproj]
/Users/ali1/Projects/Erp-entegrasyon/erp-api/Models/Currency/ExchangeRateResponse.cs(8,23): warning CS8618: Non-nullable property 'CurrencyDescription' must contain a non-null value when exiting constructor. Consider adding the 'required' modifier or declaring the property as nullable. [/Users/ali1/Projects/Erp-entegrasyon/erp-api/ErpMobile.Api.csproj]
/Users/ali1/Projects/Erp-entegrasyon/erp-api/Models/Currency/ExchangeRateResponse.cs(9,23): warning CS8618: Non-nullable property 'BaseCurrencyCode' must contain a non-null value when exiting constructor. Consider adding the 'required' modifier or declaring the property as nullable. [/Users/ali1/Projects/Erp-entegrasyon/erp-api/ErpMobile.Api.csproj]
/Users/ali1/Projects/Erp-entegrasyon/erp-api/Models/Currency/ExchangeRateResponse.cs(14,23): warning CS8618: Non-nullable property 'Symbol' must contain a non-null value when exiting constructor. Consider adding the 'required' modifier or declaring the property as nullable. [/Users/ali1/Projects/Erp-entegrasyon/erp-api/ErpMobile.Api.csproj]
/Users/ali1/Projects/Erp-entegrasyon/erp-api/Models/Contact/ContactListResponse.cs(6,23): warning CS8618: Non-nullable property 'CustomerCode' must contain a non-null value when exiting constructor. Consider adding the 'required' modifier or declaring the property as nullable. [/Users/ali1/Projects/Erp-entegrasyon/erp-api/ErpMobile.Api.csproj]
/Users/ali1/Projects/Erp-entegrasyon/erp-api/Models/Contact/ContactListResponse.cs(7,23): warning CS8618: Non-nullable property 'ContactType' must contain a non-null value when exiting constructor. Consider adding the 'required' modifier or declaring the property as nullable. [/Users/ali1/Projects/Erp-entegrasyon/erp-api/ErpMobile.Api.csproj]
/Users/ali1/Projects/Erp-entegrasyon/erp-api/Models/Contact/ContactListResponse.cs(8,23): warning CS8618: Non-nullable property 'ContactValue' must contain a non-null value when exiting constructor. Consider adding the 'required' modifier or declaring the property as nullable. [/Users/ali1/Projects/Erp-entegrasyon/erp-api/ErpMobile.Api.csproj]
/Users/ali1/Projects/Erp-entegrasyon/erp-api/Models/Contact/ContactListResponse.cs(9,23): warning CS8618: Non-nullable property 'Description' must contain a non-null value when exiting constructor. Consider adding the 'required' modifier or declaring the property as nullable. [/Users/ali1/Projects/Erp-entegrasyon/erp-api/ErpMobile.Api.csproj]
/Users/ali1/Projects/Erp-entegrasyon/erp-api/Models/Contact/ContactCreateRequest.cs(16,23): warning CS8618: Non-nullable property 'ContactTypeCode' must contain a non-null value when exiting constructor. Consider adding the 'required' modifier or declaring the property as nullable. [/Users/ali1/Projects/Erp-entegrasyon/erp-api/ErpMobile.Api.csproj]
/Users/ali1/Projects/Erp-entegrasyon/erp-api/Models/Contact/ContactCreateRequest.cs(23,23): warning CS8618: Non-nullable property 'FirstName' must contain a non-null value when exiting constructor. Consider adding the 'required' modifier or declaring the property as nullable. [/Users/ali1/Projects/Erp-entegrasyon/erp-api/ErpMobile.Api.csproj]
/Users/ali1/Projects/Erp-entegrasyon/erp-api/Models/Contact/ContactCreateRequest.cs(30,23): warning CS8618: Non-nullable property 'LastName' must contain a non-null value when exiting constructor. Consider adding the 'required' modifier or declaring the property as nullable. [/Users/ali1/Projects/Erp-entegrasyon/erp-api/ErpMobile.Api.csproj]
/Users/ali1/Projects/Erp-entegrasyon/erp-api/Models/Contact/ContactCreateRequest.cs(36,23): warning CS8618: Non-nullable property 'PhoneNumber' must contain a non-null value when exiting constructor. Consider adding the 'required' modifier or declaring the property as nullable. [/Users/ali1/Projects/Erp-entegrasyon/erp-api/ErpMobile.Api.csproj]
/Users/ali1/Projects/Erp-entegrasyon/erp-api/Models/Contact/ContactCreateRequest.cs(43,23): warning CS8618: Non-nullable property 'Email' must contain a non-null value when exiting constructor. Consider adding the 'required' modifier or declaring the property as nullable. [/Users/ali1/Projects/Erp-entegrasyon/erp-api/ErpMobile.Api.csproj]
/Users/ali1/Projects/Erp-entegrasyon/erp-api/Models/Common/ApiResponse.cs(34,16): warning CS8618: Non-nullable property 'Data' must contain a non-null value when exiting constructor. Consider adding the 'required' modifier or declaring the property as nullable. [/Users/ali1/Projects/Erp-entegrasyon/erp-api/ErpMobile.Api.csproj]
/Users/ali1/Projects/Erp-entegrasyon/erp-api/Models/Common/ApiResponse.cs(34,16): warning CS8618: Non-nullable property 'Message' must contain a non-null value when exiting constructor. Consider adding the 'required' modifier or declaring the property as nullable. [/Users/ali1/Projects/Erp-entegrasyon/erp-api/ErpMobile.Api.csproj]
/Users/ali1/Projects/Erp-entegrasyon/erp-api/Models/Common/ApiResponse.cs(34,16): warning CS8618: Non-nullable property 'Error' must contain a non-null value when exiting constructor. Consider adding the 'required' modifier or declaring the property as nullable. [/Users/ali1/Projects/Erp-entegrasyon/erp-api/ErpMobile.Api.csproj]
/Users/ali1/Projects/Erp-entegrasyon/erp-api/Models/Common/ApiResponse.cs(62,39): warning CS8604: Possible null reference argument for parameter 'data' in 'ApiResponse<T>.ApiResponse(T data, bool success, string message, string error = null)'. [/Users/ali1/Projects/Erp-entegrasyon/erp-api/ErpMobile.Api.csproj]
/Users/ali1/Projects/Erp-entegrasyon/erp-api/Models/cdPromotionGroupDesc.cs(13,23): warning CS8618: Non-nullable property 'PromotionGroupCode' must contain a non-null value when exiting constructor. Consider adding the 'required' modifier or declaring the property as nullable. [/Users/ali1/Projects/Erp-entegrasyon/erp-api/ErpMobile.Api.csproj]
/Users/ali1/Projects/Erp-entegrasyon/erp-api/Models/cdPromotionGroupDesc.cs(18,23): warning CS8618: Non-nullable property 'LangCode' must contain a non-null value when exiting constructor. Consider adding the 'required' modifier or declaring the property as nullable. [/Users/ali1/Projects/Erp-entegrasyon/erp-api/ErpMobile.Api.csproj]
/Users/ali1/Projects/Erp-entegrasyon/erp-api/Models/cdPromotionGroupDesc.cs(22,23): warning CS8618: Non-nullable property 'PromotionGroupDescription' must contain a non-null value when exiting constructor. Consider adding the 'required' modifier or declaring the property as nullable. [/Users/ali1/Projects/Erp-entegrasyon/erp-api/ErpMobile.Api.csproj]
/Users/ali1/Projects/Erp-entegrasyon/erp-api/Models/cdPromotionGroupDesc.cs(26,23): warning CS8618: Non-nullable property 'CreatedUserName' must contain a non-null value when exiting constructor. Consider adding the 'required' modifier or declaring the property as nullable. [/Users/ali1/Projects/Erp-entegrasyon/erp-api/ErpMobile.Api.csproj]
/Users/ali1/Projects/Erp-entegrasyon/erp-api/Models/cdPromotionGroupDesc.cs(33,23): warning CS8618: Non-nullable property 'LastUpdatedUserName' must contain a non-null value when exiting constructor. Consider adding the 'required' modifier or declaring the property as nullable. [/Users/ali1/Projects/Erp-entegrasyon/erp-api/ErpMobile.Api.csproj]
/Users/ali1/Projects/Erp-entegrasyon/erp-api/Models/cdPromotionGroupDesc.cs(43,41): warning CS8618: Non-nullable property 'PromotionGroup' must contain a non-null value when exiting constructor. Consider adding the 'required' modifier or declaring the property as nullable. [/Users/ali1/Projects/Erp-entegrasyon/erp-api/ErpMobile.Api.csproj]
/Users/ali1/Projects/Erp-entegrasyon/erp-api/Models/cdPromotionGroup.cs(12,23): warning CS8618: Non-nullable property 'PromotionGroupCode' must contain a non-null value when exiting constructor. Consider adding the 'required' modifier or declaring the property as nullable. [/Users/ali1/Projects/Erp-entegrasyon/erp-api/ErpMobile.Api.csproj]
/Users/ali1/Projects/Erp-entegrasyon/erp-api/Models/cdPromotionGroup.cs(16,23): warning CS8618: Non-nullable property 'CreatedUserName' must contain a non-null value when exiting constructor. Consider adding the 'required' modifier or declaring the property as nullable. [/Users/ali1/Projects/Erp-entegrasyon/erp-api/ErpMobile.Api.csproj]
/Users/ali1/Projects/Erp-entegrasyon/erp-api/Models/cdPromotionGroup.cs(23,23): warning CS8618: Non-nullable property 'LastUpdatedUserName' must contain a non-null value when exiting constructor. Consider adding the 'required' modifier or declaring the property as nullable. [/Users/ali1/Projects/Erp-entegrasyon/erp-api/ErpMobile.Api.csproj]
/Users/ali1/Projects/Erp-entegrasyon/erp-api/Models/cdPriceGroupDesc.cs(12,23): warning CS8618: Non-nullable property 'PriceGroupCode' must contain a non-null value when exiting constructor. Consider adding the 'required' modifier or declaring the property as nullable. [/Users/ali1/Projects/Erp-entegrasyon/erp-api/ErpMobile.Api.csproj]
/Users/ali1/Projects/Erp-entegrasyon/erp-api/Models/cdPriceGroupDesc.cs(17,23): warning CS8618: Non-nullable property 'LangCode' must contain a non-null value when exiting constructor. Consider adding the 'required' modifier or declaring the property as nullable. [/Users/ali1/Projects/Erp-entegrasyon/erp-api/ErpMobile.Api.csproj]
/Users/ali1/Projects/Erp-entegrasyon/erp-api/Models/cdPriceGroupDesc.cs(20,23): warning CS8618: Non-nullable property 'PriceGroupDescription' must contain a non-null value when exiting constructor. Consider adding the 'required' modifier or declaring the property as nullable. [/Users/ali1/Projects/Erp-entegrasyon/erp-api/ErpMobile.Api.csproj]
/Users/ali1/Projects/Erp-entegrasyon/erp-api/Models/cdPriceGroupDesc.cs(24,37): warning CS8618: Non-nullable property 'PriceGroup' must contain a non-null value when exiting constructor. Consider adding the 'required' modifier or declaring the property as nullable. [/Users/ali1/Projects/Erp-entegrasyon/erp-api/ErpMobile.Api.csproj]
/Users/ali1/Projects/Erp-entegrasyon/erp-api/Models/cdPriceGroup.cs(12,23): warning CS8618: Non-nullable property 'PriceGroupCode' must contain a non-null value when exiting constructor. Consider adding the 'required' modifier or declaring the property as nullable. [/Users/ali1/Projects/Erp-entegrasyon/erp-api/ErpMobile.Api.csproj]
/Users/ali1/Projects/Erp-entegrasyon/erp-api/Models/cdPriceGroup.cs(15,23): warning CS8618: Non-nullable property 'DefaultCurrencyCode' must contain a non-null value when exiting constructor. Consider adding the 'required' modifier or declaring the property as nullable. [/Users/ali1/Projects/Erp-entegrasyon/erp-api/ErpMobile.Api.csproj]
/Users/ali1/Projects/Erp-entegrasyon/erp-api/Models/cdPriceGroup.cs(22,41): warning CS8618: Non-nullable property 'PriceGroupDesc' must contain a non-null value when exiting constructor. Consider adding the 'required' modifier or declaring the property as nullable. [/Users/ali1/Projects/Erp-entegrasyon/erp-api/ErpMobile.Api.csproj]
/Users/ali1/Projects/Erp-entegrasyon/erp-api/Services/CustomerAddressService.cs(350,28): warning CS8603: Possible null reference return. [/Users/ali1/Projects/Erp-entegrasyon/erp-api/ErpMobile.Api.csproj]
/Users/ali1/Projects/Erp-entegrasyon/erp-api/Services/CustomerBasicService.cs(270,32): warning CS8603: Possible null reference return. [/Users/ali1/Projects/Erp-entegrasyon/erp-api/ErpMobile.Api.csproj]
/Users/ali1/Projects/Erp-entegrasyon/erp-api/Models/CashTransactionResponse.cs(11,23): warning CS8618: Non-nullable property 'CashTransNumber' must contain a non-null value when exiting constructor. Consider adding the 'required' modifier or declaring the property as nullable. [/Users/ali1/Projects/Erp-entegrasyon/erp-api/ErpMobile.Api.csproj]
/Users/ali1/Projects/Erp-entegrasyon/erp-api/Models/CashTransactionResponse.cs(14,23): warning CS8618: Non-nullable property 'DocumentNumber' must contain a non-null value when exiting constructor. Consider adding the 'required' modifier or declaring the property as nullable. [/Users/ali1/Projects/Erp-entegrasyon/erp-api/ErpMobile.Api.csproj]
/Users/ali1/Projects/Erp-entegrasyon/erp-api/Models/CashTransactionResponse.cs(15,23): warning CS8618: Non-nullable property 'RefNumber' must contain a non-null value when exiting constructor. Consider adding the 'required' modifier or declaring the property as nullable. [/Users/ali1/Projects/Erp-entegrasyon/erp-api/ErpMobile.Api.csproj]
/Users/ali1/Projects/Erp-entegrasyon/erp-api/Models/CashTransactionResponse.cs(16,23): warning CS8618: Non-nullable property 'Description' must contain a non-null value when exiting constructor. Consider adding the 'required' modifier or declaring the property as nullable. [/Users/ali1/Projects/Erp-entegrasyon/erp-api/ErpMobile.Api.csproj]
/Users/ali1/Projects/Erp-entegrasyon/erp-api/Models/CashTransactionResponse.cs(18,23): warning CS8618: Non-nullable property 'CashCurrAccCode' must contain a non-null value when exiting constructor. Consider adding the 'required' modifier or declaring the property as nullable. [/Users/ali1/Projects/Erp-entegrasyon/erp-api/ErpMobile.Api.csproj]
/Users/ali1/Projects/Erp-entegrasyon/erp-api/Models/CashTransactionResponse.cs(19,23): warning CS8618: Non-nullable property 'OfficeCode' must contain a non-null value when exiting constructor. Consider adding the 'required' modifier or declaring the property as nullable. [/Users/ali1/Projects/Erp-entegrasyon/erp-api/ErpMobile.Api.csproj]
/Users/ali1/Projects/Erp-entegrasyon/erp-api/Models/CashTransactionResponse.cs(20,23): warning CS8618: Non-nullable property 'StoreTypeCode' must contain a non-null value when exiting constructor. Consider adding the 'required' modifier or declaring the property as nullable. [/Users/ali1/Projects/Erp-entegrasyon/erp-api/ErpMobile.Api.csproj]
/Users/ali1/Projects/Erp-entegrasyon/erp-api/Models/CashTransactionResponse.cs(21,23): warning CS8618: Non-nullable property 'StoreCode' must contain a non-null value when exiting constructor. Consider adding the 'required' modifier or declaring the property as nullable. [/Users/ali1/Projects/Erp-entegrasyon/erp-api/ErpMobile.Api.csproj]
/Users/ali1/Projects/Erp-entegrasyon/erp-api/Models/CashTransactionResponse.cs(31,23): warning CS8618: Non-nullable property 'ApplicationCode' must contain a non-null value when exiting constructor. Consider adding the 'required' modifier or declaring the property as nullable. [/Users/ali1/Projects/Erp-entegrasyon/erp-api/ErpMobile.Api.csproj]
/Users/ali1/Projects/Erp-entegrasyon/erp-api/Models/CashTransactionResponse.cs(34,23): warning CS8618: Non-nullable property 'CreatedUserName' must contain a non-null value when exiting constructor. Consider adding the 'required' modifier or declaring the property as nullable. [/Users/ali1/Projects/Erp-entegrasyon/erp-api/ErpMobile.Api.csproj]
/Users/ali1/Projects/Erp-entegrasyon/erp-api/Models/CashTransactionResponse.cs(36,23): warning CS8618: Non-nullable property 'LastUpdatedUserName' must contain a non-null value when exiting constructor. Consider adding the 'required' modifier or declaring the property as nullable. [/Users/ali1/Projects/Erp-entegrasyon/erp-api/ErpMobile.Api.csproj]
/Users/ali1/Projects/Erp-entegrasyon/erp-api/Models/CashTransactionResponse.cs(43,23): warning CS8618: Non-nullable property 'CurrAccCode' must contain a non-null value when exiting constructor. Consider adding the 'required' modifier or declaring the property as nullable. [/Users/ali1/Projects/Erp-entegrasyon/erp-api/ErpMobile.Api.csproj]
/Users/ali1/Projects/Erp-entegrasyon/erp-api/Models/CashTransactionResponse.cs(46,23): warning CS8618: Non-nullable property 'CompanyCode' must contain a non-null value when exiting constructor. Consider adding the 'required' modifier or declaring the property as nullable. [/Users/ali1/Projects/Erp-entegrasyon/erp-api/ErpMobile.Api.csproj]
/Users/ali1/Projects/Erp-entegrasyon/erp-api/Models/CashTransactionResponse.cs(47,23): warning CS8618: Non-nullable property 'GLAccCode' must contain a non-null value when exiting constructor. Consider adding the 'required' modifier or declaring the property as nullable. [/Users/ali1/Projects/Erp-entegrasyon/erp-api/ErpMobile.Api.csproj]
/Users/ali1/Projects/Erp-entegrasyon/erp-api/Models/CashTransactionResponse.cs(48,23): warning CS8618: Non-nullable property 'CostCenterCode' must contain a non-null value when exiting constructor. Consider adding the 'required' modifier or declaring the property as nullable. [/Users/ali1/Projects/Erp-entegrasyon/erp-api/ErpMobile.Api.csproj]
/Users/ali1/Projects/Erp-entegrasyon/erp-api/Models/CashTransactionResponse.cs(49,23): warning CS8618: Non-nullable property 'GLTypeCode' must contain a non-null value when exiting constructor. Consider adding the 'required' modifier or declaring the property as nullable. [/Users/ali1/Projects/Erp-entegrasyon/erp-api/ErpMobile.Api.csproj]
/Users/ali1/Projects/Erp-entegrasyon/erp-api/Models/CashTransactionResponse.cs(50,23): warning CS8618: Non-nullable property 'ImportFileNumber' must contain a non-null value when exiting constructor. Consider adding the 'required' modifier or declaring the property as nullable. [/Users/ali1/Projects/Erp-entegrasyon/erp-api/ErpMobile.Api.csproj]
/Users/ali1/Projects/Erp-entegrasyon/erp-api/Models/CashTransactionResponse.cs(51,23): warning CS8618: Non-nullable property 'ExportFileNumber' must contain a non-null value when exiting constructor. Consider adding the 'required' modifier or declaring the property as nullable. [/Users/ali1/Projects/Erp-entegrasyon/erp-api/ErpMobile.Api.csproj]
/Users/ali1/Projects/Erp-entegrasyon/erp-api/Models/CashTransactionResponse.cs(52,23): warning CS8618: Non-nullable property 'LineDescription' must contain a non-null value when exiting constructor. Consider adding the 'required' modifier or declaring the property as nullable. [/Users/ali1/Projects/Erp-entegrasyon/erp-api/ErpMobile.Api.csproj]
/Users/ali1/Projects/Erp-entegrasyon/erp-api/Models/CashTransactionResponse.cs(53,23): warning CS8618: Non-nullable property 'EmployeePayTypeCode' must contain a non-null value when exiting constructor. Consider adding the 'required' modifier or declaring the property as nullable. [/Users/ali1/Projects/Erp-entegrasyon/erp-api/ErpMobile.Api.csproj]
/Users/ali1/Projects/Erp-entegrasyon/erp-api/Models/CashTransactionResponse.cs(54,23): warning CS8618: Non-nullable property 'DocCurrencyCode' must contain a non-null value when exiting constructor. Consider adding the 'required' modifier or declaring the property as nullable. [/Users/ali1/Projects/Erp-entegrasyon/erp-api/ErpMobile.Api.csproj]
/Users/ali1/Projects/Erp-entegrasyon/erp-api/Models/CashTransactionResponse.cs(55,23): warning CS8618: Non-nullable property 'CurrAccCurrencyCode' must contain a non-null value when exiting constructor. Consider adding the 'required' modifier or declaring the property as nullable. [/Users/ali1/Projects/Erp-entegrasyon/erp-api/ErpMobile.Api.csproj]
/Users/ali1/Projects/Erp-entegrasyon/erp-api/Models/CashTransactionResponse.cs(60,23): warning CS8618: Non-nullable property 'Doc_CurrencyCode' must contain a non-null value when exiting constructor. Consider adding the 'required' modifier or declaring the property as nullable. [/Users/ali1/Projects/Erp-entegrasyon/erp-api/ErpMobile.Api.csproj]
/Users/ali1/Projects/Erp-entegrasyon/erp-api/Models/CashTransactionResponse.cs(65,23): warning CS8618: Non-nullable property 'Loc_CurrencyCode' must contain a non-null value when exiting constructor. Consider adding the 'required' modifier or declaring the property as nullable. [/Users/ali1/Projects/Erp-entegrasyon/erp-api/ErpMobile.Api.csproj]
/Users/ali1/Projects/Erp-entegrasyon/erp-api/Models/CashTransactionResponse.cs(71,23): warning CS8618: Non-nullable property 'Com_CurrencyCode' must contain a non-null value when exiting constructor. Consider adding the 'required' modifier or declaring the property as nullable. [/Users/ali1/Projects/Erp-entegrasyon/erp-api/ErpMobile.Api.csproj]
/Users/ali1/Projects/Erp-entegrasyon/erp-api/Models/BankAccountResponse.cs(8,23): warning CS8618: Non-nullable property 'BankAccountCode' must contain a non-null value when exiting constructor. Consider adding the 'required' modifier or declaring the property as nullable. [/Users/ali1/Projects/Erp-entegrasyon/erp-api/ErpMobile.Api.csproj]
/Users/ali1/Projects/Erp-entegrasyon/erp-api/Models/BankAccountResponse.cs(9,23): warning CS8618: Non-nullable property 'BankAccountDescription' must contain a non-null value when exiting constructor. Consider adding the 'required' modifier or declaring the property as nullable. [/Users/ali1/Projects/Erp-entegrasyon/erp-api/ErpMobile.Api.csproj]
/Users/ali1/Projects/Erp-entegrasyon/erp-api/Models/BankAccountResponse.cs(10,23): warning CS8618: Non-nullable property 'BankAccTypeCode' must contain a non-null value when exiting constructor. Consider adding the 'required' modifier or declaring the property as nullable. [/Users/ali1/Projects/Erp-entegrasyon/erp-api/ErpMobile.Api.csproj]
/Users/ali1/Projects/Erp-entegrasyon/erp-api/Models/BankAccountResponse.cs(11,23): warning CS8618: Non-nullable property 'BankAccTypeDescription' must contain a non-null value when exiting constructor. Consider adding the 'required' modifier or declaring the property as nullable. [/Users/ali1/Projects/Erp-entegrasyon/erp-api/ErpMobile.Api.csproj]
/Users/ali1/Projects/Erp-entegrasyon/erp-api/Models/BankAccountResponse.cs(12,23): warning CS8618: Non-nullable property 'CompanyCode' must contain a non-null value when exiting constructor. Consider adding the 'required' modifier or declaring the property as nullable. [/Users/ali1/Projects/Erp-entegrasyon/erp-api/ErpMobile.Api.csproj]
/Users/ali1/Projects/Erp-entegrasyon/erp-api/Models/BankAccountResponse.cs(13,23): warning CS8618: Non-nullable property 'BankCode' must contain a non-null value when exiting constructor. Consider adding the 'required' modifier or declaring the property as nullable. [/Users/ali1/Projects/Erp-entegrasyon/erp-api/ErpMobile.Api.csproj]
/Users/ali1/Projects/Erp-entegrasyon/erp-api/Models/BankAccountResponse.cs(14,23): warning CS8618: Non-nullable property 'BankDescription' must contain a non-null value when exiting constructor. Consider adding the 'required' modifier or declaring the property as nullable. [/Users/ali1/Projects/Erp-entegrasyon/erp-api/ErpMobile.Api.csproj]
/Users/ali1/Projects/Erp-entegrasyon/erp-api/Models/BankAccountResponse.cs(15,23): warning CS8618: Non-nullable property 'BankBranchCode' must contain a non-null value when exiting constructor. Consider adding the 'required' modifier or declaring the property as nullable. [/Users/ali1/Projects/Erp-entegrasyon/erp-api/ErpMobile.Api.csproj]
/Users/ali1/Projects/Erp-entegrasyon/erp-api/Models/BankAccountResponse.cs(16,23): warning CS8618: Non-nullable property 'BankBranchDescription' must contain a non-null value when exiting constructor. Consider adding the 'required' modifier or declaring the property as nullable. [/Users/ali1/Projects/Erp-entegrasyon/erp-api/ErpMobile.Api.csproj]
/Users/ali1/Projects/Erp-entegrasyon/erp-api/Models/BankAccountResponse.cs(17,23): warning CS8618: Non-nullable property 'CurrencyCode' must contain a non-null value when exiting constructor. Consider adding the 'required' modifier or declaring the property as nullable. [/Users/ali1/Projects/Erp-entegrasyon/erp-api/ErpMobile.Api.csproj]
/Users/ali1/Projects/Erp-entegrasyon/erp-api/Models/BankAccountResponse.cs(18,23): warning CS8618: Non-nullable property 'BankAccNo' must contain a non-null value when exiting constructor. Consider adding the 'required' modifier or declaring the property as nullable. [/Users/ali1/Projects/Erp-entegrasyon/erp-api/ErpMobile.Api.csproj]
/Users/ali1/Projects/Erp-entegrasyon/erp-api/Models/BankAccountResponse.cs(19,23): warning CS8618: Non-nullable property 'IBAN' must contain a non-null value when exiting constructor. Consider adding the 'required' modifier or declaring the property as nullable. [/Users/ali1/Projects/Erp-entegrasyon/erp-api/ErpMobile.Api.csproj]
/Users/ali1/Projects/Erp-entegrasyon/erp-api/Models/BankAccountResponse.cs(21,23): warning CS8618: Non-nullable property 'OfficeCode' must contain a non-null value when exiting constructor. Consider adding the 'required' modifier or declaring the property as nullable. [/Users/ali1/Projects/Erp-entegrasyon/erp-api/ErpMobile.Api.csproj]
/Users/ali1/Projects/Erp-entegrasyon/erp-api/Models/BankAccountResponse.cs(22,23): warning CS8618: Non-nullable property 'OfficeDescription' must contain a non-null value when exiting constructor. Consider adding the 'required' modifier or declaring the property as nullable. [/Users/ali1/Projects/Erp-entegrasyon/erp-api/ErpMobile.Api.csproj]
/Users/ali1/Projects/Erp-entegrasyon/erp-api/Entities/Customer/prCurrAccPostalAddress.cs(12,23): warning CS8618: Non-nullable property 'CityCode' must contain a non-null value when exiting constructor. Consider adding the 'required' modifier or declaring the property as nullable. [/Users/ali1/Projects/Erp-entegrasyon/erp-api/ErpMobile.Api.csproj]
/Users/ali1/Projects/Erp-entegrasyon/erp-api/Entities/Customer/prCurrAccPostalAddress.cs(15,23): warning CS8618: Non-nullable property 'DistrictCode' must contain a non-null value when exiting constructor. Consider adding the 'required' modifier or declaring the property as nullable. [/Users/ali1/Projects/Erp-entegrasyon/erp-api/ErpMobile.Api.csproj]
/Users/ali1/Projects/Erp-entegrasyon/erp-api/Entities/Customer/prCurrAccPostalAddress.cs(18,41): warning CS8618: Non-nullable property 'CurrAccDefault' must contain a non-null value when exiting constructor. Consider adding the 'required' modifier or declaring the property as nullable. [/Users/ali1/Projects/Erp-entegrasyon/erp-api/ErpMobile.Api.csproj]
/Users/ali1/Projects/Erp-entegrasyon/erp-api/Entities/Customer/prCurrAccDefault.cs(15,23): warning CS8618: Non-nullable property 'CurrAccCode' must contain a non-null value when exiting constructor. Consider adding the 'required' modifier or declaring the property as nullable. [/Users/ali1/Projects/Erp-entegrasyon/erp-api/ErpMobile.Api.csproj]
/Users/ali1/Projects/Erp-entegrasyon/erp-api/Entities/Customer/prCurrAccDefault.cs(21,34): warning CS8618: Non-nullable property 'CurrAcc' must contain a non-null value when exiting constructor. Consider adding the 'required' modifier or declaring the property as nullable. [/Users/ali1/Projects/Erp-entegrasyon/erp-api/ErpMobile.Api.csproj]
/Users/ali1/Projects/Erp-entegrasyon/erp-api/Entities/Customer/prCurrAccDefault.cs(24,47): warning CS8618: Non-nullable property 'PostalAddress' must contain a non-null value when exiting constructor. Consider adding the 'required' modifier or declaring the property as nullable. [/Users/ali1/Projects/Erp-entegrasyon/erp-api/ErpMobile.Api.csproj]
/Users/ali1/Projects/Erp-entegrasyon/erp-api/Services/CustomerCommunicationService.cs(387,28): warning CS8603: Possible null reference return. [/Users/ali1/Projects/Erp-entegrasyon/erp-api/ErpMobile.Api.csproj]
/Users/ali1/Projects/Erp-entegrasyon/erp-api/Repositories/Invoice/InvoiceRepository.cs(1468,38): warning CS8605: Unboxing a possibly null value. [/Users/ali1/Projects/Erp-entegrasyon/erp-api/ErpMobile.Api.csproj]
/Users/ali1/Projects/Erp-entegrasyon/erp-api/Services/CustomerContactService.cs(99,28): warning CS8603: Possible null reference return. [/Users/ali1/Projects/Erp-entegrasyon/erp-api/ErpMobile.Api.csproj]
/Users/ali1/Projects/Erp-entegrasyon/erp-api/Services/CustomerBasicService.cs(465,59): warning CS8601: Possible null reference assignment. [/Users/ali1/Projects/Erp-entegrasyon/erp-api/ErpMobile.Api.csproj]
/Users/ali1/Projects/Erp-entegrasyon/erp-api/Services/CustomerBasicService.cs(466,63): warning CS8601: Possible null reference assignment. [/Users/ali1/Projects/Erp-entegrasyon/erp-api/ErpMobile.Api.csproj]
/Users/ali1/Projects/Erp-entegrasyon/erp-api/Services/CustomerContactService.cs(441,28): warning CS8603: Possible null reference return. [/Users/ali1/Projects/Erp-entegrasyon/erp-api/ErpMobile.Api.csproj]
/Users/ali1/Projects/Erp-entegrasyon/erp-api/Repositories/Invoice/InvoiceRepository.cs(1588,38): warning CS8605: Unboxing a possibly null value. [/Users/ali1/Projects/Erp-entegrasyon/erp-api/ErpMobile.Api.csproj]
/Users/ali1/Projects/Erp-entegrasyon/erp-api/Repositories/Invoice/InvoiceRepository.cs(1827,38): warning CS8605: Unboxing a possibly null value. [/Users/ali1/Projects/Erp-entegrasyon/erp-api/ErpMobile.Api.csproj]
/Users/ali1/Projects/Erp-entegrasyon/erp-api/Repositories/Invoice/InvoiceRepository.Methods.cs(33,28): warning CS8603: Possible null reference return. [/Users/ali1/Projects/Erp-entegrasyon/erp-api/ErpMobile.Api.csproj]
/Users/ali1/Projects/Erp-entegrasyon/erp-api/Repositories/Invoice/InvoiceRepository.Methods.cs(104,24): warning CS8603: Possible null reference return. [/Users/ali1/Projects/Erp-entegrasyon/erp-api/ErpMobile.Api.csproj]
/Users/ali1/Projects/Erp-entegrasyon/erp-api/Repositories/Invoice/InvoiceRepository.Methods.cs(241,24): warning CS8603: Possible null reference return. [/Users/ali1/Projects/Erp-entegrasyon/erp-api/ErpMobile.Api.csproj]
/Users/ali1/Projects/Erp-entegrasyon/erp-api/Services/LocationService.cs(98,27): warning CS8618: Non-nullable property 'DistrictCode' must contain a non-null value when exiting constructor. Consider adding the 'required' modifier or declaring the property as nullable. [/Users/ali1/Projects/Erp-entegrasyon/erp-api/ErpMobile.Api.csproj]
/Users/ali1/Projects/Erp-entegrasyon/erp-api/Services/LocationService.cs(99,27): warning CS8618: Non-nullable property 'DistrictDescription' must contain a non-null value when exiting constructor. Consider adding the 'required' modifier or declaring the property as nullable. [/Users/ali1/Projects/Erp-entegrasyon/erp-api/ErpMobile.Api.csproj]
/Users/ali1/Projects/Erp-entegrasyon/erp-api/Services/LocationService.cs(100,27): warning CS8618: Non-nullable property 'CityCode' must contain a non-null value when exiting constructor. Consider adding the 'required' modifier or declaring the property as nullable. [/Users/ali1/Projects/Erp-entegrasyon/erp-api/ErpMobile.Api.csproj]
/Users/ali1/Projects/Erp-entegrasyon/erp-api/Services/LocationService.cs(101,27): warning CS8618: Non-nullable property 'CityDescription' must contain a non-null value when exiting constructor. Consider adding the 'required' modifier or declaring the property as nullable. [/Users/ali1/Projects/Erp-entegrasyon/erp-api/ErpMobile.Api.csproj]
/Users/ali1/Projects/Erp-entegrasyon/erp-api/Services/LocationService.cs(102,27): warning CS8618: Non-nullable property 'StateCode' must contain a non-null value when exiting constructor. Consider adding the 'required' modifier or declaring the property as nullable. [/Users/ali1/Projects/Erp-entegrasyon/erp-api/ErpMobile.Api.csproj]
/Users/ali1/Projects/Erp-entegrasyon/erp-api/Services/LocationService.cs(103,27): warning CS8618: Non-nullable property 'StateDescription' must contain a non-null value when exiting constructor. Consider adding the 'required' modifier or declaring the property as nullable. [/Users/ali1/Projects/Erp-entegrasyon/erp-api/ErpMobile.Api.csproj]
/Users/ali1/Projects/Erp-entegrasyon/erp-api/Services/LocationService.cs(104,27): warning CS8618: Non-nullable property 'CountryCode' must contain a non-null value when exiting constructor. Consider adding the 'required' modifier or declaring the property as nullable. [/Users/ali1/Projects/Erp-entegrasyon/erp-api/ErpMobile.Api.csproj]
/Users/ali1/Projects/Erp-entegrasyon/erp-api/Services/LocationService.cs(105,27): warning CS8618: Non-nullable property 'CountryDescription' must contain a non-null value when exiting constructor. Consider adding the 'required' modifier or declaring the property as nullable. [/Users/ali1/Projects/Erp-entegrasyon/erp-api/ErpMobile.Api.csproj]
/Users/ali1/Projects/Erp-entegrasyon/erp-api/Services/CustomerFinancialDetailService.cs(21,33): warning CS8601: Possible null reference assignment. [/Users/ali1/Projects/Erp-entegrasyon/erp-api/ErpMobile.Api.csproj]
/Users/ali1/Projects/Erp-entegrasyon/erp-api/Services/CustomerFinancialDetailService.cs(18,16): warning CS8618: Non-nullable field '_connectionString' must contain a non-null value when exiting constructor. Consider adding the 'required' modifier or declaring the field as nullable. [/Users/ali1/Projects/Erp-entegrasyon/erp-api/ErpMobile.Api.csproj]
/Users/ali1/Projects/Erp-entegrasyon/erp-api/Services/CustomerDebtService.cs(33,45): warning CS0618: 'SqlConnection' is obsolete: 'Use the Microsoft.Data.SqlClient package instead.' [/Users/ali1/Projects/Erp-entegrasyon/erp-api/ErpMobile.Api.csproj]
/Users/ali1/Projects/Erp-entegrasyon/erp-api/Services/CustomerDebtService.cs(46,20): warning CS0618: 'SqlException' is obsolete: 'Use the Microsoft.Data.SqlClient package instead.' [/Users/ali1/Projects/Erp-entegrasyon/erp-api/ErpMobile.Api.csproj]
/Users/ali1/Projects/Erp-entegrasyon/erp-api/Services/CustomerFinancialDetailService.cs(26,51): warning CS0618: 'SqlConnection' is obsolete: 'Use the Microsoft.Data.SqlClient package instead.' [/Users/ali1/Projects/Erp-entegrasyon/erp-api/ErpMobile.Api.csproj]
/Users/ali1/Projects/Erp-entegrasyon/erp-api/Services/CustomerFinancialDetailService.cs(40,28): warning CS8603: Possible null reference return. [/Users/ali1/Projects/Erp-entegrasyon/erp-api/ErpMobile.Api.csproj]
/Users/ali1/Projects/Erp-entegrasyon/erp-api/Services/CustomerDebtService.cs(65,45): warning CS0618: 'SqlConnection' is obsolete: 'Use the Microsoft.Data.SqlClient package instead.' [/Users/ali1/Projects/Erp-entegrasyon/erp-api/ErpMobile.Api.csproj]
/Users/ali1/Projects/Erp-entegrasyon/erp-api/Services/CustomerDebtService.cs(79,20): warning CS0618: 'SqlException' is obsolete: 'Use the Microsoft.Data.SqlClient package instead.' [/Users/ali1/Projects/Erp-entegrasyon/erp-api/ErpMobile.Api.csproj]
/Users/ali1/Projects/Erp-entegrasyon/erp-api/Services/CustomerDebtService.cs(98,45): warning CS0618: 'SqlConnection' is obsolete: 'Use the Microsoft.Data.SqlClient package instead.' [/Users/ali1/Projects/Erp-entegrasyon/erp-api/ErpMobile.Api.csproj]
/Users/ali1/Projects/Erp-entegrasyon/erp-api/Services/CustomerDebtService.cs(112,20): warning CS0618: 'SqlException' is obsolete: 'Use the Microsoft.Data.SqlClient package instead.' [/Users/ali1/Projects/Erp-entegrasyon/erp-api/ErpMobile.Api.csproj]
/Users/ali1/Projects/Erp-entegrasyon/erp-api/Services/CustomerDebtService.cs(131,45): warning CS0618: 'SqlConnection' is obsolete: 'Use the Microsoft.Data.SqlClient package instead.' [/Users/ali1/Projects/Erp-entegrasyon/erp-api/ErpMobile.Api.csproj]
/Users/ali1/Projects/Erp-entegrasyon/erp-api/Services/CustomerDebtService.cs(145,20): warning CS0618: 'SqlException' is obsolete: 'Use the Microsoft.Data.SqlClient package instead.' [/Users/ali1/Projects/Erp-entegrasyon/erp-api/ErpMobile.Api.csproj]
/Users/ali1/Projects/Erp-entegrasyon/erp-api/Services/CustomerDebtService.cs(164,45): warning CS0618: 'SqlConnection' is obsolete: 'Use the Microsoft.Data.SqlClient package instead.' [/Users/ali1/Projects/Erp-entegrasyon/erp-api/ErpMobile.Api.csproj]
/Users/ali1/Projects/Erp-entegrasyon/erp-api/Services/CustomerDebtService.cs(200,20): warning CS0618: 'SqlException' is obsolete: 'Use the Microsoft.Data.SqlClient package instead.' [/Users/ali1/Projects/Erp-entegrasyon/erp-api/ErpMobile.Api.csproj]
/Users/ali1/Projects/Erp-entegrasyon/erp-api/Services/CustomerDebtService.cs(231,45): warning CS0618: 'SqlConnection' is obsolete: 'Use the Microsoft.Data.SqlClient package instead.' [/Users/ali1/Projects/Erp-entegrasyon/erp-api/ErpMobile.Api.csproj]
/Users/ali1/Projects/Erp-entegrasyon/erp-api/Services/CustomerDebtService.cs(255,20): warning CS0618: 'SqlException' is obsolete: 'Use the Microsoft.Data.SqlClient package instead.' [/Users/ali1/Projects/Erp-entegrasyon/erp-api/ErpMobile.Api.csproj]
/Users/ali1/Projects/Erp-entegrasyon/erp-api/Services/CustomerFinancialService.cs(26,33): warning CS8601: Possible null reference assignment. [/Users/ali1/Projects/Erp-entegrasyon/erp-api/ErpMobile.Api.csproj]
/Users/ali1/Projects/Erp-entegrasyon/erp-api/Services/CustomerFinancialService.cs(22,16): warning CS8618: Non-nullable field '_connectionString' must contain a non-null value when exiting constructor. Consider adding the 'required' modifier or declaring the field as nullable. [/Users/ali1/Projects/Erp-entegrasyon/erp-api/ErpMobile.Api.csproj]
/Users/ali1/Projects/Erp-entegrasyon/erp-api/Services/CustomerFinancialService.cs(59,28): warning CS8603: Possible null reference return. [/Users/ali1/Projects/Erp-entegrasyon/erp-api/ErpMobile.Api.csproj]
/Users/ali1/Projects/Erp-entegrasyon/erp-api/Services/CustomerFinancialService.cs(117,57): warning CS8600: Converting null literal or possible null value to non-nullable type. [/Users/ali1/Projects/Erp-entegrasyon/erp-api/ErpMobile.Api.csproj]
/Users/ali1/Projects/Erp-entegrasyon/erp-api/Services/CustomerFinancialService.cs(126,44): warning CS8601: Possible null reference assignment. [/Users/ali1/Projects/Erp-entegrasyon/erp-api/ErpMobile.Api.csproj]
/Users/ali1/Projects/Erp-entegrasyon/erp-api/Services/CustomerFinancialService.cs(127,51): warning CS8601: Possible null reference assignment. [/Users/ali1/Projects/Erp-entegrasyon/erp-api/ErpMobile.Api.csproj]
/Users/ali1/Projects/Erp-entegrasyon/erp-api/Services/CustomerFinancialService.cs(139,24): warning CS8603: Possible null reference return. [/Users/ali1/Projects/Erp-entegrasyon/erp-api/ErpMobile.Api.csproj]
/Users/ali1/Projects/Erp-entegrasyon/erp-api/Services/CustomerFinancialService.cs(302,46): warning CS8601: Possible null reference assignment. [/Users/ali1/Projects/Erp-entegrasyon/erp-api/ErpMobile.Api.csproj]
/Users/ali1/Projects/Erp-entegrasyon/erp-api/Services/CustomerFinancialService.cs(303,41): warning CS8601: Possible null reference assignment. [/Users/ali1/Projects/Erp-entegrasyon/erp-api/ErpMobile.Api.csproj]
/Users/ali1/Projects/Erp-entegrasyon/erp-api/Services/CustomerFinancialService.cs(304,47): warning CS8601: Possible null reference assignment. [/Users/ali1/Projects/Erp-entegrasyon/erp-api/ErpMobile.Api.csproj]
/Users/ali1/Projects/Erp-entegrasyon/erp-api/Services/CustomerFinancialService.cs(305,47): warning CS8601: Possible null reference assignment. [/Users/ali1/Projects/Erp-entegrasyon/erp-api/ErpMobile.Api.csproj]
/Users/ali1/Projects/Erp-entegrasyon/erp-api/Services/CustomerFinancialService.cs(356,28): warning CS8603: Possible null reference return. [/Users/ali1/Projects/Erp-entegrasyon/erp-api/ErpMobile.Api.csproj]
/Users/ali1/Projects/Erp-entegrasyon/erp-api/Services/CustomerStubService.cs(27,50): warning CS1998: This async method lacks 'await' operators and will run synchronously. Consider using the 'await' operator to await non-blocking API calls, or 'await Task.Run(...)' to do CPU-bound work on a background thread. [/Users/ali1/Projects/Erp-entegrasyon/erp-api/ErpMobile.Api.csproj]
/Users/ali1/Projects/Erp-entegrasyon/erp-api/Services/CustomerStubService.cs(36,56): warning CS1998: This async method lacks 'await' operators and will run synchronously. Consider using the 'await' operator to await non-blocking API calls, or 'await Task.Run(...)' to do CPU-bound work on a background thread. [/Users/ali1/Projects/Erp-entegrasyon/erp-api/ErpMobile.Api.csproj]
/Users/ali1/Projects/Erp-entegrasyon/erp-api/Services/CustomerStubService.cs(45,54): warning CS1998: This async method lacks 'await' operators and will run synchronously. Consider using the 'await' operator to await non-blocking API calls, or 'await Task.Run(...)' to do CPU-bound work on a background thread. [/Users/ali1/Projects/Erp-entegrasyon/erp-api/ErpMobile.Api.csproj]
/Users/ali1/Projects/Erp-entegrasyon/erp-api/Services/CustomerStubService.cs(54,48): warning CS1998: This async method lacks 'await' operators and will run synchronously. Consider using the 'await' operator to await non-blocking API calls, or 'await Task.Run(...)' to do CPU-bound work on a background thread. [/Users/ali1/Projects/Erp-entegrasyon/erp-api/ErpMobile.Api.csproj]
/Users/ali1/Projects/Erp-entegrasyon/erp-api/Services/CustomerStubService.cs(63,50): warning CS1998: This async method lacks 'await' operators and will run synchronously. Consider using the 'await' operator to await non-blocking API calls, or 'await Task.Run(...)' to do CPU-bound work on a background thread. [/Users/ali1/Projects/Erp-entegrasyon/erp-api/ErpMobile.Api.csproj]
/Users/ali1/Projects/Erp-entegrasyon/erp-api/Services/CustomerStubService.cs(72,44): warning CS1998: This async method lacks 'await' operators and will run synchronously. Consider using the 'await' operator to await non-blocking API calls, or 'await Task.Run(...)' to do CPU-bound work on a background thread. [/Users/ali1/Projects/Erp-entegrasyon/erp-api/ErpMobile.Api.csproj]
/Users/ali1/Projects/Erp-entegrasyon/erp-api/Services/CustomerStubService.cs(81,44): warning CS1998: This async method lacks 'await' operators and will run synchronously. Consider using the 'await' operator to await non-blocking API calls, or 'await Task.Run(...)' to do CPU-bound work on a background thread. [/Users/ali1/Projects/Erp-entegrasyon/erp-api/ErpMobile.Api.csproj]
/Users/ali1/Projects/Erp-entegrasyon/erp-api/Services/CustomerStubService.cs(90,81): warning CS1998: This async method lacks 'await' operators and will run synchronously. Consider using the 'await' operator to await non-blocking API calls, or 'await Task.Run(...)' to do CPU-bound work on a background thread. [/Users/ali1/Projects/Erp-entegrasyon/erp-api/ErpMobile.Api.csproj]
/Users/ali1/Projects/Erp-entegrasyon/erp-api/Services/CustomerStubService.cs(99,75): warning CS1998: This async method lacks 'await' operators and will run synchronously. Consider using the 'await' operator to await non-blocking API calls, or 'await Task.Run(...)' to do CPU-bound work on a background thread. [/Users/ali1/Projects/Erp-entegrasyon/erp-api/ErpMobile.Api.csproj]
/Users/ali1/Projects/Erp-entegrasyon/erp-api/Services/CustomerStubService.cs(108,75): warning CS1998: This async method lacks 'await' operators and will run synchronously. Consider using the 'await' operator to await non-blocking API calls, or 'await Task.Run(...)' to do CPU-bound work on a background thread. [/Users/ali1/Projects/Erp-entegrasyon/erp-api/ErpMobile.Api.csproj]
/Users/ali1/Projects/Erp-entegrasyon/erp-api/Services/CustomerStubService.cs(117,54): warning CS1998: This async method lacks 'await' operators and will run synchronously. Consider using the 'await' operator to await non-blocking API calls, or 'await Task.Run(...)' to do CPU-bound work on a background thread. [/Users/ali1/Projects/Erp-entegrasyon/erp-api/ErpMobile.Api.csproj]
/Users/ali1/Projects/Erp-entegrasyon/erp-api/Services/CustomerStubService.cs(126,48): warning CS1998: This async method lacks 'await' operators and will run synchronously. Consider using the 'await' operator to await non-blocking API calls, or 'await Task.Run(...)' to do CPU-bound work on a background thread. [/Users/ali1/Projects/Erp-entegrasyon/erp-api/ErpMobile.Api.csproj]
/Users/ali1/Projects/Erp-entegrasyon/erp-api/Services/CustomerServiceNew.cs(73,51): warning CS8600: Converting null literal or possible null value to non-nullable type. [/Users/ali1/Projects/Erp-entegrasyon/erp-api/ErpMobile.Api.csproj]
/Users/ali1/Projects/Erp-entegrasyon/erp-api/Services/CustomerServiceNew.cs(86,66): warning CS8600: Converting null literal or possible null value to non-nullable type. [/Users/ali1/Projects/Erp-entegrasyon/erp-api/ErpMobile.Api.csproj]
/Users/ali1/Projects/Erp-entegrasyon/erp-api/Services/CustomerServiceNew.cs(132,51): warning CS8600: Converting null literal or possible null value to non-nullable type. [/Users/ali1/Projects/Erp-entegrasyon/erp-api/ErpMobile.Api.csproj]
/Users/ali1/Projects/Erp-entegrasyon/erp-api/Services/ExchangeRateService.cs(130,40): warning CS8601: Possible null reference assignment. [/Users/ali1/Projects/Erp-entegrasyon/erp-api/ErpMobile.Api.csproj]
/Users/ali1/Projects/Erp-entegrasyon/erp-api/Services/ExchangeRateService.cs(131,48): warning CS8601: Possible null reference assignment. [/Users/ali1/Projects/Erp-entegrasyon/erp-api/ErpMobile.Api.csproj]
/Users/ali1/Projects/Erp-entegrasyon/erp-api/Services/ExchangeRateService.cs(133,47): warning CS8601: Possible null reference assignment. [/Users/ali1/Projects/Erp-entegrasyon/erp-api/ErpMobile.Api.csproj]
/Users/ali1/Projects/Erp-entegrasyon/erp-api/Services/ExchangeRateService.cs(134,55): warning CS8601: Possible null reference assignment. [/Users/ali1/Projects/Erp-entegrasyon/erp-api/ErpMobile.Api.csproj]
/Users/ali1/Projects/Erp-entegrasyon/erp-api/Services/ExchangeRateService.cs(142,34): warning CS8601: Possible null reference assignment. [/Users/ali1/Projects/Erp-entegrasyon/erp-api/ErpMobile.Api.csproj]
/Users/ali1/Projects/Erp-entegrasyon/erp-api/Services/ExchangeRateService.cs(237,40): warning CS8601: Possible null reference assignment. [/Users/ali1/Projects/Erp-entegrasyon/erp-api/ErpMobile.Api.csproj]
/Users/ali1/Projects/Erp-entegrasyon/erp-api/Services/ExchangeRateService.cs(238,48): warning CS8601: Possible null reference assignment. [/Users/ali1/Projects/Erp-entegrasyon/erp-api/ErpMobile.Api.csproj]
/Users/ali1/Projects/Erp-entegrasyon/erp-api/Services/ExchangeRateService.cs(240,47): warning CS8601: Possible null reference assignment. [/Users/ali1/Projects/Erp-entegrasyon/erp-api/ErpMobile.Api.csproj]
/Users/ali1/Projects/Erp-entegrasyon/erp-api/Services/ExchangeRateService.cs(241,55): warning CS8601: Possible null reference assignment. [/Users/ali1/Projects/Erp-entegrasyon/erp-api/ErpMobile.Api.csproj]
/Users/ali1/Projects/Erp-entegrasyon/erp-api/Services/ExchangeRateService.cs(249,34): warning CS8601: Possible null reference assignment. [/Users/ali1/Projects/Erp-entegrasyon/erp-api/ErpMobile.Api.csproj]
/Users/ali1/Projects/Erp-entegrasyon/erp-api/Services/ExchangeRateService.cs(606,40): warning CS8601: Possible null reference assignment. [/Users/ali1/Projects/Erp-entegrasyon/erp-api/ErpMobile.Api.csproj]
/Users/ali1/Projects/Erp-entegrasyon/erp-api/Services/ExchangeRateService.cs(607,47): warning CS8601: Possible null reference assignment. [/Users/ali1/Projects/Erp-entegrasyon/erp-api/ErpMobile.Api.csproj]
/Users/ali1/Projects/Erp-entegrasyon/erp-api/Services/ExchangeRateService.cs(608,48): warning CS8601: Possible null reference assignment. [/Users/ali1/Projects/Erp-entegrasyon/erp-api/ErpMobile.Api.csproj]
/Users/ali1/Projects/Erp-entegrasyon/erp-api/Services/ExchangeRateService.cs(609,55): warning CS8601: Possible null reference assignment. [/Users/ali1/Projects/Erp-entegrasyon/erp-api/ErpMobile.Api.csproj]
/Users/ali1/Projects/Erp-entegrasyon/erp-api/Services/ExchangeRateService.cs(617,34): warning CS8601: Possible null reference assignment. [/Users/ali1/Projects/Erp-entegrasyon/erp-api/ErpMobile.Api.csproj]
/Users/ali1/Projects/Erp-entegrasyon/erp-api/Repositories/Invoice/InvoiceRepository.Methods.cs(768,60): warning CS8604: Possible null reference argument for parameter 'input' in 'Guid Guid.Parse(string input)'. [/Users/ali1/Projects/Erp-entegrasyon/erp-api/ErpMobile.Api.csproj]
/Users/ali1/Projects/Erp-entegrasyon/erp-api/Repositories/Invoice/InvoiceRepository.Methods.cs(769,51): warning CS8601: Possible null reference assignment. [/Users/ali1/Projects/Erp-entegrasyon/erp-api/ErpMobile.Api.csproj]
/Users/ali1/Projects/Erp-entegrasyon/erp-api/Repositories/Invoice/InvoiceRepository.Methods.cs(770,44): warning CS8601: Possible null reference assignment. [/Users/ali1/Projects/Erp-entegrasyon/erp-api/ErpMobile.Api.csproj]
/Users/ali1/Projects/Erp-entegrasyon/erp-api/Repositories/Invoice/InvoiceRepository.Methods.cs(771,51): warning CS8601: Possible null reference assignment. [/Users/ali1/Projects/Erp-entegrasyon/erp-api/ErpMobile.Api.csproj]
/Users/ali1/Projects/Erp-entegrasyon/erp-api/Repositories/Invoice/InvoiceRepository.Methods.cs(778,41): warning CS8601: Possible null reference assignment. [/Users/ali1/Projects/Erp-entegrasyon/erp-api/ErpMobile.Api.csproj]
/Users/ali1/Projects/Erp-entegrasyon/erp-api/Program.cs(339,9): warning ASP0019: Use IHeaderDictionary.Append or the indexer to append or set headers. IDictionary.Add will throw an ArgumentException when attempting to add a duplicate key. (https://aka.ms/aspnet/analyzers) [/Users/ali1/Projects/Erp-entegrasyon/erp-api/ErpMobile.Api.csproj]
/Users/ali1/Projects/Erp-entegrasyon/erp-api/Program.cs(340,9): warning ASP0019: Use IHeaderDictionary.Append or the indexer to append or set headers. IDictionary.Add will throw an ArgumentException when attempting to add a duplicate key. (https://aka.ms/aspnet/analyzers) [/Users/ali1/Projects/Erp-entegrasyon/erp-api/ErpMobile.Api.csproj]
/Users/ali1/Projects/Erp-entegrasyon/erp-api/Program.cs(341,9): warning ASP0019: Use IHeaderDictionary.Append or the indexer to append or set headers. IDictionary.Add will throw an ArgumentException when attempting to add a duplicate key. (https://aka.ms/aspnet/analyzers) [/Users/ali1/Projects/Erp-entegrasyon/erp-api/ErpMobile.Api.csproj]
/Users/ali1/Projects/Erp-entegrasyon/erp-api/Program.cs(342,9): warning ASP0019: Use IHeaderDictionary.Append or the indexer to append or set headers. IDictionary.Add will throw an ArgumentException when attempting to add a duplicate key. (https://aka.ms/aspnet/analyzers) [/Users/ali1/Projects/Erp-entegrasyon/erp-api/ErpMobile.Api.csproj]

Oluşturma BAŞARISIZ OLDU.

/Users/ali1/Projects/Erp-entegrasyon/erp-api/Controllers/CurrencyController.cs(12,7): warning CS0105: The using directive for 'ErpMobile.Api.Models.Responses' appeared previously in this namespace [/Users/ali1/Projects/Erp-entegrasyon/erp-api/ErpMobile.Api.csproj]
/Users/ali1/Projects/Erp-entegrasyon/erp-api/Models/Requests/CustomerAddressCreateRequest.cs(3,7): warning CS0105: The using directive for 'System.ComponentModel.DataAnnotations' appeared previously in this namespace [/Users/ali1/Projects/Erp-entegrasyon/erp-api/ErpMobile.Api.csproj]
/Users/ali1/Projects/Erp-entegrasyon/erp-api/Services/CustomerBasicService.cs(1411,84): warning CS8625: Cannot convert null literal to non-nullable reference type. [/Users/ali1/Projects/Erp-entegrasyon/erp-api/ErpMobile.Api.csproj]
/Users/ali1/Projects/Erp-entegrasyon/erp-api/Controllers/CustomerController.cs(269,105): warning CS8625: Cannot convert null literal to non-nullable reference type. [/Users/ali1/Projects/Erp-entegrasyon/erp-api/ErpMobile.Api.csproj]
/Users/ali1/Projects/Erp-entegrasyon/erp-api/Repositories/Inventory/IInventoryRepository.cs(22,30): warning CS8625: Cannot convert null literal to non-nullable reference type. [/Users/ali1/Projects/Erp-entegrasyon/erp-api/ErpMobile.Api.csproj]
/Users/ali1/Projects/Erp-entegrasyon/erp-api/Repositories/Inventory/IInventoryRepository.cs(23,34): warning CS8625: Cannot convert null literal to non-nullable reference type. [/Users/ali1/Projects/Erp-entegrasyon/erp-api/ErpMobile.Api.csproj]
/Users/ali1/Projects/Erp-entegrasyon/erp-api/Repositories/Inventory/IInventoryRepository.cs(24,41): warning CS8625: Cannot convert null literal to non-nullable reference type. [/Users/ali1/Projects/Erp-entegrasyon/erp-api/ErpMobile.Api.csproj]
/Users/ali1/Projects/Erp-entegrasyon/erp-api/Repositories/Inventory/IInventoryRepository.cs(25,32): warning CS8625: Cannot convert null literal to non-nullable reference type. [/Users/ali1/Projects/Erp-entegrasyon/erp-api/ErpMobile.Api.csproj]
/Users/ali1/Projects/Erp-entegrasyon/erp-api/Repositories/Inventory/IInventoryRepository.cs(26,35): warning CS8625: Cannot convert null literal to non-nullable reference type. [/Users/ali1/Projects/Erp-entegrasyon/erp-api/ErpMobile.Api.csproj]
/Users/ali1/Projects/Erp-entegrasyon/erp-api/Repositories/Inventory/IInventoryRepository.cs(27,36): warning CS8625: Cannot convert null literal to non-nullable reference type. [/Users/ali1/Projects/Erp-entegrasyon/erp-api/ErpMobile.Api.csproj]
/Users/ali1/Projects/Erp-entegrasyon/erp-api/Repositories/Inventory/InventoryRepository.cs(28,106): warning CS8625: Cannot convert null literal to non-nullable reference type. [/Users/ali1/Projects/Erp-entegrasyon/erp-api/ErpMobile.Api.csproj]
/Users/ali1/Projects/Erp-entegrasyon/erp-api/Repositories/Inventory/InventoryRepository.cs(28,133): warning CS8625: Cannot convert null literal to non-nullable reference type. [/Users/ali1/Projects/Erp-entegrasyon/erp-api/ErpMobile.Api.csproj]
/Users/ali1/Projects/Erp-entegrasyon/erp-api/Repositories/Inventory/InventoryRepository.cs(28,167): warning CS8625: Cannot convert null literal to non-nullable reference type. [/Users/ali1/Projects/Erp-entegrasyon/erp-api/ErpMobile.Api.csproj]
/Users/ali1/Projects/Erp-entegrasyon/erp-api/Repositories/Inventory/InventoryRepository.cs(28,192): warning CS8625: Cannot convert null literal to non-nullable reference type. [/Users/ali1/Projects/Erp-entegrasyon/erp-api/ErpMobile.Api.csproj]
/Users/ali1/Projects/Erp-entegrasyon/erp-api/Repositories/Inventory/InventoryRepository.cs(28,220): warning CS8625: Cannot convert null literal to non-nullable reference type. [/Users/ali1/Projects/Erp-entegrasyon/erp-api/ErpMobile.Api.csproj]
/Users/ali1/Projects/Erp-entegrasyon/erp-api/Repositories/Inventory/InventoryRepository.cs(28,249): warning CS8625: Cannot convert null literal to non-nullable reference type. [/Users/ali1/Projects/Erp-entegrasyon/erp-api/ErpMobile.Api.csproj]
/Users/ali1/Projects/Erp-entegrasyon/erp-api/Repositories/Product/IProductRepository.cs(37,31): warning CS8625: Cannot convert null literal to non-nullable reference type. [/Users/ali1/Projects/Erp-entegrasyon/erp-api/ErpMobile.Api.csproj]
/Users/ali1/Projects/Erp-entegrasyon/erp-api/Repositories/Product/ProductRepository.cs(437,31): warning CS8625: Cannot convert null literal to non-nullable reference type. [/Users/ali1/Projects/Erp-entegrasyon/erp-api/ErpMobile.Api.csproj]
/Users/ali1/Projects/Erp-entegrasyon/erp-api/Services/ExchangeRateService.cs(21,51): warning CS8625: Cannot convert null literal to non-nullable reference type. [/Users/ali1/Projects/Erp-entegrasyon/erp-api/ErpMobile.Api.csproj]
/Users/ali1/Projects/Erp-entegrasyon/erp-api/Services/ExchangeRateService.cs(167,29): warning CS8625: Cannot convert null literal to non-nullable reference type. [/Users/ali1/Projects/Erp-entegrasyon/erp-api/ErpMobile.Api.csproj]
/Users/ali1/Projects/Erp-entegrasyon/erp-api/Services/ExchangeRateService.cs(264,130): warning CS8625: Cannot convert null literal to non-nullable reference type. [/Users/ali1/Projects/Erp-entegrasyon/erp-api/ErpMobile.Api.csproj]
/Users/ali1/Projects/Erp-entegrasyon/erp-api/Services/ExchangeRateService.cs(419,153): warning CS8625: Cannot convert null literal to non-nullable reference type. [/Users/ali1/Projects/Erp-entegrasyon/erp-api/ErpMobile.Api.csproj]
/Users/ali1/Projects/Erp-entegrasyon/erp-api/Services/ExchangeRateService.cs(486,119): warning CS8625: Cannot convert null literal to non-nullable reference type. [/Users/ali1/Projects/Erp-entegrasyon/erp-api/ErpMobile.Api.csproj]
/Users/ali1/Projects/Erp-entegrasyon/erp-api/Services/ExchangeRateService.cs(551,29): warning CS8625: Cannot convert null literal to non-nullable reference type. [/Users/ali1/Projects/Erp-entegrasyon/erp-api/ErpMobile.Api.csproj]
/Users/ali1/Projects/Erp-entegrasyon/erp-api/Controllers/ExchangeRateController.cs(32,41): warning CS8625: Cannot convert null literal to non-nullable reference type. [/Users/ali1/Projects/Erp-entegrasyon/erp-api/ErpMobile.Api.csproj]
/Users/ali1/Projects/Erp-entegrasyon/erp-api/Controllers/ExchangeRateController.cs(63,41): warning CS8625: Cannot convert null literal to non-nullable reference type. [/Users/ali1/Projects/Erp-entegrasyon/erp-api/ErpMobile.Api.csproj]
/Users/ali1/Projects/Erp-entegrasyon/erp-api/Controllers/ExchangeRateController.cs(85,41): warning CS8625: Cannot convert null literal to non-nullable reference type. [/Users/ali1/Projects/Erp-entegrasyon/erp-api/ErpMobile.Api.csproj]
/Users/ali1/Projects/Erp-entegrasyon/erp-api/Controllers/ExchangeRateController.cs(109,41): warning CS8625: Cannot convert null literal to non-nullable reference type. [/Users/ali1/Projects/Erp-entegrasyon/erp-api/ErpMobile.Api.csproj]
/Users/ali1/Projects/Erp-entegrasyon/erp-api/Controllers/ExchangeRateController.cs(140,41): warning CS8625: Cannot convert null literal to non-nullable reference type. [/Users/ali1/Projects/Erp-entegrasyon/erp-api/ErpMobile.Api.csproj]
/Users/ali1/Projects/Erp-entegrasyon/erp-api/Controllers/ExchangeRateController.cs(174,41): warning CS8625: Cannot convert null literal to non-nullable reference type. [/Users/ali1/Projects/Erp-entegrasyon/erp-api/ErpMobile.Api.csproj]
/Users/ali1/Projects/Erp-entegrasyon/erp-api/Controllers/InventoryController.cs(43,42): warning CS8625: Cannot convert null literal to non-nullable reference type. [/Users/ali1/Projects/Erp-entegrasyon/erp-api/ErpMobile.Api.csproj]
/Users/ali1/Projects/Erp-entegrasyon/erp-api/Controllers/InventoryController.cs(44,46): warning CS8625: Cannot convert null literal to non-nullable reference type. [/Users/ali1/Projects/Erp-entegrasyon/erp-api/ErpMobile.Api.csproj]
/Users/ali1/Projects/Erp-entegrasyon/erp-api/Controllers/InventoryController.cs(45,53): warning CS8625: Cannot convert null literal to non-nullable reference type. [/Users/ali1/Projects/Erp-entegrasyon/erp-api/ErpMobile.Api.csproj]
/Users/ali1/Projects/Erp-entegrasyon/erp-api/Controllers/InventoryController.cs(46,44): warning CS8625: Cannot convert null literal to non-nullable reference type. [/Users/ali1/Projects/Erp-entegrasyon/erp-api/ErpMobile.Api.csproj]
/Users/ali1/Projects/Erp-entegrasyon/erp-api/Controllers/InventoryController.cs(47,47): warning CS8625: Cannot convert null literal to non-nullable reference type. [/Users/ali1/Projects/Erp-entegrasyon/erp-api/ErpMobile.Api.csproj]
/Users/ali1/Projects/Erp-entegrasyon/erp-api/Controllers/InventoryController.cs(48,48): warning CS8625: Cannot convert null literal to non-nullable reference type. [/Users/ali1/Projects/Erp-entegrasyon/erp-api/ErpMobile.Api.csproj]
/Users/ali1/Projects/Erp-entegrasyon/erp-api/Controllers/InvoiceTypeController.cs(86,48): warning CS8625: Cannot convert null literal to non-nullable reference type. [/Users/ali1/Projects/Erp-entegrasyon/erp-api/ErpMobile.Api.csproj]
/Users/ali1/Projects/Erp-entegrasyon/erp-api/Controllers/InvoiceTypeController.cs(87,47): warning CS8625: Cannot convert null literal to non-nullable reference type. [/Users/ali1/Projects/Erp-entegrasyon/erp-api/ErpMobile.Api.csproj]
/Users/ali1/Projects/Erp-entegrasyon/erp-api/Controllers/InvoiceTypeController.cs(88,45): warning CS8625: Cannot convert null literal to non-nullable reference type. [/Users/ali1/Projects/Erp-entegrasyon/erp-api/ErpMobile.Api.csproj]
/Users/ali1/Projects/Erp-entegrasyon/erp-api/Controllers/InvoiceTypeController.cs(89,48): warning CS8625: Cannot convert null literal to non-nullable reference type. [/Users/ali1/Projects/Erp-entegrasyon/erp-api/ErpMobile.Api.csproj]
/Users/ali1/Projects/Erp-entegrasyon/erp-api/Controllers/InvoiceTypeController.cs(92,41): warning CS8625: Cannot convert null literal to non-nullable reference type. [/Users/ali1/Projects/Erp-entegrasyon/erp-api/ErpMobile.Api.csproj]
/Users/ali1/Projects/Erp-entegrasyon/erp-api/Services/CustomerLocationService.cs(68,84): warning CS8625: Cannot convert null literal to non-nullable reference type. [/Users/ali1/Projects/Erp-entegrasyon/erp-api/ErpMobile.Api.csproj]
/Users/ali1/Projects/Erp-entegrasyon/erp-api/Services/CustomerLocationService.cs(302,128): warning CS8625: Cannot convert null literal to non-nullable reference type. [/Users/ali1/Projects/Erp-entegrasyon/erp-api/ErpMobile.Api.csproj]
/Users/ali1/Projects/Erp-entegrasyon/erp-api/Controllers/ItemController.cs(55,45): warning CS8625: Cannot convert null literal to non-nullable reference type. [/Users/ali1/Projects/Erp-entegrasyon/erp-api/ErpMobile.Api.csproj]
/Users/ali1/Projects/Erp-entegrasyon/erp-api/Controllers/ItemController.cs(56,50): warning CS8625: Cannot convert null literal to non-nullable reference type. [/Users/ali1/Projects/Erp-entegrasyon/erp-api/ErpMobile.Api.csproj]
/Users/ali1/Projects/Erp-entegrasyon/erp-api/Controllers/OfficeController.cs(36,46): warning CS8625: Cannot convert null literal to non-nullable reference type. [/Users/ali1/Projects/Erp-entegrasyon/erp-api/ErpMobile.Api.csproj]
/Users/ali1/Projects/Erp-entegrasyon/erp-api/Interfaces/ICustomerLocationService.cs(23,71): warning CS8625: Cannot convert null literal to non-nullable reference type. [/Users/ali1/Projects/Erp-entegrasyon/erp-api/ErpMobile.Api.csproj]
/Users/ali1/Projects/Erp-entegrasyon/erp-api/Interfaces/ICustomerLocationService.cs(58,84): warning CS8625: Cannot convert null literal to non-nullable reference type. [/Users/ali1/Projects/Erp-entegrasyon/erp-api/ErpMobile.Api.csproj]
/Users/ali1/Projects/Erp-entegrasyon/erp-api/Interfaces/ICustomerService.cs(109,71): warning CS8625: Cannot convert null literal to non-nullable reference type. [/Users/ali1/Projects/Erp-entegrasyon/erp-api/ErpMobile.Api.csproj]
/Users/ali1/Projects/Erp-entegrasyon/erp-api/Controllers/ProductController.cs(48,46): warning CS8625: Cannot convert null literal to non-nullable reference type. [/Users/ali1/Projects/Erp-entegrasyon/erp-api/ErpMobile.Api.csproj]
/Users/ali1/Projects/Erp-entegrasyon/erp-api/Interfaces/IExchangeRateService.cs(20,29): warning CS8625: Cannot convert null literal to non-nullable reference type. [/Users/ali1/Projects/Erp-entegrasyon/erp-api/ErpMobile.Api.csproj]
/Users/ali1/Projects/Erp-entegrasyon/erp-api/Controllers/ProductController.cs(49,53): warning CS8625: Cannot convert null literal to non-nullable reference type. [/Users/ali1/Projects/Erp-entegrasyon/erp-api/ErpMobile.Api.csproj]
/Users/ali1/Projects/Erp-entegrasyon/erp-api/Interfaces/IExchangeRateService.cs(26,29): warning CS8625: Cannot convert null literal to non-nullable reference type. [/Users/ali1/Projects/Erp-entegrasyon/erp-api/ErpMobile.Api.csproj]
/Users/ali1/Projects/Erp-entegrasyon/erp-api/Controllers/ProductController.cs(50,50): warning CS8625: Cannot convert null literal to non-nullable reference type. [/Users/ali1/Projects/Erp-entegrasyon/erp-api/ErpMobile.Api.csproj]
/Users/ali1/Projects/Erp-entegrasyon/erp-api/Interfaces/IExchangeRateService.cs(31,29): warning CS8625: Cannot convert null literal to non-nullable reference type. [/Users/ali1/Projects/Erp-entegrasyon/erp-api/ErpMobile.Api.csproj]
/Users/ali1/Projects/Erp-entegrasyon/erp-api/Interfaces/IExchangeRateService.cs(38,29): warning CS8625: Cannot convert null literal to non-nullable reference type. [/Users/ali1/Projects/Erp-entegrasyon/erp-api/ErpMobile.Api.csproj]
/Users/ali1/Projects/Erp-entegrasyon/erp-api/Controllers/SalesInvoiceController.cs(36,47): warning CS8625: Cannot convert null literal to non-nullable reference type. [/Users/ali1/Projects/Erp-entegrasyon/erp-api/ErpMobile.Api.csproj]
/Users/ali1/Projects/Erp-entegrasyon/erp-api/Controllers/SalesInvoiceController.cs(37,48): warning CS8625: Cannot convert null literal to non-nullable reference type. [/Users/ali1/Projects/Erp-entegrasyon/erp-api/ErpMobile.Api.csproj]
/Users/ali1/Projects/Erp-entegrasyon/erp-api/Controllers/SalesInvoiceController.cs(40,41): warning CS8625: Cannot convert null literal to non-nullable reference type. [/Users/ali1/Projects/Erp-entegrasyon/erp-api/ErpMobile.Api.csproj]
/Users/ali1/Projects/Erp-entegrasyon/erp-api/Controllers/ProductController.cs(432,43): warning CS8625: Cannot convert null literal to non-nullable reference type. [/Users/ali1/Projects/Erp-entegrasyon/erp-api/ErpMobile.Api.csproj]
/Users/ali1/Projects/Erp-entegrasyon/erp-api/Controllers/ProductController.cs(433,44): warning CS8625: Cannot convert null literal to non-nullable reference type. [/Users/ali1/Projects/Erp-entegrasyon/erp-api/ErpMobile.Api.csproj]
/Users/ali1/Projects/Erp-entegrasyon/erp-api/Controllers/ProductController.cs(434,42): warning CS8625: Cannot convert null literal to non-nullable reference type. [/Users/ali1/Projects/Erp-entegrasyon/erp-api/ErpMobile.Api.csproj]
/Users/ali1/Projects/Erp-entegrasyon/erp-api/Controllers/ShipmentController.cs(36,47): warning CS8625: Cannot convert null literal to non-nullable reference type. [/Users/ali1/Projects/Erp-entegrasyon/erp-api/ErpMobile.Api.csproj]
/Users/ali1/Projects/Erp-entegrasyon/erp-api/Controllers/WholesalePurchaseInvoiceController.cs(54,45): warning CS8625: Cannot convert null literal to non-nullable reference type. [/Users/ali1/Projects/Erp-entegrasyon/erp-api/ErpMobile.Api.csproj]
/Users/ali1/Projects/Erp-entegrasyon/erp-api/Controllers/WholesalePurchaseInvoiceController.cs(55,48): warning CS8625: Cannot convert null literal to non-nullable reference type. [/Users/ali1/Projects/Erp-entegrasyon/erp-api/ErpMobile.Api.csproj]
/Users/ali1/Projects/Erp-entegrasyon/erp-api/Controllers/WholesalePurchaseInvoiceController.cs(58,41): warning CS8625: Cannot convert null literal to non-nullable reference type. [/Users/ali1/Projects/Erp-entegrasyon/erp-api/ErpMobile.Api.csproj]
/Users/ali1/Projects/Erp-entegrasyon/erp-api/Models/Common/ApiResponse.cs(41,81): warning CS8625: Cannot convert null literal to non-nullable reference type. [/Users/ali1/Projects/Erp-entegrasyon/erp-api/ErpMobile.Api.csproj]
/Users/ali1/Projects/Erp-entegrasyon/erp-api/Models/Common/ErrorResponse.cs(5,23): warning CS8618: Non-nullable property 'Message' must contain a non-null value when exiting constructor. Consider adding the 'required' modifier or declaring the property as nullable. [/Users/ali1/Projects/Erp-entegrasyon/erp-api/ErpMobile.Api.csproj]
/Users/ali1/Projects/Erp-entegrasyon/erp-api/Models/Common/ErrorResponse.cs(6,23): warning CS8618: Non-nullable property 'ErrorCode' must contain a non-null value when exiting constructor. Consider adding the 'required' modifier or declaring the property as nullable. [/Users/ali1/Projects/Erp-entegrasyon/erp-api/ErpMobile.Api.csproj]
/Users/ali1/Projects/Erp-entegrasyon/erp-api/Models/Common/ErrorResponse.cs(7,23): warning CS8618: Non-nullable property 'StackTrace' must contain a non-null value when exiting constructor. Consider adding the 'required' modifier or declaring the property as nullable. [/Users/ali1/Projects/Erp-entegrasyon/erp-api/ErpMobile.Api.csproj]
/Users/ali1/Projects/Erp-entegrasyon/erp-api/Entities/Dtos/CustomerListDto.cs(9,23): warning CS8618: Non-nullable property 'CustomerCode' must contain a non-null value when exiting constructor. Consider adding the 'required' modifier or declaring the property as nullable. [/Users/ali1/Projects/Erp-entegrasyon/erp-api/ErpMobile.Api.csproj]
/Users/ali1/Projects/Erp-entegrasyon/erp-api/Entities/Dtos/CustomerListDto.cs(10,23): warning CS8618: Non-nullable property 'CustomerName' must contain a non-null value when exiting constructor. Consider adding the 'required' modifier or declaring the property as nullable. [/Users/ali1/Projects/Erp-entegrasyon/erp-api/ErpMobile.Api.csproj]
/Users/ali1/Projects/Erp-entegrasyon/erp-api/Entities/Dtos/CustomerListDto.cs(12,23): warning CS8618: Non-nullable property 'CustomerTypeDescription' must contain a non-null value when exiting constructor. Consider adding the 'required' modifier or declaring the property as nullable. [/Users/ali1/Projects/Erp-entegrasyon/erp-api/ErpMobile.Api.csproj]
/Users/ali1/Projects/Erp-entegrasyon/erp-api/Entities/Dtos/CustomerListDto.cs(13,23): warning CS8618: Non-nullable property 'CustomerDiscountGrCode' must contain a non-null value when exiting constructor. Consider adding the 'required' modifier or declaring the property as nullable. [/Users/ali1/Projects/Erp-entegrasyon/erp-api/ErpMobile.Api.csproj]
/Users/ali1/Projects/Erp-entegrasyon/erp-api/Entities/Dtos/CustomerListDto.cs(14,23): warning CS8618: Non-nullable property 'CustomerDiscountGrDescription' must contain a non-null value when exiting constructor. Consider adding the 'required' modifier or declaring the property as nullable. [/Users/ali1/Projects/Erp-entegrasyon/erp-api/ErpMobile.Api.csproj]
/Users/ali1/Projects/Erp-entegrasyon/erp-api/Entities/Dtos/CustomerListDto.cs(15,23): warning CS8618: Non-nullable property 'CustomerPaymentPlanGrCode' must contain a non-null value when exiting constructor. Consider adding the 'required' modifier or declaring the property as nullable. [/Users/ali1/Projects/Erp-entegrasyon/erp-api/ErpMobile.Api.csproj]
/Users/ali1/Projects/Erp-entegrasyon/erp-api/Entities/Dtos/CustomerListDto.cs(16,23): warning CS8618: Non-nullable property 'CustomerPaymentPlanGrDescription' must contain a non-null value when exiting constructor. Consider adding the 'required' modifier or declaring the property as nullable. [/Users/ali1/Projects/Erp-entegrasyon/erp-api/ErpMobile.Api.csproj]
/Users/ali1/Projects/Erp-entegrasyon/erp-api/Entities/Dtos/CustomerListDto.cs(17,23): warning CS8618: Non-nullable property 'PriceGroupCode' must contain a non-null value when exiting constructor. Consider adding the 'required' modifier or declaring the property as nullable. [/Users/ali1/Projects/Erp-entegrasyon/erp-api/ErpMobile.Api.csproj]
/Users/ali1/Projects/Erp-entegrasyon/erp-api/Entities/Dtos/CustomerListDto.cs(18,23): warning CS8618: Non-nullable property 'PriceGroupDescription' must contain a non-null value when exiting constructor. Consider adding the 'required' modifier or declaring the property as nullable. [/Users/ali1/Projects/Erp-entegrasyon/erp-api/ErpMobile.Api.csproj]
/Users/ali1/Projects/Erp-entegrasyon/erp-api/Entities/Dtos/CustomerListDto.cs(19,23): warning CS8618: Non-nullable property 'PromotionGroupCode' must contain a non-null value when exiting constructor. Consider adding the 'required' modifier or declaring the property as nullable. [/Users/ali1/Projects/Erp-entegrasyon/erp-api/ErpMobile.Api.csproj]
/Users/ali1/Projects/Erp-entegrasyon/erp-api/Entities/Dtos/CustomerListDto.cs(20,23): warning CS8618: Non-nullable property 'PromotionGroupDescription' must contain a non-null value when exiting constructor. Consider adding the 'required' modifier or declaring the property as nullable. [/Users/ali1/Projects/Erp-entegrasyon/erp-api/ErpMobile.Api.csproj]
/Users/ali1/Projects/Erp-entegrasyon/erp-api/Entities/Dtos/CustomerListDto.cs(22,23): warning CS8618: Non-nullable property 'Address' must contain a non-null value when exiting constructor. Consider adding the 'required' modifier or declaring the property as nullable. [/Users/ali1/Projects/Erp-entegrasyon/erp-api/ErpMobile.Api.csproj]
/Users/ali1/Projects/Erp-entegrasyon/erp-api/Entities/Dtos/CustomerListDto.cs(23,23): warning CS8618: Non-nullable property 'PhoneNumber' must contain a non-null value when exiting constructor. Consider adding the 'required' modifier or declaring the property as nullable. [/Users/ali1/Projects/Erp-entegrasyon/erp-api/ErpMobile.Api.csproj]
/Users/ali1/Projects/Erp-entegrasyon/erp-api/Entities/Dtos/CustomerListDto.cs(24,23): warning CS8618: Non-nullable property 'TaxNumber' must contain a non-null value when exiting constructor. Consider adding the 'required' modifier or declaring the property as nullable. [/Users/ali1/Projects/Erp-entegrasyon/erp-api/ErpMobile.Api.csproj]
/Users/ali1/Projects/Erp-entegrasyon/erp-api/Entities/Dtos/CustomerListDto.cs(25,23): warning CS8618: Non-nullable property 'TaxOfficeCode' must contain a non-null value when exiting constructor. Consider adding the 'required' modifier or declaring the property as nullable. [/Users/ali1/Projects/Erp-entegrasyon/erp-api/ErpMobile.Api.csproj]
/Users/ali1/Projects/Erp-entegrasyon/erp-api/Repositories/Product/ProductRepository.cs(24,33): warning CS8601: Possible null reference assignment. [/Users/ali1/Projects/Erp-entegrasyon/erp-api/ErpMobile.Api.csproj]
/Users/ali1/Projects/Erp-entegrasyon/erp-api/Repositories/Product/ProductRepository.cs(18,16): warning CS8618: Non-nullable field '_connectionString' must contain a non-null value when exiting constructor. Consider adding the 'required' modifier or declaring the field as nullable. [/Users/ali1/Projects/Erp-entegrasyon/erp-api/ErpMobile.Api.csproj]
/Users/ali1/Projects/Erp-entegrasyon/erp-api/Controllers/CustomerAddressController.cs(111,33): warning CS8601: Possible null reference assignment. [/Users/ali1/Projects/Erp-entegrasyon/erp-api/ErpMobile.Api.csproj]
/Users/ali1/Projects/Erp-entegrasyon/erp-api/Controllers/CustomerAddressController.cs(159,28): warning CS8601: Possible null reference assignment. [/Users/ali1/Projects/Erp-entegrasyon/erp-api/ErpMobile.Api.csproj]
/Users/ali1/Projects/Erp-entegrasyon/erp-api/Controllers/CustomerCommunicationController.cs(131,28): warning CS8601: Possible null reference assignment. [/Users/ali1/Projects/Erp-entegrasyon/erp-api/ErpMobile.Api.csproj]
/Users/ali1/Projects/Erp-entegrasyon/erp-api/Controllers/CustomerCommunicationController.cs(150,87): warning CS1998: This async method lacks 'await' operators and will run synchronously. Consider using the 'await' operator to await non-blocking API calls, or 'await Task.Run(...)' to do CPU-bound work on a background thread. [/Users/ali1/Projects/Erp-entegrasyon/erp-api/ErpMobile.Api.csproj]
/Users/ali1/Projects/Erp-entegrasyon/erp-api/Controllers/CurrencyController.cs(136,55): warning CS8600: Converting null literal or possible null value to non-nullable type. [/Users/ali1/Projects/Erp-entegrasyon/erp-api/ErpMobile.Api.csproj]
/Users/ali1/Projects/Erp-entegrasyon/erp-api/Controllers/CurrencyController.cs(137,42): warning CS8600: Converting null literal or possible null value to non-nullable type. [/Users/ali1/Projects/Erp-entegrasyon/erp-api/ErpMobile.Api.csproj]
/Users/ali1/Projects/Erp-entegrasyon/erp-api/Controllers/CurrencyController.cs(143,44): warning CS8601: Possible null reference assignment. [/Users/ali1/Projects/Erp-entegrasyon/erp-api/ErpMobile.Api.csproj]
/Users/ali1/Projects/Erp-entegrasyon/erp-api/Controllers/CurrencyController.cs(144,51): warning CS8601: Possible null reference assignment. [/Users/ali1/Projects/Erp-entegrasyon/erp-api/ErpMobile.Api.csproj]
/Users/ali1/Projects/Erp-entegrasyon/erp-api/Controllers/CurrencyController.cs(145,48): warning CS8601: Possible null reference assignment. [/Users/ali1/Projects/Erp-entegrasyon/erp-api/ErpMobile.Api.csproj]
/Users/ali1/Projects/Erp-entegrasyon/erp-api/Controllers/CurrencyController.cs(150,38): warning CS8601: Possible null reference assignment. [/Users/ali1/Projects/Erp-entegrasyon/erp-api/ErpMobile.Api.csproj]
/Users/ali1/Projects/Erp-entegrasyon/erp-api/Repositories/Product/ProductRepository.cs(119,51): warning CS8601: Possible null reference assignment. [/Users/ali1/Projects/Erp-entegrasyon/erp-api/ErpMobile.Api.csproj]
/Users/ali1/Projects/Erp-entegrasyon/erp-api/Repositories/Product/ProductRepository.cs(120,58): warning CS8601: Possible null reference assignment. [/Users/ali1/Projects/Erp-entegrasyon/erp-api/ErpMobile.Api.csproj]
/Users/ali1/Projects/Erp-entegrasyon/erp-api/Repositories/Product/ProductRepository.cs(121,49): warning CS8601: Possible null reference assignment. [/Users/ali1/Projects/Erp-entegrasyon/erp-api/ErpMobile.Api.csproj]
/Users/ali1/Projects/Erp-entegrasyon/erp-api/Repositories/Product/ProductRepository.cs(122,56): warning CS8601: Possible null reference assignment. [/Users/ali1/Projects/Erp-entegrasyon/erp-api/ErpMobile.Api.csproj]
/Users/ali1/Projects/Erp-entegrasyon/erp-api/Repositories/Product/ProductRepository.cs(123,61): warning CS8601: Possible null reference assignment. [/Users/ali1/Projects/Erp-entegrasyon/erp-api/ErpMobile.Api.csproj]
/Users/ali1/Projects/Erp-entegrasyon/erp-api/Repositories/Product/ProductRepository.cs(124,52): warning CS8601: Possible null reference assignment. [/Users/ali1/Projects/Erp-entegrasyon/erp-api/ErpMobile.Api.csproj]
/Users/ali1/Projects/Erp-entegrasyon/erp-api/Repositories/Product/ProductRepository.cs(125,52): warning CS8601: Possible null reference assignment. [/Users/ali1/Projects/Erp-entegrasyon/erp-api/ErpMobile.Api.csproj]
/Users/ali1/Projects/Erp-entegrasyon/erp-api/Repositories/Product/ProductRepository.cs(126,52): warning CS8601: Possible null reference assignment. [/Users/ali1/Projects/Erp-entegrasyon/erp-api/ErpMobile.Api.csproj]
/Users/ali1/Projects/Erp-entegrasyon/erp-api/Repositories/Product/ProductRepository.cs(127,55): warning CS8601: Possible null reference assignment. [/Users/ali1/Projects/Erp-entegrasyon/erp-api/ErpMobile.Api.csproj]
/Users/ali1/Projects/Erp-entegrasyon/erp-api/Repositories/Product/ProductRepository.cs(128,47): warning CS8601: Possible null reference assignment. [/Users/ali1/Projects/Erp-entegrasyon/erp-api/ErpMobile.Api.csproj]
/Users/ali1/Projects/Erp-entegrasyon/erp-api/Repositories/Product/ProductRepository.cs(131,55): warning CS8601: Possible null reference assignment. [/Users/ali1/Projects/Erp-entegrasyon/erp-api/ErpMobile.Api.csproj]
/Users/ali1/Projects/Erp-entegrasyon/erp-api/Repositories/Product/ProductRepository.cs(132,62): warning CS8601: Possible null reference assignment. [/Users/ali1/Projects/Erp-entegrasyon/erp-api/ErpMobile.Api.csproj]
/Users/ali1/Projects/Erp-entegrasyon/erp-api/Repositories/Product/ProductRepository.cs(133,58): warning CS8601: Possible null reference assignment. [/Users/ali1/Projects/Erp-entegrasyon/erp-api/ErpMobile.Api.csproj]
/Users/ali1/Projects/Erp-entegrasyon/erp-api/Repositories/Product/ProductRepository.cs(134,58): warning CS8601: Possible null reference assignment. [/Users/ali1/Projects/Erp-entegrasyon/erp-api/ErpMobile.Api.csproj]
/Users/ali1/Projects/Erp-entegrasyon/erp-api/Repositories/Product/ProductRepository.cs(135,58): warning CS8601: Possible null reference assignment. [/Users/ali1/Projects/Erp-entegrasyon/erp-api/ErpMobile.Api.csproj]
/Users/ali1/Projects/Erp-entegrasyon/erp-api/Repositories/Product/ProductRepository.cs(136,63): warning CS8601: Possible null reference assignment. [/Users/ali1/Projects/Erp-entegrasyon/erp-api/ErpMobile.Api.csproj]
/Users/ali1/Projects/Erp-entegrasyon/erp-api/Repositories/Product/ProductRepository.cs(137,63): warning CS8601: Possible null reference assignment. [/Users/ali1/Projects/Erp-entegrasyon/erp-api/ErpMobile.Api.csproj]
/Users/ali1/Projects/Erp-entegrasyon/erp-api/Repositories/Product/ProductRepository.cs(138,63): warning CS8601: Possible null reference assignment. [/Users/ali1/Projects/Erp-entegrasyon/erp-api/ErpMobile.Api.csproj]
/Users/ali1/Projects/Erp-entegrasyon/erp-api/Repositories/Product/ProductRepository.cs(139,63): warning CS8601: Possible null reference assignment. [/Users/ali1/Projects/Erp-entegrasyon/erp-api/ErpMobile.Api.csproj]
/Users/ali1/Projects/Erp-entegrasyon/erp-api/Repositories/Product/ProductRepository.cs(140,63): warning CS8601: Possible null reference assignment. [/Users/ali1/Projects/Erp-entegrasyon/erp-api/ErpMobile.Api.csproj]
/Users/ali1/Projects/Erp-entegrasyon/erp-api/Repositories/Product/ProductRepository.cs(141,63): warning CS8601: Possible null reference assignment. [/Users/ali1/Projects/Erp-entegrasyon/erp-api/ErpMobile.Api.csproj]
/Users/ali1/Projects/Erp-entegrasyon/erp-api/Repositories/Product/ProductRepository.cs(142,63): warning CS8601: Possible null reference assignment. [/Users/ali1/Projects/Erp-entegrasyon/erp-api/ErpMobile.Api.csproj]
/Users/ali1/Projects/Erp-entegrasyon/erp-api/Repositories/Product/ProductRepository.cs(143,50): warning CS8601: Possible null reference assignment. [/Users/ali1/Projects/Erp-entegrasyon/erp-api/ErpMobile.Api.csproj]
/Users/ali1/Projects/Erp-entegrasyon/erp-api/Repositories/Product/ProductRepository.cs(144,57): warning CS8601: Possible null reference assignment. [/Users/ali1/Projects/Erp-entegrasyon/erp-api/ErpMobile.Api.csproj]
/Users/ali1/Projects/Erp-entegrasyon/erp-api/Repositories/Product/ProductRepository.cs(145,54): warning CS8601: Possible null reference assignment. [/Users/ali1/Projects/Erp-entegrasyon/erp-api/ErpMobile.Api.csproj]
/Users/ali1/Projects/Erp-entegrasyon/erp-api/Repositories/Product/ProductRepository.cs(146,61): warning CS8601: Possible null reference assignment. [/Users/ali1/Projects/Erp-entegrasyon/erp-api/ErpMobile.Api.csproj]
/Users/ali1/Projects/Erp-entegrasyon/erp-api/Repositories/Product/ProductRepository.cs(147,54): warning CS8601: Possible null reference assignment. [/Users/ali1/Projects/Erp-entegrasyon/erp-api/ErpMobile.Api.csproj]
/Users/ali1/Projects/Erp-entegrasyon/erp-api/Repositories/Product/ProductRepository.cs(148,61): warning CS8601: Possible null reference assignment. [/Users/ali1/Projects/Erp-entegrasyon/erp-api/ErpMobile.Api.csproj]
/Users/ali1/Projects/Erp-entegrasyon/erp-api/Controllers/CustomerController.cs(71,101): warning CS8625: Cannot convert null literal to non-nullable reference type. [/Users/ali1/Projects/Erp-entegrasyon/erp-api/ErpMobile.Api.csproj]
/Users/ali1/Projects/Erp-entegrasyon/erp-api/Controllers/CustomerController.cs(130,28): warning CS8625: Cannot convert null literal to non-nullable reference type. [/Users/ali1/Projects/Erp-entegrasyon/erp-api/ErpMobile.Api.csproj]
/Users/ali1/Projects/Erp-entegrasyon/erp-api/Repositories/Product/ProductRepository.cs(266,51): warning CS8601: Possible null reference assignment. [/Users/ali1/Projects/Erp-entegrasyon/erp-api/ErpMobile.Api.csproj]
/Users/ali1/Projects/Erp-entegrasyon/erp-api/Repositories/Product/ProductRepository.cs(267,58): warning CS8601: Possible null reference assignment. [/Users/ali1/Projects/Erp-entegrasyon/erp-api/ErpMobile.Api.csproj]
/Users/ali1/Projects/Erp-entegrasyon/erp-api/Repositories/Product/ProductRepository.cs(268,49): warning CS8601: Possible null reference assignment. [/Users/ali1/Projects/Erp-entegrasyon/erp-api/ErpMobile.Api.csproj]
/Users/ali1/Projects/Erp-entegrasyon/erp-api/Repositories/Product/ProductRepository.cs(269,56): warning CS8601: Possible null reference assignment. [/Users/ali1/Projects/Erp-entegrasyon/erp-api/ErpMobile.Api.csproj]
/Users/ali1/Projects/Erp-entegrasyon/erp-api/Repositories/Product/ProductRepository.cs(270,61): warning CS8601: Possible null reference assignment. [/Users/ali1/Projects/Erp-entegrasyon/erp-api/ErpMobile.Api.csproj]
/Users/ali1/Projects/Erp-entegrasyon/erp-api/Repositories/Product/ProductRepository.cs(271,52): warning CS8601: Possible null reference assignment. [/Users/ali1/Projects/Erp-entegrasyon/erp-api/ErpMobile.Api.csproj]
/Users/ali1/Projects/Erp-entegrasyon/erp-api/Repositories/Product/ProductRepository.cs(272,52): warning CS8601: Possible null reference assignment. [/Users/ali1/Projects/Erp-entegrasyon/erp-api/ErpMobile.Api.csproj]
/Users/ali1/Projects/Erp-entegrasyon/erp-api/Repositories/Product/ProductRepository.cs(273,52): warning CS8601: Possible null reference assignment. [/Users/ali1/Projects/Erp-entegrasyon/erp-api/ErpMobile.Api.csproj]
/Users/ali1/Projects/Erp-entegrasyon/erp-api/Repositories/Product/ProductRepository.cs(274,55): warning CS8601: Possible null reference assignment. [/Users/ali1/Projects/Erp-entegrasyon/erp-api/ErpMobile.Api.csproj]
/Users/ali1/Projects/Erp-entegrasyon/erp-api/Repositories/Product/ProductRepository.cs(275,47): warning CS8601: Possible null reference assignment. [/Users/ali1/Projects/Erp-entegrasyon/erp-api/ErpMobile.Api.csproj]
/Users/ali1/Projects/Erp-entegrasyon/erp-api/Repositories/Product/ProductRepository.cs(278,55): warning CS8601: Possible null reference assignment. [/Users/ali1/Projects/Erp-entegrasyon/erp-api/ErpMobile.Api.csproj]
/Users/ali1/Projects/Erp-entegrasyon/erp-api/Repositories/Product/ProductRepository.cs(279,62): warning CS8601: Possible null reference assignment. [/Users/ali1/Projects/Erp-entegrasyon/erp-api/ErpMobile.Api.csproj]
/Users/ali1/Projects/Erp-entegrasyon/erp-api/Repositories/Product/ProductRepository.cs(280,58): warning CS8601: Possible null reference assignment. [/Users/ali1/Projects/Erp-entegrasyon/erp-api/ErpMobile.Api.csproj]
/Users/ali1/Projects/Erp-entegrasyon/erp-api/Repositories/Product/ProductRepository.cs(281,58): warning CS8601: Possible null reference assignment. [/Users/ali1/Projects/Erp-entegrasyon/erp-api/ErpMobile.Api.csproj]
/Users/ali1/Projects/Erp-entegrasyon/erp-api/Repositories/Product/ProductRepository.cs(282,58): warning CS8601: Possible null reference assignment. [/Users/ali1/Projects/Erp-entegrasyon/erp-api/ErpMobile.Api.csproj]
/Users/ali1/Projects/Erp-entegrasyon/erp-api/Repositories/Product/ProductRepository.cs(283,63): warning CS8601: Possible null reference assignment. [/Users/ali1/Projects/Erp-entegrasyon/erp-api/ErpMobile.Api.csproj]
/Users/ali1/Projects/Erp-entegrasyon/erp-api/Repositories/Product/ProductRepository.cs(284,63): warning CS8601: Possible null reference assignment. [/Users/ali1/Projects/Erp-entegrasyon/erp-api/ErpMobile.Api.csproj]
/Users/ali1/Projects/Erp-entegrasyon/erp-api/Repositories/Product/ProductRepository.cs(285,63): warning CS8601: Possible null reference assignment. [/Users/ali1/Projects/Erp-entegrasyon/erp-api/ErpMobile.Api.csproj]
/Users/ali1/Projects/Erp-entegrasyon/erp-api/Repositories/Product/ProductRepository.cs(286,63): warning CS8601: Possible null reference assignment. [/Users/ali1/Projects/Erp-entegrasyon/erp-api/ErpMobile.Api.csproj]
/Users/ali1/Projects/Erp-entegrasyon/erp-api/Repositories/Product/ProductRepository.cs(287,63): warning CS8601: Possible null reference assignment. [/Users/ali1/Projects/Erp-entegrasyon/erp-api/ErpMobile.Api.csproj]
/Users/ali1/Projects/Erp-entegrasyon/erp-api/Repositories/Product/ProductRepository.cs(288,63): warning CS8601: Possible null reference assignment. [/Users/ali1/Projects/Erp-entegrasyon/erp-api/ErpMobile.Api.csproj]
/Users/ali1/Projects/Erp-entegrasyon/erp-api/Repositories/Product/ProductRepository.cs(289,63): warning CS8601: Possible null reference assignment. [/Users/ali1/Projects/Erp-entegrasyon/erp-api/ErpMobile.Api.csproj]
/Users/ali1/Projects/Erp-entegrasyon/erp-api/Repositories/Product/ProductRepository.cs(290,50): warning CS8601: Possible null reference assignment. [/Users/ali1/Projects/Erp-entegrasyon/erp-api/ErpMobile.Api.csproj]
/Users/ali1/Projects/Erp-entegrasyon/erp-api/Repositories/Product/ProductRepository.cs(291,57): warning CS8601: Possible null reference assignment. [/Users/ali1/Projects/Erp-entegrasyon/erp-api/ErpMobile.Api.csproj]
/Users/ali1/Projects/Erp-entegrasyon/erp-api/Repositories/Product/ProductRepository.cs(292,54): warning CS8601: Possible null reference assignment. [/Users/ali1/Projects/Erp-entegrasyon/erp-api/ErpMobile.Api.csproj]
/Users/ali1/Projects/Erp-entegrasyon/erp-api/Repositories/Product/ProductRepository.cs(293,61): warning CS8601: Possible null reference assignment. [/Users/ali1/Projects/Erp-entegrasyon/erp-api/ErpMobile.Api.csproj]
/Users/ali1/Projects/Erp-entegrasyon/erp-api/Repositories/Product/ProductRepository.cs(294,54): warning CS8601: Possible null reference assignment. [/Users/ali1/Projects/Erp-entegrasyon/erp-api/ErpMobile.Api.csproj]
/Users/ali1/Projects/Erp-entegrasyon/erp-api/Repositories/Product/ProductRepository.cs(295,61): warning CS8601: Possible null reference assignment. [/Users/ali1/Projects/Erp-entegrasyon/erp-api/ErpMobile.Api.csproj]
/Users/ali1/Projects/Erp-entegrasyon/erp-api/Data/CustomerListDto.cs(12,23): warning CS8618: Non-nullable property 'CustomerCode' must contain a non-null value when exiting constructor. Consider adding the 'required' modifier or declaring the property as nullable. [/Users/ali1/Projects/Erp-entegrasyon/erp-api/ErpMobile.Api.csproj]
/Users/ali1/Projects/Erp-entegrasyon/erp-api/Data/CustomerListDto.cs(15,23): warning CS8618: Non-nullable property 'CustomerName' must contain a non-null value when exiting constructor. Consider adding the 'required' modifier or declaring the property as nullable. [/Users/ali1/Projects/Erp-entegrasyon/erp-api/ErpMobile.Api.csproj]
/Users/ali1/Projects/Erp-entegrasyon/erp-api/Data/CustomerListDto.cs(18,23): warning CS8618: Non-nullable property 'CustomerTypeCode' must contain a non-null value when exiting constructor. Consider adding the 'required' modifier or declaring the property as nullable. [/Users/ali1/Projects/Erp-entegrasyon/erp-api/ErpMobile.Api.csproj]
/Users/ali1/Projects/Erp-entegrasyon/erp-api/Data/CustomerListDto.cs(21,23): warning CS8618: Non-nullable property 'CustomerTypeDescription' must contain a non-null value when exiting constructor. Consider adding the 'required' modifier or declaring the property as nullable. [/Users/ali1/Projects/Erp-entegrasyon/erp-api/ErpMobile.Api.csproj]
/Users/ali1/Projects/Erp-entegrasyon/erp-api/Data/CustomerListDto.cs(27,23): warning CS8618: Non-nullable property 'CreatedUsername' must contain a non-null value when exiting constructor. Consider adding the 'required' modifier or declaring the property as nullable. [/Users/ali1/Projects/Erp-entegrasyon/erp-api/ErpMobile.Api.csproj]
/Users/ali1/Projects/Erp-entegrasyon/erp-api/Data/CustomerListDto.cs(30,23): warning CS8618: Non-nullable property 'CurrencyCode' must contain a non-null value when exiting constructor. Consider adding the 'required' modifier or declaring the property as nullable. [/Users/ali1/Projects/Erp-entegrasyon/erp-api/ErpMobile.Api.csproj]
/Users/ali1/Projects/Erp-entegrasyon/erp-api/Data/CustomerListDto.cs(36,23): warning CS8618: Non-nullable property 'PromotionGroupDescription' must contain a non-null value when exiting constructor. Consider adding the 'required' modifier or declaring the property as nullable. [/Users/ali1/Projects/Erp-entegrasyon/erp-api/ErpMobile.Api.csproj]
/Users/ali1/Projects/Erp-entegrasyon/erp-api/Data/CustomerListDto.cs(39,23): warning CS8618: Non-nullable property 'CompanyCode' must contain a non-null value when exiting constructor. Consider adding the 'required' modifier or declaring the property as nullable. [/Users/ali1/Projects/Erp-entegrasyon/erp-api/ErpMobile.Api.csproj]
/Users/ali1/Projects/Erp-entegrasyon/erp-api/Data/CustomerListDto.cs(42,23): warning CS8618: Non-nullable property 'OfficeCode' must contain a non-null value when exiting constructor. Consider adding the 'required' modifier or declaring the property as nullable. [/Users/ali1/Projects/Erp-entegrasyon/erp-api/ErpMobile.Api.csproj]
/Users/ali1/Projects/Erp-entegrasyon/erp-api/Data/CustomerListDto.cs(45,23): warning CS8618: Non-nullable property 'OfficeDescription' must contain a non-null value when exiting constructor. Consider adding the 'required' modifier or declaring the property as nullable. [/Users/ali1/Projects/Erp-entegrasyon/erp-api/ErpMobile.Api.csproj]
/Users/ali1/Projects/Erp-entegrasyon/erp-api/Data/CustomerListDto.cs(48,23): warning CS8618: Non-nullable property 'OfficeCountryCode' must contain a non-null value when exiting constructor. Consider adding the 'required' modifier or declaring the property as nullable. [/Users/ali1/Projects/Erp-entegrasyon/erp-api/ErpMobile.Api.csproj]
/Users/ali1/Projects/Erp-entegrasyon/erp-api/Data/CustomerListDto.cs(51,23): warning CS8618: Non-nullable property 'CityDescription' must contain a non-null value when exiting constructor. Consider adding the 'required' modifier or declaring the property as nullable. [/Users/ali1/Projects/Erp-entegrasyon/erp-api/ErpMobile.Api.csproj]
/Users/ali1/Projects/Erp-entegrasyon/erp-api/Data/CustomerListDto.cs(54,23): warning CS8618: Non-nullable property 'DistrictDescription' must contain a non-null value when exiting constructor. Consider adding the 'required' modifier or declaring the property as nullable. [/Users/ali1/Projects/Erp-entegrasyon/erp-api/ErpMobile.Api.csproj]
/Users/ali1/Projects/Erp-entegrasyon/erp-api/Data/CustomerListDto.cs(57,23): warning CS8618: Non-nullable property 'IdentityNum' must contain a non-null value when exiting constructor. Consider adding the 'required' modifier or declaring the property as nullable. [/Users/ali1/Projects/Erp-entegrasyon/erp-api/ErpMobile.Api.csproj]
/Users/ali1/Projects/Erp-entegrasyon/erp-api/Data/CustomerListDto.cs(60,23): warning CS8618: Non-nullable property 'TaxNumber' must contain a non-null value when exiting constructor. Consider adding the 'required' modifier or declaring the property as nullable. [/Users/ali1/Projects/Erp-entegrasyon/erp-api/ErpMobile.Api.csproj]
/Users/ali1/Projects/Erp-entegrasyon/erp-api/Data/CustomerListDto.cs(63,23): warning CS8618: Non-nullable property 'VendorCode' must contain a non-null value when exiting constructor. Consider adding the 'required' modifier or declaring the property as nullable. [/Users/ali1/Projects/Erp-entegrasyon/erp-api/ErpMobile.Api.csproj]
/Users/ali1/Projects/Erp-entegrasyon/erp-api/Repositories/Product/ProductRepository.cs(385,55): warning CS8601: Possible null reference assignment. [/Users/ali1/Projects/Erp-entegrasyon/erp-api/ErpMobile.Api.csproj]
/Users/ali1/Projects/Erp-entegrasyon/erp-api/Repositories/Product/ProductRepository.cs(386,54): warning CS8601: Possible null reference assignment. [/Users/ali1/Projects/Erp-entegrasyon/erp-api/ErpMobile.Api.csproj]
/Users/ali1/Projects/Erp-entegrasyon/erp-api/Repositories/Product/ProductRepository.cs(387,61): warning CS8601: Possible null reference assignment. [/Users/ali1/Projects/Erp-entegrasyon/erp-api/ErpMobile.Api.csproj]
/Users/ali1/Projects/Erp-entegrasyon/erp-api/Repositories/Product/ProductRepository.cs(388,57): warning CS8601: Possible null reference assignment. [/Users/ali1/Projects/Erp-entegrasyon/erp-api/ErpMobile.Api.csproj]
/Users/ali1/Projects/Erp-entegrasyon/erp-api/Repositories/Product/ProductRepository.cs(389,64): warning CS8601: Possible null reference assignment. [/Users/ali1/Projects/Erp-entegrasyon/erp-api/ErpMobile.Api.csproj]
/Users/ali1/Projects/Erp-entegrasyon/erp-api/Repositories/Product/ProductRepository.cs(393,51): warning CS8601: Possible null reference assignment. [/Users/ali1/Projects/Erp-entegrasyon/erp-api/ErpMobile.Api.csproj]
/Users/ali1/Projects/Erp-entegrasyon/erp-api/Repositories/Product/ProductRepository.cs(401,57): warning CS8601: Possible null reference assignment. [/Users/ali1/Projects/Erp-entegrasyon/erp-api/ErpMobile.Api.csproj]
/Users/ali1/Projects/Erp-entegrasyon/erp-api/Repositories/Product/ProductRepository.cs(405,51): warning CS8601: Possible null reference assignment. [/Users/ali1/Projects/Erp-entegrasyon/erp-api/ErpMobile.Api.csproj]
/Users/ali1/Projects/Erp-entegrasyon/erp-api/Data/DbContextExtensions.cs(29,17): warning CS8602: Dereference of a possibly null reference. [/Users/ali1/Projects/Erp-entegrasyon/erp-api/ErpMobile.Api.csproj]
/Users/ali1/Projects/Erp-entegrasyon/erp-api/Data/DbContextExtensions.cs(35,55): warning CS8600: Converting null literal or possible null value to non-nullable type. [/Users/ali1/Projects/Erp-entegrasyon/erp-api/ErpMobile.Api.csproj]
/Users/ali1/Projects/Erp-entegrasyon/erp-api/Data/DbContextExtensions.cs(35,20): warning CS8603: Possible null reference return. [/Users/ali1/Projects/Erp-entegrasyon/erp-api/ErpMobile.Api.csproj]
/Users/ali1/Projects/Erp-entegrasyon/erp-api/Data/DbContextExtensions.cs(55,17): warning CS8602: Dereference of a possibly null reference. [/Users/ali1/Projects/Erp-entegrasyon/erp-api/ErpMobile.Api.csproj]
/Users/ali1/Projects/Erp-entegrasyon/erp-api/Controllers/CustomerController.cs(418,62): warning CS1998: This async method lacks 'await' operators and will run synchronously. Consider using the 'await' operator to await non-blocking API calls, or 'await Task.Run(...)' to do CPU-bound work on a background thread. [/Users/ali1/Projects/Erp-entegrasyon/erp-api/ErpMobile.Api.csproj]
/Users/ali1/Projects/Erp-entegrasyon/erp-api/Controllers/WarehouseController.cs(46,45): warning CS8625: Cannot convert null literal to non-nullable reference type. [/Users/ali1/Projects/Erp-entegrasyon/erp-api/ErpMobile.Api.csproj]
/Users/ali1/Projects/Erp-entegrasyon/erp-api/Data/DbContextExtensions.cs(80,17): warning CS8602: Dereference of a possibly null reference. [/Users/ali1/Projects/Erp-entegrasyon/erp-api/ErpMobile.Api.csproj]
/Users/ali1/Projects/Erp-entegrasyon/erp-api/Controllers/WarehouseController.cs(66,61): warning CS8625: Cannot convert null literal to non-nullable reference type. [/Users/ali1/Projects/Erp-entegrasyon/erp-api/ErpMobile.Api.csproj]
/Users/ali1/Projects/Erp-entegrasyon/erp-api/Controllers/WarehouseController.cs(74,45): warning CS8625: Cannot convert null literal to non-nullable reference type. [/Users/ali1/Projects/Erp-entegrasyon/erp-api/ErpMobile.Api.csproj]
/Users/ali1/Projects/Erp-entegrasyon/erp-api/Controllers/WarehouseController.cs(96,45): warning CS8625: Cannot convert null literal to non-nullable reference type. [/Users/ali1/Projects/Erp-entegrasyon/erp-api/ErpMobile.Api.csproj]
/Users/ali1/Projects/Erp-entegrasyon/erp-api/Controllers/WarehouseController.cs(118,45): warning CS8625: Cannot convert null literal to non-nullable reference type. [/Users/ali1/Projects/Erp-entegrasyon/erp-api/ErpMobile.Api.csproj]
/Users/ali1/Projects/Erp-entegrasyon/erp-api/Repositories/Product/ProductRepository.cs(540,56): warning CS8601: Possible null reference assignment. [/Users/ali1/Projects/Erp-entegrasyon/erp-api/ErpMobile.Api.csproj]
/Users/ali1/Projects/Erp-entegrasyon/erp-api/Repositories/Product/ProductRepository.cs(541,63): warning CS8601: Possible null reference assignment. [/Users/ali1/Projects/Erp-entegrasyon/erp-api/ErpMobile.Api.csproj]
/Users/ali1/Projects/Erp-entegrasyon/erp-api/Repositories/Product/ProductRepository.cs(542,52): warning CS8601: Possible null reference assignment. [/Users/ali1/Projects/Erp-entegrasyon/erp-api/ErpMobile.Api.csproj]
/Users/ali1/Projects/Erp-entegrasyon/erp-api/Repositories/Product/ProductRepository.cs(543,59): warning CS8601: Possible null reference assignment. [/Users/ali1/Projects/Erp-entegrasyon/erp-api/ErpMobile.Api.csproj]
/Users/ali1/Projects/Erp-entegrasyon/erp-api/Repositories/Product/ProductRepository.cs(544,53): warning CS8601: Possible null reference assignment. [/Users/ali1/Projects/Erp-entegrasyon/erp-api/ErpMobile.Api.csproj]
/Users/ali1/Projects/Erp-entegrasyon/erp-api/Repositories/Product/ProductRepository.cs(545,60): warning CS8601: Possible null reference assignment. [/Users/ali1/Projects/Erp-entegrasyon/erp-api/ErpMobile.Api.csproj]
/Users/ali1/Projects/Erp-entegrasyon/erp-api/Repositories/Product/ProductRepository.cs(546,56): warning CS8601: Possible null reference assignment. [/Users/ali1/Projects/Erp-entegrasyon/erp-api/ErpMobile.Api.csproj]
/Users/ali1/Projects/Erp-entegrasyon/erp-api/Repositories/Product/ProductRepository.cs(547,56): warning CS8601: Possible null reference assignment. [/Users/ali1/Projects/Erp-entegrasyon/erp-api/ErpMobile.Api.csproj]
/Users/ali1/Projects/Erp-entegrasyon/erp-api/Repositories/Product/ProductRepository.cs(548,56): warning CS8601: Possible null reference assignment. [/Users/ali1/Projects/Erp-entegrasyon/erp-api/ErpMobile.Api.csproj]
/Users/ali1/Projects/Erp-entegrasyon/erp-api/Repositories/Product/ProductRepository.cs(549,61): warning CS8601: Possible null reference assignment. [/Users/ali1/Projects/Erp-entegrasyon/erp-api/ErpMobile.Api.csproj]
/Users/ali1/Projects/Erp-entegrasyon/erp-api/Repositories/Product/ProductRepository.cs(550,59): warning CS8601: Possible null reference assignment. [/Users/ali1/Projects/Erp-entegrasyon/erp-api/ErpMobile.Api.csproj]
/Users/ali1/Projects/Erp-entegrasyon/erp-api/Repositories/Product/ProductRepository.cs(551,59): warning CS8601: Possible null reference assignment. [/Users/ali1/Projects/Erp-entegrasyon/erp-api/ErpMobile.Api.csproj]
/Users/ali1/Projects/Erp-entegrasyon/erp-api/Repositories/Product/ProductRepository.cs(553,59): warning CS8601: Possible null reference assignment. [/Users/ali1/Projects/Erp-entegrasyon/erp-api/ErpMobile.Api.csproj]
/Users/ali1/Projects/Erp-entegrasyon/erp-api/Repositories/Product/ProductRepository.cs(556,52): warning CS8601: Possible null reference assignment. [/Users/ali1/Projects/Erp-entegrasyon/erp-api/ErpMobile.Api.csproj]
/Users/ali1/Projects/Erp-entegrasyon/erp-api/Repositories/Product/ProductRepository.cs(628,44): warning CS8601: Possible null reference assignment. [/Users/ali1/Projects/Erp-entegrasyon/erp-api/ErpMobile.Api.csproj]
/Users/ali1/Projects/Erp-entegrasyon/erp-api/Repositories/Product/ProductRepository.cs(629,51): warning CS8601: Possible null reference assignment. [/Users/ali1/Projects/Erp-entegrasyon/erp-api/ErpMobile.Api.csproj]
/Users/ali1/Projects/Erp-entegrasyon/erp-api/Repositories/Product/ProductRepository.cs(680,44): warning CS8601: Possible null reference assignment. [/Users/ali1/Projects/Erp-entegrasyon/erp-api/ErpMobile.Api.csproj]
/Users/ali1/Projects/Erp-entegrasyon/erp-api/Repositories/Product/ProductRepository.cs(681,51): warning CS8601: Possible null reference assignment. [/Users/ali1/Projects/Erp-entegrasyon/erp-api/ErpMobile.Api.csproj]
/Users/ali1/Projects/Erp-entegrasyon/erp-api/Controllers/CustomerFinancialController.cs(164,32): warning CS8625: Cannot convert null literal to non-nullable reference type. [/Users/ali1/Projects/Erp-entegrasyon/erp-api/ErpMobile.Api.csproj]
/Users/ali1/Projects/Erp-entegrasyon/erp-api/Repositories/Invoice/InvoiceRepository.cs(50,33): warning CS8601: Possible null reference assignment. [/Users/ali1/Projects/Erp-entegrasyon/erp-api/ErpMobile.Api.csproj]
/Users/ali1/Projects/Erp-entegrasyon/erp-api/Repositories/Invoice/InvoiceRepository.cs(40,16): warning CS8618: Non-nullable field '_connectionString' must contain a non-null value when exiting constructor. Consider adding the 'required' modifier or declaring the field as nullable. [/Users/ali1/Projects/Erp-entegrasyon/erp-api/ErpMobile.Api.csproj]
/Users/ali1/Projects/Erp-entegrasyon/erp-api/Data/ErpDbContext.cs(71,24): warning CS8603: Possible null reference return. [/Users/ali1/Projects/Erp-entegrasyon/erp-api/ErpMobile.Api.csproj]
/Users/ali1/Projects/Erp-entegrasyon/erp-api/Controllers/InventoryController.cs(77,82): warning CS8625: Cannot convert null literal to non-nullable reference type. [/Users/ali1/Projects/Erp-entegrasyon/erp-api/ErpMobile.Api.csproj]
/Users/ali1/Projects/Erp-entegrasyon/erp-api/Controllers/InventoryController.cs(81,21): warning CS8604: Possible null reference argument for parameter 'barcode' in 'Task<List<InventoryStockModel>> IInventoryRepository.GetInventoryStockMultiPurposeAsync(string barcode = null, string productCode = null, string productDescription = null, string colorCode = null, string itemDim1Code = null, string warehouseCode = null, bool showOnlyPositiveStock = false)'. [/Users/ali1/Projects/Erp-entegrasyon/erp-api/ErpMobile.Api.csproj]
/Users/ali1/Projects/Erp-entegrasyon/erp-api/Controllers/InventoryController.cs(82,21): warning CS8604: Possible null reference argument for parameter 'productCode' in 'Task<List<InventoryStockModel>> IInventoryRepository.GetInventoryStockMultiPurposeAsync(string barcode = null, string productCode = null, string productDescription = null, string colorCode = null, string itemDim1Code = null, string warehouseCode = null, bool showOnlyPositiveStock = false)'. [/Users/ali1/Projects/Erp-entegrasyon/erp-api/ErpMobile.Api.csproj]
/Users/ali1/Projects/Erp-entegrasyon/erp-api/Controllers/InventoryController.cs(83,21): warning CS8604: Possible null reference argument for parameter 'productDescription' in 'Task<List<InventoryStockModel>> IInventoryRepository.GetInventoryStockMultiPurposeAsync(string barcode = null, string productCode = null, string productDescription = null, string colorCode = null, string itemDim1Code = null, string warehouseCode = null, bool showOnlyPositiveStock = false)'. [/Users/ali1/Projects/Erp-entegrasyon/erp-api/ErpMobile.Api.csproj]
/Users/ali1/Projects/Erp-entegrasyon/erp-api/Controllers/InventoryController.cs(84,21): warning CS8604: Possible null reference argument for parameter 'colorCode' in 'Task<List<InventoryStockModel>> IInventoryRepository.GetInventoryStockMultiPurposeAsync(string barcode = null, string productCode = null, string productDescription = null, string colorCode = null, string itemDim1Code = null, string warehouseCode = null, bool showOnlyPositiveStock = false)'. [/Users/ali1/Projects/Erp-entegrasyon/erp-api/ErpMobile.Api.csproj]
/Users/ali1/Projects/Erp-entegrasyon/erp-api/Controllers/InventoryController.cs(85,21): warning CS8604: Possible null reference argument for parameter 'itemDim1Code' in 'Task<List<InventoryStockModel>> IInventoryRepository.GetInventoryStockMultiPurposeAsync(string barcode = null, string productCode = null, string productDescription = null, string colorCode = null, string itemDim1Code = null, string warehouseCode = null, bool showOnlyPositiveStock = false)'. [/Users/ali1/Projects/Erp-entegrasyon/erp-api/ErpMobile.Api.csproj]
/Users/ali1/Projects/Erp-entegrasyon/erp-api/Controllers/InventoryController.cs(86,21): warning CS8604: Possible null reference argument for parameter 'warehouseCode' in 'Task<List<InventoryStockModel>> IInventoryRepository.GetInventoryStockMultiPurposeAsync(string barcode = null, string productCode = null, string productDescription = null, string colorCode = null, string itemDim1Code = null, string warehouseCode = null, bool showOnlyPositiveStock = false)'. [/Users/ali1/Projects/Erp-entegrasyon/erp-api/ErpMobile.Api.csproj]
/Users/ali1/Projects/Erp-entegrasyon/erp-api/Controllers/InventoryController.cs(113,83): warning CS8625: Cannot convert null literal to non-nullable reference type. [/Users/ali1/Projects/Erp-entegrasyon/erp-api/ErpMobile.Api.csproj]
/Users/ali1/Projects/Erp-entegrasyon/erp-api/Controllers/CustomerLocationController.cs(194,78): warning CS1998: This async method lacks 'await' operators and will run synchronously. Consider using the 'await' operator to await non-blocking API calls, or 'await Task.Run(...)' to do CPU-bound work on a background thread. [/Users/ali1/Projects/Erp-entegrasyon/erp-api/ErpMobile.Api.csproj]
/Users/ali1/Projects/Erp-entegrasyon/erp-api/Controllers/InvoiceTypeController.cs(102,28): warning CS8625: Cannot convert null literal to non-nullable reference type. [/Users/ali1/Projects/Erp-entegrasyon/erp-api/ErpMobile.Api.csproj]
/Users/ali1/Projects/Erp-entegrasyon/erp-api/Models/TaxOfficeResponse.cs(8,23): warning CS8618: Non-nullable property 'TaxOfficeCode' must contain a non-null value when exiting constructor. Consider adding the 'required' modifier or declaring the property as nullable. [/Users/ali1/Projects/Erp-entegrasyon/erp-api/ErpMobile.Api.csproj]
/Users/ali1/Projects/Erp-entegrasyon/erp-api/Models/TaxOfficeResponse.cs(9,23): warning CS8618: Non-nullable property 'TaxOfficeDescription' must contain a non-null value when exiting constructor. Consider adding the 'required' modifier or declaring the property as nullable. [/Users/ali1/Projects/Erp-entegrasyon/erp-api/ErpMobile.Api.csproj]
/Users/ali1/Projects/Erp-entegrasyon/erp-api/Models/TaxOfficeResponse.cs(10,23): warning CS8618: Non-nullable property 'CityCode' must contain a non-null value when exiting constructor. Consider adding the 'required' modifier or declaring the property as nullable. [/Users/ali1/Projects/Erp-entegrasyon/erp-api/ErpMobile.Api.csproj]
/Users/ali1/Projects/Erp-entegrasyon/erp-api/Models/TaxOfficeResponse.cs(11,23): warning CS8618: Non-nullable property 'CityDescription' must contain a non-null value when exiting constructor. Consider adding the 'required' modifier or declaring the property as nullable. [/Users/ali1/Projects/Erp-entegrasyon/erp-api/ErpMobile.Api.csproj]
/Users/ali1/Projects/Erp-entegrasyon/erp-api/Models/Shipment/ShipmentAddressModel.cs(7,23): warning CS8618: Non-nullable property 'ShipmentAddressCode' must contain a non-null value when exiting constructor. Consider adding the 'required' modifier or declaring the property as nullable. [/Users/ali1/Projects/Erp-entegrasyon/erp-api/ErpMobile.Api.csproj]
/Users/ali1/Projects/Erp-entegrasyon/erp-api/Models/Shipment/ShipmentAddressModel.cs(8,23): warning CS8618: Non-nullable property 'CurrAccCode' must contain a non-null value when exiting constructor. Consider adding the 'required' modifier or declaring the property as nullable. [/Users/ali1/Projects/Erp-entegrasyon/erp-api/ErpMobile.Api.csproj]
/Users/ali1/Projects/Erp-entegrasyon/erp-api/Models/Shipment/ShipmentAddressModel.cs(9,23): warning CS8618: Non-nullable property 'AddressCode' must contain a non-null value when exiting constructor. Consider adding the 'required' modifier or declaring the property as nullable. [/Users/ali1/Projects/Erp-entegrasyon/erp-api/ErpMobile.Api.csproj]
/Users/ali1/Projects/Erp-entegrasyon/erp-api/Models/Shipment/ShipmentAddressModel.cs(10,23): warning CS8618: Non-nullable property 'AddressDescription' must contain a non-null value when exiting constructor. Consider adding the 'required' modifier or declaring the property as nullable. [/Users/ali1/Projects/Erp-entegrasyon/erp-api/ErpMobile.Api.csproj]
/Users/ali1/Projects/Erp-entegrasyon/erp-api/Models/Shipment/ShipmentAddressModel.cs(11,23): warning CS8618: Non-nullable property 'Address' must contain a non-null value when exiting constructor. Consider adding the 'required' modifier or declaring the property as nullable. [/Users/ali1/Projects/Erp-entegrasyon/erp-api/ErpMobile.Api.csproj]
/Users/ali1/Projects/Erp-entegrasyon/erp-api/Models/Shipment/ShipmentAddressModel.cs(12,23): warning CS8618: Non-nullable property 'City' must contain a non-null value when exiting constructor. Consider adding the 'required' modifier or declaring the property as nullable. [/Users/ali1/Projects/Erp-entegrasyon/erp-api/ErpMobile.Api.csproj]
/Users/ali1/Projects/Erp-entegrasyon/erp-api/Models/Shipment/ShipmentAddressModel.cs(13,23): warning CS8618: Non-nullable property 'District' must contain a non-null value when exiting constructor. Consider adding the 'required' modifier or declaring the property as nullable. [/Users/ali1/Projects/Erp-entegrasyon/erp-api/ErpMobile.Api.csproj]
/Users/ali1/Projects/Erp-entegrasyon/erp-api/Models/Shipment/ShipmentAddressModel.cs(14,23): warning CS8618: Non-nullable property 'PostalCode' must contain a non-null value when exiting constructor. Consider adding the 'required' modifier or declaring the property as nullable. [/Users/ali1/Projects/Erp-entegrasyon/erp-api/ErpMobile.Api.csproj]
/Users/ali1/Projects/Erp-entegrasyon/erp-api/Models/Shipment/ShipmentAddressModel.cs(15,23): warning CS8618: Non-nullable property 'CountryCode' must contain a non-null value when exiting constructor. Consider adding the 'required' modifier or declaring the property as nullable. [/Users/ali1/Projects/Erp-entegrasyon/erp-api/ErpMobile.Api.csproj]
/Users/ali1/Projects/Erp-entegrasyon/erp-api/Models/Requests/SalesInvoiceCreateRequest.cs(150,23): warning CS8618: Non-nullable property 'DimensionTypeCode' must contain a non-null value when exiting constructor. Consider adding the 'required' modifier or declaring the property as nullable. [/Users/ali1/Projects/Erp-entegrasyon/erp-api/ErpMobile.Api.csproj]
/Users/ali1/Projects/Erp-entegrasyon/erp-api/Models/Requests/SalesInvoiceCreateRequest.cs(156,23): warning CS8618: Non-nullable property 'DimensionValue' must contain a non-null value when exiting constructor. Consider adding the 'required' modifier or declaring the property as nullable. [/Users/ali1/Projects/Erp-entegrasyon/erp-api/ErpMobile.Api.csproj]
/Users/ali1/Projects/Erp-entegrasyon/erp-api/Models/Requests/SalesInvoiceCreateRequest.cs(132,23): warning CS8618: Non-nullable property 'AttributeTypeCode' must contain a non-null value when exiting constructor. Consider adding the 'required' modifier or declaring the property as nullable. [/Users/ali1/Projects/Erp-entegrasyon/erp-api/ErpMobile.Api.csproj]
/Users/ali1/Projects/Erp-entegrasyon/erp-api/Models/Requests/SalesInvoiceCreateRequest.cs(138,23): warning CS8618: Non-nullable property 'AttributeValue' must contain a non-null value when exiting constructor. Consider adding the 'required' modifier or declaring the property as nullable. [/Users/ali1/Projects/Erp-entegrasyon/erp-api/ErpMobile.Api.csproj]
/Users/ali1/Projects/Erp-entegrasyon/erp-api/Models/Requests/SalesInvoiceCreateRequest.cs(82,23): warning CS8618: Non-nullable property 'ItemCode' must contain a non-null value when exiting constructor. Consider adding the 'required' modifier or declaring the property as nullable. [/Users/ali1/Projects/Erp-entegrasyon/erp-api/ErpMobile.Api.csproj]
/Users/ali1/Projects/Erp-entegrasyon/erp-api/Models/Requests/SalesInvoiceCreateRequest.cs(109,23): warning CS8618: Non-nullable property 'Description' must contain a non-null value when exiting constructor. Consider adding the 'required' modifier or declaring the property as nullable. [/Users/ali1/Projects/Erp-entegrasyon/erp-api/ErpMobile.Api.csproj]
/Users/ali1/Projects/Erp-entegrasyon/erp-api/Models/Requests/SalesInvoiceCreateRequest.cs(115,23): warning CS8618: Non-nullable property 'UnitCode' must contain a non-null value when exiting constructor. Consider adding the 'required' modifier or declaring the property as nullable. [/Users/ali1/Projects/Erp-entegrasyon/erp-api/ErpMobile.Api.csproj]
/Users/ali1/Projects/Erp-entegrasyon/erp-api/Models/Requests/SalesInvoiceCreateRequest.cs(16,23): warning CS8618: Non-nullable property 'CustomerCode' must contain a non-null value when exiting constructor. Consider adding the 'required' modifier or declaring the property as nullable. [/Users/ali1/Projects/Erp-entegrasyon/erp-api/ErpMobile.Api.csproj]
/Users/ali1/Projects/Erp-entegrasyon/erp-api/Models/Requests/SalesInvoiceCreateRequest.cs(37,23): warning CS8618: Non-nullable property 'PaymentPlanCode' must contain a non-null value when exiting constructor. Consider adding the 'required' modifier or declaring the property as nullable. [/Users/ali1/Projects/Erp-entegrasyon/erp-api/ErpMobile.Api.csproj]
/Users/ali1/Projects/Erp-entegrasyon/erp-api/Models/Requests/SalesInvoiceCreateRequest.cs(43,23): warning CS8618: Non-nullable property 'OfficeCode' must contain a non-null value when exiting constructor. Consider adding the 'required' modifier or declaring the property as nullable. [/Users/ali1/Projects/Erp-entegrasyon/erp-api/ErpMobile.Api.csproj]
/Users/ali1/Projects/Erp-entegrasyon/erp-api/Models/Requests/SalesInvoiceCreateRequest.cs(49,23): warning CS8618: Non-nullable property 'WarehouseCode' must contain a non-null value when exiting constructor. Consider adding the 'required' modifier or declaring the property as nullable. [/Users/ali1/Projects/Erp-entegrasyon/erp-api/ErpMobile.Api.csproj]
/Users/ali1/Projects/Erp-entegrasyon/erp-api/Models/Requests/SalesInvoiceCreateRequest.cs(54,23): warning CS8618: Non-nullable property 'Description' must contain a non-null value when exiting constructor. Consider adding the 'required' modifier or declaring the property as nullable. [/Users/ali1/Projects/Erp-entegrasyon/erp-api/ErpMobile.Api.csproj]
/Users/ali1/Projects/Erp-entegrasyon/erp-api/Models/Requests/SalesInvoiceCreateRequest.cs(59,23): warning CS8618: Non-nullable property 'ReferenceNo' must contain a non-null value when exiting constructor. Consider adding the 'required' modifier or declaring the property as nullable. [/Users/ali1/Projects/Erp-entegrasyon/erp-api/ErpMobile.Api.csproj]
/Users/ali1/Projects/Erp-entegrasyon/erp-api/Models/Requests/InvoiceUpdateRequest.cs(8,23): warning CS8618: Non-nullable property 'InvoiceNumber' must contain a non-null value when exiting constructor. Consider adding the 'required' modifier or declaring the property as nullable. [/Users/ali1/Projects/Erp-entegrasyon/erp-api/ErpMobile.Api.csproj]
/Users/ali1/Projects/Erp-entegrasyon/erp-api/Models/Requests/InvoiceUpdateRequest.cs(10,23): warning CS8618: Non-nullable property 'CurrAccCode' must contain a non-null value when exiting constructor. Consider adding the 'required' modifier or declaring the property as nullable. [/Users/ali1/Projects/Erp-entegrasyon/erp-api/ErpMobile.Api.csproj]
/Users/ali1/Projects/Erp-entegrasyon/erp-api/Models/Requests/InvoiceUpdateRequest.cs(12,23): warning CS8618: Non-nullable property 'DocCurrencyCode' must contain a non-null value when exiting constructor. Consider adding the 'required' modifier or declaring the property as nullable. [/Users/ali1/Projects/Erp-entegrasyon/erp-api/ErpMobile.Api.csproj]
/Users/ali1/Projects/Erp-entegrasyon/erp-api/Models/Requests/InvoiceUpdateRequest.cs(13,23): warning CS8618: Non-nullable property 'Notes' must contain a non-null value when exiting constructor. Consider adding the 'required' modifier or declaring the property as nullable. [/Users/ali1/Projects/Erp-entegrasyon/erp-api/ErpMobile.Api.csproj]
/Users/ali1/Projects/Erp-entegrasyon/erp-api/Models/Requests/InvoiceListRequest.cs(36,23): warning CS8618: Non-nullable property 'CustomerCode' must contain a non-null value when exiting constructor. Consider adding the 'required' modifier or declaring the property as nullable. [/Users/ali1/Projects/Erp-entegrasyon/erp-api/ErpMobile.Api.csproj]
/Users/ali1/Projects/Erp-entegrasyon/erp-api/Models/Requests/InvoiceListRequest.cs(41,23): warning CS8618: Non-nullable property 'InvoiceNumber' must contain a non-null value when exiting constructor. Consider adding the 'required' modifier or declaring the property as nullable. [/Users/ali1/Projects/Erp-entegrasyon/erp-api/ErpMobile.Api.csproj]
/Users/ali1/Projects/Erp-entegrasyon/erp-api/Models/Requests/InvoiceListRequest.cs(56,23): warning CS8618: Non-nullable property 'Status' must contain a non-null value when exiting constructor. Consider adding the 'required' modifier or declaring the property as nullable. [/Users/ali1/Projects/Erp-entegrasyon/erp-api/ErpMobile.Api.csproj]
/Users/ali1/Projects/Erp-entegrasyon/erp-api/Models/Requests/InvoiceFilterRequest.cs(28,23): warning CS8618: Non-nullable property 'CustomerCode' must contain a non-null value when exiting constructor. Consider adding the 'required' modifier or declaring the property as nullable. [/Users/ali1/Projects/Erp-entegrasyon/erp-api/ErpMobile.Api.csproj]
/Users/ali1/Projects/Erp-entegrasyon/erp-api/Models/Requests/InvoiceFilterRequest.cs(33,23): warning CS8618: Non-nullable property 'SearchText' must contain a non-null value when exiting constructor. Consider adding the 'required' modifier or declaring the property as nullable. [/Users/ali1/Projects/Erp-entegrasyon/erp-api/ErpMobile.Api.csproj]
/Users/ali1/Projects/Erp-entegrasyon/erp-api/Models/Requests/InvoiceCreateRequest.cs(76,23): warning CS8618: Non-nullable property 'ItemCode' must contain a non-null value when exiting constructor. Consider adding the 'required' modifier or declaring the property as nullable. [/Users/ali1/Projects/Erp-entegrasyon/erp-api/ErpMobile.Api.csproj]
/Users/ali1/Projects/Erp-entegrasyon/erp-api/Models/Requests/InvoiceCreateRequest.cs(88,23): warning CS8618: Non-nullable property 'UnitCode' must contain a non-null value when exiting constructor. Consider adding the 'required' modifier or declaring the property as nullable. [/Users/ali1/Projects/Erp-entegrasyon/erp-api/ErpMobile.Api.csproj]
/Users/ali1/Projects/Erp-entegrasyon/erp-api/Models/Requests/InvoiceCreateRequest.cs(129,23): warning CS8618: Non-nullable property 'Description' must contain a non-null value when exiting constructor. Consider adding the 'required' modifier or declaring the property as nullable. [/Users/ali1/Projects/Erp-entegrasyon/erp-api/ErpMobile.Api.csproj]
/Users/ali1/Projects/Erp-entegrasyon/erp-api/Models/Requests/InvoiceCreateRequest.cs(16,23): warning CS8618: Non-nullable property 'CustomerCode' must contain a non-null value when exiting constructor. Consider adding the 'required' modifier or declaring the property as nullable. [/Users/ali1/Projects/Erp-entegrasyon/erp-api/ErpMobile.Api.csproj]
/Users/ali1/Projects/Erp-entegrasyon/erp-api/Models/Requests/InvoiceCreateRequest.cs(33,23): warning CS8618: Non-nullable property 'OfficeCode' must contain a non-null value when exiting constructor. Consider adding the 'required' modifier or declaring the property as nullable. [/Users/ali1/Projects/Erp-entegrasyon/erp-api/ErpMobile.Api.csproj]
/Users/ali1/Projects/Erp-entegrasyon/erp-api/Models/Requests/InvoiceCreateRequest.cs(38,23): warning CS8618: Non-nullable property 'Description1' must contain a non-null value when exiting constructor. Consider adding the 'required' modifier or declaring the property as nullable. [/Users/ali1/Projects/Erp-entegrasyon/erp-api/ErpMobile.Api.csproj]
/Users/ali1/Projects/Erp-entegrasyon/erp-api/Models/Requests/InvoiceCreateRequest.cs(43,23): warning CS8618: Non-nullable property 'Description2' must contain a non-null value when exiting constructor. Consider adding the 'required' modifier or declaring the property as nullable. [/Users/ali1/Projects/Erp-entegrasyon/erp-api/ErpMobile.Api.csproj]
/Users/ali1/Projects/Erp-entegrasyon/erp-api/Models/Requests/InvoiceCreateRequest.cs(48,23): warning CS8618: Non-nullable property 'Description3' must contain a non-null value when exiting constructor. Consider adding the 'required' modifier or declaring the property as nullable. [/Users/ali1/Projects/Erp-entegrasyon/erp-api/ErpMobile.Api.csproj]
/Users/ali1/Projects/Erp-entegrasyon/erp-api/Models/Requests/InvoiceCreateRequest.cs(53,23): warning CS8618: Non-nullable property 'Description4' must contain a non-null value when exiting constructor. Consider adding the 'required' modifier or declaring the property as nullable. [/Users/ali1/Projects/Erp-entegrasyon/erp-api/ErpMobile.Api.csproj]
/Users/ali1/Projects/Erp-entegrasyon/erp-api/Models/Requests/InvoiceCreateRequest.cs(58,23): warning CS8618: Non-nullable property 'PaymentPlanCode' must contain a non-null value when exiting constructor. Consider adding the 'required' modifier or declaring the property as nullable. [/Users/ali1/Projects/Erp-entegrasyon/erp-api/ErpMobile.Api.csproj]
/Users/ali1/Projects/Erp-entegrasyon/erp-api/Controllers/ItemController.cs(168,40): warning CS8601: Possible null reference assignment. [/Users/ali1/Projects/Erp-entegrasyon/erp-api/ErpMobile.Api.csproj]
/Users/ali1/Projects/Erp-entegrasyon/erp-api/Controllers/ItemController.cs(169,47): warning CS8601: Possible null reference assignment. [/Users/ali1/Projects/Erp-entegrasyon/erp-api/ErpMobile.Api.csproj]
/Users/ali1/Projects/Erp-entegrasyon/erp-api/Controllers/ItemController.cs(170,47): warning CS8601: Possible null reference assignment. [/Users/ali1/Projects/Erp-entegrasyon/erp-api/ErpMobile.Api.csproj]
/Users/ali1/Projects/Erp-entegrasyon/erp-api/Controllers/ItemController.cs(171,54): warning CS8601: Possible null reference assignment. [/Users/ali1/Projects/Erp-entegrasyon/erp-api/ErpMobile.Api.csproj]
/Users/ali1/Projects/Erp-entegrasyon/erp-api/Controllers/ItemController.cs(172,47): warning CS8601: Possible null reference assignment. [/Users/ali1/Projects/Erp-entegrasyon/erp-api/ErpMobile.Api.csproj]
/Users/ali1/Projects/Erp-entegrasyon/erp-api/Controllers/ItemController.cs(173,54): warning CS8601: Possible null reference assignment. [/Users/ali1/Projects/Erp-entegrasyon/erp-api/ErpMobile.Api.csproj]
/Users/ali1/Projects/Erp-entegrasyon/erp-api/Controllers/ItemController.cs(174,50): warning CS8601: Possible null reference assignment. [/Users/ali1/Projects/Erp-entegrasyon/erp-api/ErpMobile.Api.csproj]
/Users/ali1/Projects/Erp-entegrasyon/erp-api/Controllers/ItemController.cs(175,50): warning CS8601: Possible null reference assignment. [/Users/ali1/Projects/Erp-entegrasyon/erp-api/ErpMobile.Api.csproj]
/Users/ali1/Projects/Erp-entegrasyon/erp-api/Controllers/ItemController.cs(176,48): warning CS8601: Possible null reference assignment. [/Users/ali1/Projects/Erp-entegrasyon/erp-api/ErpMobile.Api.csproj]
/Users/ali1/Projects/Erp-entegrasyon/erp-api/Models/Requests/CustomerUpdateRequestNew.cs(17,23): warning CS8618: Non-nullable property 'CustomerCode' must contain a non-null value when exiting constructor. Consider adding the 'required' modifier or declaring the property as nullable. [/Users/ali1/Projects/Erp-entegrasyon/erp-api/ErpMobile.Api.csproj]
/Users/ali1/Projects/Erp-entegrasyon/erp-api/Models/Requests/CustomerUpdateRequestNew.cs(24,23): warning CS8618: Non-nullable property 'CustomerName' must contain a non-null value when exiting constructor. Consider adding the 'required' modifier or declaring the property as nullable. [/Users/ali1/Projects/Erp-entegrasyon/erp-api/ErpMobile.Api.csproj]
/Users/ali1/Projects/Erp-entegrasyon/erp-api/Models/Requests/CustomerUpdateRequestNew.cs(30,23): warning CS8618: Non-nullable property 'CustomerSurname' must contain a non-null value when exiting constructor. Consider adding the 'required' modifier or declaring the property as nullable. [/Users/ali1/Projects/Erp-entegrasyon/erp-api/ErpMobile.Api.csproj]
/Users/ali1/Projects/Erp-entegrasyon/erp-api/Models/Requests/CustomerUpdateRequestNew.cs(41,23): warning CS8618: Non-nullable property 'TitleCode' must contain a non-null value when exiting constructor. Consider adding the 'required' modifier or declaring the property as nullable. [/Users/ali1/Projects/Erp-entegrasyon/erp-api/ErpMobile.Api.csproj]
/Users/ali1/Projects/Erp-entegrasyon/erp-api/Models/Requests/CustomerUpdateRequestNew.cs(47,23): warning CS8618: Non-nullable property 'Patronym' must contain a non-null value when exiting constructor. Consider adding the 'required' modifier or declaring the property as nullable. [/Users/ali1/Projects/Erp-entegrasyon/erp-api/ErpMobile.Api.csproj]
/Users/ali1/Projects/Erp-entegrasyon/erp-api/Models/Requests/CustomerUpdateRequestNew.cs(53,23): warning CS8618: Non-nullable property 'CustomerIdentityNumber' must contain a non-null value when exiting constructor. Consider adding the 'required' modifier or declaring the property as nullable. [/Users/ali1/Projects/Erp-entegrasyon/erp-api/ErpMobile.Api.csproj]
/Users/ali1/Projects/Erp-entegrasyon/erp-api/Models/Requests/CustomerUpdateRequestNew.cs(59,23): warning CS8618: Non-nullable property 'TaxNumber' must contain a non-null value when exiting constructor. Consider adding the 'required' modifier or declaring the property as nullable. [/Users/ali1/Projects/Erp-entegrasyon/erp-api/ErpMobile.Api.csproj]
/Users/ali1/Projects/Erp-entegrasyon/erp-api/Models/Requests/CustomerUpdateRequestNew.cs(65,23): warning CS8618: Non-nullable property 'MersisNum' must contain a non-null value when exiting constructor. Consider adding the 'required' modifier or declaring the property as nullable. [/Users/ali1/Projects/Erp-entegrasyon/erp-api/ErpMobile.Api.csproj]
/Users/ali1/Projects/Erp-entegrasyon/erp-api/Models/Requests/CustomerUpdateRequestNew.cs(76,23): warning CS8618: Non-nullable property 'DataLanguageCode' must contain a non-null value when exiting constructor. Consider adding the 'required' modifier or declaring the property as nullable. [/Users/ali1/Projects/Erp-entegrasyon/erp-api/ErpMobile.Api.csproj]
/Users/ali1/Projects/Erp-entegrasyon/erp-api/Models/Requests/CustomerUpdateRequestNew.cs(87,23): warning CS8618: Non-nullable property 'CurrencyCode' must contain a non-null value when exiting constructor. Consider adding the 'required' modifier or declaring the property as nullable. [/Users/ali1/Projects/Erp-entegrasyon/erp-api/ErpMobile.Api.csproj]
/Users/ali1/Projects/Erp-entegrasyon/erp-api/Models/Requests/CustomerUpdateRequestNew.cs(92,23): warning CS8618: Non-nullable property 'CompanyCode' must contain a non-null value when exiting constructor. Consider adding the 'required' modifier or declaring the property as nullable. [/Users/ali1/Projects/Erp-entegrasyon/erp-api/ErpMobile.Api.csproj]
/Users/ali1/Projects/Erp-entegrasyon/erp-api/Models/Requests/CustomerUpdateRequestNew.cs(98,23): warning CS8618: Non-nullable property 'OfficeCode' must contain a non-null value when exiting constructor. Consider adding the 'required' modifier or declaring the property as nullable. [/Users/ali1/Projects/Erp-entegrasyon/erp-api/ErpMobile.Api.csproj]
/Users/ali1/Projects/Erp-entegrasyon/erp-api/Models/Requests/CustomerUpdateRequestNew.cs(104,23): warning CS8618: Non-nullable property 'RegionCode' must contain a non-null value when exiting constructor. Consider adding the 'required' modifier or declaring the property as nullable. [/Users/ali1/Projects/Erp-entegrasyon/erp-api/ErpMobile.Api.csproj]
/Users/ali1/Projects/Erp-entegrasyon/erp-api/Models/Requests/CustomerUpdateRequestNew.cs(110,23): warning CS8618: Non-nullable property 'CityCode' must contain a non-null value when exiting constructor. Consider adding the 'required' modifier or declaring the property as nullable. [/Users/ali1/Projects/Erp-entegrasyon/erp-api/ErpMobile.Api.csproj]
/Users/ali1/Projects/Erp-entegrasyon/erp-api/Models/Requests/CustomerUpdateRequestNew.cs(116,23): warning CS8618: Non-nullable property 'DistrictCode' must contain a non-null value when exiting constructor. Consider adding the 'required' modifier or declaring the property as nullable. [/Users/ali1/Projects/Erp-entegrasyon/erp-api/ErpMobile.Api.csproj]
/Users/ali1/Projects/Erp-entegrasyon/erp-api/Models/Requests/CustomerUpdateRequestNew.cs(122,23): warning CS8618: Non-nullable property 'SalesmanCode' must contain a non-null value when exiting constructor. Consider adding the 'required' modifier or declaring the property as nullable. [/Users/ali1/Projects/Erp-entegrasyon/erp-api/ErpMobile.Api.csproj]
/Users/ali1/Projects/Erp-entegrasyon/erp-api/Models/Requests/CustomerUpdateRequestNew.cs(128,23): warning CS8618: Non-nullable property 'TaxOfficeCode' must contain a non-null value when exiting constructor. Consider adding the 'required' modifier or declaring the property as nullable. [/Users/ali1/Projects/Erp-entegrasyon/erp-api/ErpMobile.Api.csproj]
/Users/ali1/Projects/Erp-entegrasyon/erp-api/Models/Requests/CustomerUpdateRequestNew.cs(154,23): warning CS8618: Non-nullable property 'DueDateFormulaCode' must contain a non-null value when exiting constructor. Consider adding the 'required' modifier or declaring the property as nullable. [/Users/ali1/Projects/Erp-entegrasyon/erp-api/ErpMobile.Api.csproj]
/Users/ali1/Projects/Erp-entegrasyon/erp-api/Models/Requests/CustomerUpdateRequestNew.cs(160,23): warning CS8618: Non-nullable property 'BankCode' must contain a non-null value when exiting constructor. Consider adding the 'required' modifier or declaring the property as nullable. [/Users/ali1/Projects/Erp-entegrasyon/erp-api/ErpMobile.Api.csproj]
/Users/ali1/Projects/Erp-entegrasyon/erp-api/Models/Requests/CustomerUpdateRequestNew.cs(166,23): warning CS8618: Non-nullable property 'BankBranchCode' must contain a non-null value when exiting constructor. Consider adding the 'required' modifier or declaring the property as nullable. [/Users/ali1/Projects/Erp-entegrasyon/erp-api/ErpMobile.Api.csproj]
/Users/ali1/Projects/Erp-entegrasyon/erp-api/Models/Requests/CustomerUpdateRequestNew.cs(177,23): warning CS8618: Non-nullable property 'IBAN' must contain a non-null value when exiting constructor. Consider adding the 'required' modifier or declaring the property as nullable. [/Users/ali1/Projects/Erp-entegrasyon/erp-api/ErpMobile.Api.csproj]
/Users/ali1/Projects/Erp-entegrasyon/erp-api/Models/Requests/CustomerUpdateRequestNew.cs(183,23): warning CS8618: Non-nullable property 'SWIFTCode' must contain a non-null value when exiting constructor. Consider adding the 'required' modifier or declaring the property as nullable. [/Users/ali1/Projects/Erp-entegrasyon/erp-api/ErpMobile.Api.csproj]
/Users/ali1/Projects/Erp-entegrasyon/erp-api/Models/Requests/CustomerUpdateRequestNew.cs(189,23): warning CS8618: Non-nullable property 'BankAccNo' must contain a non-null value when exiting constructor. Consider adding the 'required' modifier or declaring the property as nullable. [/Users/ali1/Projects/Erp-entegrasyon/erp-api/ErpMobile.Api.csproj]
/Users/ali1/Projects/Erp-entegrasyon/erp-api/Models/Requests/CustomerUpdateRequestNew.cs(205,23): warning CS8618: Non-nullable property 'DiscountGroupCode' must contain a non-null value when exiting constructor. Consider adding the 'required' modifier or declaring the property as nullable. [/Users/ali1/Projects/Erp-entegrasyon/erp-api/ErpMobile.Api.csproj]
/Users/ali1/Projects/Erp-entegrasyon/erp-api/Models/Requests/CustomerUpdateRequestNew.cs(216,23): warning CS8618: Non-nullable property 'RetailSalePriceGroupCode' must contain a non-null value when exiting constructor. Consider adding the 'required' modifier or declaring the property as nullable. [/Users/ali1/Projects/Erp-entegrasyon/erp-api/ErpMobile.Api.csproj]
/Users/ali1/Projects/Erp-entegrasyon/erp-api/Models/Requests/CustomerUpdateRequestNew.cs(222,23): warning CS8618: Non-nullable property 'WholesalePriceGroupCode' must contain a non-null value when exiting constructor. Consider adding the 'required' modifier or declaring the property as nullable. [/Users/ali1/Projects/Erp-entegrasyon/erp-api/ErpMobile.Api.csproj]
/Users/ali1/Projects/Erp-entegrasyon/erp-api/Models/Requests/CustomerUpdateRequestNew.cs(238,23): warning CS8618: Non-nullable property 'PromotionGroupCode' must contain a non-null value when exiting constructor. Consider adding the 'required' modifier or declaring the property as nullable. [/Users/ali1/Projects/Erp-entegrasyon/erp-api/ErpMobile.Api.csproj]
/Users/ali1/Projects/Erp-entegrasyon/erp-api/Models/Requests/CustomerUpdateRequestNew.cs(244,23): warning CS8618: Non-nullable property 'SalesChannelCode' must contain a non-null value when exiting constructor. Consider adding the 'required' modifier or declaring the property as nullable. [/Users/ali1/Projects/Erp-entegrasyon/erp-api/ErpMobile.Api.csproj]
/Users/ali1/Projects/Erp-entegrasyon/erp-api/Models/Requests/CustomerUpdateRequestNew.cs(265,23): warning CS8618: Non-nullable property 'BarcodeTypeCode' must contain a non-null value when exiting constructor. Consider adding the 'required' modifier or declaring the property as nullable. [/Users/ali1/Projects/Erp-entegrasyon/erp-api/ErpMobile.Api.csproj]
/Users/ali1/Projects/Erp-entegrasyon/erp-api/Models/Requests/CustomerUpdateRequestNew.cs(271,23): warning CS8618: Non-nullable property 'CostCenterCode' must contain a non-null value when exiting constructor. Consider adding the 'required' modifier or declaring the property as nullable. [/Users/ali1/Projects/Erp-entegrasyon/erp-api/ErpMobile.Api.csproj]
/Users/ali1/Projects/Erp-entegrasyon/erp-api/Models/Requests/CustomerUpdateRequestNew.cs(282,23): warning CS8618: Non-nullable property 'CustomerPaymentPlanGrCode' must contain a non-null value when exiting constructor. Consider adding the 'required' modifier or declaring the property as nullable. [/Users/ali1/Projects/Erp-entegrasyon/erp-api/ErpMobile.Api.csproj]
/Users/ali1/Projects/Erp-entegrasyon/erp-api/Models/Requests/CustomerUpdateRequestNew.cs(288,23): warning CS8618: Non-nullable property 'GLTypeCode' must contain a non-null value when exiting constructor. Consider adding the 'required' modifier or declaring the property as nullable. [/Users/ali1/Projects/Erp-entegrasyon/erp-api/ErpMobile.Api.csproj]
/Users/ali1/Projects/Erp-entegrasyon/erp-api/Models/Requests/CustomerUpdateRequestNew.cs(304,23): warning CS8618: Non-nullable property 'CustomerMarkupGrCode' must contain a non-null value when exiting constructor. Consider adding the 'required' modifier or declaring the property as nullable. [/Users/ali1/Projects/Erp-entegrasyon/erp-api/ErpMobile.Api.csproj]
/Users/ali1/Projects/Erp-entegrasyon/erp-api/Models/Requests/CustomerUpdateRequestNew.cs(310,23): warning CS8618: Non-nullable property 'CurrAccLotGrCode' must contain a non-null value when exiting constructor. Consider adding the 'required' modifier or declaring the property as nullable. [/Users/ali1/Projects/Erp-entegrasyon/erp-api/ErpMobile.Api.csproj]
/Users/ali1/Projects/Erp-entegrasyon/erp-api/Models/Requests/CustomerUpdateRequestNew.cs(346,23): warning CS8618: Non-nullable property 'DBSAccountCode' must contain a non-null value when exiting constructor. Consider adding the 'required' modifier or declaring the property as nullable. [/Users/ali1/Projects/Erp-entegrasyon/erp-api/ErpMobile.Api.csproj]
/Users/ali1/Projects/Erp-entegrasyon/erp-api/Models/Requests/CustomerUpdateRequestNew.cs(367,23): warning CS8618: Non-nullable property 'VendorPaymentPlanGrCode' must contain a non-null value when exiting constructor. Consider adding the 'required' modifier or declaring the property as nullable. [/Users/ali1/Projects/Erp-entegrasyon/erp-api/ErpMobile.Api.csproj]
/Users/ali1/Projects/Erp-entegrasyon/erp-api/Models/Requests/CustomerUpdateRequestNew.cs(373,23): warning CS8618: Non-nullable property 'CreatedUserName' must contain a non-null value when exiting constructor. Consider adding the 'required' modifier or declaring the property as nullable. [/Users/ali1/Projects/Erp-entegrasyon/erp-api/ErpMobile.Api.csproj]
/Users/ali1/Projects/Erp-entegrasyon/erp-api/Models/Requests/CustomerUpdateRequestNew.cs(379,23): warning CS8618: Non-nullable property 'LastUpdatedUserName' must contain a non-null value when exiting constructor. Consider adding the 'required' modifier or declaring the property as nullable. [/Users/ali1/Projects/Erp-entegrasyon/erp-api/ErpMobile.Api.csproj]
/Users/ali1/Projects/Erp-entegrasyon/erp-api/Models/Requests/CustomerUpdateRequestNew.cs(384,54): warning CS8618: Non-nullable property 'Addresses' must contain a non-null value when exiting constructor. Consider adding the 'required' modifier or declaring the property as nullable. [/Users/ali1/Projects/Erp-entegrasyon/erp-api/ErpMobile.Api.csproj]
/Users/ali1/Projects/Erp-entegrasyon/erp-api/Models/Requests/CustomerUpdateRequestNew.cs(389,60): warning CS8618: Non-nullable property 'Communications' must contain a non-null value when exiting constructor. Consider adding the 'required' modifier or declaring the property as nullable. [/Users/ali1/Projects/Erp-entegrasyon/erp-api/ErpMobile.Api.csproj]
/Users/ali1/Projects/Erp-entegrasyon/erp-api/Models/Requests/CustomerUpdateRequestNew.cs(394,54): warning CS8618: Non-nullable property 'Contacts' must contain a non-null value when exiting constructor. Consider adding the 'required' modifier or declaring the property as nullable. [/Users/ali1/Projects/Erp-entegrasyon/erp-api/ErpMobile.Api.csproj]
/Users/ali1/Projects/Erp-entegrasyon/erp-api/Models/Requests/CustomerUpdateRequest.cs(9,23): warning CS8618: Non-nullable property 'CustomerCode' must contain a non-null value when exiting constructor. Consider adding the 'required' modifier or declaring the property as nullable. [/Users/ali1/Projects/Erp-entegrasyon/erp-api/ErpMobile.Api.csproj]
/Users/ali1/Projects/Erp-entegrasyon/erp-api/Models/Requests/CustomerUpdateRequest.cs(11,23): warning CS8618: Non-nullable property 'CustomerName' must contain a non-null value when exiting constructor. Consider adding the 'required' modifier or declaring the property as nullable. [/Users/ali1/Projects/Erp-entegrasyon/erp-api/ErpMobile.Api.csproj]
/Users/ali1/Projects/Erp-entegrasyon/erp-api/Models/Requests/CustomerUpdateRequest.cs(15,23): warning CS8618: Non-nullable property 'PromotionGroupCode' must contain a non-null value when exiting constructor. Consider adding the 'required' modifier or declaring the property as nullable. [/Users/ali1/Projects/Erp-entegrasyon/erp-api/ErpMobile.Api.csproj]
/Users/ali1/Projects/Erp-entegrasyon/erp-api/Models/Requests/CustomerUpdateRequest.cs(21,23): warning CS8618: Non-nullable property 'IdentityNum' must contain a non-null value when exiting constructor. Consider adding the 'required' modifier or declaring the property as nullable. [/Users/ali1/Projects/Erp-entegrasyon/erp-api/ErpMobile.Api.csproj]
/Users/ali1/Projects/Erp-entegrasyon/erp-api/Models/Requests/CustomerUpdateRequest.cs(23,23): warning CS8618: Non-nullable property 'TaxNumber' must contain a non-null value when exiting constructor. Consider adding the 'required' modifier or declaring the property as nullable. [/Users/ali1/Projects/Erp-entegrasyon/erp-api/ErpMobile.Api.csproj]
/Users/ali1/Projects/Erp-entegrasyon/erp-api/Models/Requests/CustomerUpdateRequest.cs(25,23): warning CS8618: Non-nullable property 'TaxOfficeCode' must contain a non-null value when exiting constructor. Consider adding the 'required' modifier or declaring the property as nullable. [/Users/ali1/Projects/Erp-entegrasyon/erp-api/ErpMobile.Api.csproj]
/Users/ali1/Projects/Erp-entegrasyon/erp-api/Models/Requests/CustomerUpdateRequest.cs(39,23): warning CS8618: Non-nullable property 'CurrencyCode' must contain a non-null value when exiting constructor. Consider adding the 'required' modifier or declaring the property as nullable. [/Users/ali1/Projects/Erp-entegrasyon/erp-api/ErpMobile.Api.csproj]
/Users/ali1/Projects/Erp-entegrasyon/erp-api/Models/Requests/CustomerFinancialUpdateRequest.cs(16,23): warning CS8618: Non-nullable property 'CustomerCode' must contain a non-null value when exiting constructor. Consider adding the 'required' modifier or declaring the property as nullable. [/Users/ali1/Projects/Erp-entegrasyon/erp-api/ErpMobile.Api.csproj]
/Users/ali1/Projects/Erp-entegrasyon/erp-api/Models/Requests/CustomerFinancialUpdateRequest.cs(22,23): warning CS8618: Non-nullable property 'CurrencyCode' must contain a non-null value when exiting constructor. Consider adding the 'required' modifier or declaring the property as nullable. [/Users/ali1/Projects/Erp-entegrasyon/erp-api/ErpMobile.Api.csproj]
/Users/ali1/Projects/Erp-entegrasyon/erp-api/Models/Requests/CustomerFinancialUpdateRequest.cs(48,23): warning CS8618: Non-nullable property 'DueDateFormulaCode' must contain a non-null value when exiting constructor. Consider adding the 'required' modifier or declaring the property as nullable. [/Users/ali1/Projects/Erp-entegrasyon/erp-api/ErpMobile.Api.csproj]
/Users/ali1/Projects/Erp-entegrasyon/erp-api/Models/Requests/CustomerFinancialUpdateRequest.cs(54,23): warning CS8618: Non-nullable property 'PaymentPlanCode' must contain a non-null value when exiting constructor. Consider adding the 'required' modifier or declaring the property as nullable. [/Users/ali1/Projects/Erp-entegrasyon/erp-api/ErpMobile.Api.csproj]
/Users/ali1/Projects/Erp-entegrasyon/erp-api/Models/Requests/CustomerFinancialUpdateRequest.cs(60,23): warning CS8618: Non-nullable property 'ModifiedUserName' must contain a non-null value when exiting constructor. Consider adding the 'required' modifier or declaring the property as nullable. [/Users/ali1/Projects/Erp-entegrasyon/erp-api/ErpMobile.Api.csproj]
/Users/ali1/Projects/Erp-entegrasyon/erp-api/Models/Requests/CustomerFinancialUpdateRequest.cs(66,23): warning CS8618: Non-nullable property 'BankCode' must contain a non-null value when exiting constructor. Consider adding the 'required' modifier or declaring the property as nullable. [/Users/ali1/Projects/Erp-entegrasyon/erp-api/ErpMobile.Api.csproj]
/Users/ali1/Projects/Erp-entegrasyon/erp-api/Models/Requests/CustomerFinancialUpdateRequest.cs(72,23): warning CS8618: Non-nullable property 'BankBranchCode' must contain a non-null value when exiting constructor. Consider adding the 'required' modifier or declaring the property as nullable. [/Users/ali1/Projects/Erp-entegrasyon/erp-api/ErpMobile.Api.csproj]
/Users/ali1/Projects/Erp-entegrasyon/erp-api/Models/Requests/CustomerFinancialUpdateRequest.cs(83,23): warning CS8618: Non-nullable property 'IBAN' must contain a non-null value when exiting constructor. Consider adding the 'required' modifier or declaring the property as nullable. [/Users/ali1/Projects/Erp-entegrasyon/erp-api/ErpMobile.Api.csproj]
/Users/ali1/Projects/Erp-entegrasyon/erp-api/Models/Requests/CustomerFinancialUpdateRequest.cs(89,23): warning CS8618: Non-nullable property 'SWIFTCode' must contain a non-null value when exiting constructor. Consider adding the 'required' modifier or declaring the property as nullable. [/Users/ali1/Projects/Erp-entegrasyon/erp-api/ErpMobile.Api.csproj]
/Users/ali1/Projects/Erp-entegrasyon/erp-api/Models/Requests/CustomerFinancialUpdateRequest.cs(95,23): warning CS8618: Non-nullable property 'BankAccNo' must contain a non-null value when exiting constructor. Consider adding the 'required' modifier or declaring the property as nullable. [/Users/ali1/Projects/Erp-entegrasyon/erp-api/ErpMobile.Api.csproj]
/Users/ali1/Projects/Erp-entegrasyon/erp-api/Models/Requests/CustomerFinancialUpdateRequest.cs(106,23): warning CS8618: Non-nullable property 'CustomerDiscountGrCode' must contain a non-null value when exiting constructor. Consider adding the 'required' modifier or declaring the property as nullable. [/Users/ali1/Projects/Erp-entegrasyon/erp-api/ErpMobile.Api.csproj]
/Users/ali1/Projects/Erp-entegrasyon/erp-api/Models/Requests/CustomerFinancialUpdateRequest.cs(112,23): warning CS8618: Non-nullable property 'CustomerMarkupGrCode' must contain a non-null value when exiting constructor. Consider adding the 'required' modifier or declaring the property as nullable. [/Users/ali1/Projects/Erp-entegrasyon/erp-api/ErpMobile.Api.csproj]
/Users/ali1/Projects/Erp-entegrasyon/erp-api/Models/Requests/CustomerFinancialUpdateRequest.cs(118,23): warning CS8618: Non-nullable property 'CustomerPaymentPlanGrCode' must contain a non-null value when exiting constructor. Consider adding the 'required' modifier or declaring the property as nullable. [/Users/ali1/Projects/Erp-entegrasyon/erp-api/ErpMobile.Api.csproj]
/Users/ali1/Projects/Erp-entegrasyon/erp-api/Models/Requests/CustomerFinancialUpdateRequest.cs(124,23): warning CS8618: Non-nullable property 'VendorPaymentPlanGrCode' must contain a non-null value when exiting constructor. Consider adding the 'required' modifier or declaring the property as nullable. [/Users/ali1/Projects/Erp-entegrasyon/erp-api/ErpMobile.Api.csproj]
/Users/ali1/Projects/Erp-entegrasyon/erp-api/Models/Requests/CustomerFinancialUpdateRequest.cs(130,23): warning CS8618: Non-nullable property 'RetailSalePriceGroupCode' must contain a non-null value when exiting constructor. Consider adding the 'required' modifier or declaring the property as nullable. [/Users/ali1/Projects/Erp-entegrasyon/erp-api/ErpMobile.Api.csproj]
/Users/ali1/Projects/Erp-entegrasyon/erp-api/Models/Requests/CustomerFinancialUpdateRequest.cs(136,23): warning CS8618: Non-nullable property 'WholesalePriceGroupCode' must contain a non-null value when exiting constructor. Consider adding the 'required' modifier or declaring the property as nullable. [/Users/ali1/Projects/Erp-entegrasyon/erp-api/ErpMobile.Api.csproj]
/Users/ali1/Projects/Erp-entegrasyon/erp-api/Models/Requests/CustomerFinancialUpdateRequest.cs(142,23): warning CS8618: Non-nullable property 'PromotionGroupCode' must contain a non-null value when exiting constructor. Consider adding the 'required' modifier or declaring the property as nullable. [/Users/ali1/Projects/Erp-entegrasyon/erp-api/ErpMobile.Api.csproj]
/Users/ali1/Projects/Erp-entegrasyon/erp-api/Models/Requests/CustomerFinancialUpdateRequest.cs(148,23): warning CS8618: Non-nullable property 'SalesChannelCode' must contain a non-null value when exiting constructor. Consider adding the 'required' modifier or declaring the property as nullable. [/Users/ali1/Projects/Erp-entegrasyon/erp-api/ErpMobile.Api.csproj]
/Users/ali1/Projects/Erp-entegrasyon/erp-api/Controllers/ItemController.cs(286,34): warning CS8600: Converting null literal or possible null value to non-nullable type. [/Users/ali1/Projects/Erp-entegrasyon/erp-api/ErpMobile.Api.csproj]
/Users/ali1/Projects/Erp-entegrasyon/erp-api/Controllers/ItemController.cs(294,40): warning CS8601: Possible null reference assignment. [/Users/ali1/Projects/Erp-entegrasyon/erp-api/ErpMobile.Api.csproj]
/Users/ali1/Projects/Erp-entegrasyon/erp-api/Controllers/ItemController.cs(295,47): warning CS8601: Possible null reference assignment. [/Users/ali1/Projects/Erp-entegrasyon/erp-api/ErpMobile.Api.csproj]
/Users/ali1/Projects/Erp-entegrasyon/erp-api/Controllers/ItemController.cs(296,47): warning CS8601: Possible null reference assignment. [/Users/ali1/Projects/Erp-entegrasyon/erp-api/ErpMobile.Api.csproj]
/Users/ali1/Projects/Erp-entegrasyon/erp-api/Controllers/ItemController.cs(297,54): warning CS8601: Possible null reference assignment. [/Users/ali1/Projects/Erp-entegrasyon/erp-api/ErpMobile.Api.csproj]
/Users/ali1/Projects/Erp-entegrasyon/erp-api/Controllers/ItemController.cs(298,47): warning CS8601: Possible null reference assignment. [/Users/ali1/Projects/Erp-entegrasyon/erp-api/ErpMobile.Api.csproj]
/Users/ali1/Projects/Erp-entegrasyon/erp-api/Controllers/ItemController.cs(299,54): warning CS8601: Possible null reference assignment. [/Users/ali1/Projects/Erp-entegrasyon/erp-api/ErpMobile.Api.csproj]
/Users/ali1/Projects/Erp-entegrasyon/erp-api/Controllers/ItemController.cs(300,50): warning CS8601: Possible null reference assignment. [/Users/ali1/Projects/Erp-entegrasyon/erp-api/ErpMobile.Api.csproj]
/Users/ali1/Projects/Erp-entegrasyon/erp-api/Controllers/ItemController.cs(301,50): warning CS8601: Possible null reference assignment. [/Users/ali1/Projects/Erp-entegrasyon/erp-api/ErpMobile.Api.csproj]
/Users/ali1/Projects/Erp-entegrasyon/erp-api/Controllers/ItemController.cs(302,48): warning CS8601: Possible null reference assignment. [/Users/ali1/Projects/Erp-entegrasyon/erp-api/ErpMobile.Api.csproj]
/Users/ali1/Projects/Erp-entegrasyon/erp-api/Controllers/ItemController.cs(323,32): warning CS8625: Cannot convert null literal to non-nullable reference type. [/Users/ali1/Projects/Erp-entegrasyon/erp-api/ErpMobile.Api.csproj]
/Users/ali1/Projects/Erp-entegrasyon/erp-api/Controllers/ItemController.cs(341,28): warning CS8625: Cannot convert null literal to non-nullable reference type. [/Users/ali1/Projects/Erp-entegrasyon/erp-api/ErpMobile.Api.csproj]
/Users/ali1/Projects/Erp-entegrasyon/erp-api/Controllers/ItemController.cs(387,49): warning CS8601: Possible null reference assignment. [/Users/ali1/Projects/Erp-entegrasyon/erp-api/ErpMobile.Api.csproj]
/Users/ali1/Projects/Erp-entegrasyon/erp-api/Controllers/ItemController.cs(388,56): warning CS8601: Possible null reference assignment. [/Users/ali1/Projects/Erp-entegrasyon/erp-api/ErpMobile.Api.csproj]
/Users/ali1/Projects/Erp-entegrasyon/erp-api/Controllers/ItemController.cs(389,54): warning CS8601: Possible null reference assignment. [/Users/ali1/Projects/Erp-entegrasyon/erp-api/ErpMobile.Api.csproj]
/Users/ali1/Projects/Erp-entegrasyon/erp-api/Controllers/ItemController.cs(410,28): warning CS8625: Cannot convert null literal to non-nullable reference type. [/Users/ali1/Projects/Erp-entegrasyon/erp-api/ErpMobile.Api.csproj]
/Users/ali1/Projects/Erp-entegrasyon/erp-api/Controllers/OfficeController.cs(73,42): warning CS8601: Possible null reference assignment. [/Users/ali1/Projects/Erp-entegrasyon/erp-api/ErpMobile.Api.csproj]
/Users/ali1/Projects/Erp-entegrasyon/erp-api/Controllers/OfficeController.cs(74,49): warning CS8601: Possible null reference assignment. [/Users/ali1/Projects/Erp-entegrasyon/erp-api/ErpMobile.Api.csproj]
/Users/ali1/Projects/Erp-entegrasyon/erp-api/Controllers/OfficeController.cs(75,43): warning CS8601: Possible null reference assignment. [/Users/ali1/Projects/Erp-entegrasyon/erp-api/ErpMobile.Api.csproj]
/Users/ali1/Projects/Erp-entegrasyon/erp-api/Controllers/ItemController.cs(457,49): warning CS8601: Possible null reference assignment. [/Users/ali1/Projects/Erp-entegrasyon/erp-api/ErpMobile.Api.csproj]
/Users/ali1/Projects/Erp-entegrasyon/erp-api/Controllers/ItemController.cs(458,56): warning CS8601: Possible null reference assignment. [/Users/ali1/Projects/Erp-entegrasyon/erp-api/ErpMobile.Api.csproj]
/Users/ali1/Projects/Erp-entegrasyon/erp-api/Controllers/ItemController.cs(459,45): warning CS8601: Possible null reference assignment. [/Users/ali1/Projects/Erp-entegrasyon/erp-api/ErpMobile.Api.csproj]
/Users/ali1/Projects/Erp-entegrasyon/erp-api/Controllers/ItemController.cs(460,52): warning CS8601: Possible null reference assignment. [/Users/ali1/Projects/Erp-entegrasyon/erp-api/ErpMobile.Api.csproj]
/Users/ali1/Projects/Erp-entegrasyon/erp-api/Controllers/ItemController.cs(461,54): warning CS8601: Possible null reference assignment. [/Users/ali1/Projects/Erp-entegrasyon/erp-api/ErpMobile.Api.csproj]
/Users/ali1/Projects/Erp-entegrasyon/erp-api/Controllers/ItemController.cs(481,28): warning CS8625: Cannot convert null literal to non-nullable reference type. [/Users/ali1/Projects/Erp-entegrasyon/erp-api/ErpMobile.Api.csproj]
/Users/ali1/Projects/Erp-entegrasyon/erp-api/Controllers/OfficeController.cs(153,42): warning CS8601: Possible null reference assignment. [/Users/ali1/Projects/Erp-entegrasyon/erp-api/ErpMobile.Api.csproj]
/Users/ali1/Projects/Erp-entegrasyon/erp-api/Controllers/OfficeController.cs(154,39): warning CS8601: Possible null reference assignment. [/Users/ali1/Projects/Erp-entegrasyon/erp-api/ErpMobile.Api.csproj]
/Users/ali1/Projects/Erp-entegrasyon/erp-api/Controllers/OfficeController.cs(155,40): warning CS8601: Possible null reference assignment. [/Users/ali1/Projects/Erp-entegrasyon/erp-api/ErpMobile.Api.csproj]
/Users/ali1/Projects/Erp-entegrasyon/erp-api/Controllers/OfficeController.cs(156,44): warning CS8601: Possible null reference assignment. [/Users/ali1/Projects/Erp-entegrasyon/erp-api/ErpMobile.Api.csproj]
/Users/ali1/Projects/Erp-entegrasyon/erp-api/Controllers/OfficeController.cs(157,43): warning CS8601: Possible null reference assignment. [/Users/ali1/Projects/Erp-entegrasyon/erp-api/ErpMobile.Api.csproj]
/Users/ali1/Projects/Erp-entegrasyon/erp-api/Controllers/OfficeController.cs(158,40): warning CS8601: Possible null reference assignment. [/Users/ali1/Projects/Erp-entegrasyon/erp-api/ErpMobile.Api.csproj]
/Users/ali1/Projects/Erp-entegrasyon/erp-api/Controllers/OfficeController.cs(159,39): warning CS8601: Possible null reference assignment. [/Users/ali1/Projects/Erp-entegrasyon/erp-api/ErpMobile.Api.csproj]
/Users/ali1/Projects/Erp-entegrasyon/erp-api/Controllers/OfficeController.cs(160,43): warning CS8601: Possible null reference assignment. [/Users/ali1/Projects/Erp-entegrasyon/erp-api/ErpMobile.Api.csproj]
/Users/ali1/Projects/Erp-entegrasyon/erp-api/Controllers/OfficeController.cs(161,41): warning CS8601: Possible null reference assignment. [/Users/ali1/Projects/Erp-entegrasyon/erp-api/ErpMobile.Api.csproj]
/Users/ali1/Projects/Erp-entegrasyon/erp-api/Controllers/OfficeController.cs(162,38): warning CS8601: Possible null reference assignment. [/Users/ali1/Projects/Erp-entegrasyon/erp-api/ErpMobile.Api.csproj]
/Users/ali1/Projects/Erp-entegrasyon/erp-api/Controllers/OfficeController.cs(163,36): warning CS8601: Possible null reference assignment. [/Users/ali1/Projects/Erp-entegrasyon/erp-api/ErpMobile.Api.csproj]
/Users/ali1/Projects/Erp-entegrasyon/erp-api/Controllers/OfficeController.cs(164,43): warning CS8601: Possible null reference assignment. [/Users/ali1/Projects/Erp-entegrasyon/erp-api/ErpMobile.Api.csproj]
/Users/ali1/Projects/Erp-entegrasyon/erp-api/Controllers/OfficeController.cs(165,50): warning CS8601: Possible null reference assignment. [/Users/ali1/Projects/Erp-entegrasyon/erp-api/ErpMobile.Api.csproj]
/Users/ali1/Projects/Erp-entegrasyon/erp-api/Controllers/OfficeController.cs(166,41): warning CS8601: Possible null reference assignment. [/Users/ali1/Projects/Erp-entegrasyon/erp-api/ErpMobile.Api.csproj]
/Users/ali1/Projects/Erp-entegrasyon/erp-api/Controllers/OfficeController.cs(167,48): warning CS8601: Possible null reference assignment. [/Users/ali1/Projects/Erp-entegrasyon/erp-api/ErpMobile.Api.csproj]
/Users/ali1/Projects/Erp-entegrasyon/erp-api/Controllers/OfficeController.cs(168,40): warning CS8601: Possible null reference assignment. [/Users/ali1/Projects/Erp-entegrasyon/erp-api/ErpMobile.Api.csproj]
/Users/ali1/Projects/Erp-entegrasyon/erp-api/Controllers/OfficeController.cs(169,47): warning CS8601: Possible null reference assignment. [/Users/ali1/Projects/Erp-entegrasyon/erp-api/ErpMobile.Api.csproj]
/Users/ali1/Projects/Erp-entegrasyon/erp-api/Controllers/OfficeController.cs(170,44): warning CS8601: Possible null reference assignment. [/Users/ali1/Projects/Erp-entegrasyon/erp-api/ErpMobile.Api.csproj]
/Users/ali1/Projects/Erp-entegrasyon/erp-api/Controllers/OfficeController.cs(171,51): warning CS8601: Possible null reference assignment. [/Users/ali1/Projects/Erp-entegrasyon/erp-api/ErpMobile.Api.csproj]
/Users/ali1/Projects/Erp-entegrasyon/erp-api/Controllers/OfficeController.cs(172,39): warning CS8601: Possible null reference assignment. [/Users/ali1/Projects/Erp-entegrasyon/erp-api/ErpMobile.Api.csproj]
/Users/ali1/Projects/Erp-entegrasyon/erp-api/Controllers/OfficeController.cs(173,49): warning CS8601: Possible null reference assignment. [/Users/ali1/Projects/Erp-entegrasyon/erp-api/ErpMobile.Api.csproj]
/Users/ali1/Projects/Erp-entegrasyon/erp-api/Controllers/OfficeController.cs(189,36): warning CS8625: Cannot convert null literal to non-nullable reference type. [/Users/ali1/Projects/Erp-entegrasyon/erp-api/ErpMobile.Api.csproj]
/Users/ali1/Projects/Erp-entegrasyon/erp-api/Entities/Common/cdCity.cs(12,23): warning CS8618: Non-nullable property 'CityCode' must contain a non-null value when exiting constructor. Consider adding the 'required' modifier or declaring the property as nullable. [/Users/ali1/Projects/Erp-entegrasyon/erp-api/ErpMobile.Api.csproj]
/Users/ali1/Projects/Erp-entegrasyon/erp-api/Entities/Common/cdCity.cs(16,23): warning CS8618: Non-nullable property 'StateCode' must contain a non-null value when exiting constructor. Consider adding the 'required' modifier or declaring the property as nullable. [/Users/ali1/Projects/Erp-entegrasyon/erp-api/ErpMobile.Api.csproj]
/Users/ali1/Projects/Erp-entegrasyon/erp-api/Entities/Common/cdCity.cs(20,23): warning CS8618: Non-nullable property 'CreatedUserName' must contain a non-null value when exiting constructor. Consider adding the 'required' modifier or declaring the property as nullable. [/Users/ali1/Projects/Erp-entegrasyon/erp-api/ErpMobile.Api.csproj]
/Users/ali1/Projects/Erp-entegrasyon/erp-api/Entities/Common/cdCity.cs(27,23): warning CS8618: Non-nullable property 'LastUpdatedUserName' must contain a non-null value when exiting constructor. Consider adding the 'required' modifier or declaring the property as nullable. [/Users/ali1/Projects/Erp-entegrasyon/erp-api/ErpMobile.Api.csproj]
/Users/ali1/Projects/Erp-entegrasyon/erp-api/Entities/Common/cdCity.cs(37,32): warning CS8618: Non-nullable property 'State' must contain a non-null value when exiting constructor. Consider adding the 'required' modifier or declaring the property as nullable. [/Users/ali1/Projects/Erp-entegrasyon/erp-api/ErpMobile.Api.csproj]
/Users/ali1/Projects/Erp-entegrasyon/erp-api/Controllers/ItemController.cs(526,47): warning CS8601: Possible null reference assignment. [/Users/ali1/Projects/Erp-entegrasyon/erp-api/ErpMobile.Api.csproj]
/Users/ali1/Projects/Erp-entegrasyon/erp-api/Controllers/ItemController.cs(527,54): warning CS8601: Possible null reference assignment. [/Users/ali1/Projects/Erp-entegrasyon/erp-api/ErpMobile.Api.csproj]
/Users/ali1/Projects/Erp-entegrasyon/erp-api/Controllers/ItemController.cs(528,55): warning CS8601: Possible null reference assignment. [/Users/ali1/Projects/Erp-entegrasyon/erp-api/ErpMobile.Api.csproj]
/Users/ali1/Projects/Erp-entegrasyon/erp-api/Controllers/ItemController.cs(529,62): warning CS8601: Possible null reference assignment. [/Users/ali1/Projects/Erp-entegrasyon/erp-api/ErpMobile.Api.csproj]
/Users/ali1/Projects/Erp-entegrasyon/erp-api/Controllers/ItemController.cs(549,28): warning CS8625: Cannot convert null literal to non-nullable reference type. [/Users/ali1/Projects/Erp-entegrasyon/erp-api/ErpMobile.Api.csproj]
/Users/ali1/Projects/Erp-entegrasyon/erp-api/Controllers/CustomerController.cs(796,47): warning CS8600: Converting null literal or possible null value to non-nullable type. [/Users/ali1/Projects/Erp-entegrasyon/erp-api/ErpMobile.Api.csproj]
/Users/ali1/Projects/Erp-entegrasyon/erp-api/Repositories/Invoice/InvoiceRepository.cs(440,38): warning CS8605: Unboxing a possibly null value. [/Users/ali1/Projects/Erp-entegrasyon/erp-api/ErpMobile.Api.csproj]
/Users/ali1/Projects/Erp-entegrasyon/erp-api/Repositories/Invoice/InvoiceRepository.cs(456,49): warning CS8601: Possible null reference assignment. [/Users/ali1/Projects/Erp-entegrasyon/erp-api/ErpMobile.Api.csproj]
/Users/ali1/Projects/Erp-entegrasyon/erp-api/Repositories/Invoice/InvoiceRepository.cs(461,47): warning CS8601: Possible null reference assignment. [/Users/ali1/Projects/Erp-entegrasyon/erp-api/ErpMobile.Api.csproj]
/Users/ali1/Projects/Erp-entegrasyon/erp-api/Repositories/Invoice/InvoiceRepository.cs(463,46): warning CS8601: Possible null reference assignment. [/Users/ali1/Projects/Erp-entegrasyon/erp-api/ErpMobile.Api.csproj]
/Users/ali1/Projects/Erp-entegrasyon/erp-api/Repositories/Invoice/InvoiceRepository.cs(464,53): warning CS8601: Possible null reference assignment. [/Users/ali1/Projects/Erp-entegrasyon/erp-api/ErpMobile.Api.csproj]
/Users/ali1/Projects/Erp-entegrasyon/erp-api/Repositories/Invoice/InvoiceRepository.cs(465,48): warning CS8601: Possible null reference assignment. [/Users/ali1/Projects/Erp-entegrasyon/erp-api/ErpMobile.Api.csproj]
/Users/ali1/Projects/Erp-entegrasyon/erp-api/Repositories/Invoice/InvoiceRepository.cs(466,55): warning CS8601: Possible null reference assignment. [/Users/ali1/Projects/Erp-entegrasyon/erp-api/ErpMobile.Api.csproj]
/Users/ali1/Projects/Erp-entegrasyon/erp-api/Repositories/Invoice/InvoiceRepository.cs(467,54): warning CS8601: Possible null reference assignment. [/Users/ali1/Projects/Erp-entegrasyon/erp-api/ErpMobile.Api.csproj]
/Users/ali1/Projects/Erp-entegrasyon/erp-api/Repositories/Invoice/InvoiceRepository.cs(468,52): warning CS8601: Possible null reference assignment. [/Users/ali1/Projects/Erp-entegrasyon/erp-api/ErpMobile.Api.csproj]
/Users/ali1/Projects/Erp-entegrasyon/erp-api/Repositories/Invoice/InvoiceRepository.cs(469,52): warning CS8601: Possible null reference assignment. [/Users/ali1/Projects/Erp-entegrasyon/erp-api/ErpMobile.Api.csproj]
/Users/ali1/Projects/Erp-entegrasyon/erp-api/Repositories/Invoice/InvoiceRepository.cs(470,48): warning CS8601: Possible null reference assignment. [/Users/ali1/Projects/Erp-entegrasyon/erp-api/ErpMobile.Api.csproj]
/Users/ali1/Projects/Erp-entegrasyon/erp-api/Repositories/Invoice/InvoiceRepository.cs(471,49): warning CS8601: Possible null reference assignment. [/Users/ali1/Projects/Erp-entegrasyon/erp-api/ErpMobile.Api.csproj]
/Users/ali1/Projects/Erp-entegrasyon/erp-api/Repositories/Invoice/InvoiceRepository.cs(472,50): warning CS8601: Possible null reference assignment. [/Users/ali1/Projects/Erp-entegrasyon/erp-api/ErpMobile.Api.csproj]
/Users/ali1/Projects/Erp-entegrasyon/erp-api/Repositories/Invoice/InvoiceRepository.cs(473,57): warning CS8601: Possible null reference assignment. [/Users/ali1/Projects/Erp-entegrasyon/erp-api/ErpMobile.Api.csproj]
/Users/ali1/Projects/Erp-entegrasyon/erp-api/Repositories/Invoice/InvoiceRepository.cs(475,47): warning CS8601: Possible null reference assignment. [/Users/ali1/Projects/Erp-entegrasyon/erp-api/ErpMobile.Api.csproj]
/Users/ali1/Projects/Erp-entegrasyon/erp-api/Repositories/Invoice/InvoiceRepository.cs(477,51): warning CS8601: Possible null reference assignment. [/Users/ali1/Projects/Erp-entegrasyon/erp-api/ErpMobile.Api.csproj]
/Users/ali1/Projects/Erp-entegrasyon/erp-api/Repositories/Invoice/InvoiceRepository.cs(478,42): warning CS8601: Possible null reference assignment. [/Users/ali1/Projects/Erp-entegrasyon/erp-api/ErpMobile.Api.csproj]
/Users/ali1/Projects/Erp-entegrasyon/erp-api/Repositories/Invoice/InvoiceRepository.cs(479,48): warning CS8601: Possible null reference assignment. [/Users/ali1/Projects/Erp-entegrasyon/erp-api/ErpMobile.Api.csproj]
/Users/ali1/Projects/Erp-entegrasyon/erp-api/Repositories/Invoice/InvoiceRepository.cs(480,50): warning CS8601: Possible null reference assignment. [/Users/ali1/Projects/Erp-entegrasyon/erp-api/ErpMobile.Api.csproj]
/Users/ali1/Projects/Erp-entegrasyon/erp-api/Repositories/Invoice/InvoiceRepository.cs(481,47): warning CS8601: Possible null reference assignment. [/Users/ali1/Projects/Erp-entegrasyon/erp-api/ErpMobile.Api.csproj]
/Users/ali1/Projects/Erp-entegrasyon/erp-api/Repositories/Invoice/InvoiceRepository.cs(482,46): warning CS8601: Possible null reference assignment. [/Users/ali1/Projects/Erp-entegrasyon/erp-api/ErpMobile.Api.csproj]
/Users/ali1/Projects/Erp-entegrasyon/erp-api/Repositories/Invoice/InvoiceRepository.cs(483,45): warning CS8601: Possible null reference assignment. [/Users/ali1/Projects/Erp-entegrasyon/erp-api/ErpMobile.Api.csproj]
/Users/ali1/Projects/Erp-entegrasyon/erp-api/Repositories/Invoice/InvoiceRepository.cs(484,49): warning CS8601: Possible null reference assignment. [/Users/ali1/Projects/Erp-entegrasyon/erp-api/ErpMobile.Api.csproj]
/Users/ali1/Projects/Erp-entegrasyon/erp-api/Repositories/Invoice/InvoiceRepository.cs(485,52): warning CS8601: Possible null reference assignment. [/Users/ali1/Projects/Erp-entegrasyon/erp-api/ErpMobile.Api.csproj]
/Users/ali1/Projects/Erp-entegrasyon/erp-api/Repositories/Invoice/InvoiceRepository.cs(486,52): warning CS8601: Possible null reference assignment. [/Users/ali1/Projects/Erp-entegrasyon/erp-api/ErpMobile.Api.csproj]
/Users/ali1/Projects/Erp-entegrasyon/erp-api/Repositories/Invoice/InvoiceRepository.cs(487,50): warning CS8601: Possible null reference assignment. [/Users/ali1/Projects/Erp-entegrasyon/erp-api/ErpMobile.Api.csproj]
/Users/ali1/Projects/Erp-entegrasyon/erp-api/Repositories/Invoice/InvoiceRepository.cs(488,49): warning CS8601: Possible null reference assignment. [/Users/ali1/Projects/Erp-entegrasyon/erp-api/ErpMobile.Api.csproj]
/Users/ali1/Projects/Erp-entegrasyon/erp-api/Repositories/Invoice/InvoiceRepository.cs(489,47): warning CS8601: Possible null reference assignment. [/Users/ali1/Projects/Erp-entegrasyon/erp-api/ErpMobile.Api.csproj]
/Users/ali1/Projects/Erp-entegrasyon/erp-api/Repositories/Invoice/InvoiceRepository.cs(496,49): warning CS8601: Possible null reference assignment. [/Users/ali1/Projects/Erp-entegrasyon/erp-api/ErpMobile.Api.csproj]
/Users/ali1/Projects/Erp-entegrasyon/erp-api/Repositories/Invoice/InvoiceRepository.cs(498,51): warning CS8601: Possible null reference assignment. [/Users/ali1/Projects/Erp-entegrasyon/erp-api/ErpMobile.Api.csproj]
/Users/ali1/Projects/Erp-entegrasyon/erp-api/Repositories/Invoice/InvoiceRepository.cs(499,58): warning CS8601: Possible null reference assignment. [/Users/ali1/Projects/Erp-entegrasyon/erp-api/ErpMobile.Api.csproj]
/Users/ali1/Projects/Erp-entegrasyon/erp-api/Repositories/Invoice/InvoiceRepository.cs(500,49): warning CS8601: Possible null reference assignment. [/Users/ali1/Projects/Erp-entegrasyon/erp-api/ErpMobile.Api.csproj]
/Users/ali1/Projects/Erp-entegrasyon/erp-api/Repositories/Invoice/InvoiceRepository.cs(501,51): warning CS8601: Possible null reference assignment. [/Users/ali1/Projects/Erp-entegrasyon/erp-api/ErpMobile.Api.csproj]
/Users/ali1/Projects/Erp-entegrasyon/erp-api/Controllers/ItemController.cs(607,28): warning CS8625: Cannot convert null literal to non-nullable reference type. [/Users/ali1/Projects/Erp-entegrasyon/erp-api/ErpMobile.Api.csproj]
/Users/ali1/Projects/Erp-entegrasyon/erp-api/Entities/Common/cdCityDesc.cs(13,23): warning CS8618: Non-nullable property 'CityCode' must contain a non-null value when exiting constructor. Consider adding the 'required' modifier or declaring the property as nullable. [/Users/ali1/Projects/Erp-entegrasyon/erp-api/ErpMobile.Api.csproj]
/Users/ali1/Projects/Erp-entegrasyon/erp-api/Entities/Common/cdCityDesc.cs(18,23): warning CS8618: Non-nullable property 'LangCode' must contain a non-null value when exiting constructor. Consider adding the 'required' modifier or declaring the property as nullable. [/Users/ali1/Projects/Erp-entegrasyon/erp-api/ErpMobile.Api.csproj]
/Users/ali1/Projects/Erp-entegrasyon/erp-api/Entities/Common/cdCityDesc.cs(22,23): warning CS8618: Non-nullable property 'CityDescription' must contain a non-null value when exiting constructor. Consider adding the 'required' modifier or declaring the property as nullable. [/Users/ali1/Projects/Erp-entegrasyon/erp-api/ErpMobile.Api.csproj]
/Users/ali1/Projects/Erp-entegrasyon/erp-api/Entities/Common/cdCityDesc.cs(26,23): warning CS8618: Non-nullable property 'CreatedUserName' must contain a non-null value when exiting constructor. Consider adding the 'required' modifier or declaring the property as nullable. [/Users/ali1/Projects/Erp-entegrasyon/erp-api/ErpMobile.Api.csproj]
/Users/ali1/Projects/Erp-entegrasyon/erp-api/Entities/Common/cdCityDesc.cs(33,23): warning CS8618: Non-nullable property 'LastUpdatedUserName' must contain a non-null value when exiting constructor. Consider adding the 'required' modifier or declaring the property as nullable. [/Users/ali1/Projects/Erp-entegrasyon/erp-api/ErpMobile.Api.csproj]
/Users/ali1/Projects/Erp-entegrasyon/erp-api/Entities/Common/cdCityDesc.cs(43,31): warning CS8618: Non-nullable property 'City' must contain a non-null value when exiting constructor. Consider adding the 'required' modifier or declaring the property as nullable. [/Users/ali1/Projects/Erp-entegrasyon/erp-api/ErpMobile.Api.csproj]
/Users/ali1/Projects/Erp-entegrasyon/erp-api/Models/Requests/CustomerCreateRequest.cs(18,23): warning CS8618: Non-nullable property 'CustomerCode' must contain a non-null value when exiting constructor. Consider adding the 'required' modifier or declaring the property as nullable. [/Users/ali1/Projects/Erp-entegrasyon/erp-api/ErpMobile.Api.csproj]
/Users/ali1/Projects/Erp-entegrasyon/erp-api/Models/Requests/CustomerCreateRequest.cs(25,23): warning CS8618: Non-nullable property 'CustomerName' must contain a non-null value when exiting constructor. Consider adding the 'required' modifier or declaring the property as nullable. [/Users/ali1/Projects/Erp-entegrasyon/erp-api/ErpMobile.Api.csproj]
/Users/ali1/Projects/Erp-entegrasyon/erp-api/Models/Requests/CustomerCreateRequest.cs(31,23): warning CS8618: Non-nullable property 'CustomerSurname' must contain a non-null value when exiting constructor. Consider adding the 'required' modifier or declaring the property as nullable. [/Users/ali1/Projects/Erp-entegrasyon/erp-api/ErpMobile.Api.csproj]
/Users/ali1/Projects/Erp-entegrasyon/erp-api/Models/Requests/CustomerCreateRequest.cs(37,23): warning CS8618: Non-nullable property 'TitleCode' must contain a non-null value when exiting constructor. Consider adding the 'required' modifier or declaring the property as nullable. [/Users/ali1/Projects/Erp-entegrasyon/erp-api/ErpMobile.Api.csproj]
/Users/ali1/Projects/Erp-entegrasyon/erp-api/Models/Requests/CustomerCreateRequest.cs(43,23): warning CS8618: Non-nullable property 'Patronym' must contain a non-null value when exiting constructor. Consider adding the 'required' modifier or declaring the property as nullable. [/Users/ali1/Projects/Erp-entegrasyon/erp-api/ErpMobile.Api.csproj]
/Users/ali1/Projects/Erp-entegrasyon/erp-api/Models/Requests/CustomerCreateRequest.cs(49,23): warning CS8618: Non-nullable property 'TaxNumber' must contain a non-null value when exiting constructor. Consider adding the 'required' modifier or declaring the property as nullable. [/Users/ali1/Projects/Erp-entegrasyon/erp-api/ErpMobile.Api.csproj]
/Users/ali1/Projects/Erp-entegrasyon/erp-api/Models/Requests/CustomerCreateRequest.cs(55,23): warning CS8618: Non-nullable property 'CustomerIdentityNumber' must contain a non-null value when exiting constructor. Consider adding the 'required' modifier or declaring the property as nullable. [/Users/ali1/Projects/Erp-entegrasyon/erp-api/ErpMobile.Api.csproj]
/Users/ali1/Projects/Erp-entegrasyon/erp-api/Models/Requests/CustomerCreateRequest.cs(61,23): warning CS8618: Non-nullable property 'IdentityNum' must contain a non-null value when exiting constructor. Consider adding the 'required' modifier or declaring the property as nullable. [/Users/ali1/Projects/Erp-entegrasyon/erp-api/ErpMobile.Api.csproj]
/Users/ali1/Projects/Erp-entegrasyon/erp-api/Models/Requests/CustomerCreateRequest.cs(67,23): warning CS8618: Non-nullable property 'MersisNum' must contain a non-null value when exiting constructor. Consider adding the 'required' modifier or declaring the property as nullable. [/Users/ali1/Projects/Erp-entegrasyon/erp-api/ErpMobile.Api.csproj]
/Users/ali1/Projects/Erp-entegrasyon/erp-api/Models/Requests/CustomerCreateRequest.cs(83,23): warning CS8618: Non-nullable property 'DiscountGroupCode' must contain a non-null value when exiting constructor. Consider adding the 'required' modifier or declaring the property as nullable. [/Users/ali1/Projects/Erp-entegrasyon/erp-api/ErpMobile.Api.csproj]
/Users/ali1/Projects/Erp-entegrasyon/erp-api/Models/Requests/CustomerCreateRequest.cs(89,23): warning CS8618: Non-nullable property 'CustomerMarkupGrCode' must contain a non-null value when exiting constructor. Consider adding the 'required' modifier or declaring the property as nullable. [/Users/ali1/Projects/Erp-entegrasyon/erp-api/ErpMobile.Api.csproj]
/Users/ali1/Projects/Erp-entegrasyon/erp-api/Models/Requests/CustomerCreateRequest.cs(95,23): warning CS8618: Non-nullable property 'CustomerPaymentPlanGrCode' must contain a non-null value when exiting constructor. Consider adding the 'required' modifier or declaring the property as nullable. [/Users/ali1/Projects/Erp-entegrasyon/erp-api/ErpMobile.Api.csproj]
/Users/ali1/Projects/Erp-entegrasyon/erp-api/Models/Requests/CustomerCreateRequest.cs(101,23): warning CS8618: Non-nullable property 'VendorPaymentPlanGrCode' must contain a non-null value when exiting constructor. Consider adding the 'required' modifier or declaring the property as nullable. [/Users/ali1/Projects/Erp-entegrasyon/erp-api/ErpMobile.Api.csproj]
/Users/ali1/Projects/Erp-entegrasyon/erp-api/Models/Requests/CustomerCreateRequest.cs(107,23): warning CS8618: Non-nullable property 'CurrencyCode' must contain a non-null value when exiting constructor. Consider adding the 'required' modifier or declaring the property as nullable. [/Users/ali1/Projects/Erp-entegrasyon/erp-api/ErpMobile.Api.csproj]
/Users/ali1/Projects/Erp-entegrasyon/erp-api/Models/Requests/CustomerCreateRequest.cs(125,23): warning CS8618: Non-nullable property 'SalesmanCode' must contain a non-null value when exiting constructor. Consider adding the 'required' modifier or declaring the property as nullable. [/Users/ali1/Projects/Erp-entegrasyon/erp-api/ErpMobile.Api.csproj]
/Users/ali1/Projects/Erp-entegrasyon/erp-api/Models/Requests/CustomerCreateRequest.cs(156,23): warning CS8618: Non-nullable property 'TaxOfficeCode' must contain a non-null value when exiting constructor. Consider adding the 'required' modifier or declaring the property as nullable. [/Users/ali1/Projects/Erp-entegrasyon/erp-api/ErpMobile.Api.csproj]
/Users/ali1/Projects/Erp-entegrasyon/erp-api/Models/Requests/CustomerCreateRequest.cs(162,23): warning CS8618: Non-nullable property 'RegionCode' must contain a non-null value when exiting constructor. Consider adding the 'required' modifier or declaring the property as nullable. [/Users/ali1/Projects/Erp-entegrasyon/erp-api/ErpMobile.Api.csproj]
/Users/ali1/Projects/Erp-entegrasyon/erp-api/Models/Requests/CustomerCreateRequest.cs(168,23): warning CS8618: Non-nullable property 'CityCode' must contain a non-null value when exiting constructor. Consider adding the 'required' modifier or declaring the property as nullable. [/Users/ali1/Projects/Erp-entegrasyon/erp-api/ErpMobile.Api.csproj]
/Users/ali1/Projects/Erp-entegrasyon/erp-api/Models/Requests/CustomerCreateRequest.cs(174,23): warning CS8618: Non-nullable property 'DistrictCode' must contain a non-null value when exiting constructor. Consider adding the 'required' modifier or declaring the property as nullable. [/Users/ali1/Projects/Erp-entegrasyon/erp-api/ErpMobile.Api.csproj]
/Users/ali1/Projects/Erp-entegrasyon/erp-api/Models/Requests/CustomerCreateRequest.cs(205,23): warning CS8618: Non-nullable property 'PromotionGroupCode' must contain a non-null value when exiting constructor. Consider adding the 'required' modifier or declaring the property as nullable. [/Users/ali1/Projects/Erp-entegrasyon/erp-api/ErpMobile.Api.csproj]
/Users/ali1/Projects/Erp-entegrasyon/erp-api/Models/Requests/CustomerCreateRequest.cs(243,23): warning CS8618: Non-nullable property 'DueDateFormulaCode' must contain a non-null value when exiting constructor. Consider adding the 'required' modifier or declaring the property as nullable. [/Users/ali1/Projects/Erp-entegrasyon/erp-api/ErpMobile.Api.csproj]
/Users/ali1/Projects/Erp-entegrasyon/erp-api/Models/Requests/CustomerCreateRequest.cs(249,23): warning CS8618: Non-nullable property 'BankCode' must contain a non-null value when exiting constructor. Consider adding the 'required' modifier or declaring the property as nullable. [/Users/ali1/Projects/Erp-entegrasyon/erp-api/ErpMobile.Api.csproj]
/Users/ali1/Projects/Erp-entegrasyon/erp-api/Models/Requests/CustomerCreateRequest.cs(255,23): warning CS8618: Non-nullable property 'BankBranchCode' must contain a non-null value when exiting constructor. Consider adding the 'required' modifier or declaring the property as nullable. [/Users/ali1/Projects/Erp-entegrasyon/erp-api/ErpMobile.Api.csproj]
/Users/ali1/Projects/Erp-entegrasyon/erp-api/Models/Requests/CustomerCreateRequest.cs(266,23): warning CS8618: Non-nullable property 'IBAN' must contain a non-null value when exiting constructor. Consider adding the 'required' modifier or declaring the property as nullable. [/Users/ali1/Projects/Erp-entegrasyon/erp-api/ErpMobile.Api.csproj]
/Users/ali1/Projects/Erp-entegrasyon/erp-api/Models/Requests/CustomerCreateRequest.cs(272,23): warning CS8618: Non-nullable property 'SWIFTCode' must contain a non-null value when exiting constructor. Consider adding the 'required' modifier or declaring the property as nullable. [/Users/ali1/Projects/Erp-entegrasyon/erp-api/ErpMobile.Api.csproj]
/Users/ali1/Projects/Erp-entegrasyon/erp-api/Models/Requests/CustomerCreateRequest.cs(278,23): warning CS8618: Non-nullable property 'BankAccNo' must contain a non-null value when exiting constructor. Consider adding the 'required' modifier or declaring the property as nullable. [/Users/ali1/Projects/Erp-entegrasyon/erp-api/ErpMobile.Api.csproj]
/Users/ali1/Projects/Erp-entegrasyon/erp-api/Models/Requests/CustomerCreateRequest.cs(289,23): warning CS8618: Non-nullable property 'RetailSalePriceGroupCode' must contain a non-null value when exiting constructor. Consider adding the 'required' modifier or declaring the property as nullable. [/Users/ali1/Projects/Erp-entegrasyon/erp-api/ErpMobile.Api.csproj]
/Users/ali1/Projects/Erp-entegrasyon/erp-api/Models/Requests/CustomerCreateRequest.cs(295,23): warning CS8618: Non-nullable property 'WholesalePriceGroupCode' must contain a non-null value when exiting constructor. Consider adding the 'required' modifier or declaring the property as nullable. [/Users/ali1/Projects/Erp-entegrasyon/erp-api/ErpMobile.Api.csproj]
/Users/ali1/Projects/Erp-entegrasyon/erp-api/Models/Requests/CustomerCreateRequest.cs(311,23): warning CS8618: Non-nullable property 'SalesChannelCode' must contain a non-null value when exiting constructor. Consider adding the 'required' modifier or declaring the property as nullable. [/Users/ali1/Projects/Erp-entegrasyon/erp-api/ErpMobile.Api.csproj]
/Users/ali1/Projects/Erp-entegrasyon/erp-api/Models/Requests/CustomerCreateRequest.cs(322,23): warning CS8618: Non-nullable property 'BarcodeTypeCode' must contain a non-null value when exiting constructor. Consider adding the 'required' modifier or declaring the property as nullable. [/Users/ali1/Projects/Erp-entegrasyon/erp-api/ErpMobile.Api.csproj]
/Users/ali1/Projects/Erp-entegrasyon/erp-api/Models/Requests/CustomerCreateRequest.cs(328,23): warning CS8618: Non-nullable property 'CostCenterCode' must contain a non-null value when exiting constructor. Consider adding the 'required' modifier or declaring the property as nullable. [/Users/ali1/Projects/Erp-entegrasyon/erp-api/ErpMobile.Api.csproj]
/Users/ali1/Projects/Erp-entegrasyon/erp-api/Models/Requests/CustomerCreateRequest.cs(339,23): warning CS8618: Non-nullable property 'GLTypeCode' must contain a non-null value when exiting constructor. Consider adding the 'required' modifier or declaring the property as nullable. [/Users/ali1/Projects/Erp-entegrasyon/erp-api/ErpMobile.Api.csproj]
/Users/ali1/Projects/Erp-entegrasyon/erp-api/Models/Requests/CustomerCreateRequest.cs(355,23): warning CS8618: Non-nullable property 'CurrAccLotGrCode' must contain a non-null value when exiting constructor. Consider adding the 'required' modifier or declaring the property as nullable. [/Users/ali1/Projects/Erp-entegrasyon/erp-api/ErpMobile.Api.csproj]
/Users/ali1/Projects/Erp-entegrasyon/erp-api/Models/Requests/CustomerCreateRequest.cs(391,23): warning CS8618: Non-nullable property 'DBSAccountCode' must contain a non-null value when exiting constructor. Consider adding the 'required' modifier or declaring the property as nullable. [/Users/ali1/Projects/Erp-entegrasyon/erp-api/ErpMobile.Api.csproj]
/Users/ali1/Projects/Erp-entegrasyon/erp-api/Controllers/ItemController.cs(665,28): warning CS8625: Cannot convert null literal to non-nullable reference type. [/Users/ali1/Projects/Erp-entegrasyon/erp-api/ErpMobile.Api.csproj]
/Users/ali1/Projects/Erp-entegrasyon/erp-api/Models/Requests/CustomerCreateBasicRequest.cs(16,23): warning CS8618: Non-nullable property 'CustomerName' must contain a non-null value when exiting constructor. Consider adding the 'required' modifier or declaring the property as nullable. [/Users/ali1/Projects/Erp-entegrasyon/erp-api/ErpMobile.Api.csproj]
/Users/ali1/Projects/Erp-entegrasyon/erp-api/Models/Requests/CustomerCreateBasicRequest.cs(21,23): warning CS8618: Non-nullable property 'CustomerCode' must contain a non-null value when exiting constructor. Consider adding the 'required' modifier or declaring the property as nullable. [/Users/ali1/Projects/Erp-entegrasyon/erp-api/ErpMobile.Api.csproj]
/Users/ali1/Projects/Erp-entegrasyon/erp-api/Models/Requests/CustomerCreateBasicRequest.cs(26,23): warning CS8618: Non-nullable property 'TaxNumber' must contain a non-null value when exiting constructor. Consider adding the 'required' modifier or declaring the property as nullable. [/Users/ali1/Projects/Erp-entegrasyon/erp-api/ErpMobile.Api.csproj]
/Users/ali1/Projects/Erp-entegrasyon/erp-api/Models/Requests/CustomerCreateBasicRequest.cs(31,23): warning CS8618: Non-nullable property 'TaxOffice' must contain a non-null value when exiting constructor. Consider adding the 'required' modifier or declaring the property as nullable. [/Users/ali1/Projects/Erp-entegrasyon/erp-api/ErpMobile.Api.csproj]
/Users/ali1/Projects/Erp-entegrasyon/erp-api/Models/Requests/CustomerCreateBasicRequest.cs(36,23): warning CS8618: Non-nullable property 'CustomerTypeCode' must contain a non-null value when exiting constructor. Consider adding the 'required' modifier or declaring the property as nullable. [/Users/ali1/Projects/Erp-entegrasyon/erp-api/ErpMobile.Api.csproj]
/Users/ali1/Projects/Erp-entegrasyon/erp-api/Models/Requests/CustomerCreateBasicRequest.cs(41,23): warning CS8618: Non-nullable property 'CustomerGroupCode' must contain a non-null value when exiting constructor. Consider adding the 'required' modifier or declaring the property as nullable. [/Users/ali1/Projects/Erp-entegrasyon/erp-api/ErpMobile.Api.csproj]
/Users/ali1/Projects/Erp-entegrasyon/erp-api/Models/Requests/CustomerCreateBasicRequest.cs(46,23): warning CS8618: Non-nullable property 'Description' must contain a non-null value when exiting constructor. Consider adding the 'required' modifier or declaring the property as nullable. [/Users/ali1/Projects/Erp-entegrasyon/erp-api/ErpMobile.Api.csproj]
/Users/ali1/Projects/Erp-entegrasyon/erp-api/Repositories/Invoice/InvoiceRepository.cs(624,49): warning CS8601: Possible null reference assignment. [/Users/ali1/Projects/Erp-entegrasyon/erp-api/ErpMobile.Api.csproj]
/Users/ali1/Projects/Erp-entegrasyon/erp-api/Repositories/Invoice/InvoiceRepository.cs(628,47): warning CS8601: Possible null reference assignment. [/Users/ali1/Projects/Erp-entegrasyon/erp-api/ErpMobile.Api.csproj]
/Users/ali1/Projects/Erp-entegrasyon/erp-api/Repositories/Invoice/InvoiceRepository.cs(630,46): warning CS8601: Possible null reference assignment. [/Users/ali1/Projects/Erp-entegrasyon/erp-api/ErpMobile.Api.csproj]
/Users/ali1/Projects/Erp-entegrasyon/erp-api/Repositories/Invoice/InvoiceRepository.cs(631,53): warning CS8601: Possible null reference assignment. [/Users/ali1/Projects/Erp-entegrasyon/erp-api/ErpMobile.Api.csproj]
/Users/ali1/Projects/Erp-entegrasyon/erp-api/Repositories/Invoice/InvoiceRepository.cs(632,48): warning CS8601: Possible null reference assignment. [/Users/ali1/Projects/Erp-entegrasyon/erp-api/ErpMobile.Api.csproj]
/Users/ali1/Projects/Erp-entegrasyon/erp-api/Repositories/Invoice/InvoiceRepository.cs(633,55): warning CS8601: Possible null reference assignment. [/Users/ali1/Projects/Erp-entegrasyon/erp-api/ErpMobile.Api.csproj]
/Users/ali1/Projects/Erp-entegrasyon/erp-api/Repositories/Invoice/InvoiceRepository.cs(634,54): warning CS8601: Possible null reference assignment. [/Users/ali1/Projects/Erp-entegrasyon/erp-api/ErpMobile.Api.csproj]
/Users/ali1/Projects/Erp-entegrasyon/erp-api/Repositories/Invoice/InvoiceRepository.cs(635,52): warning CS8601: Possible null reference assignment. [/Users/ali1/Projects/Erp-entegrasyon/erp-api/ErpMobile.Api.csproj]
/Users/ali1/Projects/Erp-entegrasyon/erp-api/Repositories/Invoice/InvoiceRepository.cs(636,52): warning CS8601: Possible null reference assignment. [/Users/ali1/Projects/Erp-entegrasyon/erp-api/ErpMobile.Api.csproj]
/Users/ali1/Projects/Erp-entegrasyon/erp-api/Repositories/Invoice/InvoiceRepository.cs(637,48): warning CS8601: Possible null reference assignment. [/Users/ali1/Projects/Erp-entegrasyon/erp-api/ErpMobile.Api.csproj]
/Users/ali1/Projects/Erp-entegrasyon/erp-api/Repositories/Invoice/InvoiceRepository.cs(638,49): warning CS8601: Possible null reference assignment. [/Users/ali1/Projects/Erp-entegrasyon/erp-api/ErpMobile.Api.csproj]
/Users/ali1/Projects/Erp-entegrasyon/erp-api/Repositories/Invoice/InvoiceRepository.cs(639,50): warning CS8601: Possible null reference assignment. [/Users/ali1/Projects/Erp-entegrasyon/erp-api/ErpMobile.Api.csproj]
/Users/ali1/Projects/Erp-entegrasyon/erp-api/Repositories/Invoice/InvoiceRepository.cs(640,57): warning CS8601: Possible null reference assignment. [/Users/ali1/Projects/Erp-entegrasyon/erp-api/ErpMobile.Api.csproj]
/Users/ali1/Projects/Erp-entegrasyon/erp-api/Repositories/Invoice/InvoiceRepository.cs(642,47): warning CS8601: Possible null reference assignment. [/Users/ali1/Projects/Erp-entegrasyon/erp-api/ErpMobile.Api.csproj]
/Users/ali1/Projects/Erp-entegrasyon/erp-api/Repositories/Invoice/InvoiceRepository.cs(644,51): warning CS8601: Possible null reference assignment. [/Users/ali1/Projects/Erp-entegrasyon/erp-api/ErpMobile.Api.csproj]
/Users/ali1/Projects/Erp-entegrasyon/erp-api/Repositories/Invoice/InvoiceRepository.cs(645,42): warning CS8601: Possible null reference assignment. [/Users/ali1/Projects/Erp-entegrasyon/erp-api/ErpMobile.Api.csproj]
/Users/ali1/Projects/Erp-entegrasyon/erp-api/Repositories/Invoice/InvoiceRepository.cs(646,48): warning CS8601: Possible null reference assignment. [/Users/ali1/Projects/Erp-entegrasyon/erp-api/ErpMobile.Api.csproj]
/Users/ali1/Projects/Erp-entegrasyon/erp-api/Repositories/Invoice/InvoiceRepository.cs(647,50): warning CS8601: Possible null reference assignment. [/Users/ali1/Projects/Erp-entegrasyon/erp-api/ErpMobile.Api.csproj]
/Users/ali1/Projects/Erp-entegrasyon/erp-api/Repositories/Invoice/InvoiceRepository.cs(648,47): warning CS8601: Possible null reference assignment. [/Users/ali1/Projects/Erp-entegrasyon/erp-api/ErpMobile.Api.csproj]
/Users/ali1/Projects/Erp-entegrasyon/erp-api/Repositories/Invoice/InvoiceRepository.cs(649,46): warning CS8601: Possible null reference assignment. [/Users/ali1/Projects/Erp-entegrasyon/erp-api/ErpMobile.Api.csproj]
/Users/ali1/Projects/Erp-entegrasyon/erp-api/Repositories/Invoice/InvoiceRepository.cs(650,45): warning CS8601: Possible null reference assignment. [/Users/ali1/Projects/Erp-entegrasyon/erp-api/ErpMobile.Api.csproj]
/Users/ali1/Projects/Erp-entegrasyon/erp-api/Repositories/Invoice/InvoiceRepository.cs(651,49): warning CS8601: Possible null reference assignment. [/Users/ali1/Projects/Erp-entegrasyon/erp-api/ErpMobile.Api.csproj]
/Users/ali1/Projects/Erp-entegrasyon/erp-api/Repositories/Invoice/InvoiceRepository.cs(652,52): warning CS8601: Possible null reference assignment. [/Users/ali1/Projects/Erp-entegrasyon/erp-api/ErpMobile.Api.csproj]
/Users/ali1/Projects/Erp-entegrasyon/erp-api/Repositories/Invoice/InvoiceRepository.cs(653,52): warning CS8601: Possible null reference assignment. [/Users/ali1/Projects/Erp-entegrasyon/erp-api/ErpMobile.Api.csproj]
/Users/ali1/Projects/Erp-entegrasyon/erp-api/Repositories/Invoice/InvoiceRepository.cs(654,50): warning CS8601: Possible null reference assignment. [/Users/ali1/Projects/Erp-entegrasyon/erp-api/ErpMobile.Api.csproj]
/Users/ali1/Projects/Erp-entegrasyon/erp-api/Repositories/Invoice/InvoiceRepository.cs(655,49): warning CS8601: Possible null reference assignment. [/Users/ali1/Projects/Erp-entegrasyon/erp-api/ErpMobile.Api.csproj]
/Users/ali1/Projects/Erp-entegrasyon/erp-api/Repositories/Invoice/InvoiceRepository.cs(656,47): warning CS8601: Possible null reference assignment. [/Users/ali1/Projects/Erp-entegrasyon/erp-api/ErpMobile.Api.csproj]
/Users/ali1/Projects/Erp-entegrasyon/erp-api/Repositories/Invoice/InvoiceRepository.cs(663,49): warning CS8601: Possible null reference assignment. [/Users/ali1/Projects/Erp-entegrasyon/erp-api/ErpMobile.Api.csproj]
/Users/ali1/Projects/Erp-entegrasyon/erp-api/Repositories/Invoice/InvoiceRepository.cs(665,51): warning CS8601: Possible null reference assignment. [/Users/ali1/Projects/Erp-entegrasyon/erp-api/ErpMobile.Api.csproj]
/Users/ali1/Projects/Erp-entegrasyon/erp-api/Repositories/Invoice/InvoiceRepository.cs(666,58): warning CS8601: Possible null reference assignment. [/Users/ali1/Projects/Erp-entegrasyon/erp-api/ErpMobile.Api.csproj]
/Users/ali1/Projects/Erp-entegrasyon/erp-api/Repositories/Invoice/InvoiceRepository.cs(667,49): warning CS8601: Possible null reference assignment. [/Users/ali1/Projects/Erp-entegrasyon/erp-api/ErpMobile.Api.csproj]
/Users/ali1/Projects/Erp-entegrasyon/erp-api/Repositories/Invoice/InvoiceRepository.cs(668,51): warning CS8601: Possible null reference assignment. [/Users/ali1/Projects/Erp-entegrasyon/erp-api/ErpMobile.Api.csproj]
/Users/ali1/Projects/Erp-entegrasyon/erp-api/Repositories/Invoice/InvoiceRepository.cs(677,24): warning CS8603: Possible null reference return. [/Users/ali1/Projects/Erp-entegrasyon/erp-api/ErpMobile.Api.csproj]
/Users/ali1/Projects/Erp-entegrasyon/erp-api/Models/Requests/CustomerContactUpdateRequestNew.cs(16,23): warning CS8618: Non-nullable property 'CustomerCode' must contain a non-null value when exiting constructor. Consider adding the 'required' modifier or declaring the property as nullable. [/Users/ali1/Projects/Erp-entegrasyon/erp-api/ErpMobile.Api.csproj]
/Users/ali1/Projects/Erp-entegrasyon/erp-api/Models/Requests/CustomerContactUpdateRequestNew.cs(28,23): warning CS8618: Non-nullable property 'ContactTypeCode' must contain a non-null value when exiting constructor. Consider adding the 'required' modifier or declaring the property as nullable. [/Users/ali1/Projects/Erp-entegrasyon/erp-api/ErpMobile.Api.csproj]
/Users/ali1/Projects/Erp-entegrasyon/erp-api/Models/Requests/CustomerContactUpdateRequestNew.cs(35,23): warning CS8618: Non-nullable property 'FirstName' must contain a non-null value when exiting constructor. Consider adding the 'required' modifier or declaring the property as nullable. [/Users/ali1/Projects/Erp-entegrasyon/erp-api/ErpMobile.Api.csproj]
/Users/ali1/Projects/Erp-entegrasyon/erp-api/Models/Requests/CustomerContactUpdateRequestNew.cs(42,23): warning CS8618: Non-nullable property 'LastName' must contain a non-null value when exiting constructor. Consider adding the 'required' modifier or declaring the property as nullable. [/Users/ali1/Projects/Erp-entegrasyon/erp-api/ErpMobile.Api.csproj]
/Users/ali1/Projects/Erp-entegrasyon/erp-api/Models/Requests/CustomerContactUpdateRequestNew.cs(48,23): warning CS8618: Non-nullable property 'TitleCode' must contain a non-null value when exiting constructor. Consider adding the 'required' modifier or declaring the property as nullable. [/Users/ali1/Projects/Erp-entegrasyon/erp-api/ErpMobile.Api.csproj]
/Users/ali1/Projects/Erp-entegrasyon/erp-api/Models/Requests/CustomerContactUpdateRequestNew.cs(54,23): warning CS8618: Non-nullable property 'JobTitleCode' must contain a non-null value when exiting constructor. Consider adding the 'required' modifier or declaring the property as nullable. [/Users/ali1/Projects/Erp-entegrasyon/erp-api/ErpMobile.Api.csproj]
/Users/ali1/Projects/Erp-entegrasyon/erp-api/Models/Requests/CustomerContactUpdateRequestNew.cs(65,23): warning CS8618: Non-nullable property 'IdentityNum' must contain a non-null value when exiting constructor. Consider adding the 'required' modifier or declaring the property as nullable. [/Users/ali1/Projects/Erp-entegrasyon/erp-api/ErpMobile.Api.csproj]
/Users/ali1/Projects/Erp-entegrasyon/erp-api/Models/Requests/CustomerContactCreateRequestNew.cs(14,23): warning CS8618: Non-nullable property 'CustomerCode' must contain a non-null value when exiting constructor. Consider adding the 'required' modifier or declaring the property as nullable. [/Users/ali1/Projects/Erp-entegrasyon/erp-api/ErpMobile.Api.csproj]
/Users/ali1/Projects/Erp-entegrasyon/erp-api/Models/Requests/CustomerContactCreateRequestNew.cs(25,23): warning CS8618: Non-nullable property 'ContactTypeCode' must contain a non-null value when exiting constructor. Consider adding the 'required' modifier or declaring the property as nullable. [/Users/ali1/Projects/Erp-entegrasyon/erp-api/ErpMobile.Api.csproj]
/Users/ali1/Projects/Erp-entegrasyon/erp-api/Models/Requests/CustomerContactCreateRequestNew.cs(31,23): warning CS8618: Non-nullable property 'FirstName' must contain a non-null value when exiting constructor. Consider adding the 'required' modifier or declaring the property as nullable. [/Users/ali1/Projects/Erp-entegrasyon/erp-api/ErpMobile.Api.csproj]
/Users/ali1/Projects/Erp-entegrasyon/erp-api/Models/Requests/CustomerContactCreateRequestNew.cs(37,23): warning CS8618: Non-nullable property 'LastName' must contain a non-null value when exiting constructor. Consider adding the 'required' modifier or declaring the property as nullable. [/Users/ali1/Projects/Erp-entegrasyon/erp-api/ErpMobile.Api.csproj]
/Users/ali1/Projects/Erp-entegrasyon/erp-api/Models/Requests/CustomerContactCreateRequestNew.cs(48,23): warning CS8618: Non-nullable property 'CreatedUserName' must contain a non-null value when exiting constructor. Consider adding the 'required' modifier or declaring the property as nullable. [/Users/ali1/Projects/Erp-entegrasyon/erp-api/ErpMobile.Api.csproj]
/Users/ali1/Projects/Erp-entegrasyon/erp-api/Models/Requests/CustomerContactCreateRequestNew.cs(53,23): warning CS8618: Non-nullable property 'LastUpdatedUserName' must contain a non-null value when exiting constructor. Consider adding the 'required' modifier or declaring the property as nullable. [/Users/ali1/Projects/Erp-entegrasyon/erp-api/ErpMobile.Api.csproj]
/Users/ali1/Projects/Erp-entegrasyon/erp-api/Models/Requests/CustomerContactCreateRequestNew.cs(59,23): warning CS8618: Non-nullable property 'IdentityNum' must contain a non-null value when exiting constructor. Consider adding the 'required' modifier or declaring the property as nullable. [/Users/ali1/Projects/Erp-entegrasyon/erp-api/ErpMobile.Api.csproj]
/Users/ali1/Projects/Erp-entegrasyon/erp-api/Controllers/ItemController.cs(700,32): warning CS8625: Cannot convert null literal to non-nullable reference type. [/Users/ali1/Projects/Erp-entegrasyon/erp-api/ErpMobile.Api.csproj]
/Users/ali1/Projects/Erp-entegrasyon/erp-api/Controllers/ItemController.cs(774,28): warning CS8625: Cannot convert null literal to non-nullable reference type. [/Users/ali1/Projects/Erp-entegrasyon/erp-api/ErpMobile.Api.csproj]
/Users/ali1/Projects/Erp-entegrasyon/erp-api/Controllers/RoleController.cs(79,27): warning CS8601: Possible null reference assignment. [/Users/ali1/Projects/Erp-entegrasyon/erp-api/ErpMobile.Api.csproj]
/Users/ali1/Projects/Erp-entegrasyon/erp-api/Models/Requests/CustomerCommunicationUpdateRequestNew.cs(16,23): warning CS8618: Non-nullable property 'CustomerCode' must contain a non-null value when exiting constructor. Consider adding the 'required' modifier or declaring the property as nullable. [/Users/ali1/Projects/Erp-entegrasyon/erp-api/ErpMobile.Api.csproj]
/Users/ali1/Projects/Erp-entegrasyon/erp-api/Models/Requests/CustomerCommunicationUpdateRequestNew.cs(28,23): warning CS8618: Non-nullable property 'CommunicationTypeCode' must contain a non-null value when exiting constructor. Consider adding the 'required' modifier or declaring the property as nullable. [/Users/ali1/Projects/Erp-entegrasyon/erp-api/ErpMobile.Api.csproj]
/Users/ali1/Projects/Erp-entegrasyon/erp-api/Models/Requests/CustomerCommunicationUpdateRequestNew.cs(35,23): warning CS8618: Non-nullable property 'CommAddress' must contain a non-null value when exiting constructor. Consider adding the 'required' modifier or declaring the property as nullable. [/Users/ali1/Projects/Erp-entegrasyon/erp-api/ErpMobile.Api.csproj]
/Users/ali1/Projects/Erp-entegrasyon/erp-api/Repositories/Invoice/InvoiceRepository.cs(737,47): warning CS8601: Possible null reference assignment. [/Users/ali1/Projects/Erp-entegrasyon/erp-api/ErpMobile.Api.csproj]
/Users/ali1/Projects/Erp-entegrasyon/erp-api/Repositories/Invoice/InvoiceRepository.cs(738,48): warning CS8601: Possible null reference assignment. [/Users/ali1/Projects/Erp-entegrasyon/erp-api/ErpMobile.Api.csproj]
/Users/ali1/Projects/Erp-entegrasyon/erp-api/Repositories/Invoice/InvoiceRepository.cs(740,56): warning CS8601: Possible null reference assignment. [/Users/ali1/Projects/Erp-entegrasyon/erp-api/ErpMobile.Api.csproj]
/Users/ali1/Projects/Erp-entegrasyon/erp-api/Controllers/ProductController.cs(57,82): warning CS8625: Cannot convert null literal to non-nullable reference type. [/Users/ali1/Projects/Erp-entegrasyon/erp-api/ErpMobile.Api.csproj]
/Users/ali1/Projects/Erp-entegrasyon/erp-api/Controllers/ProductController.cs(62,82): warning CS8625: Cannot convert null literal to non-nullable reference type. [/Users/ali1/Projects/Erp-entegrasyon/erp-api/ErpMobile.Api.csproj]
/Users/ali1/Projects/Erp-entegrasyon/erp-api/Controllers/ProductController.cs(130,80): warning CS8625: Cannot convert null literal to non-nullable reference type. [/Users/ali1/Projects/Erp-entegrasyon/erp-api/ErpMobile.Api.csproj]
/Users/ali1/Projects/Erp-entegrasyon/erp-api/Controllers/ProductController.cs(146,83): warning CS8625: Cannot convert null literal to non-nullable reference type. [/Users/ali1/Projects/Erp-entegrasyon/erp-api/ErpMobile.Api.csproj]
/Users/ali1/Projects/Erp-entegrasyon/erp-api/Models/Requests/CustomerCommunicationCreateRequestNew.cs(16,23): warning CS8618: Non-nullable property 'CustomerCode' must contain a non-null value when exiting constructor. Consider adding the 'required' modifier or declaring the property as nullable. [/Users/ali1/Projects/Erp-entegrasyon/erp-api/ErpMobile.Api.csproj]
/Users/ali1/Projects/Erp-entegrasyon/erp-api/Models/Requests/CustomerCommunicationCreateRequestNew.cs(28,23): warning CS8618: Non-nullable property 'CommunicationTypeCode' must contain a non-null value when exiting constructor. Consider adding the 'required' modifier or declaring the property as nullable. [/Users/ali1/Projects/Erp-entegrasyon/erp-api/ErpMobile.Api.csproj]
/Users/ali1/Projects/Erp-entegrasyon/erp-api/Models/Requests/CustomerCommunicationCreateRequestNew.cs(35,23): warning CS8618: Non-nullable property 'CommAddress' must contain a non-null value when exiting constructor. Consider adding the 'required' modifier or declaring the property as nullable. [/Users/ali1/Projects/Erp-entegrasyon/erp-api/ErpMobile.Api.csproj]
/Users/ali1/Projects/Erp-entegrasyon/erp-api/Models/Requests/CustomerCommunicationCreateRequestNew.cs(60,23): warning CS8618: Non-nullable property 'CreatedUserName' must contain a non-null value when exiting constructor. Consider adding the 'required' modifier or declaring the property as nullable. [/Users/ali1/Projects/Erp-entegrasyon/erp-api/ErpMobile.Api.csproj]
/Users/ali1/Projects/Erp-entegrasyon/erp-api/Models/Requests/CustomerCommunicationCreateRequestNew.cs(65,23): warning CS8618: Non-nullable property 'LastUpdatedUserName' must contain a non-null value when exiting constructor. Consider adding the 'required' modifier or declaring the property as nullable. [/Users/ali1/Projects/Erp-entegrasyon/erp-api/ErpMobile.Api.csproj]
/Users/ali1/Projects/Erp-entegrasyon/erp-api/Controllers/ProductController.cs(162,82): warning CS8625: Cannot convert null literal to non-nullable reference type. [/Users/ali1/Projects/Erp-entegrasyon/erp-api/ErpMobile.Api.csproj]
/Users/ali1/Projects/Erp-entegrasyon/erp-api/Controllers/ProductController.cs(172,80): warning CS8625: Cannot convert null literal to non-nullable reference type. [/Users/ali1/Projects/Erp-entegrasyon/erp-api/ErpMobile.Api.csproj]
/Users/ali1/Projects/Erp-entegrasyon/erp-api/Controllers/ProductController.cs(180,83): warning CS8625: Cannot convert null literal to non-nullable reference type. [/Users/ali1/Projects/Erp-entegrasyon/erp-api/ErpMobile.Api.csproj]
/Users/ali1/Projects/Erp-entegrasyon/erp-api/Models/Requests/CustomerCommunicationCreateRequest.cs(15,23): warning CS8618: Non-nullable property 'CustomerCode' must contain a non-null value when exiting constructor. Consider adding the 'required' modifier or declaring the property as nullable. [/Users/ali1/Projects/Erp-entegrasyon/erp-api/ErpMobile.Api.csproj]
/Users/ali1/Projects/Erp-entegrasyon/erp-api/Models/Requests/CustomerCommunicationCreateRequest.cs(22,23): warning CS8618: Non-nullable property 'CommunicationTypeCode' must contain a non-null value when exiting constructor. Consider adding the 'required' modifier or declaring the property as nullable. [/Users/ali1/Projects/Erp-entegrasyon/erp-api/ErpMobile.Api.csproj]
/Users/ali1/Projects/Erp-entegrasyon/erp-api/Models/Requests/CustomerCommunicationCreateRequest.cs(29,23): warning CS8618: Non-nullable property 'Communication' must contain a non-null value when exiting constructor. Consider adding the 'required' modifier or declaring the property as nullable. [/Users/ali1/Projects/Erp-entegrasyon/erp-api/ErpMobile.Api.csproj]
/Users/ali1/Projects/Erp-entegrasyon/erp-api/Controllers/ProductController.cs(200,64): warning CS8625: Cannot convert null literal to non-nullable reference type. [/Users/ali1/Projects/Erp-entegrasyon/erp-api/ErpMobile.Api.csproj]
/Users/ali1/Projects/Erp-entegrasyon/erp-api/Controllers/ItemController.cs(811,32): warning CS8625: Cannot convert null literal to non-nullable reference type. [/Users/ali1/Projects/Erp-entegrasyon/erp-api/ErpMobile.Api.csproj]
/Users/ali1/Projects/Erp-entegrasyon/erp-api/Controllers/ItemController.cs(901,28): warning CS8625: Cannot convert null literal to non-nullable reference type. [/Users/ali1/Projects/Erp-entegrasyon/erp-api/ErpMobile.Api.csproj]
/Users/ali1/Projects/Erp-entegrasyon/erp-api/Models/Requests/CustomerAddressUpdateRequestNew.cs(16,23): warning CS8618: Non-nullable property 'CustomerCode' must contain a non-null value when exiting constructor. Consider adding the 'required' modifier or declaring the property as nullable. [/Users/ali1/Projects/Erp-entegrasyon/erp-api/ErpMobile.Api.csproj]
/Users/ali1/Projects/Erp-entegrasyon/erp-api/Models/Requests/CustomerAddressUpdateRequestNew.cs(28,23): warning CS8618: Non-nullable property 'AddressTypeCode' must contain a non-null value when exiting constructor. Consider adding the 'required' modifier or declaring the property as nullable. [/Users/ali1/Projects/Erp-entegrasyon/erp-api/ErpMobile.Api.csproj]
/Users/ali1/Projects/Erp-entegrasyon/erp-api/Models/Requests/CustomerAddressUpdateRequestNew.cs(35,23): warning CS8618: Non-nullable property 'Address' must contain a non-null value when exiting constructor. Consider adding the 'required' modifier or declaring the property as nullable. [/Users/ali1/Projects/Erp-entegrasyon/erp-api/ErpMobile.Api.csproj]
/Users/ali1/Projects/Erp-entegrasyon/erp-api/Models/Requests/CustomerAddressUpdateRequestNew.cs(40,23): warning CS8618: Non-nullable property 'CountryCode' must contain a non-null value when exiting constructor. Consider adding the 'required' modifier or declaring the property as nullable. [/Users/ali1/Projects/Erp-entegrasyon/erp-api/ErpMobile.Api.csproj]
/Users/ali1/Projects/Erp-entegrasyon/erp-api/Models/Requests/CustomerAddressUpdateRequestNew.cs(46,23): warning CS8618: Non-nullable property 'StateCode' must contain a non-null value when exiting constructor. Consider adding the 'required' modifier or declaring the property as nullable. [/Users/ali1/Projects/Erp-entegrasyon/erp-api/ErpMobile.Api.csproj]
/Users/ali1/Projects/Erp-entegrasyon/erp-api/Models/Requests/CustomerAddressUpdateRequestNew.cs(52,23): warning CS8618: Non-nullable property 'CityCode' must contain a non-null value when exiting constructor. Consider adding the 'required' modifier or declaring the property as nullable. [/Users/ali1/Projects/Erp-entegrasyon/erp-api/ErpMobile.Api.csproj]
/Users/ali1/Projects/Erp-entegrasyon/erp-api/Models/Requests/CustomerAddressUpdateRequestNew.cs(58,23): warning CS8618: Non-nullable property 'DistrictCode' must contain a non-null value when exiting constructor. Consider adding the 'required' modifier or declaring the property as nullable. [/Users/ali1/Projects/Erp-entegrasyon/erp-api/ErpMobile.Api.csproj]
/Users/ali1/Projects/Erp-entegrasyon/erp-api/Models/Requests/CustomerAddressUpdateRequestNew.cs(64,23): warning CS8618: Non-nullable property 'TaxOfficeCode' must contain a non-null value when exiting constructor. Consider adding the 'required' modifier or declaring the property as nullable. [/Users/ali1/Projects/Erp-entegrasyon/erp-api/ErpMobile.Api.csproj]
/Users/ali1/Projects/Erp-entegrasyon/erp-api/Models/Requests/CustomerAddressUpdateRequestNew.cs(70,23): warning CS8618: Non-nullable property 'TaxNumber' must contain a non-null value when exiting constructor. Consider adding the 'required' modifier or declaring the property as nullable. [/Users/ali1/Projects/Erp-entegrasyon/erp-api/ErpMobile.Api.csproj]
/Users/ali1/Projects/Erp-entegrasyon/erp-api/Models/Requests/CustomerAddressUpdateRequestNew.cs(85,23): warning CS8618: Non-nullable property 'AddressID' must contain a non-null value when exiting constructor. Consider adding the 'required' modifier or declaring the property as nullable. [/Users/ali1/Projects/Erp-entegrasyon/erp-api/ErpMobile.Api.csproj]
/Users/ali1/Projects/Erp-entegrasyon/erp-api/Controllers/ProductController.cs(257,77): warning CS8625: Cannot convert null literal to non-nullable reference type. [/Users/ali1/Projects/Erp-entegrasyon/erp-api/ErpMobile.Api.csproj]
/Users/ali1/Projects/Erp-entegrasyon/erp-api/Controllers/ProductController.cs(265,80): warning CS8625: Cannot convert null literal to non-nullable reference type. [/Users/ali1/Projects/Erp-entegrasyon/erp-api/ErpMobile.Api.csproj]
/Users/ali1/Projects/Erp-entegrasyon/erp-api/Controllers/ItemController.cs(933,32): warning CS8625: Cannot convert null literal to non-nullable reference type. [/Users/ali1/Projects/Erp-entegrasyon/erp-api/ErpMobile.Api.csproj]
/Users/ali1/Projects/Erp-entegrasyon/erp-api/Controllers/ItemController.cs(961,28): warning CS8625: Cannot convert null literal to non-nullable reference type. [/Users/ali1/Projects/Erp-entegrasyon/erp-api/ErpMobile.Api.csproj]
/Users/ali1/Projects/Erp-entegrasyon/erp-api/Controllers/ItemController.cs(971,28): warning CS8625: Cannot convert null literal to non-nullable reference type. [/Users/ali1/Projects/Erp-entegrasyon/erp-api/ErpMobile.Api.csproj]
/Users/ali1/Projects/Erp-entegrasyon/erp-api/Controllers/ProductController.cs(283,79): warning CS8625: Cannot convert null literal to non-nullable reference type. [/Users/ali1/Projects/Erp-entegrasyon/erp-api/ErpMobile.Api.csproj]
/Users/ali1/Projects/Erp-entegrasyon/erp-api/Controllers/ProductController.cs(291,82): warning CS8625: Cannot convert null literal to non-nullable reference type. [/Users/ali1/Projects/Erp-entegrasyon/erp-api/ErpMobile.Api.csproj]
/Users/ali1/Projects/Erp-entegrasyon/erp-api/Models/Requests/CustomerAddressCreateRequestNew.cs(18,23): warning CS8618: Non-nullable property 'CustomerCode' must contain a non-null value when exiting constructor. Consider adding the 'required' modifier or declaring the property as nullable. [/Users/ali1/Projects/Erp-entegrasyon/erp-api/ErpMobile.Api.csproj]
/Users/ali1/Projects/Erp-entegrasyon/erp-api/Models/Requests/CustomerAddressCreateRequestNew.cs(25,23): warning CS8618: Non-nullable property 'AddressID' must contain a non-null value when exiting constructor. Consider adding the 'required' modifier or declaring the property as nullable. [/Users/ali1/Projects/Erp-entegrasyon/erp-api/ErpMobile.Api.csproj]
/Users/ali1/Projects/Erp-entegrasyon/erp-api/Models/Requests/CustomerAddressCreateRequestNew.cs(41,23): warning CS8618: Non-nullable property 'AddressTypeCode' must contain a non-null value when exiting constructor. Consider adding the 'required' modifier or declaring the property as nullable. [/Users/ali1/Projects/Erp-entegrasyon/erp-api/ErpMobile.Api.csproj]
/Users/ali1/Projects/Erp-entegrasyon/erp-api/Models/Requests/CustomerAddressCreateRequestNew.cs(49,23): warning CS8618: Non-nullable property 'Address' must contain a non-null value when exiting constructor. Consider adding the 'required' modifier or declaring the property as nullable. [/Users/ali1/Projects/Erp-entegrasyon/erp-api/ErpMobile.Api.csproj]
/Users/ali1/Projects/Erp-entegrasyon/erp-api/Models/Requests/CustomerAddressCreateRequestNew.cs(58,23): warning CS8618: Non-nullable property 'CountryCode' must contain a non-null value when exiting constructor. Consider adding the 'required' modifier or declaring the property as nullable. [/Users/ali1/Projects/Erp-entegrasyon/erp-api/ErpMobile.Api.csproj]
/Users/ali1/Projects/Erp-entegrasyon/erp-api/Models/Requests/CustomerAddressCreateRequestNew.cs(67,23): warning CS8618: Non-nullable property 'StateCode' must contain a non-null value when exiting constructor. Consider adding the 'required' modifier or declaring the property as nullable. [/Users/ali1/Projects/Erp-entegrasyon/erp-api/ErpMobile.Api.csproj]
/Users/ali1/Projects/Erp-entegrasyon/erp-api/Models/Requests/CustomerAddressCreateRequestNew.cs(76,23): warning CS8618: Non-nullable property 'CityCode' must contain a non-null value when exiting constructor. Consider adding the 'required' modifier or declaring the property as nullable. [/Users/ali1/Projects/Erp-entegrasyon/erp-api/ErpMobile.Api.csproj]
/Users/ali1/Projects/Erp-entegrasyon/erp-api/Models/Requests/CustomerAddressCreateRequestNew.cs(85,23): warning CS8618: Non-nullable property 'DistrictCode' must contain a non-null value when exiting constructor. Consider adding the 'required' modifier or declaring the property as nullable. [/Users/ali1/Projects/Erp-entegrasyon/erp-api/ErpMobile.Api.csproj]
/Users/ali1/Projects/Erp-entegrasyon/erp-api/Models/Requests/CustomerAddressCreateRequestNew.cs(92,23): warning CS8618: Non-nullable property 'TaxOffice' must contain a non-null value when exiting constructor. Consider adding the 'required' modifier or declaring the property as nullable. [/Users/ali1/Projects/Erp-entegrasyon/erp-api/ErpMobile.Api.csproj]
/Users/ali1/Projects/Erp-entegrasyon/erp-api/Models/Requests/CustomerAddressCreateRequestNew.cs(100,23): warning CS8618: Non-nullable property 'TaxNumber' must contain a non-null value when exiting constructor. Consider adding the 'required' modifier or declaring the property as nullable. [/Users/ali1/Projects/Erp-entegrasyon/erp-api/ErpMobile.Api.csproj]
/Users/ali1/Projects/Erp-entegrasyon/erp-api/Models/Requests/CustomerAddressCreateRequestNew.cs(109,23): warning CS8618: Non-nullable property 'TaxOfficeCode' must contain a non-null value when exiting constructor. Consider adding the 'required' modifier or declaring the property as nullable. [/Users/ali1/Projects/Erp-entegrasyon/erp-api/ErpMobile.Api.csproj]
/Users/ali1/Projects/Erp-entegrasyon/erp-api/Models/Requests/CustomerAddressCreateRequestNew.cs(138,23): warning CS8618: Non-nullable property 'CreatedUserName' must contain a non-null value when exiting constructor. Consider adding the 'required' modifier or declaring the property as nullable. [/Users/ali1/Projects/Erp-entegrasyon/erp-api/ErpMobile.Api.csproj]
/Users/ali1/Projects/Erp-entegrasyon/erp-api/Models/Requests/CustomerAddressCreateRequestNew.cs(146,23): warning CS8618: Non-nullable property 'LastUpdatedUserName' must contain a non-null value when exiting constructor. Consider adding the 'required' modifier or declaring the property as nullable. [/Users/ali1/Projects/Erp-entegrasyon/erp-api/ErpMobile.Api.csproj]
/Users/ali1/Projects/Erp-entegrasyon/erp-api/Repositories/Invoice/InvoiceRepository.cs(776,36): warning CS8600: Converting null literal or possible null value to non-nullable type. [/Users/ali1/Projects/Erp-entegrasyon/erp-api/ErpMobile.Api.csproj]
/Users/ali1/Projects/Erp-entegrasyon/erp-api/Repositories/Invoice/InvoiceRepository.cs(777,43): warning CS8600: Converting null literal or possible null value to non-nullable type. [/Users/ali1/Projects/Erp-entegrasyon/erp-api/ErpMobile.Api.csproj]
/Users/ali1/Projects/Erp-entegrasyon/erp-api/Repositories/Invoice/InvoiceRepository.cs(778,34): warning CS8600: Converting null literal or possible null value to non-nullable type. [/Users/ali1/Projects/Erp-entegrasyon/erp-api/ErpMobile.Api.csproj]
/Users/ali1/Projects/Erp-entegrasyon/erp-api/Repositories/Invoice/InvoiceRepository.cs(779,41): warning CS8600: Converting null literal or possible null value to non-nullable type. [/Users/ali1/Projects/Erp-entegrasyon/erp-api/ErpMobile.Api.csproj]
/Users/ali1/Projects/Erp-entegrasyon/erp-api/Repositories/Invoice/InvoiceRepository.cs(786,40): warning CS8600: Converting null literal or possible null value to non-nullable type. [/Users/ali1/Projects/Erp-entegrasyon/erp-api/ErpMobile.Api.csproj]
/Users/ali1/Projects/Erp-entegrasyon/erp-api/Repositories/Invoice/InvoiceRepository.cs(787,47): warning CS8600: Converting null literal or possible null value to non-nullable type. [/Users/ali1/Projects/Erp-entegrasyon/erp-api/ErpMobile.Api.csproj]
/Users/ali1/Projects/Erp-entegrasyon/erp-api/Repositories/Invoice/InvoiceRepository.cs(791,38): warning CS8600: Converting null literal or possible null value to non-nullable type. [/Users/ali1/Projects/Erp-entegrasyon/erp-api/ErpMobile.Api.csproj]
/Users/ali1/Projects/Erp-entegrasyon/erp-api/Repositories/Invoice/InvoiceRepository.cs(792,45): warning CS8600: Converting null literal or possible null value to non-nullable type. [/Users/ali1/Projects/Erp-entegrasyon/erp-api/ErpMobile.Api.csproj]
/Users/ali1/Projects/Erp-entegrasyon/erp-api/Repositories/Invoice/InvoiceRepository.cs(798,39): warning CS8601: Possible null reference assignment. [/Users/ali1/Projects/Erp-entegrasyon/erp-api/ErpMobile.Api.csproj]
/Users/ali1/Projects/Erp-entegrasyon/erp-api/Repositories/Invoice/InvoiceRepository.cs(799,37): warning CS8601: Possible null reference assignment. [/Users/ali1/Projects/Erp-entegrasyon/erp-api/ErpMobile.Api.csproj]
/Users/ali1/Projects/Erp-entegrasyon/erp-api/Repositories/Invoice/InvoiceRepository.cs(801,35): warning CS8601: Possible null reference assignment. [/Users/ali1/Projects/Erp-entegrasyon/erp-api/ErpMobile.Api.csproj]
/Users/ali1/Projects/Erp-entegrasyon/erp-api/Repositories/Invoice/InvoiceRepository.cs(805,36): warning CS8601: Possible null reference assignment. [/Users/ali1/Projects/Erp-entegrasyon/erp-api/ErpMobile.Api.csproj]
/Users/ali1/Projects/Erp-entegrasyon/erp-api/Repositories/Invoice/InvoiceRepository.cs(806,43): warning CS8601: Possible null reference assignment. [/Users/ali1/Projects/Erp-entegrasyon/erp-api/ErpMobile.Api.csproj]
/Users/ali1/Projects/Erp-entegrasyon/erp-api/Repositories/Invoice/InvoiceRepository.cs(807,34): warning CS8601: Possible null reference assignment. [/Users/ali1/Projects/Erp-entegrasyon/erp-api/ErpMobile.Api.csproj]
/Users/ali1/Projects/Erp-entegrasyon/erp-api/Repositories/Invoice/InvoiceRepository.cs(808,41): warning CS8601: Possible null reference assignment. [/Users/ali1/Projects/Erp-entegrasyon/erp-api/ErpMobile.Api.csproj]
/Users/ali1/Projects/Erp-entegrasyon/erp-api/Repositories/Invoice/InvoiceRepository.cs(809,39): warning CS8601: Possible null reference assignment. [/Users/ali1/Projects/Erp-entegrasyon/erp-api/ErpMobile.Api.csproj]
/Users/ali1/Projects/Erp-entegrasyon/erp-api/Repositories/Invoice/InvoiceRepository.cs(810,35): warning CS8601: Possible null reference assignment. [/Users/ali1/Projects/Erp-entegrasyon/erp-api/ErpMobile.Api.csproj]
/Users/ali1/Projects/Erp-entegrasyon/erp-api/Repositories/Invoice/InvoiceRepository.cs(811,34): warning CS8601: Possible null reference assignment. [/Users/ali1/Projects/Erp-entegrasyon/erp-api/ErpMobile.Api.csproj]
/Users/ali1/Projects/Erp-entegrasyon/erp-api/Repositories/Invoice/InvoiceRepository.cs(812,33): warning CS8601: Possible null reference assignment. [/Users/ali1/Projects/Erp-entegrasyon/erp-api/ErpMobile.Api.csproj]
/Users/ali1/Projects/Erp-entegrasyon/erp-api/Repositories/Invoice/InvoiceRepository.cs(813,37): warning CS8601: Possible null reference assignment. [/Users/ali1/Projects/Erp-entegrasyon/erp-api/ErpMobile.Api.csproj]
/Users/ali1/Projects/Erp-entegrasyon/erp-api/Repositories/Invoice/InvoiceRepository.cs(814,35): warning CS8601: Possible null reference assignment. [/Users/ali1/Projects/Erp-entegrasyon/erp-api/ErpMobile.Api.csproj]
/Users/ali1/Projects/Erp-entegrasyon/erp-api/Repositories/Invoice/InvoiceRepository.cs(818,39): warning CS8601: Possible null reference assignment. [/Users/ali1/Projects/Erp-entegrasyon/erp-api/ErpMobile.Api.csproj]
/Users/ali1/Projects/Erp-entegrasyon/erp-api/Repositories/Invoice/InvoiceRepository.cs(819,46): warning CS8601: Possible null reference assignment. [/Users/ali1/Projects/Erp-entegrasyon/erp-api/ErpMobile.Api.csproj]
/Users/ali1/Projects/Erp-entegrasyon/erp-api/Repositories/Invoice/InvoiceRepository.cs(842,41): warning CS8601: Possible null reference assignment. [/Users/ali1/Projects/Erp-entegrasyon/erp-api/ErpMobile.Api.csproj]
/Users/ali1/Projects/Erp-entegrasyon/erp-api/Repositories/Invoice/InvoiceRepository.cs(843,47): warning CS8601: Possible null reference assignment. [/Users/ali1/Projects/Erp-entegrasyon/erp-api/ErpMobile.Api.csproj]
/Users/ali1/Projects/Erp-entegrasyon/erp-api/Repositories/Invoice/InvoiceRepository.cs(851,42): warning CS8601: Possible null reference assignment. [/Users/ali1/Projects/Erp-entegrasyon/erp-api/ErpMobile.Api.csproj]
/Users/ali1/Projects/Erp-entegrasyon/erp-api/Repositories/Invoice/InvoiceRepository.cs(852,51): warning CS8601: Possible null reference assignment. [/Users/ali1/Projects/Erp-entegrasyon/erp-api/ErpMobile.Api.csproj]
/Users/ali1/Projects/Erp-entegrasyon/erp-api/Controllers/ProductController.cs(306,82): warning CS8625: Cannot convert null literal to non-nullable reference type. [/Users/ali1/Projects/Erp-entegrasyon/erp-api/ErpMobile.Api.csproj]
/Users/ali1/Projects/Erp-entegrasyon/erp-api/Controllers/ProductController.cs(313,80): warning CS8625: Cannot convert null literal to non-nullable reference type. [/Users/ali1/Projects/Erp-entegrasyon/erp-api/ErpMobile.Api.csproj]
/Users/ali1/Projects/Erp-entegrasyon/erp-api/Controllers/ProductController.cs(321,83): warning CS8625: Cannot convert null literal to non-nullable reference type. [/Users/ali1/Projects/Erp-entegrasyon/erp-api/ErpMobile.Api.csproj]
/Users/ali1/Projects/Erp-entegrasyon/erp-api/Models/Requests/CustomerAddressCreateRequest.cs(18,23): warning CS8618: Non-nullable property 'CustomerCode' must contain a non-null value when exiting constructor. Consider adding the 'required' modifier or declaring the property as nullable. [/Users/ali1/Projects/Erp-entegrasyon/erp-api/ErpMobile.Api.csproj]
/Users/ali1/Projects/Erp-entegrasyon/erp-api/Models/Requests/CustomerAddressCreateRequest.cs(33,23): warning CS8618: Non-nullable property 'AddressTypeCode' must contain a non-null value when exiting constructor. Consider adding the 'required' modifier or declaring the property as nullable. [/Users/ali1/Projects/Erp-entegrasyon/erp-api/ErpMobile.Api.csproj]
/Users/ali1/Projects/Erp-entegrasyon/erp-api/Models/Requests/CustomerAddressCreateRequest.cs(41,23): warning CS8618: Non-nullable property 'Address' must contain a non-null value when exiting constructor. Consider adding the 'required' modifier or declaring the property as nullable. [/Users/ali1/Projects/Erp-entegrasyon/erp-api/ErpMobile.Api.csproj]
/Users/ali1/Projects/Erp-entegrasyon/erp-api/Models/Requests/CustomerAddressCreateRequest.cs(52,23): warning CS8618: Non-nullable property 'CountryCode' must contain a non-null value when exiting constructor. Consider adding the 'required' modifier or declaring the property as nullable. [/Users/ali1/Projects/Erp-entegrasyon/erp-api/ErpMobile.Api.csproj]
/Users/ali1/Projects/Erp-entegrasyon/erp-api/Models/Requests/CustomerAddressCreateRequest.cs(61,23): warning CS8618: Non-nullable property 'StateCode' must contain a non-null value when exiting constructor. Consider adding the 'required' modifier or declaring the property as nullable. [/Users/ali1/Projects/Erp-entegrasyon/erp-api/ErpMobile.Api.csproj]
/Users/ali1/Projects/Erp-entegrasyon/erp-api/Models/Requests/CustomerAddressCreateRequest.cs(70,23): warning CS8618: Non-nullable property 'CityCode' must contain a non-null value when exiting constructor. Consider adding the 'required' modifier or declaring the property as nullable. [/Users/ali1/Projects/Erp-entegrasyon/erp-api/ErpMobile.Api.csproj]
/Users/ali1/Projects/Erp-entegrasyon/erp-api/Models/Requests/CustomerAddressCreateRequest.cs(79,23): warning CS8618: Non-nullable property 'DistrictCode' must contain a non-null value when exiting constructor. Consider adding the 'required' modifier or declaring the property as nullable. [/Users/ali1/Projects/Erp-entegrasyon/erp-api/ErpMobile.Api.csproj]
/Users/ali1/Projects/Erp-entegrasyon/erp-api/Models/Requests/CustomerAddressCreateRequest.cs(89,23): warning CS8618: Non-nullable property 'TaxOfficeCode' must contain a non-null value when exiting constructor. Consider adding the 'required' modifier or declaring the property as nullable. [/Users/ali1/Projects/Erp-entegrasyon/erp-api/ErpMobile.Api.csproj]
/Users/ali1/Projects/Erp-entegrasyon/erp-api/Models/Requests/CustomerAddressCreateRequest.cs(97,23): warning CS8618: Non-nullable property 'TaxOffice' must contain a non-null value when exiting constructor. Consider adding the 'required' modifier or declaring the property as nullable. [/Users/ali1/Projects/Erp-entegrasyon/erp-api/ErpMobile.Api.csproj]
/Users/ali1/Projects/Erp-entegrasyon/erp-api/Models/Requests/CustomerAddressCreateRequest.cs(105,23): warning CS8618: Non-nullable property 'TaxNumber' must contain a non-null value when exiting constructor. Consider adding the 'required' modifier or declaring the property as nullable. [/Users/ali1/Projects/Erp-entegrasyon/erp-api/ErpMobile.Api.csproj]
/Users/ali1/Projects/Erp-entegrasyon/erp-api/Models/Requests/CustomerAddressCreateRequest.cs(120,23): warning CS8618: Non-nullable property 'CreatedUserName' must contain a non-null value when exiting constructor. Consider adding the 'required' modifier or declaring the property as nullable. [/Users/ali1/Projects/Erp-entegrasyon/erp-api/ErpMobile.Api.csproj]
/Users/ali1/Projects/Erp-entegrasyon/erp-api/Models/Requests/CustomerAddressCreateRequest.cs(128,23): warning CS8618: Non-nullable property 'LastUpdatedUserName' must contain a non-null value when exiting constructor. Consider adding the 'required' modifier or declaring the property as nullable. [/Users/ali1/Projects/Erp-entegrasyon/erp-api/ErpMobile.Api.csproj]
/Users/ali1/Projects/Erp-entegrasyon/erp-api/Controllers/ProductController.cs(337,82): warning CS8625: Cannot convert null literal to non-nullable reference type. [/Users/ali1/Projects/Erp-entegrasyon/erp-api/ErpMobile.Api.csproj]
/Users/ali1/Projects/Erp-entegrasyon/erp-api/Controllers/ProductController.cs(344,80): warning CS8625: Cannot convert null literal to non-nullable reference type. [/Users/ali1/Projects/Erp-entegrasyon/erp-api/ErpMobile.Api.csproj]
/Users/ali1/Projects/Erp-entegrasyon/erp-api/Controllers/ProductController.cs(352,83): warning CS8625: Cannot convert null literal to non-nullable reference type. [/Users/ali1/Projects/Erp-entegrasyon/erp-api/ErpMobile.Api.csproj]
/Users/ali1/Projects/Erp-entegrasyon/erp-api/Controllers/ItemController.cs(1030,45): warning CS8601: Possible null reference assignment. [/Users/ali1/Projects/Erp-entegrasyon/erp-api/ErpMobile.Api.csproj]
/Users/ali1/Projects/Erp-entegrasyon/erp-api/Controllers/ItemController.cs(1031,52): warning CS8601: Possible null reference assignment. [/Users/ali1/Projects/Erp-entegrasyon/erp-api/ErpMobile.Api.csproj]
/Users/ali1/Projects/Erp-entegrasyon/erp-api/Controllers/ItemController.cs(1032,50): warning CS8601: Possible null reference assignment. [/Users/ali1/Projects/Erp-entegrasyon/erp-api/ErpMobile.Api.csproj]
/Users/ali1/Projects/Erp-entegrasyon/erp-api/Controllers/ItemController.cs(1033,49): warning CS8601: Possible null reference assignment. [/Users/ali1/Projects/Erp-entegrasyon/erp-api/ErpMobile.Api.csproj]
/Users/ali1/Projects/Erp-entegrasyon/erp-api/Controllers/ItemController.cs(1034,53): warning CS8601: Possible null reference assignment. [/Users/ali1/Projects/Erp-entegrasyon/erp-api/ErpMobile.Api.csproj]
/Users/ali1/Projects/Erp-entegrasyon/erp-api/Controllers/ItemController.cs(1035,42): warning CS8601: Possible null reference assignment. [/Users/ali1/Projects/Erp-entegrasyon/erp-api/ErpMobile.Api.csproj]
/Users/ali1/Projects/Erp-entegrasyon/erp-api/Controllers/ItemController.cs(1037,43): warning CS8601: Possible null reference assignment. [/Users/ali1/Projects/Erp-entegrasyon/erp-api/ErpMobile.Api.csproj]
/Users/ali1/Projects/Erp-entegrasyon/erp-api/Controllers/ProductController.cs(368,84): warning CS8625: Cannot convert null literal to non-nullable reference type. [/Users/ali1/Projects/Erp-entegrasyon/erp-api/ErpMobile.Api.csproj]
/Users/ali1/Projects/Erp-entegrasyon/erp-api/Controllers/ProductController.cs(375,82): warning CS8625: Cannot convert null literal to non-nullable reference type. [/Users/ali1/Projects/Erp-entegrasyon/erp-api/ErpMobile.Api.csproj]
/Users/ali1/Projects/Erp-entegrasyon/erp-api/Controllers/ProductController.cs(383,85): warning CS8625: Cannot convert null literal to non-nullable reference type. [/Users/ali1/Projects/Erp-entegrasyon/erp-api/ErpMobile.Api.csproj]
/Users/ali1/Projects/Erp-entegrasyon/erp-api/Models/Requests/CommunicationUpdateRequest.cs(9,23): warning CS8618: Non-nullable property 'CommAddress' must contain a non-null value when exiting constructor. Consider adding the 'required' modifier or declaring the property as nullable. [/Users/ali1/Projects/Erp-entegrasyon/erp-api/ErpMobile.Api.csproj]
/Users/ali1/Projects/Erp-entegrasyon/erp-api/Models/Requests/CommunicationCreateRequest.cs(9,23): warning CS8618: Non-nullable property 'CommunicationTypeCode' must contain a non-null value when exiting constructor. Consider adding the 'required' modifier or declaring the property as nullable. [/Users/ali1/Projects/Erp-entegrasyon/erp-api/ErpMobile.Api.csproj]
/Users/ali1/Projects/Erp-entegrasyon/erp-api/Models/Requests/CommunicationCreateRequest.cs(12,23): warning CS8618: Non-nullable property 'CommAddress' must contain a non-null value when exiting constructor. Consider adding the 'required' modifier or declaring the property as nullable. [/Users/ali1/Projects/Erp-entegrasyon/erp-api/ErpMobile.Api.csproj]
/Users/ali1/Projects/Erp-entegrasyon/erp-api/Controllers/ProductController.cs(399,84): warning CS8625: Cannot convert null literal to non-nullable reference type. [/Users/ali1/Projects/Erp-entegrasyon/erp-api/ErpMobile.Api.csproj]
/Users/ali1/Projects/Erp-entegrasyon/erp-api/Controllers/ProductController.cs(406,82): warning CS8625: Cannot convert null literal to non-nullable reference type. [/Users/ali1/Projects/Erp-entegrasyon/erp-api/ErpMobile.Api.csproj]
/Users/ali1/Projects/Erp-entegrasyon/erp-api/Controllers/ProductController.cs(414,85): warning CS8625: Cannot convert null literal to non-nullable reference type. [/Users/ali1/Projects/Erp-entegrasyon/erp-api/ErpMobile.Api.csproj]
/Users/ali1/Projects/Erp-entegrasyon/erp-api/Models/Requests/AddressUpdateRequest.cs(6,23): warning CS8618: Non-nullable property 'CustomerCode' must contain a non-null value when exiting constructor. Consider adding the 'required' modifier or declaring the property as nullable. [/Users/ali1/Projects/Erp-entegrasyon/erp-api/ErpMobile.Api.csproj]
/Users/ali1/Projects/Erp-entegrasyon/erp-api/Models/Requests/AddressUpdateRequest.cs(7,23): warning CS8618: Non-nullable property 'AddressTypeCode' must contain a non-null value when exiting constructor. Consider adding the 'required' modifier or declaring the property as nullable. [/Users/ali1/Projects/Erp-entegrasyon/erp-api/ErpMobile.Api.csproj]
/Users/ali1/Projects/Erp-entegrasyon/erp-api/Models/Requests/AddressUpdateRequest.cs(8,23): warning CS8618: Non-nullable property 'Address' must contain a non-null value when exiting constructor. Consider adding the 'required' modifier or declaring the property as nullable. [/Users/ali1/Projects/Erp-entegrasyon/erp-api/ErpMobile.Api.csproj]
/Users/ali1/Projects/Erp-entegrasyon/erp-api/Models/Requests/AddressUpdateRequest.cs(9,23): warning CS8618: Non-nullable property 'City' must contain a non-null value when exiting constructor. Consider adding the 'required' modifier or declaring the property as nullable. [/Users/ali1/Projects/Erp-entegrasyon/erp-api/ErpMobile.Api.csproj]
/Users/ali1/Projects/Erp-entegrasyon/erp-api/Models/Requests/AddressUpdateRequest.cs(10,23): warning CS8618: Non-nullable property 'District' must contain a non-null value when exiting constructor. Consider adding the 'required' modifier or declaring the property as nullable. [/Users/ali1/Projects/Erp-entegrasyon/erp-api/ErpMobile.Api.csproj]
/Users/ali1/Projects/Erp-entegrasyon/erp-api/Models/Requests/AddressUpdateRequest.cs(11,23): warning CS8618: Non-nullable property 'Country' must contain a non-null value when exiting constructor. Consider adding the 'required' modifier or declaring the property as nullable. [/Users/ali1/Projects/Erp-entegrasyon/erp-api/ErpMobile.Api.csproj]
/Users/ali1/Projects/Erp-entegrasyon/erp-api/Models/Requests/AddressUpdateRequest.cs(12,23): warning CS8618: Non-nullable property 'PostalCode' must contain a non-null value when exiting constructor. Consider adding the 'required' modifier or declaring the property as nullable. [/Users/ali1/Projects/Erp-entegrasyon/erp-api/ErpMobile.Api.csproj]
/Users/ali1/Projects/Erp-entegrasyon/erp-api/Models/Requests/AddressUpdateRequest.cs(17,23): warning CS8618: Non-nullable property 'CountryCode' must contain a non-null value when exiting constructor. Consider adding the 'required' modifier or declaring the property as nullable. [/Users/ali1/Projects/Erp-entegrasyon/erp-api/ErpMobile.Api.csproj]
/Users/ali1/Projects/Erp-entegrasyon/erp-api/Models/Requests/AddressUpdateRequest.cs(18,23): warning CS8618: Non-nullable property 'StateCode' must contain a non-null value when exiting constructor. Consider adding the 'required' modifier or declaring the property as nullable. [/Users/ali1/Projects/Erp-entegrasyon/erp-api/ErpMobile.Api.csproj]
/Users/ali1/Projects/Erp-entegrasyon/erp-api/Models/Requests/AddressUpdateRequest.cs(19,23): warning CS8618: Non-nullable property 'CityCode' must contain a non-null value when exiting constructor. Consider adding the 'required' modifier or declaring the property as nullable. [/Users/ali1/Projects/Erp-entegrasyon/erp-api/ErpMobile.Api.csproj]
/Users/ali1/Projects/Erp-entegrasyon/erp-api/Models/Requests/AddressUpdateRequest.cs(20,23): warning CS8618: Non-nullable property 'DistrictCode' must contain a non-null value when exiting constructor. Consider adding the 'required' modifier or declaring the property as nullable. [/Users/ali1/Projects/Erp-entegrasyon/erp-api/ErpMobile.Api.csproj]
/Users/ali1/Projects/Erp-entegrasyon/erp-api/Models/Requests/AddressTypeUpdateRequest.cs(6,23): warning CS8618: Non-nullable property 'AddressTypeCode' must contain a non-null value when exiting constructor. Consider adding the 'required' modifier or declaring the property as nullable. [/Users/ali1/Projects/Erp-entegrasyon/erp-api/ErpMobile.Api.csproj]
/Users/ali1/Projects/Erp-entegrasyon/erp-api/Models/Requests/AddressTypeUpdateRequest.cs(7,23): warning CS8618: Non-nullable property 'AddressTypeName' must contain a non-null value when exiting constructor. Consider adding the 'required' modifier or declaring the property as nullable. [/Users/ali1/Projects/Erp-entegrasyon/erp-api/ErpMobile.Api.csproj]
/Users/ali1/Projects/Erp-entegrasyon/erp-api/Models/Requests/AddressTypeUpdateRequest.cs(8,23): warning CS8618: Non-nullable property 'Description' must contain a non-null value when exiting constructor. Consider adding the 'required' modifier or declaring the property as nullable. [/Users/ali1/Projects/Erp-entegrasyon/erp-api/ErpMobile.Api.csproj]
/Users/ali1/Projects/Erp-entegrasyon/erp-api/Models/Requests/AddressTypeUpdateRequest.cs(11,23): warning CS8618: Non-nullable property 'AddressTypeDescription' must contain a non-null value when exiting constructor. Consider adding the 'required' modifier or declaring the property as nullable. [/Users/ali1/Projects/Erp-entegrasyon/erp-api/ErpMobile.Api.csproj]
/Users/ali1/Projects/Erp-entegrasyon/erp-api/Models/Requests/AddressTypeRequest.cs(6,23): warning CS8618: Non-nullable property 'AddressTypeCode' must contain a non-null value when exiting constructor. Consider adding the 'required' modifier or declaring the property as nullable. [/Users/ali1/Projects/Erp-entegrasyon/erp-api/ErpMobile.Api.csproj]
/Users/ali1/Projects/Erp-entegrasyon/erp-api/Models/Requests/AddressTypeRequest.cs(7,23): warning CS8618: Non-nullable property 'AddressTypeName' must contain a non-null value when exiting constructor. Consider adding the 'required' modifier or declaring the property as nullable. [/Users/ali1/Projects/Erp-entegrasyon/erp-api/ErpMobile.Api.csproj]
/Users/ali1/Projects/Erp-entegrasyon/erp-api/Models/Requests/AddressTypeRequest.cs(8,23): warning CS8618: Non-nullable property 'Description' must contain a non-null value when exiting constructor. Consider adding the 'required' modifier or declaring the property as nullable. [/Users/ali1/Projects/Erp-entegrasyon/erp-api/ErpMobile.Api.csproj]
/Users/ali1/Projects/Erp-entegrasyon/erp-api/Models/Requests/AddressTypeListRequest.cs(5,23): warning CS8618: Non-nullable property 'SearchText' must contain a non-null value when exiting constructor. Consider adding the 'required' modifier or declaring the property as nullable. [/Users/ali1/Projects/Erp-entegrasyon/erp-api/ErpMobile.Api.csproj]
/Users/ali1/Projects/Erp-entegrasyon/erp-api/Models/Requests/AddressTypeDetailRequest.cs(6,23): warning CS8618: Non-nullable property 'AddressTypeCode' must contain a non-null value when exiting constructor. Consider adding the 'required' modifier or declaring the property as nullable. [/Users/ali1/Projects/Erp-entegrasyon/erp-api/ErpMobile.Api.csproj]
/Users/ali1/Projects/Erp-entegrasyon/erp-api/Models/Requests/AddressTypeDeleteRequest.cs(6,23): warning CS8618: Non-nullable property 'AddressTypeCode' must contain a non-null value when exiting constructor. Consider adding the 'required' modifier or declaring the property as nullable. [/Users/ali1/Projects/Erp-entegrasyon/erp-api/ErpMobile.Api.csproj]
/Users/ali1/Projects/Erp-entegrasyon/erp-api/Models/Requests/AddressDeleteRequest.cs(6,23): warning CS8618: Non-nullable property 'CustomerCode' must contain a non-null value when exiting constructor. Consider adding the 'required' modifier or declaring the property as nullable. [/Users/ali1/Projects/Erp-entegrasyon/erp-api/ErpMobile.Api.csproj]
/Users/ali1/Projects/Erp-entegrasyon/erp-api/Models/Product/UnitOfMeasureModel.cs(13,23): warning CS8618: Non-nullable property 'Code' must contain a non-null value when exiting constructor. Consider adding the 'required' modifier or declaring the property as nullable. [/Users/ali1/Projects/Erp-entegrasyon/erp-api/ErpMobile.Api.csproj]
/Users/ali1/Projects/Erp-entegrasyon/erp-api/Models/Product/UnitOfMeasureModel.cs(18,23): warning CS8618: Non-nullable property 'Description' must contain a non-null value when exiting constructor. Consider adding the 'required' modifier or declaring the property as nullable. [/Users/ali1/Projects/Erp-entegrasyon/erp-api/ErpMobile.Api.csproj]
/Users/ali1/Projects/Erp-entegrasyon/erp-api/Controllers/ProductController.cs(441,90): warning CS8625: Cannot convert null literal to non-nullable reference type. [/Users/ali1/Projects/Erp-entegrasyon/erp-api/ErpMobile.Api.csproj]
/Users/ali1/Projects/Erp-entegrasyon/erp-api/Controllers/ProductController.cs(446,90): warning CS8625: Cannot convert null literal to non-nullable reference type. [/Users/ali1/Projects/Erp-entegrasyon/erp-api/ErpMobile.Api.csproj]
/Users/ali1/Projects/Erp-entegrasyon/erp-api/Controllers/ProductController.cs(461,94): warning CS8625: Cannot convert null literal to non-nullable reference type. [/Users/ali1/Projects/Erp-entegrasyon/erp-api/ErpMobile.Api.csproj]
/Users/ali1/Projects/Erp-entegrasyon/erp-api/Controllers/ProductController.cs(473,94): warning CS8625: Cannot convert null literal to non-nullable reference type. [/Users/ali1/Projects/Erp-entegrasyon/erp-api/ErpMobile.Api.csproj]
/Users/ali1/Projects/Erp-entegrasyon/erp-api/Controllers/ProductController.cs(500,91): warning CS8625: Cannot convert null literal to non-nullable reference type. [/Users/ali1/Projects/Erp-entegrasyon/erp-api/ErpMobile.Api.csproj]
/Users/ali1/Projects/Erp-entegrasyon/erp-api/Models/Product/ProductVariantModel.cs(8,23): warning CS8618: Non-nullable property 'ProductCode' must contain a non-null value when exiting constructor. Consider adding the 'required' modifier or declaring the property as nullable. [/Users/ali1/Projects/Erp-entegrasyon/erp-api/ErpMobile.Api.csproj]
/Users/ali1/Projects/Erp-entegrasyon/erp-api/Models/Product/ProductVariantModel.cs(9,23): warning CS8618: Non-nullable property 'ProductDescription' must contain a non-null value when exiting constructor. Consider adding the 'required' modifier or declaring the property as nullable. [/Users/ali1/Projects/Erp-entegrasyon/erp-api/ErpMobile.Api.csproj]
/Users/ali1/Projects/Erp-entegrasyon/erp-api/Models/Product/ProductVariantModel.cs(10,23): warning CS8618: Non-nullable property 'ColorCode' must contain a non-null value when exiting constructor. Consider adding the 'required' modifier or declaring the property as nullable. [/Users/ali1/Projects/Erp-entegrasyon/erp-api/ErpMobile.Api.csproj]
/Users/ali1/Projects/Erp-entegrasyon/erp-api/Models/Product/ProductVariantModel.cs(11,23): warning CS8618: Non-nullable property 'ColorDescription' must contain a non-null value when exiting constructor. Consider adding the 'required' modifier or declaring the property as nullable. [/Users/ali1/Projects/Erp-entegrasyon/erp-api/ErpMobile.Api.csproj]
/Users/ali1/Projects/Erp-entegrasyon/erp-api/Models/Product/ProductVariantModel.cs(12,23): warning CS8618: Non-nullable property 'ManufacturerColorCode' must contain a non-null value when exiting constructor. Consider adding the 'required' modifier or declaring the property as nullable. [/Users/ali1/Projects/Erp-entegrasyon/erp-api/ErpMobile.Api.csproj]
/Users/ali1/Projects/Erp-entegrasyon/erp-api/Models/Product/ProductVariantModel.cs(13,23): warning CS8618: Non-nullable property 'ItemDim1Code' must contain a non-null value when exiting constructor. Consider adding the 'required' modifier or declaring the property as nullable. [/Users/ali1/Projects/Erp-entegrasyon/erp-api/ErpMobile.Api.csproj]
/Users/ali1/Projects/Erp-entegrasyon/erp-api/Models/Product/ProductVariantModel.cs(14,23): warning CS8618: Non-nullable property 'ItemDim2Code' must contain a non-null value when exiting constructor. Consider adding the 'required' modifier or declaring the property as nullable. [/Users/ali1/Projects/Erp-entegrasyon/erp-api/ErpMobile.Api.csproj]
/Users/ali1/Projects/Erp-entegrasyon/erp-api/Models/Product/ProductVariantModel.cs(15,23): warning CS8618: Non-nullable property 'ItemDim3Code' must contain a non-null value when exiting constructor. Consider adding the 'required' modifier or declaring the property as nullable. [/Users/ali1/Projects/Erp-entegrasyon/erp-api/ErpMobile.Api.csproj]
/Users/ali1/Projects/Erp-entegrasyon/erp-api/Models/Product/ProductVariantModel.cs(16,23): warning CS8618: Non-nullable property 'BarcodeTypeCode' must contain a non-null value when exiting constructor. Consider adding the 'required' modifier or declaring the property as nullable. [/Users/ali1/Projects/Erp-entegrasyon/erp-api/ErpMobile.Api.csproj]
/Users/ali1/Projects/Erp-entegrasyon/erp-api/Models/Product/ProductVariantModel.cs(17,23): warning CS8618: Non-nullable property 'Barcode' must contain a non-null value when exiting constructor. Consider adding the 'required' modifier or declaring the property as nullable. [/Users/ali1/Projects/Erp-entegrasyon/erp-api/ErpMobile.Api.csproj]
/Users/ali1/Projects/Erp-entegrasyon/erp-api/Models/Product/ProductVariantModel.cs(20,23): warning CS8618: Non-nullable property 'ProductTypeCode' must contain a non-null value when exiting constructor. Consider adding the 'required' modifier or declaring the property as nullable. [/Users/ali1/Projects/Erp-entegrasyon/erp-api/ErpMobile.Api.csproj]
/Users/ali1/Projects/Erp-entegrasyon/erp-api/Models/Product/ProductVariantModel.cs(21,23): warning CS8618: Non-nullable property 'ProductTypeDescription' must contain a non-null value when exiting constructor. Consider adding the 'required' modifier or declaring the property as nullable. [/Users/ali1/Projects/Erp-entegrasyon/erp-api/ErpMobile.Api.csproj]
/Users/ali1/Projects/Erp-entegrasyon/erp-api/Models/Product/ProductVariantModel.cs(22,23): warning CS8618: Non-nullable property 'UnitOfMeasureCode1' must contain a non-null value when exiting constructor. Consider adding the 'required' modifier or declaring the property as nullable. [/Users/ali1/Projects/Erp-entegrasyon/erp-api/ErpMobile.Api.csproj]
/Users/ali1/Projects/Erp-entegrasyon/erp-api/Models/Product/ProductVariantModel.cs(23,23): warning CS8618: Non-nullable property 'UnitOfMeasureCode2' must contain a non-null value when exiting constructor. Consider adding the 'required' modifier or declaring the property as nullable. [/Users/ali1/Projects/Erp-entegrasyon/erp-api/ErpMobile.Api.csproj]
/Users/ali1/Projects/Erp-entegrasyon/erp-api/Models/Product/ProductVariantModel.cs(24,23): warning CS8618: Non-nullable property 'ProductHierarchyID' must contain a non-null value when exiting constructor. Consider adding the 'required' modifier or declaring the property as nullable. [/Users/ali1/Projects/Erp-entegrasyon/erp-api/ErpMobile.Api.csproj]
/Users/ali1/Projects/Erp-entegrasyon/erp-api/Models/Product/ProductVariantModel.cs(25,23): warning CS8618: Non-nullable property 'ProductHierarchyLevel01' must contain a non-null value when exiting constructor. Consider adding the 'required' modifier or declaring the property as nullable. [/Users/ali1/Projects/Erp-entegrasyon/erp-api/ErpMobile.Api.csproj]
/Users/ali1/Projects/Erp-entegrasyon/erp-api/Models/Product/ProductVariantModel.cs(26,23): warning CS8618: Non-nullable property 'ProductHierarchyLevel02' must contain a non-null value when exiting constructor. Consider adding the 'required' modifier or declaring the property as nullable. [/Users/ali1/Projects/Erp-entegrasyon/erp-api/ErpMobile.Api.csproj]
/Users/ali1/Projects/Erp-entegrasyon/erp-api/Models/Product/ProductVariantModel.cs(27,23): warning CS8618: Non-nullable property 'ProductHierarchyLevel03' must contain a non-null value when exiting constructor. Consider adding the 'required' modifier or declaring the property as nullable. [/Users/ali1/Projects/Erp-entegrasyon/erp-api/ErpMobile.Api.csproj]
/Users/ali1/Projects/Erp-entegrasyon/erp-api/Models/Product/ProductVariantModel.cs(28,23): warning CS8618: Non-nullable property 'ProductHierarchyLevel04' must contain a non-null value when exiting constructor. Consider adding the 'required' modifier or declaring the property as nullable. [/Users/ali1/Projects/Erp-entegrasyon/erp-api/ErpMobile.Api.csproj]
/Users/ali1/Projects/Erp-entegrasyon/erp-api/Models/Product/ProductVariantModel.cs(29,23): warning CS8618: Non-nullable property 'ProductHierarchyLevel05' must contain a non-null value when exiting constructor. Consider adding the 'required' modifier or declaring the property as nullable. [/Users/ali1/Projects/Erp-entegrasyon/erp-api/ErpMobile.Api.csproj]
/Users/ali1/Projects/Erp-entegrasyon/erp-api/Models/Product/ProductVariantModel.cs(30,23): warning CS8618: Non-nullable property 'ProductHierarchyLevel06' must contain a non-null value when exiting constructor. Consider adding the 'required' modifier or declaring the property as nullable. [/Users/ali1/Projects/Erp-entegrasyon/erp-api/ErpMobile.Api.csproj]
/Users/ali1/Projects/Erp-entegrasyon/erp-api/Models/Product/ProductVariantModel.cs(31,23): warning CS8618: Non-nullable property 'ProductCollectionGrCode' must contain a non-null value when exiting constructor. Consider adding the 'required' modifier or declaring the property as nullable. [/Users/ali1/Projects/Erp-entegrasyon/erp-api/ErpMobile.Api.csproj]
/Users/ali1/Projects/Erp-entegrasyon/erp-api/Models/Product/ProductVariantModel.cs(32,23): warning CS8618: Non-nullable property 'SeasonCode' must contain a non-null value when exiting constructor. Consider adding the 'required' modifier or declaring the property as nullable. [/Users/ali1/Projects/Erp-entegrasyon/erp-api/ErpMobile.Api.csproj]
/Users/ali1/Projects/Erp-entegrasyon/erp-api/Models/Product/ProductVariantModel.cs(33,23): warning CS8618: Non-nullable property 'SeasonDescription' must contain a non-null value when exiting constructor. Consider adding the 'required' modifier or declaring the property as nullable. [/Users/ali1/Projects/Erp-entegrasyon/erp-api/ErpMobile.Api.csproj]
/Users/ali1/Projects/Erp-entegrasyon/erp-api/Models/Product/ProductVariantModel.cs(34,23): warning CS8618: Non-nullable property 'CollectionCode' must contain a non-null value when exiting constructor. Consider adding the 'required' modifier or declaring the property as nullable. [/Users/ali1/Projects/Erp-entegrasyon/erp-api/ErpMobile.Api.csproj]
/Users/ali1/Projects/Erp-entegrasyon/erp-api/Models/Product/ProductVariantModel.cs(35,23): warning CS8618: Non-nullable property 'CollectionDescription' must contain a non-null value when exiting constructor. Consider adding the 'required' modifier or declaring the property as nullable. [/Users/ali1/Projects/Erp-entegrasyon/erp-api/ErpMobile.Api.csproj]
/Users/ali1/Projects/Erp-entegrasyon/erp-api/Models/Product/ProductVariantModel.cs(36,23): warning CS8618: Non-nullable property 'StoryBoardCode' must contain a non-null value when exiting constructor. Consider adding the 'required' modifier or declaring the property as nullable. [/Users/ali1/Projects/Erp-entegrasyon/erp-api/ErpMobile.Api.csproj]
/Users/ali1/Projects/Erp-entegrasyon/erp-api/Models/Product/ProductVariantModel.cs(37,23): warning CS8618: Non-nullable property 'StoryBoardDescription' must contain a non-null value when exiting constructor. Consider adding the 'required' modifier or declaring the property as nullable. [/Users/ali1/Projects/Erp-entegrasyon/erp-api/ErpMobile.Api.csproj]
/Users/ali1/Projects/Erp-entegrasyon/erp-api/Models/Product/ProductTypeModel.cs(13,23): warning CS8618: Non-nullable property 'Code' must contain a non-null value when exiting constructor. Consider adding the 'required' modifier or declaring the property as nullable. [/Users/ali1/Projects/Erp-entegrasyon/erp-api/ErpMobile.Api.csproj]
/Users/ali1/Projects/Erp-entegrasyon/erp-api/Models/Product/ProductTypeModel.cs(18,23): warning CS8618: Non-nullable property 'Description' must contain a non-null value when exiting constructor. Consider adding the 'required' modifier or declaring the property as nullable. [/Users/ali1/Projects/Erp-entegrasyon/erp-api/ErpMobile.Api.csproj]
/Users/ali1/Projects/Erp-entegrasyon/erp-api/Models/Product/ProductPriceListModel.cs(7,23): warning CS8618: Non-nullable property 'PriceListNumber' must contain a non-null value when exiting constructor. Consider adding the 'required' modifier or declaring the property as nullable. [/Users/ali1/Projects/Erp-entegrasyon/erp-api/ErpMobile.Api.csproj]
/Users/ali1/Projects/Erp-entegrasyon/erp-api/Models/Product/ProductPriceListModel.cs(8,23): warning CS8618: Non-nullable property 'PriceGroupCode' must contain a non-null value when exiting constructor. Consider adding the 'required' modifier or declaring the property as nullable. [/Users/ali1/Projects/Erp-entegrasyon/erp-api/ErpMobile.Api.csproj]
/Users/ali1/Projects/Erp-entegrasyon/erp-api/Models/Product/ProductPriceListModel.cs(9,23): warning CS8618: Non-nullable property 'PriceGroupDescription' must contain a non-null value when exiting constructor. Consider adding the 'required' modifier or declaring the property as nullable. [/Users/ali1/Projects/Erp-entegrasyon/erp-api/ErpMobile.Api.csproj]
/Users/ali1/Projects/Erp-entegrasyon/erp-api/Models/Product/ProductPriceListModel.cs(10,23): warning CS8618: Non-nullable property 'PriceListTypeCode' must contain a non-null value when exiting constructor. Consider adding the 'required' modifier or declaring the property as nullable. [/Users/ali1/Projects/Erp-entegrasyon/erp-api/ErpMobile.Api.csproj]
/Users/ali1/Projects/Erp-entegrasyon/erp-api/Models/Product/ProductPriceListModel.cs(11,23): warning CS8618: Non-nullable property 'PriceListTypeDescription' must contain a non-null value when exiting constructor. Consider adding the 'required' modifier or declaring the property as nullable. [/Users/ali1/Projects/Erp-entegrasyon/erp-api/ErpMobile.Api.csproj]
/Users/ali1/Projects/Erp-entegrasyon/erp-api/Models/Product/ProductPriceListModel.cs(15,23): warning CS8618: Non-nullable property 'CompanyCode' must contain a non-null value when exiting constructor. Consider adding the 'required' modifier or declaring the property as nullable. [/Users/ali1/Projects/Erp-entegrasyon/erp-api/ErpMobile.Api.csproj]
/Users/ali1/Projects/Erp-entegrasyon/erp-api/Models/Product/ProductPriceListModel.cs(19,23): warning CS8618: Non-nullable property 'ApplicationCode' must contain a non-null value when exiting constructor. Consider adding the 'required' modifier or declaring the property as nullable. [/Users/ali1/Projects/Erp-entegrasyon/erp-api/ErpMobile.Api.csproj]
/Users/ali1/Projects/Erp-entegrasyon/erp-api/Models/Product/ProductPriceListModel.cs(20,23): warning CS8618: Non-nullable property 'ApplicationDescription' must contain a non-null value when exiting constructor. Consider adding the 'required' modifier or declaring the property as nullable. [/Users/ali1/Projects/Erp-entegrasyon/erp-api/ErpMobile.Api.csproj]
/Users/ali1/Projects/Erp-entegrasyon/erp-api/Models/Product/ProductPriceListModel.cs(21,23): warning CS8618: Non-nullable property 'CreatedUserName' must contain a non-null value when exiting constructor. Consider adding the 'required' modifier or declaring the property as nullable. [/Users/ali1/Projects/Erp-entegrasyon/erp-api/ErpMobile.Api.csproj]
/Users/ali1/Projects/Erp-entegrasyon/erp-api/Models/Product/ProductPriceListModel.cs(22,23): warning CS8618: Non-nullable property 'LastUpdatedUserName' must contain a non-null value when exiting constructor. Consider adding the 'required' modifier or declaring the property as nullable. [/Users/ali1/Projects/Erp-entegrasyon/erp-api/ErpMobile.Api.csproj]
/Users/ali1/Projects/Erp-entegrasyon/erp-api/Models/Product/ProductPriceListModel.cs(23,23): warning CS8618: Non-nullable property 'PriceListHeaderID' must contain a non-null value when exiting constructor. Consider adding the 'required' modifier or declaring the property as nullable. [/Users/ali1/Projects/Erp-entegrasyon/erp-api/ErpMobile.Api.csproj]
/Users/ali1/Projects/Erp-entegrasyon/erp-api/Models/Product/ProductPriceListModel.cs(29,23): warning CS8618: Non-nullable property 'ProductCode' must contain a non-null value when exiting constructor. Consider adding the 'required' modifier or declaring the property as nullable. [/Users/ali1/Projects/Erp-entegrasyon/erp-api/ErpMobile.Api.csproj]
/Users/ali1/Projects/Erp-entegrasyon/erp-api/Models/Product/ProductPriceListDetailModel.cs(12,23): warning CS8618: Non-nullable property 'HeaderID' must contain a non-null value when exiting constructor. Consider adding the 'required' modifier or declaring the property as nullable. [/Users/ali1/Projects/Erp-entegrasyon/erp-api/ErpMobile.Api.csproj]
/Users/ali1/Projects/Erp-entegrasyon/erp-api/Models/Product/ProductPriceListDetailModel.cs(15,23): warning CS8618: Non-nullable property 'ItemTypeCode' must contain a non-null value when exiting constructor. Consider adding the 'required' modifier or declaring the property as nullable. [/Users/ali1/Projects/Erp-entegrasyon/erp-api/ErpMobile.Api.csproj]
/Users/ali1/Projects/Erp-entegrasyon/erp-api/Models/Product/ProductPriceListDetailModel.cs(16,23): warning CS8618: Non-nullable property 'ItemTypeDescription' must contain a non-null value when exiting constructor. Consider adding the 'required' modifier or declaring the property as nullable. [/Users/ali1/Projects/Erp-entegrasyon/erp-api/ErpMobile.Api.csproj]
/Users/ali1/Projects/Erp-entegrasyon/erp-api/Models/Product/ProductPriceListDetailModel.cs(17,23): warning CS8618: Non-nullable property 'ItemCode' must contain a non-null value when exiting constructor. Consider adding the 'required' modifier or declaring the property as nullable. [/Users/ali1/Projects/Erp-entegrasyon/erp-api/ErpMobile.Api.csproj]
/Users/ali1/Projects/Erp-entegrasyon/erp-api/Models/Product/ProductPriceListDetailModel.cs(18,23): warning CS8618: Non-nullable property 'ItemDescription' must contain a non-null value when exiting constructor. Consider adding the 'required' modifier or declaring the property as nullable. [/Users/ali1/Projects/Erp-entegrasyon/erp-api/ErpMobile.Api.csproj]
/Users/ali1/Projects/Erp-entegrasyon/erp-api/Models/Product/ProductPriceListDetailModel.cs(21,23): warning CS8618: Non-nullable property 'ColorCode' must contain a non-null value when exiting constructor. Consider adding the 'required' modifier or declaring the property as nullable. [/Users/ali1/Projects/Erp-entegrasyon/erp-api/ErpMobile.Api.csproj]
/Users/ali1/Projects/Erp-entegrasyon/erp-api/Models/Product/ProductPriceListDetailModel.cs(22,23): warning CS8618: Non-nullable property 'ColorDescription' must contain a non-null value when exiting constructor. Consider adding the 'required' modifier or declaring the property as nullable. [/Users/ali1/Projects/Erp-entegrasyon/erp-api/ErpMobile.Api.csproj]
/Users/ali1/Projects/Erp-entegrasyon/erp-api/Models/Product/ProductPriceListDetailModel.cs(23,23): warning CS8618: Non-nullable property 'ItemDim1Code' must contain a non-null value when exiting constructor. Consider adding the 'required' modifier or declaring the property as nullable. [/Users/ali1/Projects/Erp-entegrasyon/erp-api/ErpMobile.Api.csproj]
/Users/ali1/Projects/Erp-entegrasyon/erp-api/Models/Product/ProductPriceListDetailModel.cs(24,23): warning CS8618: Non-nullable property 'ItemDim2Code' must contain a non-null value when exiting constructor. Consider adding the 'required' modifier or declaring the property as nullable. [/Users/ali1/Projects/Erp-entegrasyon/erp-api/ErpMobile.Api.csproj]
/Users/ali1/Projects/Erp-entegrasyon/erp-api/Models/Product/ProductPriceListDetailModel.cs(25,23): warning CS8618: Non-nullable property 'ItemDim3Code' must contain a non-null value when exiting constructor. Consider adding the 'required' modifier or declaring the property as nullable. [/Users/ali1/Projects/Erp-entegrasyon/erp-api/ErpMobile.Api.csproj]
/Users/ali1/Projects/Erp-entegrasyon/erp-api/Models/Product/ProductPriceListDetailModel.cs(28,23): warning CS8618: Non-nullable property 'UnitOfMeasureCode' must contain a non-null value when exiting constructor. Consider adding the 'required' modifier or declaring the property as nullable. [/Users/ali1/Projects/Erp-entegrasyon/erp-api/ErpMobile.Api.csproj]
/Users/ali1/Projects/Erp-entegrasyon/erp-api/Models/Product/ProductPriceListDetailModel.cs(29,23): warning CS8618: Non-nullable property 'PaymentPlanCode' must contain a non-null value when exiting constructor. Consider adding the 'required' modifier or declaring the property as nullable. [/Users/ali1/Projects/Erp-entegrasyon/erp-api/ErpMobile.Api.csproj]
/Users/ali1/Projects/Erp-entegrasyon/erp-api/Models/Product/ProductPriceListDetailModel.cs(30,23): warning CS8618: Non-nullable property 'LineDescription' must contain a non-null value when exiting constructor. Consider adding the 'required' modifier or declaring the property as nullable. [/Users/ali1/Projects/Erp-entegrasyon/erp-api/ErpMobile.Api.csproj]
/Users/ali1/Projects/Erp-entegrasyon/erp-api/Models/Product/ProductPriceListDetailModel.cs(34,23): warning CS8618: Non-nullable property 'DocCurrencyCode' must contain a non-null value when exiting constructor. Consider adding the 'required' modifier or declaring the property as nullable. [/Users/ali1/Projects/Erp-entegrasyon/erp-api/ErpMobile.Api.csproj]
/Users/ali1/Projects/Erp-entegrasyon/erp-api/Models/prCustomerVendorAccount.cs(15,23): warning CS8618: Non-nullable property 'CurrAccCode' must contain a non-null value when exiting constructor. Consider adding the 'required' modifier or declaring the property as nullable. [/Users/ali1/Projects/Erp-entegrasyon/erp-api/ErpMobile.Api.csproj]
/Users/ali1/Projects/Erp-entegrasyon/erp-api/Models/prCustomerVendorAccount.cs(18,23): warning CS8618: Non-nullable property 'VendorCode' must contain a non-null value when exiting constructor. Consider adding the 'required' modifier or declaring the property as nullable. [/Users/ali1/Projects/Erp-entegrasyon/erp-api/ErpMobile.Api.csproj]
/Users/ali1/Projects/Erp-entegrasyon/erp-api/Models/prCustomerVendorAccount.cs(22,34): warning CS8618: Non-nullable property 'CurrAcc' must contain a non-null value when exiting constructor. Consider adding the 'required' modifier or declaring the property as nullable. [/Users/ali1/Projects/Erp-entegrasyon/erp-api/ErpMobile.Api.csproj]
/Users/ali1/Projects/Erp-entegrasyon/erp-api/Controllers/SalesInvoiceController.cs(63,77): warning CS8625: Cannot convert null literal to non-nullable reference type. [/Users/ali1/Projects/Erp-entegrasyon/erp-api/ErpMobile.Api.csproj]
/Users/ali1/Projects/Erp-entegrasyon/erp-api/Models/Office/OfficeModel.cs(7,23): warning CS8618: Non-nullable property 'OfficeCode' must contain a non-null value when exiting constructor. Consider adding the 'required' modifier or declaring the property as nullable. [/Users/ali1/Projects/Erp-entegrasyon/erp-api/ErpMobile.Api.csproj]
/Users/ali1/Projects/Erp-entegrasyon/erp-api/Models/Office/OfficeModel.cs(8,23): warning CS8618: Non-nullable property 'OfficeDescription' must contain a non-null value when exiting constructor. Consider adding the 'required' modifier or declaring the property as nullable. [/Users/ali1/Projects/Erp-entegrasyon/erp-api/ErpMobile.Api.csproj]
/Users/ali1/Projects/Erp-entegrasyon/erp-api/Models/Office/OfficeModel.cs(9,23): warning CS8618: Non-nullable property 'CompanyCode' must contain a non-null value when exiting constructor. Consider adding the 'required' modifier or declaring the property as nullable. [/Users/ali1/Projects/Erp-entegrasyon/erp-api/ErpMobile.Api.csproj]
/Users/ali1/Projects/Erp-entegrasyon/erp-api/Models/Office/OfficeAddressModel.cs(7,23): warning CS8618: Non-nullable property 'OfficeCode' must contain a non-null value when exiting constructor. Consider adding the 'required' modifier or declaring the property as nullable. [/Users/ali1/Projects/Erp-entegrasyon/erp-api/ErpMobile.Api.csproj]
/Users/ali1/Projects/Erp-entegrasyon/erp-api/Models/Office/OfficeAddressModel.cs(8,23): warning CS8618: Non-nullable property 'Address' must contain a non-null value when exiting constructor. Consider adding the 'required' modifier or declaring the property as nullable. [/Users/ali1/Projects/Erp-entegrasyon/erp-api/ErpMobile.Api.csproj]
/Users/ali1/Projects/Erp-entegrasyon/erp-api/Models/Office/OfficeAddressModel.cs(9,23): warning CS8618: Non-nullable property 'SiteName' must contain a non-null value when exiting constructor. Consider adding the 'required' modifier or declaring the property as nullable. [/Users/ali1/Projects/Erp-entegrasyon/erp-api/ErpMobile.Api.csproj]
/Users/ali1/Projects/Erp-entegrasyon/erp-api/Models/Office/OfficeAddressModel.cs(10,23): warning CS8618: Non-nullable property 'BuildingName' must contain a non-null value when exiting constructor. Consider adding the 'required' modifier or declaring the property as nullable. [/Users/ali1/Projects/Erp-entegrasyon/erp-api/ErpMobile.Api.csproj]
/Users/ali1/Projects/Erp-entegrasyon/erp-api/Models/Office/OfficeAddressModel.cs(11,23): warning CS8618: Non-nullable property 'BuildingNum' must contain a non-null value when exiting constructor. Consider adding the 'required' modifier or declaring the property as nullable. [/Users/ali1/Projects/Erp-entegrasyon/erp-api/ErpMobile.Api.csproj]
/Users/ali1/Projects/Erp-entegrasyon/erp-api/Models/Office/OfficeAddressModel.cs(12,23): warning CS8618: Non-nullable property 'FloorNum' must contain a non-null value when exiting constructor. Consider adding the 'required' modifier or declaring the property as nullable. [/Users/ali1/Projects/Erp-entegrasyon/erp-api/ErpMobile.Api.csproj]
/Users/ali1/Projects/Erp-entegrasyon/erp-api/Models/Office/OfficeAddressModel.cs(13,23): warning CS8618: Non-nullable property 'DoorNum' must contain a non-null value when exiting constructor. Consider adding the 'required' modifier or declaring the property as nullable. [/Users/ali1/Projects/Erp-entegrasyon/erp-api/ErpMobile.Api.csproj]
/Users/ali1/Projects/Erp-entegrasyon/erp-api/Models/Office/OfficeAddressModel.cs(14,23): warning CS8618: Non-nullable property 'QuarterName' must contain a non-null value when exiting constructor. Consider adding the 'required' modifier or declaring the property as nullable. [/Users/ali1/Projects/Erp-entegrasyon/erp-api/ErpMobile.Api.csproj]
/Users/ali1/Projects/Erp-entegrasyon/erp-api/Models/Office/OfficeAddressModel.cs(15,23): warning CS8618: Non-nullable property 'Boulevard' must contain a non-null value when exiting constructor. Consider adding the 'required' modifier or declaring the property as nullable. [/Users/ali1/Projects/Erp-entegrasyon/erp-api/ErpMobile.Api.csproj]
/Users/ali1/Projects/Erp-entegrasyon/erp-api/Models/Office/OfficeAddressModel.cs(16,23): warning CS8618: Non-nullable property 'Street' must contain a non-null value when exiting constructor. Consider adding the 'required' modifier or declaring the property as nullable. [/Users/ali1/Projects/Erp-entegrasyon/erp-api/ErpMobile.Api.csproj]
/Users/ali1/Projects/Erp-entegrasyon/erp-api/Models/Office/OfficeAddressModel.cs(17,23): warning CS8618: Non-nullable property 'Road' must contain a non-null value when exiting constructor. Consider adding the 'required' modifier or declaring the property as nullable. [/Users/ali1/Projects/Erp-entegrasyon/erp-api/ErpMobile.Api.csproj]
/Users/ali1/Projects/Erp-entegrasyon/erp-api/Models/Office/OfficeAddressModel.cs(18,23): warning CS8618: Non-nullable property 'CountryCode' must contain a non-null value when exiting constructor. Consider adding the 'required' modifier or declaring the property as nullable. [/Users/ali1/Projects/Erp-entegrasyon/erp-api/ErpMobile.Api.csproj]
/Users/ali1/Projects/Erp-entegrasyon/erp-api/Models/Office/OfficeAddressModel.cs(19,23): warning CS8618: Non-nullable property 'CountryDescription' must contain a non-null value when exiting constructor. Consider adding the 'required' modifier or declaring the property as nullable. [/Users/ali1/Projects/Erp-entegrasyon/erp-api/ErpMobile.Api.csproj]
/Users/ali1/Projects/Erp-entegrasyon/erp-api/Models/Office/OfficeAddressModel.cs(20,23): warning CS8618: Non-nullable property 'StateCode' must contain a non-null value when exiting constructor. Consider adding the 'required' modifier or declaring the property as nullable. [/Users/ali1/Projects/Erp-entegrasyon/erp-api/ErpMobile.Api.csproj]
/Users/ali1/Projects/Erp-entegrasyon/erp-api/Models/Office/OfficeAddressModel.cs(21,23): warning CS8618: Non-nullable property 'StateDescription' must contain a non-null value when exiting constructor. Consider adding the 'required' modifier or declaring the property as nullable. [/Users/ali1/Projects/Erp-entegrasyon/erp-api/ErpMobile.Api.csproj]
/Users/ali1/Projects/Erp-entegrasyon/erp-api/Models/Office/OfficeAddressModel.cs(22,23): warning CS8618: Non-nullable property 'CityCode' must contain a non-null value when exiting constructor. Consider adding the 'required' modifier or declaring the property as nullable. [/Users/ali1/Projects/Erp-entegrasyon/erp-api/ErpMobile.Api.csproj]
/Users/ali1/Projects/Erp-entegrasyon/erp-api/Models/Office/OfficeAddressModel.cs(23,23): warning CS8618: Non-nullable property 'CityDescription' must contain a non-null value when exiting constructor. Consider adding the 'required' modifier or declaring the property as nullable. [/Users/ali1/Projects/Erp-entegrasyon/erp-api/ErpMobile.Api.csproj]
/Users/ali1/Projects/Erp-entegrasyon/erp-api/Models/Office/OfficeAddressModel.cs(24,23): warning CS8618: Non-nullable property 'DistrictCode' must contain a non-null value when exiting constructor. Consider adding the 'required' modifier or declaring the property as nullable. [/Users/ali1/Projects/Erp-entegrasyon/erp-api/ErpMobile.Api.csproj]
/Users/ali1/Projects/Erp-entegrasyon/erp-api/Models/Office/OfficeAddressModel.cs(25,23): warning CS8618: Non-nullable property 'DistrictDescription' must contain a non-null value when exiting constructor. Consider adding the 'required' modifier or declaring the property as nullable. [/Users/ali1/Projects/Erp-entegrasyon/erp-api/ErpMobile.Api.csproj]
/Users/ali1/Projects/Erp-entegrasyon/erp-api/Models/Office/OfficeAddressModel.cs(26,23): warning CS8618: Non-nullable property 'ZipCode' must contain a non-null value when exiting constructor. Consider adding the 'required' modifier or declaring the property as nullable. [/Users/ali1/Projects/Erp-entegrasyon/erp-api/ErpMobile.Api.csproj]
/Users/ali1/Projects/Erp-entegrasyon/erp-api/Models/Office/OfficeAddressModel.cs(27,23): warning CS8618: Non-nullable property 'DrivingDirections' must contain a non-null value when exiting constructor. Consider adding the 'required' modifier or declaring the property as nullable. [/Users/ali1/Projects/Erp-entegrasyon/erp-api/ErpMobile.Api.csproj]
/Users/ali1/Projects/Erp-entegrasyon/erp-api/Models/Item/WarehouseModel.cs(7,23): warning CS8618: Non-nullable property 'WarehouseCode' must contain a non-null value when exiting constructor. Consider adding the 'required' modifier or declaring the property as nullable. [/Users/ali1/Projects/Erp-entegrasyon/erp-api/ErpMobile.Api.csproj]
/Users/ali1/Projects/Erp-entegrasyon/erp-api/Models/Item/WarehouseModel.cs(8,23): warning CS8618: Non-nullable property 'WarehouseDescription' must contain a non-null value when exiting constructor. Consider adding the 'required' modifier or declaring the property as nullable. [/Users/ali1/Projects/Erp-entegrasyon/erp-api/ErpMobile.Api.csproj]
/Users/ali1/Projects/Erp-entegrasyon/erp-api/Models/Item/WarehouseModel.cs(9,23): warning CS8618: Non-nullable property 'WarehouseOwnerCode' must contain a non-null value when exiting constructor. Consider adding the 'required' modifier or declaring the property as nullable. [/Users/ali1/Projects/Erp-entegrasyon/erp-api/ErpMobile.Api.csproj]
/Users/ali1/Projects/Erp-entegrasyon/erp-api/Models/Item/WarehouseModel.cs(10,23): warning CS8618: Non-nullable property 'WarehouseTypeCode' must contain a non-null value when exiting constructor. Consider adding the 'required' modifier or declaring the property as nullable. [/Users/ali1/Projects/Erp-entegrasyon/erp-api/ErpMobile.Api.csproj]
/Users/ali1/Projects/Erp-entegrasyon/erp-api/Models/Item/WarehouseModel.cs(11,23): warning CS8618: Non-nullable property 'WarehouseCategoryCode' must contain a non-null value when exiting constructor. Consider adding the 'required' modifier or declaring the property as nullable. [/Users/ali1/Projects/Erp-entegrasyon/erp-api/ErpMobile.Api.csproj]
/Users/ali1/Projects/Erp-entegrasyon/erp-api/Models/Item/WarehouseModel.cs(12,23): warning CS8618: Non-nullable property 'OfficeCode' must contain a non-null value when exiting constructor. Consider adding the 'required' modifier or declaring the property as nullable. [/Users/ali1/Projects/Erp-entegrasyon/erp-api/ErpMobile.Api.csproj]
/Users/ali1/Projects/Erp-entegrasyon/erp-api/Models/Item/WarehouseModel.cs(14,23): warning CS8618: Non-nullable property 'CurrAccCode' must contain a non-null value when exiting constructor. Consider adding the 'required' modifier or declaring the property as nullable. [/Users/ali1/Projects/Erp-entegrasyon/erp-api/ErpMobile.Api.csproj]
/Users/ali1/Projects/Erp-entegrasyon/erp-api/Controllers/SalesInvoiceController.cs(75,76): warning CS8625: Cannot convert null literal to non-nullable reference type. [/Users/ali1/Projects/Erp-entegrasyon/erp-api/ErpMobile.Api.csproj]
/Users/ali1/Projects/Erp-entegrasyon/erp-api/Controllers/SalesInvoiceController.cs(83,79): warning CS8625: Cannot convert null literal to non-nullable reference type. [/Users/ali1/Projects/Erp-entegrasyon/erp-api/ErpMobile.Api.csproj]
/Users/ali1/Projects/Erp-entegrasyon/erp-api/Models/Item/WarehouseAddressModel.cs(7,23): warning CS8618: Non-nullable property 'WarehouseCode' must contain a non-null value when exiting constructor. Consider adding the 'required' modifier or declaring the property as nullable. [/Users/ali1/Projects/Erp-entegrasyon/erp-api/ErpMobile.Api.csproj]
/Users/ali1/Projects/Erp-entegrasyon/erp-api/Models/Item/WarehouseAddressModel.cs(8,23): warning CS8618: Non-nullable property 'Address' must contain a non-null value when exiting constructor. Consider adding the 'required' modifier or declaring the property as nullable. [/Users/ali1/Projects/Erp-entegrasyon/erp-api/ErpMobile.Api.csproj]
/Users/ali1/Projects/Erp-entegrasyon/erp-api/Models/Item/WarehouseAddressModel.cs(9,23): warning CS8618: Non-nullable property 'SiteName' must contain a non-null value when exiting constructor. Consider adding the 'required' modifier or declaring the property as nullable. [/Users/ali1/Projects/Erp-entegrasyon/erp-api/ErpMobile.Api.csproj]
/Users/ali1/Projects/Erp-entegrasyon/erp-api/Models/Item/WarehouseAddressModel.cs(10,23): warning CS8618: Non-nullable property 'BuildingName' must contain a non-null value when exiting constructor. Consider adding the 'required' modifier or declaring the property as nullable. [/Users/ali1/Projects/Erp-entegrasyon/erp-api/ErpMobile.Api.csproj]
/Users/ali1/Projects/Erp-entegrasyon/erp-api/Models/Item/WarehouseAddressModel.cs(11,23): warning CS8618: Non-nullable property 'BuildingNum' must contain a non-null value when exiting constructor. Consider adding the 'required' modifier or declaring the property as nullable. [/Users/ali1/Projects/Erp-entegrasyon/erp-api/ErpMobile.Api.csproj]
/Users/ali1/Projects/Erp-entegrasyon/erp-api/Models/Item/WarehouseAddressModel.cs(12,23): warning CS8618: Non-nullable property 'FloorNum' must contain a non-null value when exiting constructor. Consider adding the 'required' modifier or declaring the property as nullable. [/Users/ali1/Projects/Erp-entegrasyon/erp-api/ErpMobile.Api.csproj]
/Users/ali1/Projects/Erp-entegrasyon/erp-api/Models/Item/WarehouseAddressModel.cs(13,23): warning CS8618: Non-nullable property 'DoorNum' must contain a non-null value when exiting constructor. Consider adding the 'required' modifier or declaring the property as nullable. [/Users/ali1/Projects/Erp-entegrasyon/erp-api/ErpMobile.Api.csproj]
/Users/ali1/Projects/Erp-entegrasyon/erp-api/Models/Item/WarehouseAddressModel.cs(14,23): warning CS8618: Non-nullable property 'QuarterName' must contain a non-null value when exiting constructor. Consider adding the 'required' modifier or declaring the property as nullable. [/Users/ali1/Projects/Erp-entegrasyon/erp-api/ErpMobile.Api.csproj]
/Users/ali1/Projects/Erp-entegrasyon/erp-api/Models/Item/WarehouseAddressModel.cs(15,23): warning CS8618: Non-nullable property 'Boulevard' must contain a non-null value when exiting constructor. Consider adding the 'required' modifier or declaring the property as nullable. [/Users/ali1/Projects/Erp-entegrasyon/erp-api/ErpMobile.Api.csproj]
/Users/ali1/Projects/Erp-entegrasyon/erp-api/Models/Item/WarehouseAddressModel.cs(16,23): warning CS8618: Non-nullable property 'Street' must contain a non-null value when exiting constructor. Consider adding the 'required' modifier or declaring the property as nullable. [/Users/ali1/Projects/Erp-entegrasyon/erp-api/ErpMobile.Api.csproj]
/Users/ali1/Projects/Erp-entegrasyon/erp-api/Models/Item/WarehouseAddressModel.cs(17,23): warning CS8618: Non-nullable property 'Road' must contain a non-null value when exiting constructor. Consider adding the 'required' modifier or declaring the property as nullable. [/Users/ali1/Projects/Erp-entegrasyon/erp-api/ErpMobile.Api.csproj]
/Users/ali1/Projects/Erp-entegrasyon/erp-api/Models/Item/WarehouseAddressModel.cs(18,23): warning CS8618: Non-nullable property 'CountryCode' must contain a non-null value when exiting constructor. Consider adding the 'required' modifier or declaring the property as nullable. [/Users/ali1/Projects/Erp-entegrasyon/erp-api/ErpMobile.Api.csproj]
/Users/ali1/Projects/Erp-entegrasyon/erp-api/Models/Item/WarehouseAddressModel.cs(19,23): warning CS8618: Non-nullable property 'CountryDescription' must contain a non-null value when exiting constructor. Consider adding the 'required' modifier or declaring the property as nullable. [/Users/ali1/Projects/Erp-entegrasyon/erp-api/ErpMobile.Api.csproj]
/Users/ali1/Projects/Erp-entegrasyon/erp-api/Models/Item/WarehouseAddressModel.cs(20,23): warning CS8618: Non-nullable property 'StateCode' must contain a non-null value when exiting constructor. Consider adding the 'required' modifier or declaring the property as nullable. [/Users/ali1/Projects/Erp-entegrasyon/erp-api/ErpMobile.Api.csproj]
/Users/ali1/Projects/Erp-entegrasyon/erp-api/Models/Item/WarehouseAddressModel.cs(21,23): warning CS8618: Non-nullable property 'StateDescription' must contain a non-null value when exiting constructor. Consider adding the 'required' modifier or declaring the property as nullable. [/Users/ali1/Projects/Erp-entegrasyon/erp-api/ErpMobile.Api.csproj]
/Users/ali1/Projects/Erp-entegrasyon/erp-api/Models/Item/WarehouseAddressModel.cs(22,23): warning CS8618: Non-nullable property 'CityCode' must contain a non-null value when exiting constructor. Consider adding the 'required' modifier or declaring the property as nullable. [/Users/ali1/Projects/Erp-entegrasyon/erp-api/ErpMobile.Api.csproj]
/Users/ali1/Projects/Erp-entegrasyon/erp-api/Models/Item/WarehouseAddressModel.cs(23,23): warning CS8618: Non-nullable property 'CityDescription' must contain a non-null value when exiting constructor. Consider adding the 'required' modifier or declaring the property as nullable. [/Users/ali1/Projects/Erp-entegrasyon/erp-api/ErpMobile.Api.csproj]
/Users/ali1/Projects/Erp-entegrasyon/erp-api/Models/Item/WarehouseAddressModel.cs(24,23): warning CS8618: Non-nullable property 'DistrictCode' must contain a non-null value when exiting constructor. Consider adding the 'required' modifier or declaring the property as nullable. [/Users/ali1/Projects/Erp-entegrasyon/erp-api/ErpMobile.Api.csproj]
/Users/ali1/Projects/Erp-entegrasyon/erp-api/Models/Item/WarehouseAddressModel.cs(25,23): warning CS8618: Non-nullable property 'DistrictDescription' must contain a non-null value when exiting constructor. Consider adding the 'required' modifier or declaring the property as nullable. [/Users/ali1/Projects/Erp-entegrasyon/erp-api/ErpMobile.Api.csproj]
/Users/ali1/Projects/Erp-entegrasyon/erp-api/Models/Item/WarehouseAddressModel.cs(26,23): warning CS8618: Non-nullable property 'ZipCode' must contain a non-null value when exiting constructor. Consider adding the 'required' modifier or declaring the property as nullable. [/Users/ali1/Projects/Erp-entegrasyon/erp-api/ErpMobile.Api.csproj]
/Users/ali1/Projects/Erp-entegrasyon/erp-api/Models/Item/WarehouseAddressModel.cs(27,23): warning CS8618: Non-nullable property 'DrivingDirections' must contain a non-null value when exiting constructor. Consider adding the 'required' modifier or declaring the property as nullable. [/Users/ali1/Projects/Erp-entegrasyon/erp-api/ErpMobile.Api.csproj]
/Users/ali1/Projects/Erp-entegrasyon/erp-api/Models/Item/VatModel.cs(7,23): warning CS8618: Non-nullable property 'VatCode' must contain a non-null value when exiting constructor. Consider adding the 'required' modifier or declaring the property as nullable. [/Users/ali1/Projects/Erp-entegrasyon/erp-api/ErpMobile.Api.csproj]
/Users/ali1/Projects/Erp-entegrasyon/erp-api/Models/Item/VatModel.cs(8,23): warning CS8618: Non-nullable property 'VatDescription' must contain a non-null value when exiting constructor. Consider adding the 'required' modifier or declaring the property as nullable. [/Users/ali1/Projects/Erp-entegrasyon/erp-api/ErpMobile.Api.csproj]
/Users/ali1/Projects/Erp-entegrasyon/erp-api/Models/Item/UpdateItemRequest.cs(9,23): warning CS8618: Non-nullable property 'ItemDescription' must contain a non-null value when exiting constructor. Consider adding the 'required' modifier or declaring the property as nullable. [/Users/ali1/Projects/Erp-entegrasyon/erp-api/ErpMobile.Api.csproj]
/Users/ali1/Projects/Erp-entegrasyon/erp-api/Models/Item/UpdateItemRequest.cs(11,23): warning CS8618: Non-nullable property 'ProductTypeCode' must contain a non-null value when exiting constructor. Consider adding the 'required' modifier or declaring the property as nullable. [/Users/ali1/Projects/Erp-entegrasyon/erp-api/ErpMobile.Api.csproj]
/Users/ali1/Projects/Erp-entegrasyon/erp-api/Models/Item/UpdateItemRequest.cs(13,23): warning CS8618: Non-nullable property 'ItemDimTypeCode' must contain a non-null value when exiting constructor. Consider adding the 'required' modifier or declaring the property as nullable. [/Users/ali1/Projects/Erp-entegrasyon/erp-api/ErpMobile.Api.csproj]
/Users/ali1/Projects/Erp-entegrasyon/erp-api/Models/Item/UpdateItemRequest.cs(15,23): warning CS8618: Non-nullable property 'UnitOfMeasureCode1' must contain a non-null value when exiting constructor. Consider adding the 'required' modifier or declaring the property as nullable. [/Users/ali1/Projects/Erp-entegrasyon/erp-api/ErpMobile.Api.csproj]
/Users/ali1/Projects/Erp-entegrasyon/erp-api/Models/Item/UpdateItemRequest.cs(17,23): warning CS8618: Non-nullable property 'UnitOfMeasureCode2' must contain a non-null value when exiting constructor. Consider adding the 'required' modifier or declaring the property as nullable. [/Users/ali1/Projects/Erp-entegrasyon/erp-api/ErpMobile.Api.csproj]
/Users/ali1/Projects/Erp-entegrasyon/erp-api/Models/Item/UpdateItemRequest.cs(19,23): warning CS8618: Non-nullable property 'CompanyBrandCode' must contain a non-null value when exiting constructor. Consider adding the 'required' modifier or declaring the property as nullable. [/Users/ali1/Projects/Erp-entegrasyon/erp-api/ErpMobile.Api.csproj]
/Users/ali1/Projects/Erp-entegrasyon/erp-api/Models/Item/ItemPriceModel.cs(7,23): warning CS8618: Non-nullable property 'ItemCode' must contain a non-null value when exiting constructor. Consider adding the 'required' modifier or declaring the property as nullable. [/Users/ali1/Projects/Erp-entegrasyon/erp-api/ErpMobile.Api.csproj]
/Users/ali1/Projects/Erp-entegrasyon/erp-api/Models/Item/ItemPriceModel.cs(8,23): warning CS8618: Non-nullable property 'PriceListCode' must contain a non-null value when exiting constructor. Consider adding the 'required' modifier or declaring the property as nullable. [/Users/ali1/Projects/Erp-entegrasyon/erp-api/ErpMobile.Api.csproj]
/Users/ali1/Projects/Erp-entegrasyon/erp-api/Models/Item/ItemPriceModel.cs(9,23): warning CS8618: Non-nullable property 'PriceListDescription' must contain a non-null value when exiting constructor. Consider adding the 'required' modifier or declaring the property as nullable. [/Users/ali1/Projects/Erp-entegrasyon/erp-api/ErpMobile.Api.csproj]
/Users/ali1/Projects/Erp-entegrasyon/erp-api/Models/Item/ItemPriceModel.cs(10,23): warning CS8618: Non-nullable property 'CurrencyCode' must contain a non-null value when exiting constructor. Consider adding the 'required' modifier or declaring the property as nullable. [/Users/ali1/Projects/Erp-entegrasyon/erp-api/ErpMobile.Api.csproj]
/Users/ali1/Projects/Erp-entegrasyon/erp-api/Controllers/SalesInvoiceController.cs(98,79): warning CS8625: Cannot convert null literal to non-nullable reference type. [/Users/ali1/Projects/Erp-entegrasyon/erp-api/ErpMobile.Api.csproj]
/Users/ali1/Projects/Erp-entegrasyon/erp-api/Models/Item/ItemModel.cs(8,23): warning CS8618: Non-nullable property 'ItemCode' must contain a non-null value when exiting constructor. Consider adding the 'required' modifier or declaring the property as nullable. [/Users/ali1/Projects/Erp-entegrasyon/erp-api/ErpMobile.Api.csproj]
/Users/ali1/Projects/Erp-entegrasyon/erp-api/Models/Item/ItemModel.cs(9,23): warning CS8618: Non-nullable property 'ItemDescription' must contain a non-null value when exiting constructor. Consider adding the 'required' modifier or declaring the property as nullable. [/Users/ali1/Projects/Erp-entegrasyon/erp-api/ErpMobile.Api.csproj]
/Users/ali1/Projects/Erp-entegrasyon/erp-api/Models/Item/ItemModel.cs(11,23): warning CS8618: Non-nullable property 'ProductTypeCode' must contain a non-null value when exiting constructor. Consider adding the 'required' modifier or declaring the property as nullable. [/Users/ali1/Projects/Erp-entegrasyon/erp-api/ErpMobile.Api.csproj]
/Users/ali1/Projects/Erp-entegrasyon/erp-api/Models/Item/ItemModel.cs(12,23): warning CS8618: Non-nullable property 'ProductTypeDescription' must contain a non-null value when exiting constructor. Consider adding the 'required' modifier or declaring the property as nullable. [/Users/ali1/Projects/Erp-entegrasyon/erp-api/ErpMobile.Api.csproj]
/Users/ali1/Projects/Erp-entegrasyon/erp-api/Models/Item/ItemModel.cs(13,23): warning CS8618: Non-nullable property 'ItemDimTypeCode' must contain a non-null value when exiting constructor. Consider adding the 'required' modifier or declaring the property as nullable. [/Users/ali1/Projects/Erp-entegrasyon/erp-api/ErpMobile.Api.csproj]
/Users/ali1/Projects/Erp-entegrasyon/erp-api/Models/Item/ItemModel.cs(14,23): warning CS8618: Non-nullable property 'ItemDimTypeDescription' must contain a non-null value when exiting constructor. Consider adding the 'required' modifier or declaring the property as nullable. [/Users/ali1/Projects/Erp-entegrasyon/erp-api/ErpMobile.Api.csproj]
/Users/ali1/Projects/Erp-entegrasyon/erp-api/Models/Item/ItemModel.cs(15,23): warning CS8618: Non-nullable property 'UnitCode' must contain a non-null value when exiting constructor. Consider adding the 'required' modifier or declaring the property as nullable. [/Users/ali1/Projects/Erp-entegrasyon/erp-api/ErpMobile.Api.csproj]
/Users/ali1/Projects/Erp-entegrasyon/erp-api/Models/Item/ItemModel.cs(16,23): warning CS8618: Non-nullable property 'UnitOfMeasureCode1' must contain a non-null value when exiting constructor. Consider adding the 'required' modifier or declaring the property as nullable. [/Users/ali1/Projects/Erp-entegrasyon/erp-api/ErpMobile.Api.csproj]
/Users/ali1/Projects/Erp-entegrasyon/erp-api/Models/Item/ItemModel.cs(17,23): warning CS8618: Non-nullable property 'UnitOfMeasureCode2' must contain a non-null value when exiting constructor. Consider adding the 'required' modifier or declaring the property as nullable. [/Users/ali1/Projects/Erp-entegrasyon/erp-api/ErpMobile.Api.csproj]
/Users/ali1/Projects/Erp-entegrasyon/erp-api/Models/Item/ItemModel.cs(18,23): warning CS8618: Non-nullable property 'VatCode' must contain a non-null value when exiting constructor. Consider adding the 'required' modifier or declaring the property as nullable. [/Users/ali1/Projects/Erp-entegrasyon/erp-api/ErpMobile.Api.csproj]
/Users/ali1/Projects/Erp-entegrasyon/erp-api/Models/Item/ItemModel.cs(20,23): warning CS8618: Non-nullable property 'CompanyBrandCode' must contain a non-null value when exiting constructor. Consider adding the 'required' modifier or declaring the property as nullable. [/Users/ali1/Projects/Erp-entegrasyon/erp-api/ErpMobile.Api.csproj]
/Users/ali1/Projects/Erp-entegrasyon/erp-api/Models/Item/ItemAttributeTypeModel.cs(8,23): warning CS8618: Non-nullable property 'AttributeTypeCode' must contain a non-null value when exiting constructor. Consider adding the 'required' modifier or declaring the property as nullable. [/Users/ali1/Projects/Erp-entegrasyon/erp-api/ErpMobile.Api.csproj]
/Users/ali1/Projects/Erp-entegrasyon/erp-api/Models/Item/ItemAttributeTypeModel.cs(9,23): warning CS8618: Non-nullable property 'AttributeTypeDescription' must contain a non-null value when exiting constructor. Consider adding the 'required' modifier or declaring the property as nullable. [/Users/ali1/Projects/Erp-entegrasyon/erp-api/ErpMobile.Api.csproj]
/Users/ali1/Projects/Erp-entegrasyon/erp-api/Models/Item/ItemAttributeTypeModel.cs(10,23): warning CS8618: Non-nullable property 'ProductHierarchyFilter' must contain a non-null value when exiting constructor. Consider adding the 'required' modifier or declaring the property as nullable. [/Users/ali1/Projects/Erp-entegrasyon/erp-api/ErpMobile.Api.csproj]
/Users/ali1/Projects/Erp-entegrasyon/erp-api/Models/Item/ItemAttributeModel.cs(7,23): warning CS8618: Non-nullable property 'AttributeTypeCode' must contain a non-null value when exiting constructor. Consider adding the 'required' modifier or declaring the property as nullable. [/Users/ali1/Projects/Erp-entegrasyon/erp-api/ErpMobile.Api.csproj]
/Users/ali1/Projects/Erp-entegrasyon/erp-api/Models/Item/ItemAttributeModel.cs(8,23): warning CS8618: Non-nullable property 'AttributeTypeDescription' must contain a non-null value when exiting constructor. Consider adding the 'required' modifier or declaring the property as nullable. [/Users/ali1/Projects/Erp-entegrasyon/erp-api/ErpMobile.Api.csproj]
/Users/ali1/Projects/Erp-entegrasyon/erp-api/Models/Item/ItemAttributeModel.cs(9,23): warning CS8618: Non-nullable property 'AttributeCode' must contain a non-null value when exiting constructor. Consider adding the 'required' modifier or declaring the property as nullable. [/Users/ali1/Projects/Erp-entegrasyon/erp-api/ErpMobile.Api.csproj]
/Users/ali1/Projects/Erp-entegrasyon/erp-api/Models/Item/ItemAttributeModel.cs(10,23): warning CS8618: Non-nullable property 'AttributeDescription' must contain a non-null value when exiting constructor. Consider adding the 'required' modifier or declaring the property as nullable. [/Users/ali1/Projects/Erp-entegrasyon/erp-api/ErpMobile.Api.csproj]
/Users/ali1/Projects/Erp-entegrasyon/erp-api/Models/Item/ItemAttributeModel.cs(11,23): warning CS8618: Non-nullable property 'ProductHierarchyFilter' must contain a non-null value when exiting constructor. Consider adding the 'required' modifier or declaring the property as nullable. [/Users/ali1/Projects/Erp-entegrasyon/erp-api/ErpMobile.Api.csproj]
/Users/ali1/Projects/Erp-entegrasyon/erp-api/Models/Item/CreateItemRequest.cs(9,23): warning CS8618: Non-nullable property 'ItemCode' must contain a non-null value when exiting constructor. Consider adding the 'required' modifier or declaring the property as nullable. [/Users/ali1/Projects/Erp-entegrasyon/erp-api/ErpMobile.Api.csproj]
/Users/ali1/Projects/Erp-entegrasyon/erp-api/Models/Item/CreateItemRequest.cs(12,23): warning CS8618: Non-nullable property 'ItemDescription' must contain a non-null value when exiting constructor. Consider adding the 'required' modifier or declaring the property as nullable. [/Users/ali1/Projects/Erp-entegrasyon/erp-api/ErpMobile.Api.csproj]
/Users/ali1/Projects/Erp-entegrasyon/erp-api/Models/Item/CreateItemRequest.cs(15,23): warning CS8618: Non-nullable property 'ProductTypeCode' must contain a non-null value when exiting constructor. Consider adding the 'required' modifier or declaring the property as nullable. [/Users/ali1/Projects/Erp-entegrasyon/erp-api/ErpMobile.Api.csproj]
/Users/ali1/Projects/Erp-entegrasyon/erp-api/Models/Item/CreateItemRequest.cs(18,23): warning CS8618: Non-nullable property 'ItemDimTypeCode' must contain a non-null value when exiting constructor. Consider adding the 'required' modifier or declaring the property as nullable. [/Users/ali1/Projects/Erp-entegrasyon/erp-api/ErpMobile.Api.csproj]
/Users/ali1/Projects/Erp-entegrasyon/erp-api/Models/Item/CreateItemRequest.cs(21,23): warning CS8618: Non-nullable property 'UnitOfMeasureCode1' must contain a non-null value when exiting constructor. Consider adding the 'required' modifier or declaring the property as nullable. [/Users/ali1/Projects/Erp-entegrasyon/erp-api/ErpMobile.Api.csproj]
/Users/ali1/Projects/Erp-entegrasyon/erp-api/Models/Item/CreateItemRequest.cs(23,23): warning CS8618: Non-nullable property 'UnitOfMeasureCode2' must contain a non-null value when exiting constructor. Consider adding the 'required' modifier or declaring the property as nullable. [/Users/ali1/Projects/Erp-entegrasyon/erp-api/ErpMobile.Api.csproj]
/Users/ali1/Projects/Erp-entegrasyon/erp-api/Models/Item/CreateItemRequest.cs(25,23): warning CS8618: Non-nullable property 'CompanyBrandCode' must contain a non-null value when exiting constructor. Consider adding the 'required' modifier or declaring the property as nullable. [/Users/ali1/Projects/Erp-entegrasyon/erp-api/ErpMobile.Api.csproj]
/Users/ali1/Projects/Erp-entegrasyon/erp-api/Models/Item/BarcodeTypeModel.cs(7,23): warning CS8618: Non-nullable property 'BarcodeTypeCode' must contain a non-null value when exiting constructor. Consider adding the 'required' modifier or declaring the property as nullable. [/Users/ali1/Projects/Erp-entegrasyon/erp-api/ErpMobile.Api.csproj]
/Users/ali1/Projects/Erp-entegrasyon/erp-api/Models/Item/BarcodeTypeModel.cs(8,23): warning CS8618: Non-nullable property 'BarcodeTypeDescription' must contain a non-null value when exiting constructor. Consider adding the 'required' modifier or declaring the property as nullable. [/Users/ali1/Projects/Erp-entegrasyon/erp-api/ErpMobile.Api.csproj]
/Users/ali1/Projects/Erp-entegrasyon/erp-api/Models/Item/BarcodeTypeModel.cs(9,23): warning CS8618: Non-nullable property 'StandardBarcodeTypeCode' must contain a non-null value when exiting constructor. Consider adding the 'required' modifier or declaring the property as nullable. [/Users/ali1/Projects/Erp-entegrasyon/erp-api/ErpMobile.Api.csproj]
/Users/ali1/Projects/Erp-entegrasyon/erp-api/Models/Item/BarcodeTypeModel.cs(10,23): warning CS8618: Non-nullable property 'StandardBarcodeTypeDescription' must contain a non-null value when exiting constructor. Consider adding the 'required' modifier or declaring the property as nullable. [/Users/ali1/Projects/Erp-entegrasyon/erp-api/ErpMobile.Api.csproj]
/Users/ali1/Projects/Erp-entegrasyon/erp-api/Models/InvoiceType/InvoiceTypeModel.cs(11,23): warning CS8618: Non-nullable property 'LangCode' must contain a non-null value when exiting constructor. Consider adding the 'required' modifier or declaring the property as nullable. [/Users/ali1/Projects/Erp-entegrasyon/erp-api/ErpMobile.Api.csproj]
/Users/ali1/Projects/Erp-entegrasyon/erp-api/Models/InvoiceType/InvoiceTypeModel.cs(13,23): warning CS8618: Non-nullable property 'InvoiceTypeDescription' must contain a non-null value when exiting constructor. Consider adding the 'required' modifier or declaring the property as nullable. [/Users/ali1/Projects/Erp-entegrasyon/erp-api/ErpMobile.Api.csproj]
/Users/ali1/Projects/Erp-entegrasyon/erp-api/Models/Invoice/WholesalePurchaseInvoiceModel.cs(10,23): warning CS8618: Non-nullable property 'InvoiceNumber' must contain a non-null value when exiting constructor. Consider adding the 'required' modifier or declaring the property as nullable. [/Users/ali1/Projects/Erp-entegrasyon/erp-api/ErpMobile.Api.csproj]
/Users/ali1/Projects/Erp-entegrasyon/erp-api/Models/Invoice/WholesalePurchaseInvoiceModel.cs(16,23): warning CS8618: Non-nullable property 'VendorCode' must contain a non-null value when exiting constructor. Consider adding the 'required' modifier or declaring the property as nullable. [/Users/ali1/Projects/Erp-entegrasyon/erp-api/ErpMobile.Api.csproj]
/Users/ali1/Projects/Erp-entegrasyon/erp-api/Models/Invoice/WholesalePurchaseInvoiceModel.cs(18,23): warning CS8618: Non-nullable property 'VendorName' must contain a non-null value when exiting constructor. Consider adding the 'required' modifier or declaring the property as nullable. [/Users/ali1/Projects/Erp-entegrasyon/erp-api/ErpMobile.Api.csproj]
/Users/ali1/Projects/Erp-entegrasyon/erp-api/Models/Invoice/WholesalePurchaseInvoiceModel.cs(28,23): warning CS8618: Non-nullable property 'CurrencyCode' must contain a non-null value when exiting constructor. Consider adding the 'required' modifier or declaring the property as nullable. [/Users/ali1/Projects/Erp-entegrasyon/erp-api/ErpMobile.Api.csproj]
/Users/ali1/Projects/Erp-entegrasyon/erp-api/Models/Invoice/WholesalePurchaseInvoiceModel.cs(30,23): warning CS8618: Non-nullable property 'Status' must contain a non-null value when exiting constructor. Consider adding the 'required' modifier or declaring the property as nullable. [/Users/ali1/Projects/Erp-entegrasyon/erp-api/ErpMobile.Api.csproj]
/Users/ali1/Projects/Erp-entegrasyon/erp-api/Models/Invoice/WholesalePurchaseInvoiceModel.cs(40,23): warning CS8618: Non-nullable property 'Notes' must contain a non-null value when exiting constructor. Consider adding the 'required' modifier or declaring the property as nullable. [/Users/ali1/Projects/Erp-entegrasyon/erp-api/ErpMobile.Api.csproj]
/Users/ali1/Projects/Erp-entegrasyon/erp-api/Models/Invoice/WholesalePurchaseInvoiceModel.cs(42,23): warning CS8618: Non-nullable property 'CreatedBy' must contain a non-null value when exiting constructor. Consider adding the 'required' modifier or declaring the property as nullable. [/Users/ali1/Projects/Erp-entegrasyon/erp-api/ErpMobile.Api.csproj]
/Users/ali1/Projects/Erp-entegrasyon/erp-api/Models/Invoice/WholesalePurchaseInvoiceModel.cs(46,23): warning CS8618: Non-nullable property 'ModifiedBy' must contain a non-null value when exiting constructor. Consider adding the 'required' modifier or declaring the property as nullable. [/Users/ali1/Projects/Erp-entegrasyon/erp-api/ErpMobile.Api.csproj]
/Users/ali1/Projects/Erp-entegrasyon/erp-api/Controllers/SalesInvoiceController.cs(135,81): warning CS8625: Cannot convert null literal to non-nullable reference type. [/Users/ali1/Projects/Erp-entegrasyon/erp-api/ErpMobile.Api.csproj]
/Users/ali1/Projects/Erp-entegrasyon/erp-api/Models/Invoice/WholesaleInvoiceModel.cs(10,23): warning CS8618: Non-nullable property 'InvoiceNumber' must contain a non-null value when exiting constructor. Consider adding the 'required' modifier or declaring the property as nullable. [/Users/ali1/Projects/Erp-entegrasyon/erp-api/ErpMobile.Api.csproj]
/Users/ali1/Projects/Erp-entegrasyon/erp-api/Models/Invoice/WholesaleInvoiceModel.cs(16,23): warning CS8618: Non-nullable property 'CustomerCode' must contain a non-null value when exiting constructor. Consider adding the 'required' modifier or declaring the property as nullable. [/Users/ali1/Projects/Erp-entegrasyon/erp-api/ErpMobile.Api.csproj]
/Users/ali1/Projects/Erp-entegrasyon/erp-api/Models/Invoice/WholesaleInvoiceModel.cs(18,23): warning CS8618: Non-nullable property 'CustomerName' must contain a non-null value when exiting constructor. Consider adding the 'required' modifier or declaring the property as nullable. [/Users/ali1/Projects/Erp-entegrasyon/erp-api/ErpMobile.Api.csproj]
/Users/ali1/Projects/Erp-entegrasyon/erp-api/Models/Invoice/WholesaleInvoiceModel.cs(28,23): warning CS8618: Non-nullable property 'CurrencyCode' must contain a non-null value when exiting constructor. Consider adding the 'required' modifier or declaring the property as nullable. [/Users/ali1/Projects/Erp-entegrasyon/erp-api/ErpMobile.Api.csproj]
/Users/ali1/Projects/Erp-entegrasyon/erp-api/Models/Invoice/WholesaleInvoiceModel.cs(30,23): warning CS8618: Non-nullable property 'Status' must contain a non-null value when exiting constructor. Consider adding the 'required' modifier or declaring the property as nullable. [/Users/ali1/Projects/Erp-entegrasyon/erp-api/ErpMobile.Api.csproj]
/Users/ali1/Projects/Erp-entegrasyon/erp-api/Models/Invoice/WholesaleInvoiceModel.cs(40,23): warning CS8618: Non-nullable property 'Notes' must contain a non-null value when exiting constructor. Consider adding the 'required' modifier or declaring the property as nullable. [/Users/ali1/Projects/Erp-entegrasyon/erp-api/ErpMobile.Api.csproj]
/Users/ali1/Projects/Erp-entegrasyon/erp-api/Models/Invoice/WholesaleInvoiceModel.cs(42,23): warning CS8618: Non-nullable property 'CreatedBy' must contain a non-null value when exiting constructor. Consider adding the 'required' modifier or declaring the property as nullable. [/Users/ali1/Projects/Erp-entegrasyon/erp-api/ErpMobile.Api.csproj]
/Users/ali1/Projects/Erp-entegrasyon/erp-api/Models/Invoice/WholesaleInvoiceModel.cs(46,23): warning CS8618: Non-nullable property 'ModifiedBy' must contain a non-null value when exiting constructor. Consider adding the 'required' modifier or declaring the property as nullable. [/Users/ali1/Projects/Erp-entegrasyon/erp-api/ErpMobile.Api.csproj]
/Users/ali1/Projects/Erp-entegrasyon/erp-api/Models/Invoice/InvoicePaymentDetailModel.cs(7,23): warning CS8618: Non-nullable property 'DebitLineID' must contain a non-null value when exiting constructor. Consider adding the 'required' modifier or declaring the property as nullable. [/Users/ali1/Projects/Erp-entegrasyon/erp-api/ErpMobile.Api.csproj]
/Users/ali1/Projects/Erp-entegrasyon/erp-api/Models/Invoice/InvoicePaymentDetailModel.cs(8,23): warning CS8618: Non-nullable property 'CurrencyCode' must contain a non-null value when exiting constructor. Consider adding the 'required' modifier or declaring the property as nullable. [/Users/ali1/Projects/Erp-entegrasyon/erp-api/ErpMobile.Api.csproj]
/Users/ali1/Projects/Erp-entegrasyon/erp-api/Models/Invoice/InvoicePaymentDetailModel.cs(10,23): warning CS8618: Non-nullable property 'RelationCurrencyCode' must contain a non-null value when exiting constructor. Consider adding the 'required' modifier or declaring the property as nullable. [/Users/ali1/Projects/Erp-entegrasyon/erp-api/ErpMobile.Api.csproj]
/Users/ali1/Projects/Erp-entegrasyon/erp-api/Models/Invoice/InvoiceListResponse.cs(7,41): warning CS8618: Non-nullable property 'Items' must contain a non-null value when exiting constructor. Consider adding the 'required' modifier or declaring the property as nullable. [/Users/ali1/Projects/Erp-entegrasyon/erp-api/ErpMobile.Api.csproj]
/Users/ali1/Projects/Erp-entegrasyon/erp-api/Controllers/SalesInvoiceController.cs(151,83): warning CS8625: Cannot convert null literal to non-nullable reference type. [/Users/ali1/Projects/Erp-entegrasyon/erp-api/ErpMobile.Api.csproj]
/Users/ali1/Projects/Erp-entegrasyon/erp-api/Controllers/SalesInvoiceController.cs(168,79): warning CS8625: Cannot convert null literal to non-nullable reference type. [/Users/ali1/Projects/Erp-entegrasyon/erp-api/ErpMobile.Api.csproj]
/Users/ali1/Projects/Erp-entegrasyon/erp-api/Models/Invoice/InvoiceListRequest.cs(59,23): warning CS8618: Non-nullable property 'InvoiceNumber' must contain a non-null value when exiting constructor. Consider adding the 'required' modifier or declaring the property as nullable. [/Users/ali1/Projects/Erp-entegrasyon/erp-api/ErpMobile.Api.csproj]
/Users/ali1/Projects/Erp-entegrasyon/erp-api/Models/Invoice/InvoiceListRequest.cs(63,23): warning CS8618: Non-nullable property 'ProcessCode' must contain a non-null value when exiting constructor. Consider adding the 'required' modifier or declaring the property as nullable. [/Users/ali1/Projects/Erp-entegrasyon/erp-api/ErpMobile.Api.csproj]
/Users/ali1/Projects/Erp-entegrasyon/erp-api/Models/Invoice/InvoiceListRequest.cs(65,23): warning CS8618: Non-nullable property 'CustomerCode' must contain a non-null value when exiting constructor. Consider adding the 'required' modifier or declaring the property as nullable. [/Users/ali1/Projects/Erp-entegrasyon/erp-api/ErpMobile.Api.csproj]
/Users/ali1/Projects/Erp-entegrasyon/erp-api/Models/Invoice/InvoiceListRequest.cs(66,23): warning CS8618: Non-nullable property 'VendorCode' must contain a non-null value when exiting constructor. Consider adding the 'required' modifier or declaring the property as nullable. [/Users/ali1/Projects/Erp-entegrasyon/erp-api/ErpMobile.Api.csproj]
/Users/ali1/Projects/Erp-entegrasyon/erp-api/Models/Invoice/InvoiceListRequest.cs(73,23): warning CS8618: Non-nullable property 'CompanyCode' must contain a non-null value when exiting constructor. Consider adding the 'required' modifier or declaring the property as nullable. [/Users/ali1/Projects/Erp-entegrasyon/erp-api/ErpMobile.Api.csproj]
/Users/ali1/Projects/Erp-entegrasyon/erp-api/Models/Invoice/InvoiceListRequest.cs(74,23): warning CS8618: Non-nullable property 'StoreCode' must contain a non-null value when exiting constructor. Consider adding the 'required' modifier or declaring the property as nullable. [/Users/ali1/Projects/Erp-entegrasyon/erp-api/ErpMobile.Api.csproj]
/Users/ali1/Projects/Erp-entegrasyon/erp-api/Models/Invoice/InvoiceListRequest.cs(75,23): warning CS8618: Non-nullable property 'WarehouseCode' must contain a non-null value when exiting constructor. Consider adding the 'required' modifier or declaring the property as nullable. [/Users/ali1/Projects/Erp-entegrasyon/erp-api/ErpMobile.Api.csproj]
/Users/ali1/Projects/Erp-entegrasyon/erp-api/Controllers/SalesInvoiceController.cs(184,76): warning CS8625: Cannot convert null literal to non-nullable reference type. [/Users/ali1/Projects/Erp-entegrasyon/erp-api/ErpMobile.Api.csproj]
/Users/ali1/Projects/Erp-entegrasyon/erp-api/Controllers/SalesInvoiceController.cs(200,87): warning CS8625: Cannot convert null literal to non-nullable reference type. [/Users/ali1/Projects/Erp-entegrasyon/erp-api/ErpMobile.Api.csproj]
/Users/ali1/Projects/Erp-entegrasyon/erp-api/Models/Invoice/InvoiceHeaderModel.cs(9,23): warning CS8618: Non-nullable property 'InvoiceNumber' must contain a non-null value when exiting constructor. Consider adding the 'required' modifier or declaring the property as nullable. [/Users/ali1/Projects/Erp-entegrasyon/erp-api/ErpMobile.Api.csproj]
/Users/ali1/Projects/Erp-entegrasyon/erp-api/Models/Invoice/InvoiceHeaderModel.cs(12,23): warning CS8618: Non-nullable property 'InvoiceTypeCode' must contain a non-null value when exiting constructor. Consider adding the 'required' modifier or declaring the property as nullable. [/Users/ali1/Projects/Erp-entegrasyon/erp-api/ErpMobile.Api.csproj]
/Users/ali1/Projects/Erp-entegrasyon/erp-api/Models/Invoice/InvoiceHeaderModel.cs(13,23): warning CS8618: Non-nullable property 'InvoiceTypeDescription' must contain a non-null value when exiting constructor. Consider adding the 'required' modifier or declaring the property as nullable. [/Users/ali1/Projects/Erp-entegrasyon/erp-api/ErpMobile.Api.csproj]
/Users/ali1/Projects/Erp-entegrasyon/erp-api/Models/Invoice/InvoiceHeaderModel.cs(16,23): warning CS8618: Non-nullable property 'InvoiceTime' must contain a non-null value when exiting constructor. Consider adding the 'required' modifier or declaring the property as nullable. [/Users/ali1/Projects/Erp-entegrasyon/erp-api/ErpMobile.Api.csproj]
/Users/ali1/Projects/Erp-entegrasyon/erp-api/Models/Invoice/InvoiceHeaderModel.cs(19,23): warning CS8618: Non-nullable property 'VendorCode' must contain a non-null value when exiting constructor. Consider adding the 'required' modifier or declaring the property as nullable. [/Users/ali1/Projects/Erp-entegrasyon/erp-api/ErpMobile.Api.csproj]
/Users/ali1/Projects/Erp-entegrasyon/erp-api/Models/Invoice/InvoiceHeaderModel.cs(20,23): warning CS8618: Non-nullable property 'VendorDescription' must contain a non-null value when exiting constructor. Consider adding the 'required' modifier or declaring the property as nullable. [/Users/ali1/Projects/Erp-entegrasyon/erp-api/ErpMobile.Api.csproj]
/Users/ali1/Projects/Erp-entegrasyon/erp-api/Models/Invoice/InvoiceHeaderModel.cs(21,23): warning CS8618: Non-nullable property 'CustomerCode' must contain a non-null value when exiting constructor. Consider adding the 'required' modifier or declaring the property as nullable. [/Users/ali1/Projects/Erp-entegrasyon/erp-api/ErpMobile.Api.csproj]
/Users/ali1/Projects/Erp-entegrasyon/erp-api/Models/Invoice/InvoiceHeaderModel.cs(22,23): warning CS8618: Non-nullable property 'CustomerDescription' must contain a non-null value when exiting constructor. Consider adding the 'required' modifier or declaring the property as nullable. [/Users/ali1/Projects/Erp-entegrasyon/erp-api/ErpMobile.Api.csproj]
/Users/ali1/Projects/Erp-entegrasyon/erp-api/Models/Invoice/InvoiceHeaderModel.cs(23,23): warning CS8618: Non-nullable property 'RetailCustomerCode' must contain a non-null value when exiting constructor. Consider adding the 'required' modifier or declaring the property as nullable. [/Users/ali1/Projects/Erp-entegrasyon/erp-api/ErpMobile.Api.csproj]
/Users/ali1/Projects/Erp-entegrasyon/erp-api/Models/Invoice/InvoiceHeaderModel.cs(24,23): warning CS8618: Non-nullable property 'StoreCurrAccCode' must contain a non-null value when exiting constructor. Consider adding the 'required' modifier or declaring the property as nullable. [/Users/ali1/Projects/Erp-entegrasyon/erp-api/ErpMobile.Api.csproj]
/Users/ali1/Projects/Erp-entegrasyon/erp-api/Models/Invoice/InvoiceHeaderModel.cs(25,23): warning CS8618: Non-nullable property 'StoreDescription' must contain a non-null value when exiting constructor. Consider adding the 'required' modifier or declaring the property as nullable. [/Users/ali1/Projects/Erp-entegrasyon/erp-api/ErpMobile.Api.csproj]
/Users/ali1/Projects/Erp-entegrasyon/erp-api/Models/Invoice/InvoiceHeaderModel.cs(26,23): warning CS8618: Non-nullable property 'EmployeeCode' must contain a non-null value when exiting constructor. Consider adding the 'required' modifier or declaring the property as nullable. [/Users/ali1/Projects/Erp-entegrasyon/erp-api/ErpMobile.Api.csproj]
/Users/ali1/Projects/Erp-entegrasyon/erp-api/Models/Invoice/InvoiceHeaderModel.cs(27,23): warning CS8618: Non-nullable property 'FirstLastName' must contain a non-null value when exiting constructor. Consider adding the 'required' modifier or declaring the property as nullable. [/Users/ali1/Projects/Erp-entegrasyon/erp-api/ErpMobile.Api.csproj]
/Users/ali1/Projects/Erp-entegrasyon/erp-api/Models/Invoice/InvoiceHeaderModel.cs(29,23): warning CS8618: Non-nullable property 'SubCurrAccCode' must contain a non-null value when exiting constructor. Consider adding the 'required' modifier or declaring the property as nullable. [/Users/ali1/Projects/Erp-entegrasyon/erp-api/ErpMobile.Api.csproj]
/Users/ali1/Projects/Erp-entegrasyon/erp-api/Models/Invoice/InvoiceHeaderModel.cs(30,23): warning CS8618: Non-nullable property 'SubCurrAccCompanyName' must contain a non-null value when exiting constructor. Consider adding the 'required' modifier or declaring the property as nullable. [/Users/ali1/Projects/Erp-entegrasyon/erp-api/ErpMobile.Api.csproj]
/Users/ali1/Projects/Erp-entegrasyon/erp-api/Models/Invoice/InvoiceHeaderModel.cs(32,23): warning CS8618: Non-nullable property 'ProcessCode' must contain a non-null value when exiting constructor. Consider adding the 'required' modifier or declaring the property as nullable. [/Users/ali1/Projects/Erp-entegrasyon/erp-api/ErpMobile.Api.csproj]
/Users/ali1/Projects/Erp-entegrasyon/erp-api/Models/Invoice/InvoiceHeaderModel.cs(34,23): warning CS8618: Non-nullable property 'DocCurrencyCode' must contain a non-null value when exiting constructor. Consider adding the 'required' modifier or declaring the property as nullable. [/Users/ali1/Projects/Erp-entegrasyon/erp-api/ErpMobile.Api.csproj]
/Users/ali1/Projects/Erp-entegrasyon/erp-api/Models/Invoice/InvoiceHeaderModel.cs(35,23): warning CS8618: Non-nullable property 'CurrencyCode' must contain a non-null value when exiting constructor. Consider adding the 'required' modifier or declaring the property as nullable. [/Users/ali1/Projects/Erp-entegrasyon/erp-api/ErpMobile.Api.csproj]
/Users/ali1/Projects/Erp-entegrasyon/erp-api/Models/Invoice/InvoiceHeaderModel.cs(36,23): warning CS8618: Non-nullable property 'Series' must contain a non-null value when exiting constructor. Consider adding the 'required' modifier or declaring the property as nullable. [/Users/ali1/Projects/Erp-entegrasyon/erp-api/ErpMobile.Api.csproj]
/Users/ali1/Projects/Erp-entegrasyon/erp-api/Models/Invoice/InvoiceHeaderModel.cs(37,23): warning CS8618: Non-nullable property 'SeriesNumber' must contain a non-null value when exiting constructor. Consider adding the 'required' modifier or declaring the property as nullable. [/Users/ali1/Projects/Erp-entegrasyon/erp-api/ErpMobile.Api.csproj]
/Users/ali1/Projects/Erp-entegrasyon/erp-api/Models/Invoice/InvoiceHeaderModel.cs(38,23): warning CS8618: Non-nullable property 'EInvoiceNumber' must contain a non-null value when exiting constructor. Consider adding the 'required' modifier or declaring the property as nullable. [/Users/ali1/Projects/Erp-entegrasyon/erp-api/ErpMobile.Api.csproj]
/Users/ali1/Projects/Erp-entegrasyon/erp-api/Models/Invoice/InvoiceHeaderModel.cs(39,23): warning CS8618: Non-nullable property 'CompanyCode' must contain a non-null value when exiting constructor. Consider adding the 'required' modifier or declaring the property as nullable. [/Users/ali1/Projects/Erp-entegrasyon/erp-api/ErpMobile.Api.csproj]
/Users/ali1/Projects/Erp-entegrasyon/erp-api/Models/Invoice/InvoiceHeaderModel.cs(40,23): warning CS8618: Non-nullable property 'OfficeCode' must contain a non-null value when exiting constructor. Consider adding the 'required' modifier or declaring the property as nullable. [/Users/ali1/Projects/Erp-entegrasyon/erp-api/ErpMobile.Api.csproj]
/Users/ali1/Projects/Erp-entegrasyon/erp-api/Models/Invoice/InvoiceHeaderModel.cs(41,23): warning CS8618: Non-nullable property 'StoreCode' must contain a non-null value when exiting constructor. Consider adding the 'required' modifier or declaring the property as nullable. [/Users/ali1/Projects/Erp-entegrasyon/erp-api/ErpMobile.Api.csproj]
/Users/ali1/Projects/Erp-entegrasyon/erp-api/Models/Invoice/InvoiceHeaderModel.cs(42,23): warning CS8618: Non-nullable property 'WarehouseCode' must contain a non-null value when exiting constructor. Consider adding the 'required' modifier or declaring the property as nullable. [/Users/ali1/Projects/Erp-entegrasyon/erp-api/ErpMobile.Api.csproj]
/Users/ali1/Projects/Erp-entegrasyon/erp-api/Models/Invoice/InvoiceHeaderModel.cs(43,23): warning CS8618: Non-nullable property 'ImportFileNumber' must contain a non-null value when exiting constructor. Consider adding the 'required' modifier or declaring the property as nullable. [/Users/ali1/Projects/Erp-entegrasyon/erp-api/ErpMobile.Api.csproj]
/Users/ali1/Projects/Erp-entegrasyon/erp-api/Models/Invoice/InvoiceHeaderModel.cs(44,23): warning CS8618: Non-nullable property 'ExportFileNumber' must contain a non-null value when exiting constructor. Consider adding the 'required' modifier or declaring the property as nullable. [/Users/ali1/Projects/Erp-entegrasyon/erp-api/ErpMobile.Api.csproj]
/Users/ali1/Projects/Erp-entegrasyon/erp-api/Models/Invoice/InvoiceHeaderModel.cs(45,23): warning CS8618: Non-nullable property 'ExportTypeCode' must contain a non-null value when exiting constructor. Consider adding the 'required' modifier or declaring the property as nullable. [/Users/ali1/Projects/Erp-entegrasyon/erp-api/ErpMobile.Api.csproj]
/Users/ali1/Projects/Erp-entegrasyon/erp-api/Models/Invoice/InvoiceHeaderModel.cs(46,23): warning CS8618: Non-nullable property 'PosTerminalID' must contain a non-null value when exiting constructor. Consider adding the 'required' modifier or declaring the property as nullable. [/Users/ali1/Projects/Erp-entegrasyon/erp-api/ErpMobile.Api.csproj]
/Users/ali1/Projects/Erp-entegrasyon/erp-api/Models/Invoice/InvoiceHeaderModel.cs(47,23): warning CS8618: Non-nullable property 'TaxTypeCode' must contain a non-null value when exiting constructor. Consider adding the 'required' modifier or declaring the property as nullable. [/Users/ali1/Projects/Erp-entegrasyon/erp-api/ErpMobile.Api.csproj]
/Users/ali1/Projects/Erp-entegrasyon/erp-api/Models/Invoice/InvoiceHeaderModel.cs(54,23): warning CS8618: Non-nullable property 'JournalNumber' must contain a non-null value when exiting constructor. Consider adding the 'required' modifier or declaring the property as nullable. [/Users/ali1/Projects/Erp-entegrasyon/erp-api/ErpMobile.Api.csproj]
/Users/ali1/Projects/Erp-entegrasyon/erp-api/Models/Invoice/InvoiceHeaderModel.cs(56,23): warning CS8618: Non-nullable property 'ApplicationCode' must contain a non-null value when exiting constructor. Consider adding the 'required' modifier or declaring the property as nullable. [/Users/ali1/Projects/Erp-entegrasyon/erp-api/ErpMobile.Api.csproj]
/Users/ali1/Projects/Erp-entegrasyon/erp-api/Models/Invoice/InvoiceHeaderModel.cs(57,23): warning CS8618: Non-nullable property 'ApplicationDescription' must contain a non-null value when exiting constructor. Consider adding the 'required' modifier or declaring the property as nullable. [/Users/ali1/Projects/Erp-entegrasyon/erp-api/ErpMobile.Api.csproj]
/Users/ali1/Projects/Erp-entegrasyon/erp-api/Models/Invoice/InvoiceHeaderModel.cs(58,23): warning CS8618: Non-nullable property 'ApplicationID' must contain a non-null value when exiting constructor. Consider adding the 'required' modifier or declaring the property as nullable. [/Users/ali1/Projects/Erp-entegrasyon/erp-api/ErpMobile.Api.csproj]
/Users/ali1/Projects/Erp-entegrasyon/erp-api/Models/Invoice/InvoiceHeaderModel.cs(59,23): warning CS8618: Non-nullable property 'InvoiceHeaderID' must contain a non-null value when exiting constructor. Consider adding the 'required' modifier or declaring the property as nullable. [/Users/ali1/Projects/Erp-entegrasyon/erp-api/ErpMobile.Api.csproj]
/Users/ali1/Projects/Erp-entegrasyon/erp-api/Models/Invoice/InvoiceHeaderModel.cs(64,23): warning CS8618: Non-nullable property 'ShippingPostalAddressID' must contain a non-null value when exiting constructor. Consider adding the 'required' modifier or declaring the property as nullable. [/Users/ali1/Projects/Erp-entegrasyon/erp-api/ErpMobile.Api.csproj]
/Users/ali1/Projects/Erp-entegrasyon/erp-api/Models/Invoice/InvoiceHeaderModel.cs(65,23): warning CS8618: Non-nullable property 'BillingPostalAddressID' must contain a non-null value when exiting constructor. Consider adding the 'required' modifier or declaring the property as nullable. [/Users/ali1/Projects/Erp-entegrasyon/erp-api/ErpMobile.Api.csproj]
/Users/ali1/Projects/Erp-entegrasyon/erp-api/Models/Invoice/InvoiceHeaderModel.cs(68,23): warning CS8618: Non-nullable property 'CurrAccCode' must contain a non-null value when exiting constructor. Consider adding the 'required' modifier or declaring the property as nullable. [/Users/ali1/Projects/Erp-entegrasyon/erp-api/ErpMobile.Api.csproj]
/Users/ali1/Projects/Erp-entegrasyon/erp-api/Models/Invoice/InvoiceHeaderModel.cs(69,23): warning CS8618: Non-nullable property 'LocalCurrencyCode' must contain a non-null value when exiting constructor. Consider adding the 'required' modifier or declaring the property as nullable. [/Users/ali1/Projects/Erp-entegrasyon/erp-api/ErpMobile.Api.csproj]
/Users/ali1/Projects/Erp-entegrasyon/erp-api/Models/Invoice/InvoiceHeaderModel.cs(72,23): warning CS8618: Non-nullable property 'OperationTime' must contain a non-null value when exiting constructor. Consider adding the 'required' modifier or declaring the property as nullable. [/Users/ali1/Projects/Erp-entegrasyon/erp-api/ErpMobile.Api.csproj]
/Users/ali1/Projects/Erp-entegrasyon/erp-api/Models/Invoice/InvoiceHeaderModel.cs(81,23): warning CS8618: Non-nullable property 'Status' must contain a non-null value when exiting constructor. Consider adding the 'required' modifier or declaring the property as nullable. [/Users/ali1/Projects/Erp-entegrasyon/erp-api/ErpMobile.Api.csproj]
/Users/ali1/Projects/Erp-entegrasyon/erp-api/Models/Invoice/InvoiceHeaderModel.cs(82,23): warning CS8618: Non-nullable property 'Notes' must contain a non-null value when exiting constructor. Consider adding the 'required' modifier or declaring the property as nullable. [/Users/ali1/Projects/Erp-entegrasyon/erp-api/ErpMobile.Api.csproj]
/Users/ali1/Projects/Erp-entegrasyon/erp-api/Models/Invoice/InvoiceHeaderModel.cs(83,23): warning CS8618: Non-nullable property 'CreatedBy' must contain a non-null value when exiting constructor. Consider adding the 'required' modifier or declaring the property as nullable. [/Users/ali1/Projects/Erp-entegrasyon/erp-api/ErpMobile.Api.csproj]
/Users/ali1/Projects/Erp-entegrasyon/erp-api/Models/Invoice/InvoiceHeaderModel.cs(85,23): warning CS8618: Non-nullable property 'ModifiedBy' must contain a non-null value when exiting constructor. Consider adding the 'required' modifier or declaring the property as nullable. [/Users/ali1/Projects/Erp-entegrasyon/erp-api/ErpMobile.Api.csproj]
/Users/ali1/Projects/Erp-entegrasyon/erp-api/Models/Invoice/InvoiceHeaderModel.cs(89,23): warning CS8618: Non-nullable property 'CreatedUserName' must contain a non-null value when exiting constructor. Consider adding the 'required' modifier or declaring the property as nullable. [/Users/ali1/Projects/Erp-entegrasyon/erp-api/ErpMobile.Api.csproj]
/Users/ali1/Projects/Erp-entegrasyon/erp-api/Models/Invoice/InvoiceHeaderModel.cs(90,23): warning CS8618: Non-nullable property 'LastUpdatedUserName' must contain a non-null value when exiting constructor. Consider adding the 'required' modifier or declaring the property as nullable. [/Users/ali1/Projects/Erp-entegrasyon/erp-api/ErpMobile.Api.csproj]
/Users/ali1/Projects/Erp-entegrasyon/erp-api/Controllers/UserController.cs(85,62): warning CS8604: Possible null reference argument for parameter 'user' in 'Task<IList<string>> UserManager<User>.GetRolesAsync(User user)'. [/Users/ali1/Projects/Erp-entegrasyon/erp-api/ErpMobile.Api.csproj]
/Users/ali1/Projects/Erp-entegrasyon/erp-api/Controllers/SalesInvoiceController.cs(215,75): warning CS8625: Cannot convert null literal to non-nullable reference type. [/Users/ali1/Projects/Erp-entegrasyon/erp-api/ErpMobile.Api.csproj]
/Users/ali1/Projects/Erp-entegrasyon/erp-api/Entities/Common/cdCountry.cs(12,23): warning CS8618: Non-nullable property 'CountryCode' must contain a non-null value when exiting constructor. Consider adding the 'required' modifier or declaring the property as nullable. [/Users/ali1/Projects/Erp-entegrasyon/erp-api/ErpMobile.Api.csproj]
/Users/ali1/Projects/Erp-entegrasyon/erp-api/Entities/Common/cdCountry.cs(16,23): warning CS8618: Non-nullable property 'ISOCode' must contain a non-null value when exiting constructor. Consider adding the 'required' modifier or declaring the property as nullable. [/Users/ali1/Projects/Erp-entegrasyon/erp-api/ErpMobile.Api.csproj]
/Users/ali1/Projects/Erp-entegrasyon/erp-api/Entities/Common/cdCountry.cs(20,23): warning CS8618: Non-nullable property 'ISOCode3' must contain a non-null value when exiting constructor. Consider adding the 'required' modifier or declaring the property as nullable. [/Users/ali1/Projects/Erp-entegrasyon/erp-api/ErpMobile.Api.csproj]
/Users/ali1/Projects/Erp-entegrasyon/erp-api/Entities/Common/cdCountry.cs(27,23): warning CS8618: Non-nullable property 'CreatedUserName' must contain a non-null value when exiting constructor. Consider adding the 'required' modifier or declaring the property as nullable. [/Users/ali1/Projects/Erp-entegrasyon/erp-api/ErpMobile.Api.csproj]
/Users/ali1/Projects/Erp-entegrasyon/erp-api/Entities/Common/cdCountry.cs(34,23): warning CS8618: Non-nullable property 'LastUpdatedUserName' must contain a non-null value when exiting constructor. Consider adding the 'required' modifier or declaring the property as nullable. [/Users/ali1/Projects/Erp-entegrasyon/erp-api/ErpMobile.Api.csproj]
/Users/ali1/Projects/Erp-entegrasyon/erp-api/Models/Invoice/InvoiceDetailModel.cs(9,23): warning CS8618: Non-nullable property 'InvoiceHeaderID' must contain a non-null value when exiting constructor. Consider adding the 'required' modifier or declaring the property as nullable. [/Users/ali1/Projects/Erp-entegrasyon/erp-api/ErpMobile.Api.csproj]
/Users/ali1/Projects/Erp-entegrasyon/erp-api/Models/Invoice/InvoiceDetailModel.cs(10,23): warning CS8618: Non-nullable property 'InvoiceNumber' must contain a non-null value when exiting constructor. Consider adding the 'required' modifier or declaring the property as nullable. [/Users/ali1/Projects/Erp-entegrasyon/erp-api/ErpMobile.Api.csproj]
/Users/ali1/Projects/Erp-entegrasyon/erp-api/Models/Invoice/InvoiceDetailModel.cs(14,23): warning CS8618: Non-nullable property 'ItemCode' must contain a non-null value when exiting constructor. Consider adding the 'required' modifier or declaring the property as nullable. [/Users/ali1/Projects/Erp-entegrasyon/erp-api/ErpMobile.Api.csproj]
/Users/ali1/Projects/Erp-entegrasyon/erp-api/Models/Invoice/InvoiceDetailModel.cs(15,23): warning CS8618: Non-nullable property 'ItemDescription' must contain a non-null value when exiting constructor. Consider adding the 'required' modifier or declaring the property as nullable. [/Users/ali1/Projects/Erp-entegrasyon/erp-api/ErpMobile.Api.csproj]
/Users/ali1/Projects/Erp-entegrasyon/erp-api/Models/Invoice/InvoiceDetailModel.cs(16,23): warning CS8618: Non-nullable property 'ItemTypeCode' must contain a non-null value when exiting constructor. Consider adding the 'required' modifier or declaring the property as nullable. [/Users/ali1/Projects/Erp-entegrasyon/erp-api/ErpMobile.Api.csproj]
/Users/ali1/Projects/Erp-entegrasyon/erp-api/Models/Invoice/InvoiceDetailModel.cs(17,23): warning CS8618: Non-nullable property 'ProductTypeCode' must contain a non-null value when exiting constructor. Consider adding the 'required' modifier or declaring the property as nullable. [/Users/ali1/Projects/Erp-entegrasyon/erp-api/ErpMobile.Api.csproj]
/Users/ali1/Projects/Erp-entegrasyon/erp-api/Models/Invoice/InvoiceDetailModel.cs(18,23): warning CS8618: Non-nullable property 'UnitOfMeasureCode' must contain a non-null value when exiting constructor. Consider adding the 'required' modifier or declaring the property as nullable. [/Users/ali1/Projects/Erp-entegrasyon/erp-api/ErpMobile.Api.csproj]
/Users/ali1/Projects/Erp-entegrasyon/erp-api/Models/Invoice/InvoiceDetailModel.cs(19,23): warning CS8618: Non-nullable property 'SalesPersonCode' must contain a non-null value when exiting constructor. Consider adding the 'required' modifier or declaring the property as nullable. [/Users/ali1/Projects/Erp-entegrasyon/erp-api/ErpMobile.Api.csproj]
/Users/ali1/Projects/Erp-entegrasyon/erp-api/Models/Invoice/InvoiceDetailModel.cs(20,23): warning CS8618: Non-nullable property 'PromotionCode' must contain a non-null value when exiting constructor. Consider adding the 'required' modifier or declaring the property as nullable. [/Users/ali1/Projects/Erp-entegrasyon/erp-api/ErpMobile.Api.csproj]
/Users/ali1/Projects/Erp-entegrasyon/erp-api/Models/Invoice/InvoiceDetailModel.cs(23,23): warning CS8618: Non-nullable property 'ProductCode' must contain a non-null value when exiting constructor. Consider adding the 'required' modifier or declaring the property as nullable. [/Users/ali1/Projects/Erp-entegrasyon/erp-api/ErpMobile.Api.csproj]
/Users/ali1/Projects/Erp-entegrasyon/erp-api/Models/Invoice/InvoiceDetailModel.cs(24,23): warning CS8618: Non-nullable property 'ProductDescription' must contain a non-null value when exiting constructor. Consider adding the 'required' modifier or declaring the property as nullable. [/Users/ali1/Projects/Erp-entegrasyon/erp-api/ErpMobile.Api.csproj]
/Users/ali1/Projects/Erp-entegrasyon/erp-api/Models/Invoice/InvoiceDetailModel.cs(26,23): warning CS8618: Non-nullable property 'UnitCode' must contain a non-null value when exiting constructor. Consider adding the 'required' modifier or declaring the property as nullable. [/Users/ali1/Projects/Erp-entegrasyon/erp-api/ErpMobile.Api.csproj]
/Users/ali1/Projects/Erp-entegrasyon/erp-api/Models/Invoice/InvoiceDetailModel.cs(43,23): warning CS8618: Non-nullable property 'CurrencyCode' must contain a non-null value when exiting constructor. Consider adding the 'required' modifier or declaring the property as nullable. [/Users/ali1/Projects/Erp-entegrasyon/erp-api/ErpMobile.Api.csproj]
/Users/ali1/Projects/Erp-entegrasyon/erp-api/Models/Invoice/InvoiceDetailModel.cs(51,23): warning CS8618: Non-nullable property 'WarehouseCode' must contain a non-null value when exiting constructor. Consider adding the 'required' modifier or declaring the property as nullable. [/Users/ali1/Projects/Erp-entegrasyon/erp-api/ErpMobile.Api.csproj]
/Users/ali1/Projects/Erp-entegrasyon/erp-api/Models/Invoice/InvoiceDetailModel.cs(52,23): warning CS8618: Non-nullable property 'LocationCode' must contain a non-null value when exiting constructor. Consider adding the 'required' modifier or declaring the property as nullable. [/Users/ali1/Projects/Erp-entegrasyon/erp-api/ErpMobile.Api.csproj]
/Users/ali1/Projects/Erp-entegrasyon/erp-api/Models/Invoice/InvoiceDetailModel.cs(55,23): warning CS8618: Non-nullable property 'SerialNumber' must contain a non-null value when exiting constructor. Consider adding the 'required' modifier or declaring the property as nullable. [/Users/ali1/Projects/Erp-entegrasyon/erp-api/ErpMobile.Api.csproj]
/Users/ali1/Projects/Erp-entegrasyon/erp-api/Models/Invoice/InvoiceDetailModel.cs(56,23): warning CS8618: Non-nullable property 'BatchCode' must contain a non-null value when exiting constructor. Consider adding the 'required' modifier or declaring the property as nullable. [/Users/ali1/Projects/Erp-entegrasyon/erp-api/ErpMobile.Api.csproj]
/Users/ali1/Projects/Erp-entegrasyon/erp-api/Models/Invoice/InvoiceDetailModel.cs(57,23): warning CS8618: Non-nullable property 'Notes' must contain a non-null value when exiting constructor. Consider adding the 'required' modifier or declaring the property as nullable. [/Users/ali1/Projects/Erp-entegrasyon/erp-api/ErpMobile.Api.csproj]
/Users/ali1/Projects/Erp-entegrasyon/erp-api/Models/Invoice/InvoiceDetailModel.cs(62,23): warning CS8618: Non-nullable property 'CreatedBy' must contain a non-null value when exiting constructor. Consider adding the 'required' modifier or declaring the property as nullable. [/Users/ali1/Projects/Erp-entegrasyon/erp-api/ErpMobile.Api.csproj]
/Users/ali1/Projects/Erp-entegrasyon/erp-api/Models/Invoice/InvoiceDetailModel.cs(64,23): warning CS8618: Non-nullable property 'ModifiedBy' must contain a non-null value when exiting constructor. Consider adding the 'required' modifier or declaring the property as nullable. [/Users/ali1/Projects/Erp-entegrasyon/erp-api/ErpMobile.Api.csproj]
/Users/ali1/Projects/Erp-entegrasyon/erp-api/Models/Invoice/CreateInvoiceRequest.cs(114,23): warning CS8618: Non-nullable property 'ItemCode' must contain a non-null value when exiting constructor. Consider adding the 'required' modifier or declaring the property as nullable. [/Users/ali1/Projects/Erp-entegrasyon/erp-api/ErpMobile.Api.csproj]
/Users/ali1/Projects/Erp-entegrasyon/erp-api/Models/Invoice/CreateInvoiceRequest.cs(124,23): warning CS8618: Non-nullable property 'ColorCode' must contain a non-null value when exiting constructor. Consider adding the 'required' modifier or declaring the property as nullable. [/Users/ali1/Projects/Erp-entegrasyon/erp-api/ErpMobile.Api.csproj]
/Users/ali1/Projects/Erp-entegrasyon/erp-api/Models/Invoice/CreateInvoiceRequest.cs(129,23): warning CS8618: Non-nullable property 'ItemDim1Code' must contain a non-null value when exiting constructor. Consider adding the 'required' modifier or declaring the property as nullable. [/Users/ali1/Projects/Erp-entegrasyon/erp-api/ErpMobile.Api.csproj]
/Users/ali1/Projects/Erp-entegrasyon/erp-api/Models/Invoice/CreateInvoiceRequest.cs(134,23): warning CS8618: Non-nullable property 'ItemDim2Code' must contain a non-null value when exiting constructor. Consider adding the 'required' modifier or declaring the property as nullable. [/Users/ali1/Projects/Erp-entegrasyon/erp-api/ErpMobile.Api.csproj]
/Users/ali1/Projects/Erp-entegrasyon/erp-api/Models/Invoice/CreateInvoiceRequest.cs(139,23): warning CS8618: Non-nullable property 'ItemDim3Code' must contain a non-null value when exiting constructor. Consider adding the 'required' modifier or declaring the property as nullable. [/Users/ali1/Projects/Erp-entegrasyon/erp-api/ErpMobile.Api.csproj]
/Users/ali1/Projects/Erp-entegrasyon/erp-api/Models/Invoice/CreateInvoiceRequest.cs(145,23): warning CS8618: Non-nullable property 'UnitOfMeasureCode' must contain a non-null value when exiting constructor. Consider adding the 'required' modifier or declaring the property as nullable. [/Users/ali1/Projects/Erp-entegrasyon/erp-api/ErpMobile.Api.csproj]
/Users/ali1/Projects/Erp-entegrasyon/erp-api/Models/Invoice/CreateInvoiceRequest.cs(172,23): warning CS8618: Non-nullable property 'VatCode' must contain a non-null value when exiting constructor. Consider adding the 'required' modifier or declaring the property as nullable. [/Users/ali1/Projects/Erp-entegrasyon/erp-api/ErpMobile.Api.csproj]
/Users/ali1/Projects/Erp-entegrasyon/erp-api/Models/Invoice/CreateInvoiceRequest.cs(202,23): warning CS8618: Non-nullable property 'CurrencyCode' must contain a non-null value when exiting constructor. Consider adding the 'required' modifier or declaring the property as nullable. [/Users/ali1/Projects/Erp-entegrasyon/erp-api/ErpMobile.Api.csproj]
/Users/ali1/Projects/Erp-entegrasyon/erp-api/Models/Invoice/CreateInvoiceRequest.cs(207,23): warning CS8618: Non-nullable property 'PriceCurrencyCode' must contain a non-null value when exiting constructor. Consider adding the 'required' modifier or declaring the property as nullable. [/Users/ali1/Projects/Erp-entegrasyon/erp-api/ErpMobile.Api.csproj]
/Users/ali1/Projects/Erp-entegrasyon/erp-api/Models/Invoice/CreateInvoiceRequest.cs(217,23): warning CS8618: Non-nullable property 'WarehouseCode' must contain a non-null value when exiting constructor. Consider adding the 'required' modifier or declaring the property as nullable. [/Users/ali1/Projects/Erp-entegrasyon/erp-api/ErpMobile.Api.csproj]
/Users/ali1/Projects/Erp-entegrasyon/erp-api/Models/Invoice/CreateInvoiceRequest.cs(232,23): warning CS8618: Non-nullable property 'SalesPersonCode' must contain a non-null value when exiting constructor. Consider adding the 'required' modifier or declaring the property as nullable. [/Users/ali1/Projects/Erp-entegrasyon/erp-api/ErpMobile.Api.csproj]
/Users/ali1/Projects/Erp-entegrasyon/erp-api/Models/Invoice/CreateInvoiceRequest.cs(237,23): warning CS8618: Non-nullable property 'ProductTypeCode' must contain a non-null value when exiting constructor. Consider adding the 'required' modifier or declaring the property as nullable. [/Users/ali1/Projects/Erp-entegrasyon/erp-api/ErpMobile.Api.csproj]
/Users/ali1/Projects/Erp-entegrasyon/erp-api/Models/Invoice/CreateInvoiceRequest.cs(242,23): warning CS8618: Non-nullable property 'PromotionCode' must contain a non-null value when exiting constructor. Consider adding the 'required' modifier or declaring the property as nullable. [/Users/ali1/Projects/Erp-entegrasyon/erp-api/ErpMobile.Api.csproj]
/Users/ali1/Projects/Erp-entegrasyon/erp-api/Models/Invoice/CreateInvoiceRequest.cs(247,23): warning CS8618: Non-nullable property 'BatchCode' must contain a non-null value when exiting constructor. Consider adding the 'required' modifier or declaring the property as nullable. [/Users/ali1/Projects/Erp-entegrasyon/erp-api/ErpMobile.Api.csproj]
/Users/ali1/Projects/Erp-entegrasyon/erp-api/Models/Invoice/CreateInvoiceRequest.cs(252,23): warning CS8618: Non-nullable property 'Description' must contain a non-null value when exiting constructor. Consider adding the 'required' modifier or declaring the property as nullable. [/Users/ali1/Projects/Erp-entegrasyon/erp-api/ErpMobile.Api.csproj]
/Users/ali1/Projects/Erp-entegrasyon/erp-api/Models/Invoice/CreateInvoiceRequest.cs(11,23): warning CS8618: Non-nullable property 'InvoiceNumber' must contain a non-null value when exiting constructor. Consider adding the 'required' modifier or declaring the property as nullable. [/Users/ali1/Projects/Erp-entegrasyon/erp-api/ErpMobile.Api.csproj]
/Users/ali1/Projects/Erp-entegrasyon/erp-api/Models/Invoice/CreateInvoiceRequest.cs(22,23): warning CS8618: Non-nullable property 'InvoiceTime' must contain a non-null value when exiting constructor. Consider adding the 'required' modifier or declaring the property as nullable. [/Users/ali1/Projects/Erp-entegrasyon/erp-api/ErpMobile.Api.csproj]
/Users/ali1/Projects/Erp-entegrasyon/erp-api/Models/Invoice/CreateInvoiceRequest.cs(27,23): warning CS8618: Non-nullable property 'VendorCode' must contain a non-null value when exiting constructor. Consider adding the 'required' modifier or declaring the property as nullable. [/Users/ali1/Projects/Erp-entegrasyon/erp-api/ErpMobile.Api.csproj]
/Users/ali1/Projects/Erp-entegrasyon/erp-api/Models/Invoice/CreateInvoiceRequest.cs(29,23): warning CS8618: Non-nullable property 'CustomerCode' must contain a non-null value when exiting constructor. Consider adding the 'required' modifier or declaring the property as nullable. [/Users/ali1/Projects/Erp-entegrasyon/erp-api/ErpMobile.Api.csproj]
/Users/ali1/Projects/Erp-entegrasyon/erp-api/Models/Invoice/CreateInvoiceRequest.cs(31,23): warning CS8618: Non-nullable property 'RetailCustomerCode' must contain a non-null value when exiting constructor. Consider adding the 'required' modifier or declaring the property as nullable. [/Users/ali1/Projects/Erp-entegrasyon/erp-api/ErpMobile.Api.csproj]
/Users/ali1/Projects/Erp-entegrasyon/erp-api/Models/Invoice/CreateInvoiceRequest.cs(33,23): warning CS8618: Non-nullable property 'StoreCurrAccCode' must contain a non-null value when exiting constructor. Consider adding the 'required' modifier or declaring the property as nullable. [/Users/ali1/Projects/Erp-entegrasyon/erp-api/ErpMobile.Api.csproj]
/Users/ali1/Projects/Erp-entegrasyon/erp-api/Models/Invoice/CreateInvoiceRequest.cs(35,23): warning CS8618: Non-nullable property 'EmployeeCode' must contain a non-null value when exiting constructor. Consider adding the 'required' modifier or declaring the property as nullable. [/Users/ali1/Projects/Erp-entegrasyon/erp-api/ErpMobile.Api.csproj]
/Users/ali1/Projects/Erp-entegrasyon/erp-api/Models/Invoice/CreateInvoiceRequest.cs(37,23): warning CS8618: Non-nullable property 'SubCurrAccCode' must contain a non-null value when exiting constructor. Consider adding the 'required' modifier or declaring the property as nullable. [/Users/ali1/Projects/Erp-entegrasyon/erp-api/ErpMobile.Api.csproj]
/Users/ali1/Projects/Erp-entegrasyon/erp-api/Models/Invoice/CreateInvoiceRequest.cs(43,23): warning CS8618: Non-nullable property 'ProcessCode' must contain a non-null value when exiting constructor. Consider adding the 'required' modifier or declaring the property as nullable. [/Users/ali1/Projects/Erp-entegrasyon/erp-api/ErpMobile.Api.csproj]
/Users/ali1/Projects/Erp-entegrasyon/erp-api/Models/Invoice/CreateInvoiceRequest.cs(48,23): warning CS8618: Non-nullable property 'DocCurrencyCode' must contain a non-null value when exiting constructor. Consider adding the 'required' modifier or declaring the property as nullable. [/Users/ali1/Projects/Erp-entegrasyon/erp-api/ErpMobile.Api.csproj]
/Users/ali1/Projects/Erp-entegrasyon/erp-api/Models/Invoice/CreateInvoiceRequest.cs(52,23): warning CS8618: Non-nullable property 'Series' must contain a non-null value when exiting constructor. Consider adding the 'required' modifier or declaring the property as nullable. [/Users/ali1/Projects/Erp-entegrasyon/erp-api/ErpMobile.Api.csproj]
/Users/ali1/Projects/Erp-entegrasyon/erp-api/Models/Invoice/CreateInvoiceRequest.cs(54,23): warning CS8618: Non-nullable property 'SeriesNumber' must contain a non-null value when exiting constructor. Consider adding the 'required' modifier or declaring the property as nullable. [/Users/ali1/Projects/Erp-entegrasyon/erp-api/ErpMobile.Api.csproj]
/Users/ali1/Projects/Erp-entegrasyon/erp-api/Models/Invoice/CreateInvoiceRequest.cs(56,23): warning CS8618: Non-nullable property 'EInvoiceNumber' must contain a non-null value when exiting constructor. Consider adding the 'required' modifier or declaring the property as nullable. [/Users/ali1/Projects/Erp-entegrasyon/erp-api/ErpMobile.Api.csproj]
/Users/ali1/Projects/Erp-entegrasyon/erp-api/Models/Invoice/CreateInvoiceRequest.cs(59,23): warning CS8618: Non-nullable property 'CompanyCode' must contain a non-null value when exiting constructor. Consider adding the 'required' modifier or declaring the property as nullable. [/Users/ali1/Projects/Erp-entegrasyon/erp-api/ErpMobile.Api.csproj]
/Users/ali1/Projects/Erp-entegrasyon/erp-api/Models/Invoice/CreateInvoiceRequest.cs(61,23): warning CS8618: Non-nullable property 'OfficeCode' must contain a non-null value when exiting constructor. Consider adding the 'required' modifier or declaring the property as nullable. [/Users/ali1/Projects/Erp-entegrasyon/erp-api/ErpMobile.Api.csproj]
/Users/ali1/Projects/Erp-entegrasyon/erp-api/Models/Invoice/CreateInvoiceRequest.cs(63,23): warning CS8618: Non-nullable property 'StoreCode' must contain a non-null value when exiting constructor. Consider adding the 'required' modifier or declaring the property as nullable. [/Users/ali1/Projects/Erp-entegrasyon/erp-api/ErpMobile.Api.csproj]
/Users/ali1/Projects/Erp-entegrasyon/erp-api/Models/Invoice/CreateInvoiceRequest.cs(66,23): warning CS8618: Non-nullable property 'WarehouseCode' must contain a non-null value when exiting constructor. Consider adding the 'required' modifier or declaring the property as nullable. [/Users/ali1/Projects/Erp-entegrasyon/erp-api/ErpMobile.Api.csproj]
/Users/ali1/Projects/Erp-entegrasyon/erp-api/Models/Invoice/CreateInvoiceRequest.cs(68,23): warning CS8618: Non-nullable property 'ImportFileNumber' must contain a non-null value when exiting constructor. Consider adding the 'required' modifier or declaring the property as nullable. [/Users/ali1/Projects/Erp-entegrasyon/erp-api/ErpMobile.Api.csproj]
/Users/ali1/Projects/Erp-entegrasyon/erp-api/Models/Invoice/CreateInvoiceRequest.cs(70,23): warning CS8618: Non-nullable property 'ExportFileNumber' must contain a non-null value when exiting constructor. Consider adding the 'required' modifier or declaring the property as nullable. [/Users/ali1/Projects/Erp-entegrasyon/erp-api/ErpMobile.Api.csproj]
/Users/ali1/Projects/Erp-entegrasyon/erp-api/Models/Invoice/CreateInvoiceRequest.cs(72,23): warning CS8618: Non-nullable property 'ExportTypeCode' must contain a non-null value when exiting constructor. Consider adding the 'required' modifier or declaring the property as nullable. [/Users/ali1/Projects/Erp-entegrasyon/erp-api/ErpMobile.Api.csproj]
/Users/ali1/Projects/Erp-entegrasyon/erp-api/Models/Invoice/CreateInvoiceRequest.cs(74,23): warning CS8618: Non-nullable property 'PosTerminalID' must contain a non-null value when exiting constructor. Consider adding the 'required' modifier or declaring the property as nullable. [/Users/ali1/Projects/Erp-entegrasyon/erp-api/ErpMobile.Api.csproj]
/Users/ali1/Projects/Erp-entegrasyon/erp-api/Models/Invoice/CreateInvoiceRequest.cs(76,23): warning CS8618: Non-nullable property 'TaxTypeCode' must contain a non-null value when exiting constructor. Consider adding the 'required' modifier or declaring the property as nullable. [/Users/ali1/Projects/Erp-entegrasyon/erp-api/ErpMobile.Api.csproj]
/Users/ali1/Projects/Erp-entegrasyon/erp-api/Models/Invoice/CreateInvoiceRequest.cs(82,23): warning CS8618: Non-nullable property 'ApplicationCode' must contain a non-null value when exiting constructor. Consider adding the 'required' modifier or declaring the property as nullable. [/Users/ali1/Projects/Erp-entegrasyon/erp-api/ErpMobile.Api.csproj]
/Users/ali1/Projects/Erp-entegrasyon/erp-api/Models/Invoice/CreateInvoiceRequest.cs(90,23): warning CS8618: Non-nullable property 'DocumentType' must contain a non-null value when exiting constructor. Consider adding the 'required' modifier or declaring the property as nullable. [/Users/ali1/Projects/Erp-entegrasyon/erp-api/ErpMobile.Api.csproj]
/Users/ali1/Projects/Erp-entegrasyon/erp-api/Models/Invoice/CreateInvoiceRequest.cs(96,23): warning CS8618: Non-nullable property 'Notes' must contain a non-null value when exiting constructor. Consider adding the 'required' modifier or declaring the property as nullable. [/Users/ali1/Projects/Erp-entegrasyon/erp-api/ErpMobile.Api.csproj]
/Users/ali1/Projects/Erp-entegrasyon/erp-api/Models/Invoice/CreateInvoiceRequest.cs(100,49): warning CS8618: Non-nullable property 'Details' must contain a non-null value when exiting constructor. Consider adding the 'required' modifier or declaring the property as nullable. [/Users/ali1/Projects/Erp-entegrasyon/erp-api/ErpMobile.Api.csproj]
/Users/ali1/Projects/Erp-entegrasyon/erp-api/Controllers/InvoiceController.cs(842,45): warning CS0618: 'SqlConnection' is obsolete: 'Use the Microsoft.Data.SqlClient package instead.' [/Users/ali1/Projects/Erp-entegrasyon/erp-api/ErpMobile.Api.csproj]
/Users/ali1/Projects/Erp-entegrasyon/erp-api/Controllers/InvoiceController.cs(850,46): warning CS0618: 'SqlCommand' is obsolete: 'Use the Microsoft.Data.SqlClient package instead.' [/Users/ali1/Projects/Erp-entegrasyon/erp-api/ErpMobile.Api.csproj]
/Users/ali1/Projects/Erp-entegrasyon/erp-api/Controllers/InvoiceController.cs(870,46): warning CS0618: 'SqlCommand' is obsolete: 'Use the Microsoft.Data.SqlClient package instead.' [/Users/ali1/Projects/Erp-entegrasyon/erp-api/ErpMobile.Api.csproj]
/Users/ali1/Projects/Erp-entegrasyon/erp-api/Controllers/InvoiceController.cs(890,46): warning CS0618: 'SqlCommand' is obsolete: 'Use the Microsoft.Data.SqlClient package instead.' [/Users/ali1/Projects/Erp-entegrasyon/erp-api/ErpMobile.Api.csproj]
/Users/ali1/Projects/Erp-entegrasyon/erp-api/Controllers/InvoiceController.cs(910,46): warning CS0618: 'SqlCommand' is obsolete: 'Use the Microsoft.Data.SqlClient package instead.' [/Users/ali1/Projects/Erp-entegrasyon/erp-api/ErpMobile.Api.csproj]
/Users/ali1/Projects/Erp-entegrasyon/erp-api/Controllers/InvoiceController.cs(858,58): warning CS8601: Possible null reference assignment. [/Users/ali1/Projects/Erp-entegrasyon/erp-api/ErpMobile.Api.csproj]
/Users/ali1/Projects/Erp-entegrasyon/erp-api/Controllers/InvoiceController.cs(878,58): warning CS8601: Possible null reference assignment. [/Users/ali1/Projects/Erp-entegrasyon/erp-api/ErpMobile.Api.csproj]
/Users/ali1/Projects/Erp-entegrasyon/erp-api/Controllers/InvoiceController.cs(898,58): warning CS8601: Possible null reference assignment. [/Users/ali1/Projects/Erp-entegrasyon/erp-api/ErpMobile.Api.csproj]
/Users/ali1/Projects/Erp-entegrasyon/erp-api/Controllers/InvoiceController.cs(918,58): warning CS8601: Possible null reference assignment. [/Users/ali1/Projects/Erp-entegrasyon/erp-api/ErpMobile.Api.csproj]
/Users/ali1/Projects/Erp-entegrasyon/erp-api/Models/Inventory/InventoryStockModel.cs(7,23): warning CS8618: Non-nullable property 'ItemCode' must contain a non-null value when exiting constructor. Consider adding the 'required' modifier or declaring the property as nullable. [/Users/ali1/Projects/Erp-entegrasyon/erp-api/ErpMobile.Api.csproj]
/Users/ali1/Projects/Erp-entegrasyon/erp-api/Models/Inventory/InventoryStockModel.cs(8,23): warning CS8618: Non-nullable property 'ItemTypeCode' must contain a non-null value when exiting constructor. Consider adding the 'required' modifier or declaring the property as nullable. [/Users/ali1/Projects/Erp-entegrasyon/erp-api/ErpMobile.Api.csproj]
/Users/ali1/Projects/Erp-entegrasyon/erp-api/Models/Inventory/InventoryStockModel.cs(9,23): warning CS8618: Non-nullable property 'UsedBarcode' must contain a non-null value when exiting constructor. Consider adding the 'required' modifier or declaring the property as nullable. [/Users/ali1/Projects/Erp-entegrasyon/erp-api/ErpMobile.Api.csproj]
/Users/ali1/Projects/Erp-entegrasyon/erp-api/Models/Inventory/InventoryStockModel.cs(10,23): warning CS8618: Non-nullable property 'ItemDescription' must contain a non-null value when exiting constructor. Consider adding the 'required' modifier or declaring the property as nullable. [/Users/ali1/Projects/Erp-entegrasyon/erp-api/ErpMobile.Api.csproj]
/Users/ali1/Projects/Erp-entegrasyon/erp-api/Models/Inventory/InventoryStockModel.cs(11,23): warning CS8618: Non-nullable property 'ColorDescription' must contain a non-null value when exiting constructor. Consider adding the 'required' modifier or declaring the property as nullable. [/Users/ali1/Projects/Erp-entegrasyon/erp-api/ErpMobile.Api.csproj]
/Users/ali1/Projects/Erp-entegrasyon/erp-api/Models/Inventory/InventoryStockModel.cs(12,23): warning CS8618: Non-nullable property 'BinCode' must contain a non-null value when exiting constructor. Consider adding the 'required' modifier or declaring the property as nullable. [/Users/ali1/Projects/Erp-entegrasyon/erp-api/ErpMobile.Api.csproj]
/Users/ali1/Projects/Erp-entegrasyon/erp-api/Models/Inventory/InventoryStockModel.cs(13,23): warning CS8618: Non-nullable property 'UnitOfMeasureCode' must contain a non-null value when exiting constructor. Consider adding the 'required' modifier or declaring the property as nullable. [/Users/ali1/Projects/Erp-entegrasyon/erp-api/ErpMobile.Api.csproj]
/Users/ali1/Projects/Erp-entegrasyon/erp-api/Models/Inventory/InventoryStockModel.cs(14,23): warning CS8618: Non-nullable property 'BarcodeTypeCode' must contain a non-null value when exiting constructor. Consider adding the 'required' modifier or declaring the property as nullable. [/Users/ali1/Projects/Erp-entegrasyon/erp-api/ErpMobile.Api.csproj]
/Users/ali1/Projects/Erp-entegrasyon/erp-api/Models/Inventory/InventoryStockModel.cs(15,23): warning CS8618: Non-nullable property 'ColorCode' must contain a non-null value when exiting constructor. Consider adding the 'required' modifier or declaring the property as nullable. [/Users/ali1/Projects/Erp-entegrasyon/erp-api/ErpMobile.Api.csproj]
/Users/ali1/Projects/Erp-entegrasyon/erp-api/Models/Inventory/InventoryStockModel.cs(16,23): warning CS8618: Non-nullable property 'ItemDim1Code' must contain a non-null value when exiting constructor. Consider adding the 'required' modifier or declaring the property as nullable. [/Users/ali1/Projects/Erp-entegrasyon/erp-api/ErpMobile.Api.csproj]
/Users/ali1/Projects/Erp-entegrasyon/erp-api/Models/Inventory/InventoryStockModel.cs(17,23): warning CS8618: Non-nullable property 'ItemDim2TypeCode' must contain a non-null value when exiting constructor. Consider adding the 'required' modifier or declaring the property as nullable. [/Users/ali1/Projects/Erp-entegrasyon/erp-api/ErpMobile.Api.csproj]
/Users/ali1/Projects/Erp-entegrasyon/erp-api/Models/Inventory/InventoryStockModel.cs(18,23): warning CS8618: Non-nullable property 'ItemDim2Code' must contain a non-null value when exiting constructor. Consider adding the 'required' modifier or declaring the property as nullable. [/Users/ali1/Projects/Erp-entegrasyon/erp-api/ErpMobile.Api.csproj]
/Users/ali1/Projects/Erp-entegrasyon/erp-api/Models/Inventory/InventoryStockModel.cs(19,23): warning CS8618: Non-nullable property 'ItemDim3Code' must contain a non-null value when exiting constructor. Consider adding the 'required' modifier or declaring the property as nullable. [/Users/ali1/Projects/Erp-entegrasyon/erp-api/ErpMobile.Api.csproj]
/Users/ali1/Projects/Erp-entegrasyon/erp-api/Models/Inventory/InventoryStockModel.cs(20,23): warning CS8618: Non-nullable property 'WarehouseCode' must contain a non-null value when exiting constructor. Consider adding the 'required' modifier or declaring the property as nullable. [/Users/ali1/Projects/Erp-entegrasyon/erp-api/ErpMobile.Api.csproj]
/Users/ali1/Projects/Erp-entegrasyon/erp-api/Models/Inventory/InventoryStockModel.cs(21,23): warning CS8618: Non-nullable property 'WarehouseName' must contain a non-null value when exiting constructor. Consider adding the 'required' modifier or declaring the property as nullable. [/Users/ali1/Projects/Erp-entegrasyon/erp-api/ErpMobile.Api.csproj]
/Users/ali1/Projects/Erp-entegrasyon/erp-api/Models/Entities/ExchangeRate.cs(18,23): warning CS8618: Non-nullable property 'CurrencyCode' must contain a non-null value when exiting constructor. Consider adding the 'required' modifier or declaring the property as nullable. [/Users/ali1/Projects/Erp-entegrasyon/erp-api/ErpMobile.Api.csproj]
/Users/ali1/Projects/Erp-entegrasyon/erp-api/Models/Entities/ExchangeRate.cs(29,23): warning CS8618: Non-nullable property 'Source' must contain a non-null value when exiting constructor. Consider adding the 'required' modifier or declaring the property as nullable. [/Users/ali1/Projects/Erp-entegrasyon/erp-api/ErpMobile.Api.csproj]
/Users/ali1/Projects/Erp-entegrasyon/erp-api/Models/Entities/ExchangeRate.cs(33,23): warning CS8618: Non-nullable property 'Type' must contain a non-null value when exiting constructor. Consider adding the 'required' modifier or declaring the property as nullable. [/Users/ali1/Projects/Erp-entegrasyon/erp-api/ErpMobile.Api.csproj]
/Users/ali1/Projects/Erp-entegrasyon/erp-api/Models/Entities/CurrencyDescription.cs(15,23): warning CS8618: Non-nullable property 'CurrencyCode' must contain a non-null value when exiting constructor. Consider adding the 'required' modifier or declaring the property as nullable. [/Users/ali1/Projects/Erp-entegrasyon/erp-api/ErpMobile.Api.csproj]
/Users/ali1/Projects/Erp-entegrasyon/erp-api/Models/Entities/CurrencyDescription.cs(19,23): warning CS8618: Non-nullable property 'LangCode' must contain a non-null value when exiting constructor. Consider adding the 'required' modifier or declaring the property as nullable. [/Users/ali1/Projects/Erp-entegrasyon/erp-api/ErpMobile.Api.csproj]
/Users/ali1/Projects/Erp-entegrasyon/erp-api/Models/Entities/CurrencyDescription.cs(23,23): warning CS8618: Non-nullable property 'Description' must contain a non-null value when exiting constructor. Consider adding the 'required' modifier or declaring the property as nullable. [/Users/ali1/Projects/Erp-entegrasyon/erp-api/ErpMobile.Api.csproj]
/Users/ali1/Projects/Erp-entegrasyon/erp-api/Models/Dto/ExchangeRateDto.cs(8,23): warning CS8618: Non-nullable property 'CurrencyCode' must contain a non-null value when exiting constructor. Consider adding the 'required' modifier or declaring the property as nullable. [/Users/ali1/Projects/Erp-entegrasyon/erp-api/ErpMobile.Api.csproj]
/Users/ali1/Projects/Erp-entegrasyon/erp-api/Models/Dto/ExchangeRateDto.cs(9,23): warning CS8618: Non-nullable property 'CurrencyDescription' must contain a non-null value when exiting constructor. Consider adding the 'required' modifier or declaring the property as nullable. [/Users/ali1/Projects/Erp-entegrasyon/erp-api/ErpMobile.Api.csproj]
/Users/ali1/Projects/Erp-entegrasyon/erp-api/Models/Dto/ExchangeRateDto.cs(25,23): warning CS8618: Non-nullable property 'Source' must contain a non-null value when exiting constructor. Consider adding the 'required' modifier or declaring the property as nullable. [/Users/ali1/Projects/Erp-entegrasyon/erp-api/ErpMobile.Api.csproj]
/Users/ali1/Projects/Erp-entegrasyon/erp-api/Models/CustomerDebtResponse.cs(49,23): warning CS8618: Non-nullable property 'CurrAccCode' must contain a non-null value when exiting constructor. Consider adding the 'required' modifier or declaring the property as nullable. [/Users/ali1/Projects/Erp-entegrasyon/erp-api/ErpMobile.Api.csproj]
/Users/ali1/Projects/Erp-entegrasyon/erp-api/Models/CustomerDebtResponse.cs(50,23): warning CS8618: Non-nullable property 'CurrAccDescription' must contain a non-null value when exiting constructor. Consider adding the 'required' modifier or declaring the property as nullable. [/Users/ali1/Projects/Erp-entegrasyon/erp-api/ErpMobile.Api.csproj]
/Users/ali1/Projects/Erp-entegrasyon/erp-api/Models/CustomerDebtResponse.cs(51,23): warning CS8618: Non-nullable property 'CurrencyCode' must contain a non-null value when exiting constructor. Consider adding the 'required' modifier or declaring the property as nullable. [/Users/ali1/Projects/Erp-entegrasyon/erp-api/ErpMobile.Api.csproj]
/Users/ali1/Projects/Erp-entegrasyon/erp-api/Models/CustomerDebtResponse.cs(9,23): warning CS8618: Non-nullable property 'CurrAccCode' must contain a non-null value when exiting constructor. Consider adding the 'required' modifier or declaring the property as nullable. [/Users/ali1/Projects/Erp-entegrasyon/erp-api/ErpMobile.Api.csproj]
/Users/ali1/Projects/Erp-entegrasyon/erp-api/Models/CustomerDebtResponse.cs(11,23): warning CS8618: Non-nullable property 'CompanyCode' must contain a non-null value when exiting constructor. Consider adding the 'required' modifier or declaring the property as nullable. [/Users/ali1/Projects/Erp-entegrasyon/erp-api/ErpMobile.Api.csproj]
/Users/ali1/Projects/Erp-entegrasyon/erp-api/Models/CustomerDebtResponse.cs(12,23): warning CS8618: Non-nullable property 'OfficeCode' must contain a non-null value when exiting constructor. Consider adding the 'required' modifier or declaring the property as nullable. [/Users/ali1/Projects/Erp-entegrasyon/erp-api/ErpMobile.Api.csproj]
/Users/ali1/Projects/Erp-entegrasyon/erp-api/Models/CustomerDebtResponse.cs(13,23): warning CS8618: Non-nullable property 'StoreTypeCode' must contain a non-null value when exiting constructor. Consider adding the 'required' modifier or declaring the property as nullable. [/Users/ali1/Projects/Erp-entegrasyon/erp-api/ErpMobile.Api.csproj]
/Users/ali1/Projects/Erp-entegrasyon/erp-api/Models/CustomerDebtResponse.cs(14,23): warning CS8618: Non-nullable property 'StoreCode' must contain a non-null value when exiting constructor. Consider adding the 'required' modifier or declaring the property as nullable. [/Users/ali1/Projects/Erp-entegrasyon/erp-api/ErpMobile.Api.csproj]
/Users/ali1/Projects/Erp-entegrasyon/erp-api/Models/CustomerDebtResponse.cs(16,23): warning CS8618: Non-nullable property 'DocumentNumber' must contain a non-null value when exiting constructor. Consider adding the 'required' modifier or declaring the property as nullable. [/Users/ali1/Projects/Erp-entegrasyon/erp-api/ErpMobile.Api.csproj]
/Users/ali1/Projects/Erp-entegrasyon/erp-api/Models/CustomerDebtResponse.cs(18,23): warning CS8618: Non-nullable property 'LineDescription' must contain a non-null value when exiting constructor. Consider adding the 'required' modifier or declaring the property as nullable. [/Users/ali1/Projects/Erp-entegrasyon/erp-api/ErpMobile.Api.csproj]
/Users/ali1/Projects/Erp-entegrasyon/erp-api/Models/CustomerDebtResponse.cs(19,23): warning CS8618: Non-nullable property 'RefNumber' must contain a non-null value when exiting constructor. Consider adding the 'required' modifier or declaring the property as nullable. [/Users/ali1/Projects/Erp-entegrasyon/erp-api/ErpMobile.Api.csproj]
/Users/ali1/Projects/Erp-entegrasyon/erp-api/Models/CustomerDebtResponse.cs(22,23): warning CS8618: Non-nullable property 'Doc_CurrencyCode' must contain a non-null value when exiting constructor. Consider adding the 'required' modifier or declaring the property as nullable. [/Users/ali1/Projects/Erp-entegrasyon/erp-api/ErpMobile.Api.csproj]
/Users/ali1/Projects/Erp-entegrasyon/erp-api/Models/CustomerDebtResponse.cs(26,23): warning CS8618: Non-nullable property 'Loc_CurrencyCode' must contain a non-null value when exiting constructor. Consider adding the 'required' modifier or declaring the property as nullable. [/Users/ali1/Projects/Erp-entegrasyon/erp-api/ErpMobile.Api.csproj]
/Users/ali1/Projects/Erp-entegrasyon/erp-api/Models/CustomerDebtResponse.cs(32,23): warning CS8618: Non-nullable property 'DebitReasonCode' must contain a non-null value when exiting constructor. Consider adding the 'required' modifier or declaring the property as nullable. [/Users/ali1/Projects/Erp-entegrasyon/erp-api/ErpMobile.Api.csproj]
/Users/ali1/Projects/Erp-entegrasyon/erp-api/Models/CustomerDebtResponse.cs(35,23): warning CS8618: Non-nullable property 'ApplicationCode' must contain a non-null value when exiting constructor. Consider adding the 'required' modifier or declaring the property as nullable. [/Users/ali1/Projects/Erp-entegrasyon/erp-api/ErpMobile.Api.csproj]
/Users/ali1/Projects/Erp-entegrasyon/erp-api/Models/CustomerDebtResponse.cs(39,23): warning CS8618: Non-nullable property 'ATAtt01' must contain a non-null value when exiting constructor. Consider adding the 'required' modifier or declaring the property as nullable. [/Users/ali1/Projects/Erp-entegrasyon/erp-api/ErpMobile.Api.csproj]
/Users/ali1/Projects/Erp-entegrasyon/erp-api/Models/CustomerDebtResponse.cs(40,23): warning CS8618: Non-nullable property 'ATAtt02' must contain a non-null value when exiting constructor. Consider adding the 'required' modifier or declaring the property as nullable. [/Users/ali1/Projects/Erp-entegrasyon/erp-api/ErpMobile.Api.csproj]
/Users/ali1/Projects/Erp-entegrasyon/erp-api/Models/CustomerDebtResponse.cs(41,23): warning CS8618: Non-nullable property 'ATAtt03' must contain a non-null value when exiting constructor. Consider adding the 'required' modifier or declaring the property as nullable. [/Users/ali1/Projects/Erp-entegrasyon/erp-api/ErpMobile.Api.csproj]
/Users/ali1/Projects/Erp-entegrasyon/erp-api/Models/CustomerDebtResponse.cs(42,23): warning CS8618: Non-nullable property 'ATAtt04' must contain a non-null value when exiting constructor. Consider adding the 'required' modifier or declaring the property as nullable. [/Users/ali1/Projects/Erp-entegrasyon/erp-api/ErpMobile.Api.csproj]
/Users/ali1/Projects/Erp-entegrasyon/erp-api/Models/CustomerDebtResponse.cs(43,23): warning CS8618: Non-nullable property 'ATAtt05' must contain a non-null value when exiting constructor. Consider adding the 'required' modifier or declaring the property as nullable. [/Users/ali1/Projects/Erp-entegrasyon/erp-api/ErpMobile.Api.csproj]
/Users/ali1/Projects/Erp-entegrasyon/erp-api/Controllers/ItemController.cs(1116,45): warning CS8601: Possible null reference assignment. [/Users/ali1/Projects/Erp-entegrasyon/erp-api/ErpMobile.Api.csproj]
/Users/ali1/Projects/Erp-entegrasyon/erp-api/Controllers/ItemController.cs(1117,39): warning CS8601: Possible null reference assignment. [/Users/ali1/Projects/Erp-entegrasyon/erp-api/ErpMobile.Api.csproj]
/Users/ali1/Projects/Erp-entegrasyon/erp-api/Models/CustomerCreditResponse.cs(47,23): warning CS8618: Non-nullable property 'CurrAccCode' must contain a non-null value when exiting constructor. Consider adding the 'required' modifier or declaring the property as nullable. [/Users/ali1/Projects/Erp-entegrasyon/erp-api/ErpMobile.Api.csproj]
/Users/ali1/Projects/Erp-entegrasyon/erp-api/Models/CustomerCreditResponse.cs(48,23): warning CS8618: Non-nullable property 'CurrAccDescription' must contain a non-null value when exiting constructor. Consider adding the 'required' modifier or declaring the property as nullable. [/Users/ali1/Projects/Erp-entegrasyon/erp-api/ErpMobile.Api.csproj]
/Users/ali1/Projects/Erp-entegrasyon/erp-api/Models/CustomerCreditResponse.cs(49,23): warning CS8618: Non-nullable property 'CurrencyCode' must contain a non-null value when exiting constructor. Consider adding the 'required' modifier or declaring the property as nullable. [/Users/ali1/Projects/Erp-entegrasyon/erp-api/ErpMobile.Api.csproj]
/Users/ali1/Projects/Erp-entegrasyon/erp-api/Models/CustomerCreditResponse.cs(56,23): warning CS8618: Non-nullable property 'PaymentTypeDescription' must contain a non-null value when exiting constructor. Consider adding the 'required' modifier or declaring the property as nullable. [/Users/ali1/Projects/Erp-entegrasyon/erp-api/ErpMobile.Api.csproj]
/Users/ali1/Projects/Erp-entegrasyon/erp-api/Controllers/ItemController.cs(1118,40): warning CS8601: Possible null reference assignment. [/Users/ali1/Projects/Erp-entegrasyon/erp-api/ErpMobile.Api.csproj]
/Users/ali1/Projects/Erp-entegrasyon/erp-api/Controllers/ItemController.cs(1119,44): warning CS8601: Possible null reference assignment. [/Users/ali1/Projects/Erp-entegrasyon/erp-api/ErpMobile.Api.csproj]
/Users/ali1/Projects/Erp-entegrasyon/erp-api/Controllers/ItemController.cs(1120,43): warning CS8601: Possible null reference assignment. [/Users/ali1/Projects/Erp-entegrasyon/erp-api/ErpMobile.Api.csproj]
/Users/ali1/Projects/Erp-entegrasyon/erp-api/Controllers/ItemController.cs(1121,40): warning CS8601: Possible null reference assignment. [/Users/ali1/Projects/Erp-entegrasyon/erp-api/ErpMobile.Api.csproj]
/Users/ali1/Projects/Erp-entegrasyon/erp-api/Controllers/ItemController.cs(1122,39): warning CS8601: Possible null reference assignment. [/Users/ali1/Projects/Erp-entegrasyon/erp-api/ErpMobile.Api.csproj]
/Users/ali1/Projects/Erp-entegrasyon/erp-api/Controllers/ItemController.cs(1123,43): warning CS8601: Possible null reference assignment. [/Users/ali1/Projects/Erp-entegrasyon/erp-api/ErpMobile.Api.csproj]
/Users/ali1/Projects/Erp-entegrasyon/erp-api/Controllers/ItemController.cs(1124,41): warning CS8601: Possible null reference assignment. [/Users/ali1/Projects/Erp-entegrasyon/erp-api/ErpMobile.Api.csproj]
/Users/ali1/Projects/Erp-entegrasyon/erp-api/Controllers/ItemController.cs(1125,38): warning CS8601: Possible null reference assignment. [/Users/ali1/Projects/Erp-entegrasyon/erp-api/ErpMobile.Api.csproj]
/Users/ali1/Projects/Erp-entegrasyon/erp-api/Controllers/ItemController.cs(1126,36): warning CS8601: Possible null reference assignment. [/Users/ali1/Projects/Erp-entegrasyon/erp-api/ErpMobile.Api.csproj]
/Users/ali1/Projects/Erp-entegrasyon/erp-api/Controllers/ItemController.cs(1127,43): warning CS8601: Possible null reference assignment. [/Users/ali1/Projects/Erp-entegrasyon/erp-api/ErpMobile.Api.csproj]
/Users/ali1/Projects/Erp-entegrasyon/erp-api/Controllers/ItemController.cs(1128,50): warning CS8601: Possible null reference assignment. [/Users/ali1/Projects/Erp-entegrasyon/erp-api/ErpMobile.Api.csproj]
/Users/ali1/Projects/Erp-entegrasyon/erp-api/Controllers/ItemController.cs(1129,41): warning CS8601: Possible null reference assignment. [/Users/ali1/Projects/Erp-entegrasyon/erp-api/ErpMobile.Api.csproj]
/Users/ali1/Projects/Erp-entegrasyon/erp-api/Controllers/ItemController.cs(1130,48): warning CS8601: Possible null reference assignment. [/Users/ali1/Projects/Erp-entegrasyon/erp-api/ErpMobile.Api.csproj]
/Users/ali1/Projects/Erp-entegrasyon/erp-api/Controllers/ItemController.cs(1131,40): warning CS8601: Possible null reference assignment. [/Users/ali1/Projects/Erp-entegrasyon/erp-api/ErpMobile.Api.csproj]
/Users/ali1/Projects/Erp-entegrasyon/erp-api/Controllers/ItemController.cs(1132,47): warning CS8601: Possible null reference assignment. [/Users/ali1/Projects/Erp-entegrasyon/erp-api/ErpMobile.Api.csproj]
/Users/ali1/Projects/Erp-entegrasyon/erp-api/Controllers/ItemController.cs(1133,44): warning CS8601: Possible null reference assignment. [/Users/ali1/Projects/Erp-entegrasyon/erp-api/ErpMobile.Api.csproj]
/Users/ali1/Projects/Erp-entegrasyon/erp-api/Controllers/ItemController.cs(1134,51): warning CS8601: Possible null reference assignment. [/Users/ali1/Projects/Erp-entegrasyon/erp-api/ErpMobile.Api.csproj]
/Users/ali1/Projects/Erp-entegrasyon/erp-api/Controllers/ItemController.cs(1135,39): warning CS8601: Possible null reference assignment. [/Users/ali1/Projects/Erp-entegrasyon/erp-api/ErpMobile.Api.csproj]
/Users/ali1/Projects/Erp-entegrasyon/erp-api/Controllers/ItemController.cs(1136,49): warning CS8601: Possible null reference assignment. [/Users/ali1/Projects/Erp-entegrasyon/erp-api/ErpMobile.Api.csproj]
/Users/ali1/Projects/Erp-entegrasyon/erp-api/Controllers/ItemController.cs(1152,36): warning CS8625: Cannot convert null literal to non-nullable reference type. [/Users/ali1/Projects/Erp-entegrasyon/erp-api/ErpMobile.Api.csproj]
/Users/ali1/Projects/Erp-entegrasyon/erp-api/Models/CustomerCreditResponse.cs(9,23): warning CS8618: Non-nullable property 'CurrAccCode' must contain a non-null value when exiting constructor. Consider adding the 'required' modifier or declaring the property as nullable. [/Users/ali1/Projects/Erp-entegrasyon/erp-api/ErpMobile.Api.csproj]
/Users/ali1/Projects/Erp-entegrasyon/erp-api/Models/CustomerCreditResponse.cs(11,23): warning CS8618: Non-nullable property 'CompanyCode' must contain a non-null value when exiting constructor. Consider adding the 'required' modifier or declaring the property as nullable. [/Users/ali1/Projects/Erp-entegrasyon/erp-api/ErpMobile.Api.csproj]
/Users/ali1/Projects/Erp-entegrasyon/erp-api/Models/CustomerCreditResponse.cs(12,23): warning CS8618: Non-nullable property 'OfficeCode' must contain a non-null value when exiting constructor. Consider adding the 'required' modifier or declaring the property as nullable. [/Users/ali1/Projects/Erp-entegrasyon/erp-api/ErpMobile.Api.csproj]
/Users/ali1/Projects/Erp-entegrasyon/erp-api/Models/CustomerCreditResponse.cs(13,23): warning CS8618: Non-nullable property 'StoreTypeCode' must contain a non-null value when exiting constructor. Consider adding the 'required' modifier or declaring the property as nullable. [/Users/ali1/Projects/Erp-entegrasyon/erp-api/ErpMobile.Api.csproj]
/Users/ali1/Projects/Erp-entegrasyon/erp-api/Models/CustomerCreditResponse.cs(14,23): warning CS8618: Non-nullable property 'StoreCode' must contain a non-null value when exiting constructor. Consider adding the 'required' modifier or declaring the property as nullable. [/Users/ali1/Projects/Erp-entegrasyon/erp-api/ErpMobile.Api.csproj]
/Users/ali1/Projects/Erp-entegrasyon/erp-api/Models/CustomerCreditResponse.cs(16,23): warning CS8618: Non-nullable property 'DocumentNumber' must contain a non-null value when exiting constructor. Consider adding the 'required' modifier or declaring the property as nullable. [/Users/ali1/Projects/Erp-entegrasyon/erp-api/ErpMobile.Api.csproj]
/Users/ali1/Projects/Erp-entegrasyon/erp-api/Models/CustomerCreditResponse.cs(17,23): warning CS8618: Non-nullable property 'RefNumber' must contain a non-null value when exiting constructor. Consider adding the 'required' modifier or declaring the property as nullable. [/Users/ali1/Projects/Erp-entegrasyon/erp-api/ErpMobile.Api.csproj]
/Users/ali1/Projects/Erp-entegrasyon/erp-api/Models/CustomerCreditResponse.cs(19,23): warning CS8618: Non-nullable property 'LineDescription' must contain a non-null value when exiting constructor. Consider adding the 'required' modifier or declaring the property as nullable. [/Users/ali1/Projects/Erp-entegrasyon/erp-api/ErpMobile.Api.csproj]
/Users/ali1/Projects/Erp-entegrasyon/erp-api/Models/CustomerCreditResponse.cs(22,23): warning CS8618: Non-nullable property 'Doc_CurrencyCode' must contain a non-null value when exiting constructor. Consider adding the 'required' modifier or declaring the property as nullable. [/Users/ali1/Projects/Erp-entegrasyon/erp-api/ErpMobile.Api.csproj]
/Users/ali1/Projects/Erp-entegrasyon/erp-api/Models/CustomerCreditResponse.cs(26,23): warning CS8618: Non-nullable property 'Loc_CurrencyCode' must contain a non-null value when exiting constructor. Consider adding the 'required' modifier or declaring the property as nullable. [/Users/ali1/Projects/Erp-entegrasyon/erp-api/ErpMobile.Api.csproj]
/Users/ali1/Projects/Erp-entegrasyon/erp-api/Models/CustomerCreditResponse.cs(31,23): warning CS8618: Non-nullable property 'ApplicationCode' must contain a non-null value when exiting constructor. Consider adding the 'required' modifier or declaring the property as nullable. [/Users/ali1/Projects/Erp-entegrasyon/erp-api/ErpMobile.Api.csproj]
/Users/ali1/Projects/Erp-entegrasyon/erp-api/Models/CustomerCreditResponse.cs(37,23): warning CS8618: Non-nullable property 'ATAtt01' must contain a non-null value when exiting constructor. Consider adding the 'required' modifier or declaring the property as nullable. [/Users/ali1/Projects/Erp-entegrasyon/erp-api/ErpMobile.Api.csproj]
/Users/ali1/Projects/Erp-entegrasyon/erp-api/Models/CustomerCreditResponse.cs(38,23): warning CS8618: Non-nullable property 'ATAtt02' must contain a non-null value when exiting constructor. Consider adding the 'required' modifier or declaring the property as nullable. [/Users/ali1/Projects/Erp-entegrasyon/erp-api/ErpMobile.Api.csproj]
/Users/ali1/Projects/Erp-entegrasyon/erp-api/Models/CustomerCreditResponse.cs(39,23): warning CS8618: Non-nullable property 'ATAtt03' must contain a non-null value when exiting constructor. Consider adding the 'required' modifier or declaring the property as nullable. [/Users/ali1/Projects/Erp-entegrasyon/erp-api/ErpMobile.Api.csproj]
/Users/ali1/Projects/Erp-entegrasyon/erp-api/Models/CustomerCreditResponse.cs(40,23): warning CS8618: Non-nullable property 'ATAtt04' must contain a non-null value when exiting constructor. Consider adding the 'required' modifier or declaring the property as nullable. [/Users/ali1/Projects/Erp-entegrasyon/erp-api/ErpMobile.Api.csproj]
/Users/ali1/Projects/Erp-entegrasyon/erp-api/Models/CustomerCreditResponse.cs(41,23): warning CS8618: Non-nullable property 'ATAtt05' must contain a non-null value when exiting constructor. Consider adding the 'required' modifier or declaring the property as nullable. [/Users/ali1/Projects/Erp-entegrasyon/erp-api/ErpMobile.Api.csproj]
/Users/ali1/Projects/Erp-entegrasyon/erp-api/Models/Customer/Dtos/StateDto.cs(5,23): warning CS8618: Non-nullable property 'StateCode' must contain a non-null value when exiting constructor. Consider adding the 'required' modifier or declaring the property as nullable. [/Users/ali1/Projects/Erp-entegrasyon/erp-api/ErpMobile.Api.csproj]
/Users/ali1/Projects/Erp-entegrasyon/erp-api/Models/Customer/Dtos/StateDto.cs(6,23): warning CS8618: Non-nullable property 'StateName' must contain a non-null value when exiting constructor. Consider adding the 'required' modifier or declaring the property as nullable. [/Users/ali1/Projects/Erp-entegrasyon/erp-api/ErpMobile.Api.csproj]
/Users/ali1/Projects/Erp-entegrasyon/erp-api/Models/Customer/Dtos/StateDto.cs(7,23): warning CS8618: Non-nullable property 'CountryCode' must contain a non-null value when exiting constructor. Consider adding the 'required' modifier or declaring the property as nullable. [/Users/ali1/Projects/Erp-entegrasyon/erp-api/ErpMobile.Api.csproj]
/Users/ali1/Projects/Erp-entegrasyon/erp-api/Controllers/ShipmentController.cs(85,51): warning CS8601: Possible null reference assignment. [/Users/ali1/Projects/Erp-entegrasyon/erp-api/ErpMobile.Api.csproj]
/Users/ali1/Projects/Erp-entegrasyon/erp-api/Controllers/ShipmentController.cs(86,43): warning CS8601: Possible null reference assignment. [/Users/ali1/Projects/Erp-entegrasyon/erp-api/ErpMobile.Api.csproj]
/Users/ali1/Projects/Erp-entegrasyon/erp-api/Controllers/ShipmentController.cs(87,43): warning CS8601: Possible null reference assignment. [/Users/ali1/Projects/Erp-entegrasyon/erp-api/ErpMobile.Api.csproj]
/Users/ali1/Projects/Erp-entegrasyon/erp-api/Controllers/ShipmentController.cs(88,50): warning CS8601: Possible null reference assignment. [/Users/ali1/Projects/Erp-entegrasyon/erp-api/ErpMobile.Api.csproj]
/Users/ali1/Projects/Erp-entegrasyon/erp-api/Controllers/ShipmentController.cs(89,39): warning CS8601: Possible null reference assignment. [/Users/ali1/Projects/Erp-entegrasyon/erp-api/ErpMobile.Api.csproj]
/Users/ali1/Projects/Erp-entegrasyon/erp-api/Controllers/ShipmentController.cs(90,36): warning CS8601: Possible null reference assignment. [/Users/ali1/Projects/Erp-entegrasyon/erp-api/ErpMobile.Api.csproj]
/Users/ali1/Projects/Erp-entegrasyon/erp-api/Controllers/ShipmentController.cs(91,40): warning CS8601: Possible null reference assignment. [/Users/ali1/Projects/Erp-entegrasyon/erp-api/ErpMobile.Api.csproj]
/Users/ali1/Projects/Erp-entegrasyon/erp-api/Controllers/ShipmentController.cs(92,42): warning CS8601: Possible null reference assignment. [/Users/ali1/Projects/Erp-entegrasyon/erp-api/ErpMobile.Api.csproj]
/Users/ali1/Projects/Erp-entegrasyon/erp-api/Controllers/ShipmentController.cs(93,43): warning CS8601: Possible null reference assignment. [/Users/ali1/Projects/Erp-entegrasyon/erp-api/ErpMobile.Api.csproj]
/Users/ali1/Projects/Erp-entegrasyon/erp-api/Models/Customer/Dtos/DistrictDto.cs(5,23): warning CS8618: Non-nullable property 'DistrictCode' must contain a non-null value when exiting constructor. Consider adding the 'required' modifier or declaring the property as nullable. [/Users/ali1/Projects/Erp-entegrasyon/erp-api/ErpMobile.Api.csproj]
/Users/ali1/Projects/Erp-entegrasyon/erp-api/Models/Customer/Dtos/DistrictDto.cs(6,23): warning CS8618: Non-nullable property 'DistrictName' must contain a non-null value when exiting constructor. Consider adding the 'required' modifier or declaring the property as nullable. [/Users/ali1/Projects/Erp-entegrasyon/erp-api/ErpMobile.Api.csproj]
/Users/ali1/Projects/Erp-entegrasyon/erp-api/Models/Customer/Dtos/DistrictDto.cs(7,23): warning CS8618: Non-nullable property 'CityCode' must contain a non-null value when exiting constructor. Consider adding the 'required' modifier or declaring the property as nullable. [/Users/ali1/Projects/Erp-entegrasyon/erp-api/ErpMobile.Api.csproj]
/Users/ali1/Projects/Erp-entegrasyon/erp-api/Models/Customer/Dtos/CountryDto.cs(5,23): warning CS8618: Non-nullable property 'CountryCode' must contain a non-null value when exiting constructor. Consider adding the 'required' modifier or declaring the property as nullable. [/Users/ali1/Projects/Erp-entegrasyon/erp-api/ErpMobile.Api.csproj]
/Users/ali1/Projects/Erp-entegrasyon/erp-api/Models/Customer/Dtos/CountryDto.cs(6,23): warning CS8618: Non-nullable property 'CountryName' must contain a non-null value when exiting constructor. Consider adding the 'required' modifier or declaring the property as nullable. [/Users/ali1/Projects/Erp-entegrasyon/erp-api/ErpMobile.Api.csproj]
/Users/ali1/Projects/Erp-entegrasyon/erp-api/Models/Customer/Dtos/ContactDto.cs(6,23): warning CS8618: Non-nullable property 'CustomerCode' must contain a non-null value when exiting constructor. Consider adding the 'required' modifier or declaring the property as nullable. [/Users/ali1/Projects/Erp-entegrasyon/erp-api/ErpMobile.Api.csproj]
/Users/ali1/Projects/Erp-entegrasyon/erp-api/Models/Customer/Dtos/ContactDto.cs(7,23): warning CS8618: Non-nullable property 'ContactName' must contain a non-null value when exiting constructor. Consider adding the 'required' modifier or declaring the property as nullable. [/Users/ali1/Projects/Erp-entegrasyon/erp-api/ErpMobile.Api.csproj]
/Users/ali1/Projects/Erp-entegrasyon/erp-api/Models/Customer/Dtos/ContactDto.cs(8,23): warning CS8618: Non-nullable property 'ContactTitle' must contain a non-null value when exiting constructor. Consider adding the 'required' modifier or declaring the property as nullable. [/Users/ali1/Projects/Erp-entegrasyon/erp-api/ErpMobile.Api.csproj]
/Users/ali1/Projects/Erp-entegrasyon/erp-api/Models/Customer/Dtos/ContactDto.cs(9,23): warning CS8618: Non-nullable property 'Phone' must contain a non-null value when exiting constructor. Consider adding the 'required' modifier or declaring the property as nullable. [/Users/ali1/Projects/Erp-entegrasyon/erp-api/ErpMobile.Api.csproj]
/Users/ali1/Projects/Erp-entegrasyon/erp-api/Models/Customer/Dtos/ContactDto.cs(10,23): warning CS8618: Non-nullable property 'Email' must contain a non-null value when exiting constructor. Consider adding the 'required' modifier or declaring the property as nullable. [/Users/ali1/Projects/Erp-entegrasyon/erp-api/ErpMobile.Api.csproj]
/Users/ali1/Projects/Erp-entegrasyon/erp-api/Models/Customer/Dtos/CityDto.cs(5,23): warning CS8618: Non-nullable property 'CityCode' must contain a non-null value when exiting constructor. Consider adding the 'required' modifier or declaring the property as nullable. [/Users/ali1/Projects/Erp-entegrasyon/erp-api/ErpMobile.Api.csproj]
/Users/ali1/Projects/Erp-entegrasyon/erp-api/Models/Customer/Dtos/CityDto.cs(6,23): warning CS8618: Non-nullable property 'CityName' must contain a non-null value when exiting constructor. Consider adding the 'required' modifier or declaring the property as nullable. [/Users/ali1/Projects/Erp-entegrasyon/erp-api/ErpMobile.Api.csproj]
/Users/ali1/Projects/Erp-entegrasyon/erp-api/Models/Customer/Dtos/CityDto.cs(7,23): warning CS8618: Non-nullable property 'StateCode' must contain a non-null value when exiting constructor. Consider adding the 'required' modifier or declaring the property as nullable. [/Users/ali1/Projects/Erp-entegrasyon/erp-api/ErpMobile.Api.csproj]
/Users/ali1/Projects/Erp-entegrasyon/erp-api/Models/Customer/CustomerType.cs(10,23): warning CS8618: Non-nullable property 'TypeCode' must contain a non-null value when exiting constructor. Consider adding the 'required' modifier or declaring the property as nullable. [/Users/ali1/Projects/Erp-entegrasyon/erp-api/ErpMobile.Api.csproj]
/Users/ali1/Projects/Erp-entegrasyon/erp-api/Models/Customer/CustomerType.cs(14,23): warning CS8618: Non-nullable property 'Description' must contain a non-null value when exiting constructor. Consider adding the 'required' modifier or declaring the property as nullable. [/Users/ali1/Projects/Erp-entegrasyon/erp-api/ErpMobile.Api.csproj]
/Users/ali1/Projects/Erp-entegrasyon/erp-api/Controllers/RoleController.cs(200,24): warning CS8601: Possible null reference assignment. [/Users/ali1/Projects/Erp-entegrasyon/erp-api/ErpMobile.Api.csproj]
/Users/ali1/Projects/Erp-entegrasyon/erp-api/Models/Customer/CustomerCreditInfoResponse.cs(7,23): warning CS8618: Non-nullable property 'CustomerCode' must contain a non-null value when exiting constructor. Consider adding the 'required' modifier or declaring the property as nullable. [/Users/ali1/Projects/Erp-entegrasyon/erp-api/ErpMobile.Api.csproj]
/Users/ali1/Projects/Erp-entegrasyon/erp-api/Models/Customer/CustomerCreditInfoResponse.cs(8,23): warning CS8618: Non-nullable property 'CustomerDescription' must contain a non-null value when exiting constructor. Consider adding the 'required' modifier or declaring the property as nullable. [/Users/ali1/Projects/Erp-entegrasyon/erp-api/ErpMobile.Api.csproj]
/Users/ali1/Projects/Erp-entegrasyon/erp-api/Models/Customer/AddressCreateRequest.cs(16,23): warning CS8618: Non-nullable property 'AddressTypeCode' must contain a non-null value when exiting constructor. Consider adding the 'required' modifier or declaring the property as nullable. [/Users/ali1/Projects/Erp-entegrasyon/erp-api/ErpMobile.Api.csproj]
/Users/ali1/Projects/Erp-entegrasyon/erp-api/Models/Customer/AddressCreateRequest.cs(23,23): warning CS8618: Non-nullable property 'Address' must contain a non-null value when exiting constructor. Consider adding the 'required' modifier or declaring the property as nullable. [/Users/ali1/Projects/Erp-entegrasyon/erp-api/ErpMobile.Api.csproj]
/Users/ali1/Projects/Erp-entegrasyon/erp-api/Models/Customer/AddressCreateRequest.cs(29,23): warning CS8618: Non-nullable property 'CityCode' must contain a non-null value when exiting constructor. Consider adding the 'required' modifier or declaring the property as nullable. [/Users/ali1/Projects/Erp-entegrasyon/erp-api/ErpMobile.Api.csproj]
/Users/ali1/Projects/Erp-entegrasyon/erp-api/Models/Customer/AddressCreateRequest.cs(35,23): warning CS8618: Non-nullable property 'DistrictCode' must contain a non-null value when exiting constructor. Consider adding the 'required' modifier or declaring the property as nullable. [/Users/ali1/Projects/Erp-entegrasyon/erp-api/ErpMobile.Api.csproj]
/Users/ali1/Projects/Erp-entegrasyon/erp-api/Models/Customer/AddressCreateRequest.cs(41,23): warning CS8618: Non-nullable property 'ZipCode' must contain a non-null value when exiting constructor. Consider adding the 'required' modifier or declaring the property as nullable. [/Users/ali1/Projects/Erp-entegrasyon/erp-api/ErpMobile.Api.csproj]
/Users/ali1/Projects/Erp-entegrasyon/erp-api/Models/Customer/AddressCreateRequest.cs(53,23): warning CS8618: Non-nullable property 'TaxOfficeCode' must contain a non-null value when exiting constructor. Consider adding the 'required' modifier or declaring the property as nullable. [/Users/ali1/Projects/Erp-entegrasyon/erp-api/ErpMobile.Api.csproj]
/Users/ali1/Projects/Erp-entegrasyon/erp-api/Models/Customer/AddressCreateRequest.cs(59,23): warning CS8618: Non-nullable property 'TaxNumber' must contain a non-null value when exiting constructor. Consider adding the 'required' modifier or declaring the property as nullable. [/Users/ali1/Projects/Erp-entegrasyon/erp-api/ErpMobile.Api.csproj]
/Users/ali1/Projects/Erp-entegrasyon/erp-api/Models/Responses/WarehouseResponse.cs(13,23): warning CS8618: Non-nullable property 'WarehouseCode' must contain a non-null value when exiting constructor. Consider adding the 'required' modifier or declaring the property as nullable. [/Users/ali1/Projects/Erp-entegrasyon/erp-api/ErpMobile.Api.csproj]
/Users/ali1/Projects/Erp-entegrasyon/erp-api/Models/Responses/WarehouseResponse.cs(18,23): warning CS8618: Non-nullable property 'WarehouseOwnerCode' must contain a non-null value when exiting constructor. Consider adding the 'required' modifier or declaring the property as nullable. [/Users/ali1/Projects/Erp-entegrasyon/erp-api/ErpMobile.Api.csproj]
/Users/ali1/Projects/Erp-entegrasyon/erp-api/Models/Responses/WarehouseResponse.cs(23,23): warning CS8618: Non-nullable property 'WarehouseTypeCode' must contain a non-null value when exiting constructor. Consider adding the 'required' modifier or declaring the property as nullable. [/Users/ali1/Projects/Erp-entegrasyon/erp-api/ErpMobile.Api.csproj]
/Users/ali1/Projects/Erp-entegrasyon/erp-api/Models/Responses/WarehouseResponse.cs(28,23): warning CS8618: Non-nullable property 'WarehouseTypeDescription' must contain a non-null value when exiting constructor. Consider adding the 'required' modifier or declaring the property as nullable. [/Users/ali1/Projects/Erp-entegrasyon/erp-api/ErpMobile.Api.csproj]
/Users/ali1/Projects/Erp-entegrasyon/erp-api/Models/Responses/WarehouseResponse.cs(33,23): warning CS8618: Non-nullable property 'WarehouseCategoryCode' must contain a non-null value when exiting constructor. Consider adding the 'required' modifier or declaring the property as nullable. [/Users/ali1/Projects/Erp-entegrasyon/erp-api/ErpMobile.Api.csproj]
/Users/ali1/Projects/Erp-entegrasyon/erp-api/Models/Responses/WarehouseResponse.cs(38,23): warning CS8618: Non-nullable property 'WarehouseCategoryDescription' must contain a non-null value when exiting constructor. Consider adding the 'required' modifier or declaring the property as nullable. [/Users/ali1/Projects/Erp-entegrasyon/erp-api/ErpMobile.Api.csproj]
/Users/ali1/Projects/Erp-entegrasyon/erp-api/Models/Responses/WarehouseResponse.cs(43,23): warning CS8618: Non-nullable property 'OfficeCode' must contain a non-null value when exiting constructor. Consider adding the 'required' modifier or declaring the property as nullable. [/Users/ali1/Projects/Erp-entegrasyon/erp-api/ErpMobile.Api.csproj]
/Users/ali1/Projects/Erp-entegrasyon/erp-api/Models/Responses/WarehouseResponse.cs(48,23): warning CS8618: Non-nullable property 'WarehouseDescription' must contain a non-null value when exiting constructor. Consider adding the 'required' modifier or declaring the property as nullable. [/Users/ali1/Projects/Erp-entegrasyon/erp-api/ErpMobile.Api.csproj]
/Users/ali1/Projects/Erp-entegrasyon/erp-api/Models/Responses/TaxOfficeResponse.cs(13,23): warning CS8618: Non-nullable property 'TaxOfficeCode' must contain a non-null value when exiting constructor. Consider adding the 'required' modifier or declaring the property as nullable. [/Users/ali1/Projects/Erp-entegrasyon/erp-api/ErpMobile.Api.csproj]
/Users/ali1/Projects/Erp-entegrasyon/erp-api/Models/Responses/TaxOfficeResponse.cs(18,23): warning CS8618: Non-nullable property 'CityCode' must contain a non-null value when exiting constructor. Consider adding the 'required' modifier or declaring the property as nullable. [/Users/ali1/Projects/Erp-entegrasyon/erp-api/ErpMobile.Api.csproj]
/Users/ali1/Projects/Erp-entegrasyon/erp-api/Models/Responses/TaxOfficeResponse.cs(23,23): warning CS8618: Non-nullable property 'TaxOfficeDescription' must contain a non-null value when exiting constructor. Consider adding the 'required' modifier or declaring the property as nullable. [/Users/ali1/Projects/Erp-entegrasyon/erp-api/ErpMobile.Api.csproj]
/Users/ali1/Projects/Erp-entegrasyon/erp-api/Models/Responses/StreetResponse.cs(5,23): warning CS8618: Non-nullable property 'StreetCode' must contain a non-null value when exiting constructor. Consider adding the 'required' modifier or declaring the property as nullable. [/Users/ali1/Projects/Erp-entegrasyon/erp-api/ErpMobile.Api.csproj]
/Users/ali1/Projects/Erp-entegrasyon/erp-api/Models/Responses/StreetResponse.cs(6,23): warning CS8618: Non-nullable property 'StreetName' must contain a non-null value when exiting constructor. Consider adding the 'required' modifier or declaring the property as nullable. [/Users/ali1/Projects/Erp-entegrasyon/erp-api/ErpMobile.Api.csproj]
/Users/ali1/Projects/Erp-entegrasyon/erp-api/Models/Responses/StateResponse.cs(13,23): warning CS8618: Non-nullable property 'StateCode' must contain a non-null value when exiting constructor. Consider adding the 'required' modifier or declaring the property as nullable. [/Users/ali1/Projects/Erp-entegrasyon/erp-api/ErpMobile.Api.csproj]
/Users/ali1/Projects/Erp-entegrasyon/erp-api/Models/Responses/StateResponse.cs(18,23): warning CS8618: Non-nullable property 'CountryCode' must contain a non-null value when exiting constructor. Consider adding the 'required' modifier or declaring the property as nullable. [/Users/ali1/Projects/Erp-entegrasyon/erp-api/ErpMobile.Api.csproj]
/Users/ali1/Projects/Erp-entegrasyon/erp-api/Models/Responses/StateResponse.cs(23,23): warning CS8618: Non-nullable property 'StateDescription' must contain a non-null value when exiting constructor. Consider adding the 'required' modifier or declaring the property as nullable. [/Users/ali1/Projects/Erp-entegrasyon/erp-api/ErpMobile.Api.csproj]
/Users/ali1/Projects/Erp-entegrasyon/erp-api/Models/Responses/StateResponse.cs(33,23): warning CS8618: Non-nullable property 'LangCode' must contain a non-null value when exiting constructor. Consider adding the 'required' modifier or declaring the property as nullable. [/Users/ali1/Projects/Erp-entegrasyon/erp-api/ErpMobile.Api.csproj]
/Users/ali1/Projects/Erp-entegrasyon/erp-api/Models/Responses/SalesInvoiceResponse.cs(252,23): warning CS8618: Non-nullable property 'DimensionTypeCode' must contain a non-null value when exiting constructor. Consider adding the 'required' modifier or declaring the property as nullable. [/Users/ali1/Projects/Erp-entegrasyon/erp-api/ErpMobile.Api.csproj]
/Users/ali1/Projects/Erp-entegrasyon/erp-api/Models/Responses/SalesInvoiceResponse.cs(257,23): warning CS8618: Non-nullable property 'DimensionTypeName' must contain a non-null value when exiting constructor. Consider adding the 'required' modifier or declaring the property as nullable. [/Users/ali1/Projects/Erp-entegrasyon/erp-api/ErpMobile.Api.csproj]
/Users/ali1/Projects/Erp-entegrasyon/erp-api/Models/Responses/SalesInvoiceResponse.cs(262,23): warning CS8618: Non-nullable property 'DimensionValue' must contain a non-null value when exiting constructor. Consider adding the 'required' modifier or declaring the property as nullable. [/Users/ali1/Projects/Erp-entegrasyon/erp-api/ErpMobile.Api.csproj]
/Users/ali1/Projects/Erp-entegrasyon/erp-api/Models/Responses/SalesInvoiceResponse.cs(267,23): warning CS8618: Non-nullable property 'DimensionValueDescription' must contain a non-null value when exiting constructor. Consider adding the 'required' modifier or declaring the property as nullable. [/Users/ali1/Projects/Erp-entegrasyon/erp-api/ErpMobile.Api.csproj]
/Users/ali1/Projects/Erp-entegrasyon/erp-api/Models/Responses/SalesInvoiceResponse.cs(226,23): warning CS8618: Non-nullable property 'AttributeTypeCode' must contain a non-null value when exiting constructor. Consider adding the 'required' modifier or declaring the property as nullable. [/Users/ali1/Projects/Erp-entegrasyon/erp-api/ErpMobile.Api.csproj]
/Users/ali1/Projects/Erp-entegrasyon/erp-api/Models/Responses/SalesInvoiceResponse.cs(231,23): warning CS8618: Non-nullable property 'AttributeTypeName' must contain a non-null value when exiting constructor. Consider adding the 'required' modifier or declaring the property as nullable. [/Users/ali1/Projects/Erp-entegrasyon/erp-api/ErpMobile.Api.csproj]
/Users/ali1/Projects/Erp-entegrasyon/erp-api/Models/Responses/SalesInvoiceResponse.cs(236,23): warning CS8618: Non-nullable property 'AttributeValue' must contain a non-null value when exiting constructor. Consider adding the 'required' modifier or declaring the property as nullable. [/Users/ali1/Projects/Erp-entegrasyon/erp-api/ErpMobile.Api.csproj]
/Users/ali1/Projects/Erp-entegrasyon/erp-api/Models/Responses/SalesInvoiceResponse.cs(145,23): warning CS8618: Non-nullable property 'ItemCode' must contain a non-null value when exiting constructor. Consider adding the 'required' modifier or declaring the property as nullable. [/Users/ali1/Projects/Erp-entegrasyon/erp-api/ErpMobile.Api.csproj]
/Users/ali1/Projects/Erp-entegrasyon/erp-api/Models/Responses/SalesInvoiceResponse.cs(150,23): warning CS8618: Non-nullable property 'ItemName' must contain a non-null value when exiting constructor. Consider adding the 'required' modifier or declaring the property as nullable. [/Users/ali1/Projects/Erp-entegrasyon/erp-api/ErpMobile.Api.csproj]
/Users/ali1/Projects/Erp-entegrasyon/erp-api/Models/Responses/SalesInvoiceResponse.cs(195,23): warning CS8618: Non-nullable property 'Description' must contain a non-null value when exiting constructor. Consider adding the 'required' modifier or declaring the property as nullable. [/Users/ali1/Projects/Erp-entegrasyon/erp-api/ErpMobile.Api.csproj]
/Users/ali1/Projects/Erp-entegrasyon/erp-api/Models/Responses/SalesInvoiceResponse.cs(200,23): warning CS8618: Non-nullable property 'UnitCode' must contain a non-null value when exiting constructor. Consider adding the 'required' modifier or declaring the property as nullable. [/Users/ali1/Projects/Erp-entegrasyon/erp-api/ErpMobile.Api.csproj]
/Users/ali1/Projects/Erp-entegrasyon/erp-api/Models/Responses/SalesInvoiceResponse.cs(205,23): warning CS8618: Non-nullable property 'UnitName' must contain a non-null value when exiting constructor. Consider adding the 'required' modifier or declaring the property as nullable. [/Users/ali1/Projects/Erp-entegrasyon/erp-api/ErpMobile.Api.csproj]
/Users/ali1/Projects/Erp-entegrasyon/erp-api/Entities/Common/cdDistrict.cs(11,23): warning CS8618: Non-nullable property 'DistrictCode' must contain a non-null value when exiting constructor. Consider adding the 'required' modifier or declaring the property as nullable. [/Users/ali1/Projects/Erp-entegrasyon/erp-api/ErpMobile.Api.csproj]
/Users/ali1/Projects/Erp-entegrasyon/erp-api/Entities/Common/cdDistrict.cs(15,23): warning CS8618: Non-nullable property 'CityCode' must contain a non-null value when exiting constructor. Consider adding the 'required' modifier or declaring the property as nullable. [/Users/ali1/Projects/Erp-entegrasyon/erp-api/ErpMobile.Api.csproj]
/Users/ali1/Projects/Erp-entegrasyon/erp-api/Entities/Common/cdDistrict.cs(19,23): warning CS8618: Non-nullable property 'CreatedUserName' must contain a non-null value when exiting constructor. Consider adding the 'required' modifier or declaring the property as nullable. [/Users/ali1/Projects/Erp-entegrasyon/erp-api/ErpMobile.Api.csproj]
/Users/ali1/Projects/Erp-entegrasyon/erp-api/Entities/Common/cdDistrict.cs(26,23): warning CS8618: Non-nullable property 'LastUpdatedUserName' must contain a non-null value when exiting constructor. Consider adding the 'required' modifier or declaring the property as nullable. [/Users/ali1/Projects/Erp-entegrasyon/erp-api/ErpMobile.Api.csproj]
/Users/ali1/Projects/Erp-entegrasyon/erp-api/Entities/Common/cdDistrict.cs(36,31): warning CS8618: Non-nullable property 'City' must contain a non-null value when exiting constructor. Consider adding the 'required' modifier or declaring the property as nullable. [/Users/ali1/Projects/Erp-entegrasyon/erp-api/ErpMobile.Api.csproj]
/Users/ali1/Projects/Erp-entegrasyon/erp-api/Models/Responses/SalesInvoiceResponse.cs(19,23): warning CS8618: Non-nullable property 'InvoiceNumber' must contain a non-null value when exiting constructor. Consider adding the 'required' modifier or declaring the property as nullable. [/Users/ali1/Projects/Erp-entegrasyon/erp-api/ErpMobile.Api.csproj]
/Users/ali1/Projects/Erp-entegrasyon/erp-api/Models/Responses/SalesInvoiceResponse.cs(39,23): warning CS8618: Non-nullable property 'Status' must contain a non-null value when exiting constructor. Consider adding the 'required' modifier or declaring the property as nullable. [/Users/ali1/Projects/Erp-entegrasyon/erp-api/ErpMobile.Api.csproj]
/Users/ali1/Projects/Erp-entegrasyon/erp-api/Models/Responses/SalesInvoiceResponse.cs(64,23): warning CS8618: Non-nullable property 'CustomerCode' must contain a non-null value when exiting constructor. Consider adding the 'required' modifier or declaring the property as nullable. [/Users/ali1/Projects/Erp-entegrasyon/erp-api/ErpMobile.Api.csproj]
/Users/ali1/Projects/Erp-entegrasyon/erp-api/Models/Responses/SalesInvoiceResponse.cs(69,23): warning CS8618: Non-nullable property 'CustomerName' must contain a non-null value when exiting constructor. Consider adding the 'required' modifier or declaring the property as nullable. [/Users/ali1/Projects/Erp-entegrasyon/erp-api/ErpMobile.Api.csproj]
/Users/ali1/Projects/Erp-entegrasyon/erp-api/Models/Responses/SalesInvoiceResponse.cs(74,23): warning CS8618: Non-nullable property 'PaymentPlanCode' must contain a non-null value when exiting constructor. Consider adding the 'required' modifier or declaring the property as nullable. [/Users/ali1/Projects/Erp-entegrasyon/erp-api/ErpMobile.Api.csproj]
/Users/ali1/Projects/Erp-entegrasyon/erp-api/Models/Responses/SalesInvoiceResponse.cs(79,23): warning CS8618: Non-nullable property 'PaymentPlanName' must contain a non-null value when exiting constructor. Consider adding the 'required' modifier or declaring the property as nullable. [/Users/ali1/Projects/Erp-entegrasyon/erp-api/ErpMobile.Api.csproj]
/Users/ali1/Projects/Erp-entegrasyon/erp-api/Models/Responses/SalesInvoiceResponse.cs(84,23): warning CS8618: Non-nullable property 'OfficeCode' must contain a non-null value when exiting constructor. Consider adding the 'required' modifier or declaring the property as nullable. [/Users/ali1/Projects/Erp-entegrasyon/erp-api/ErpMobile.Api.csproj]
/Users/ali1/Projects/Erp-entegrasyon/erp-api/Models/Responses/SalesInvoiceResponse.cs(89,23): warning CS8618: Non-nullable property 'OfficeName' must contain a non-null value when exiting constructor. Consider adding the 'required' modifier or declaring the property as nullable. [/Users/ali1/Projects/Erp-entegrasyon/erp-api/ErpMobile.Api.csproj]
/Users/ali1/Projects/Erp-entegrasyon/erp-api/Models/Responses/SalesInvoiceResponse.cs(94,23): warning CS8618: Non-nullable property 'WarehouseCode' must contain a non-null value when exiting constructor. Consider adding the 'required' modifier or declaring the property as nullable. [/Users/ali1/Projects/Erp-entegrasyon/erp-api/ErpMobile.Api.csproj]
/Users/ali1/Projects/Erp-entegrasyon/erp-api/Models/Responses/SalesInvoiceResponse.cs(99,23): warning CS8618: Non-nullable property 'WarehouseName' must contain a non-null value when exiting constructor. Consider adding the 'required' modifier or declaring the property as nullable. [/Users/ali1/Projects/Erp-entegrasyon/erp-api/ErpMobile.Api.csproj]
/Users/ali1/Projects/Erp-entegrasyon/erp-api/Models/Responses/SalesInvoiceResponse.cs(104,23): warning CS8618: Non-nullable property 'Description' must contain a non-null value when exiting constructor. Consider adding the 'required' modifier or declaring the property as nullable. [/Users/ali1/Projects/Erp-entegrasyon/erp-api/ErpMobile.Api.csproj]
/Users/ali1/Projects/Erp-entegrasyon/erp-api/Models/Responses/SalesInvoiceResponse.cs(109,23): warning CS8618: Non-nullable property 'ReferenceNo' must contain a non-null value when exiting constructor. Consider adding the 'required' modifier or declaring the property as nullable. [/Users/ali1/Projects/Erp-entegrasyon/erp-api/ErpMobile.Api.csproj]
/Users/ali1/Projects/Erp-entegrasyon/erp-api/Models/Responses/SalesInvoiceResponse.cs(114,23): warning CS8618: Non-nullable property 'CreatedBy' must contain a non-null value when exiting constructor. Consider adding the 'required' modifier or declaring the property as nullable. [/Users/ali1/Projects/Erp-entegrasyon/erp-api/ErpMobile.Api.csproj]
/Users/ali1/Projects/Erp-entegrasyon/erp-api/Models/Responses/RegionResponse.cs(13,23): warning CS8618: Non-nullable property 'RegionCode' must contain a non-null value when exiting constructor. Consider adding the 'required' modifier or declaring the property as nullable. [/Users/ali1/Projects/Erp-entegrasyon/erp-api/ErpMobile.Api.csproj]
/Users/ali1/Projects/Erp-entegrasyon/erp-api/Models/Responses/RegionResponse.cs(18,23): warning CS8618: Non-nullable property 'RegionDescription' must contain a non-null value when exiting constructor. Consider adding the 'required' modifier or declaring the property as nullable. [/Users/ali1/Projects/Erp-entegrasyon/erp-api/ErpMobile.Api.csproj]
/Users/ali1/Projects/Erp-entegrasyon/erp-api/Models/Responses/PaymentPlanListResponse.cs(24,23): warning CS8618: Non-nullable property 'PaymentPlanCode' must contain a non-null value when exiting constructor. Consider adding the 'required' modifier or declaring the property as nullable. [/Users/ali1/Projects/Erp-entegrasyon/erp-api/ErpMobile.Api.csproj]
/Users/ali1/Projects/Erp-entegrasyon/erp-api/Models/Responses/PaymentPlanListResponse.cs(29,23): warning CS8618: Non-nullable property 'PaymentPlanDesc' must contain a non-null value when exiting constructor. Consider adding the 'required' modifier or declaring the property as nullable. [/Users/ali1/Projects/Erp-entegrasyon/erp-api/ErpMobile.Api.csproj]
/Users/ali1/Projects/Erp-entegrasyon/erp-api/Models/Responses/PaymentPlanGroupResponse.cs(5,23): warning CS8618: Non-nullable property 'CustomerPaymentPlanGrCode' must contain a non-null value when exiting constructor. Consider adding the 'required' modifier or declaring the property as nullable. [/Users/ali1/Projects/Erp-entegrasyon/erp-api/ErpMobile.Api.csproj]
/Users/ali1/Projects/Erp-entegrasyon/erp-api/Models/Responses/PaymentPlanGroupResponse.cs(6,23): warning CS8618: Non-nullable property 'PaymentPlanGroupDescription' must contain a non-null value when exiting constructor. Consider adding the 'required' modifier or declaring the property as nullable. [/Users/ali1/Projects/Erp-entegrasyon/erp-api/ErpMobile.Api.csproj]
/Users/ali1/Projects/Erp-entegrasyon/erp-api/Models/Responses/PagedResult.cs(7,31): warning CS8618: Non-nullable property 'Items' must contain a non-null value when exiting constructor. Consider adding the 'required' modifier or declaring the property as nullable. [/Users/ali1/Projects/Erp-entegrasyon/erp-api/ErpMobile.Api.csproj]
/Users/ali1/Projects/Erp-entegrasyon/erp-api/Models/Responses/OfficeResponse.cs(13,23): warning CS8618: Non-nullable property 'OfficeCode' must contain a non-null value when exiting constructor. Consider adding the 'required' modifier or declaring the property as nullable. [/Users/ali1/Projects/Erp-entegrasyon/erp-api/ErpMobile.Api.csproj]
/Users/ali1/Projects/Erp-entegrasyon/erp-api/Models/Responses/OfficeResponse.cs(18,23): warning CS8618: Non-nullable property 'CompanyCode' must contain a non-null value when exiting constructor. Consider adding the 'required' modifier or declaring the property as nullable. [/Users/ali1/Projects/Erp-entegrasyon/erp-api/ErpMobile.Api.csproj]
/Users/ali1/Projects/Erp-entegrasyon/erp-api/Models/Responses/OfficeResponse.cs(23,23): warning CS8618: Non-nullable property 'OfficeDescription' must contain a non-null value when exiting constructor. Consider adding the 'required' modifier or declaring the property as nullable. [/Users/ali1/Projects/Erp-entegrasyon/erp-api/ErpMobile.Api.csproj]
/Users/ali1/Projects/Erp-entegrasyon/erp-api/Models/Responses/NeighborhoodResponse.cs(5,23): warning CS8618: Non-nullable property 'NeighborhoodCode' must contain a non-null value when exiting constructor. Consider adding the 'required' modifier or declaring the property as nullable. [/Users/ali1/Projects/Erp-entegrasyon/erp-api/ErpMobile.Api.csproj]
/Users/ali1/Projects/Erp-entegrasyon/erp-api/Models/Responses/NeighborhoodResponse.cs(6,23): warning CS8618: Non-nullable property 'NeighborhoodName' must contain a non-null value when exiting constructor. Consider adding the 'required' modifier or declaring the property as nullable. [/Users/ali1/Projects/Erp-entegrasyon/erp-api/ErpMobile.Api.csproj]
/Users/ali1/Projects/Erp-entegrasyon/erp-api/Models/Responses/LocationHierarchyResponse.cs(31,23): warning CS8618: Non-nullable property 'DistrictCode' must contain a non-null value when exiting constructor. Consider adding the 'required' modifier or declaring the property as nullable. [/Users/ali1/Projects/Erp-entegrasyon/erp-api/ErpMobile.Api.csproj]
/Users/ali1/Projects/Erp-entegrasyon/erp-api/Models/Responses/LocationHierarchyResponse.cs(32,23): warning CS8618: Non-nullable property 'DistrictDescription' must contain a non-null value when exiting constructor. Consider adding the 'required' modifier or declaring the property as nullable. [/Users/ali1/Projects/Erp-entegrasyon/erp-api/ErpMobile.Api.csproj]
/Users/ali1/Projects/Erp-entegrasyon/erp-api/Models/Responses/LocationHierarchyResponse.cs(24,23): warning CS8618: Non-nullable property 'CityCode' must contain a non-null value when exiting constructor. Consider adding the 'required' modifier or declaring the property as nullable. [/Users/ali1/Projects/Erp-entegrasyon/erp-api/ErpMobile.Api.csproj]
/Users/ali1/Projects/Erp-entegrasyon/erp-api/Models/Responses/LocationHierarchyResponse.cs(25,23): warning CS8618: Non-nullable property 'CityDescription' must contain a non-null value when exiting constructor. Consider adding the 'required' modifier or declaring the property as nullable. [/Users/ali1/Projects/Erp-entegrasyon/erp-api/ErpMobile.Api.csproj]
/Users/ali1/Projects/Erp-entegrasyon/erp-api/Models/Responses/LocationHierarchyResponse.cs(26,34): warning CS8618: Non-nullable property 'Districts' must contain a non-null value when exiting constructor. Consider adding the 'required' modifier or declaring the property as nullable. [/Users/ali1/Projects/Erp-entegrasyon/erp-api/ErpMobile.Api.csproj]
/Users/ali1/Projects/Erp-entegrasyon/erp-api/Models/Responses/LocationHierarchyResponse.cs(17,23): warning CS8618: Non-nullable property 'StateCode' must contain a non-null value when exiting constructor. Consider adding the 'required' modifier or declaring the property as nullable. [/Users/ali1/Projects/Erp-entegrasyon/erp-api/ErpMobile.Api.csproj]
/Users/ali1/Projects/Erp-entegrasyon/erp-api/Models/Responses/LocationHierarchyResponse.cs(18,23): warning CS8618: Non-nullable property 'StateDescription' must contain a non-null value when exiting constructor. Consider adding the 'required' modifier or declaring the property as nullable. [/Users/ali1/Projects/Erp-entegrasyon/erp-api/ErpMobile.Api.csproj]
/Users/ali1/Projects/Erp-entegrasyon/erp-api/Models/Responses/LocationHierarchyResponse.cs(19,30): warning CS8618: Non-nullable property 'Cities' must contain a non-null value when exiting constructor. Consider adding the 'required' modifier or declaring the property as nullable. [/Users/ali1/Projects/Erp-entegrasyon/erp-api/ErpMobile.Api.csproj]
/Users/ali1/Projects/Erp-entegrasyon/erp-api/Models/Responses/LocationHierarchyResponse.cs(10,23): warning CS8618: Non-nullable property 'CountryCode' must contain a non-null value when exiting constructor. Consider adding the 'required' modifier or declaring the property as nullable. [/Users/ali1/Projects/Erp-entegrasyon/erp-api/ErpMobile.Api.csproj]
/Users/ali1/Projects/Erp-entegrasyon/erp-api/Models/Responses/LocationHierarchyResponse.cs(11,23): warning CS8618: Non-nullable property 'CountryDescription' must contain a non-null value when exiting constructor. Consider adding the 'required' modifier or declaring the property as nullable. [/Users/ali1/Projects/Erp-entegrasyon/erp-api/ErpMobile.Api.csproj]
/Users/ali1/Projects/Erp-entegrasyon/erp-api/Models/Responses/LocationHierarchyResponse.cs(12,31): warning CS8618: Non-nullable property 'States' must contain a non-null value when exiting constructor. Consider adding the 'required' modifier or declaring the property as nullable. [/Users/ali1/Projects/Erp-entegrasyon/erp-api/ErpMobile.Api.csproj]
/Users/ali1/Projects/Erp-entegrasyon/erp-api/Models/Responses/ItemDimensionTypeListResponse.cs(13,23): warning CS8618: Non-nullable property 'DimensionTypeCode' must contain a non-null value when exiting constructor. Consider adding the 'required' modifier or declaring the property as nullable. [/Users/ali1/Projects/Erp-entegrasyon/erp-api/ErpMobile.Api.csproj]
/Users/ali1/Projects/Erp-entegrasyon/erp-api/Models/Responses/ItemDimensionTypeListResponse.cs(14,23): warning CS8618: Non-nullable property 'DimensionTypeDescription' must contain a non-null value when exiting constructor. Consider adding the 'required' modifier or declaring the property as nullable. [/Users/ali1/Projects/Erp-entegrasyon/erp-api/ErpMobile.Api.csproj]
/Users/ali1/Projects/Erp-entegrasyon/erp-api/Models/Responses/InvoiceListResponse.cs(45,23): warning CS8618: Non-nullable property 'InvoiceHeaderId' must contain a non-null value when exiting constructor. Consider adding the 'required' modifier or declaring the property as nullable. [/Users/ali1/Projects/Erp-entegrasyon/erp-api/ErpMobile.Api.csproj]
/Users/ali1/Projects/Erp-entegrasyon/erp-api/Models/Responses/InvoiceListResponse.cs(50,23): warning CS8618: Non-nullable property 'InvoiceNumber' must contain a non-null value when exiting constructor. Consider adding the 'required' modifier or declaring the property as nullable. [/Users/ali1/Projects/Erp-entegrasyon/erp-api/ErpMobile.Api.csproj]
/Users/ali1/Projects/Erp-entegrasyon/erp-api/Models/Responses/InvoiceListResponse.cs(65,23): warning CS8618: Non-nullable property 'CurrAccCode' must contain a non-null value when exiting constructor. Consider adding the 'required' modifier or declaring the property as nullable. [/Users/ali1/Projects/Erp-entegrasyon/erp-api/ErpMobile.Api.csproj]
/Users/ali1/Projects/Erp-entegrasyon/erp-api/Models/Responses/InvoiceListResponse.cs(70,23): warning CS8618: Non-nullable property 'CurrAccDesc' must contain a non-null value when exiting constructor. Consider adding the 'required' modifier or declaring the property as nullable. [/Users/ali1/Projects/Erp-entegrasyon/erp-api/ErpMobile.Api.csproj]
/Users/ali1/Projects/Erp-entegrasyon/erp-api/Models/Responses/InvoiceDetailResponse.cs(115,23): warning CS8618: Non-nullable property 'InvoiceLineId' must contain a non-null value when exiting constructor. Consider adding the 'required' modifier or declaring the property as nullable. [/Users/ali1/Projects/Erp-entegrasyon/erp-api/ErpMobile.Api.csproj]
/Users/ali1/Projects/Erp-entegrasyon/erp-api/Models/Responses/InvoiceDetailResponse.cs(120,23): warning CS8618: Non-nullable property 'InvoiceHeaderId' must contain a non-null value when exiting constructor. Consider adding the 'required' modifier or declaring the property as nullable. [/Users/ali1/Projects/Erp-entegrasyon/erp-api/ErpMobile.Api.csproj]
/Users/ali1/Projects/Erp-entegrasyon/erp-api/Models/Responses/InvoiceDetailResponse.cs(130,23): warning CS8618: Non-nullable property 'ItemCode' must contain a non-null value when exiting constructor. Consider adding the 'required' modifier or declaring the property as nullable. [/Users/ali1/Projects/Erp-entegrasyon/erp-api/ErpMobile.Api.csproj]
/Users/ali1/Projects/Erp-entegrasyon/erp-api/Models/Responses/InvoiceDetailResponse.cs(135,23): warning CS8618: Non-nullable property 'ItemDescription' must contain a non-null value when exiting constructor. Consider adding the 'required' modifier or declaring the property as nullable. [/Users/ali1/Projects/Erp-entegrasyon/erp-api/ErpMobile.Api.csproj]
/Users/ali1/Projects/Erp-entegrasyon/erp-api/Models/Responses/InvoiceDetailResponse.cs(145,23): warning CS8618: Non-nullable property 'UnitCode' must contain a non-null value when exiting constructor. Consider adding the 'required' modifier or declaring the property as nullable. [/Users/ali1/Projects/Erp-entegrasyon/erp-api/ErpMobile.Api.csproj]
/Users/ali1/Projects/Erp-entegrasyon/erp-api/Models/Responses/InvoiceDetailResponse.cs(185,23): warning CS8618: Non-nullable property 'Description' must contain a non-null value when exiting constructor. Consider adding the 'required' modifier or declaring the property as nullable. [/Users/ali1/Projects/Erp-entegrasyon/erp-api/ErpMobile.Api.csproj]
/Users/ali1/Projects/Erp-entegrasyon/erp-api/Models/Responses/InvoiceDetailResponse.cs(14,23): warning CS8618: Non-nullable property 'InvoiceHeaderId' must contain a non-null value when exiting constructor. Consider adding the 'required' modifier or declaring the property as nullable. [/Users/ali1/Projects/Erp-entegrasyon/erp-api/ErpMobile.Api.csproj]
/Users/ali1/Projects/Erp-entegrasyon/erp-api/Models/Responses/InvoiceDetailResponse.cs(19,23): warning CS8618: Non-nullable property 'InvoiceNumber' must contain a non-null value when exiting constructor. Consider adding the 'required' modifier or declaring the property as nullable. [/Users/ali1/Projects/Erp-entegrasyon/erp-api/ErpMobile.Api.csproj]
/Users/ali1/Projects/Erp-entegrasyon/erp-api/Models/Responses/InvoiceDetailResponse.cs(34,23): warning CS8618: Non-nullable property 'CurrAccCode' must contain a non-null value when exiting constructor. Consider adding the 'required' modifier or declaring the property as nullable. [/Users/ali1/Projects/Erp-entegrasyon/erp-api/ErpMobile.Api.csproj]
/Users/ali1/Projects/Erp-entegrasyon/erp-api/Models/Responses/InvoiceDetailResponse.cs(39,23): warning CS8618: Non-nullable property 'CurrAccDesc' must contain a non-null value when exiting constructor. Consider adding the 'required' modifier or declaring the property as nullable. [/Users/ali1/Projects/Erp-entegrasyon/erp-api/ErpMobile.Api.csproj]
/Users/ali1/Projects/Erp-entegrasyon/erp-api/Models/Responses/InvoiceDetailResponse.cs(44,23): warning CS8618: Non-nullable property 'OfficeCode' must contain a non-null value when exiting constructor. Consider adding the 'required' modifier or declaring the property as nullable. [/Users/ali1/Projects/Erp-entegrasyon/erp-api/ErpMobile.Api.csproj]
/Users/ali1/Projects/Erp-entegrasyon/erp-api/Models/Responses/InvoiceDetailResponse.cs(49,23): warning CS8618: Non-nullable property 'Description1' must contain a non-null value when exiting constructor. Consider adding the 'required' modifier or declaring the property as nullable. [/Users/ali1/Projects/Erp-entegrasyon/erp-api/ErpMobile.Api.csproj]
/Users/ali1/Projects/Erp-entegrasyon/erp-api/Models/Responses/InvoiceDetailResponse.cs(54,23): warning CS8618: Non-nullable property 'Description2' must contain a non-null value when exiting constructor. Consider adding the 'required' modifier or declaring the property as nullable. [/Users/ali1/Projects/Erp-entegrasyon/erp-api/ErpMobile.Api.csproj]
/Users/ali1/Projects/Erp-entegrasyon/erp-api/Models/Responses/InvoiceDetailResponse.cs(59,23): warning CS8618: Non-nullable property 'Description3' must contain a non-null value when exiting constructor. Consider adding the 'required' modifier or declaring the property as nullable. [/Users/ali1/Projects/Erp-entegrasyon/erp-api/ErpMobile.Api.csproj]
/Users/ali1/Projects/Erp-entegrasyon/erp-api/Models/Responses/InvoiceDetailResponse.cs(64,23): warning CS8618: Non-nullable property 'Description4' must contain a non-null value when exiting constructor. Consider adding the 'required' modifier or declaring the property as nullable. [/Users/ali1/Projects/Erp-entegrasyon/erp-api/ErpMobile.Api.csproj]
/Users/ali1/Projects/Erp-entegrasyon/erp-api/Models/Responses/InvoiceDetailResponse.cs(84,23): warning CS8618: Non-nullable property 'PaymentPlanCode' must contain a non-null value when exiting constructor. Consider adding the 'required' modifier or declaring the property as nullable. [/Users/ali1/Projects/Erp-entegrasyon/erp-api/ErpMobile.Api.csproj]
/Users/ali1/Projects/Erp-entegrasyon/erp-api/Models/Responses/InvoiceDetailResponse.cs(99,23): warning CS8618: Non-nullable property 'DocTrackingNumber' must contain a non-null value when exiting constructor. Consider adding the 'required' modifier or declaring the property as nullable. [/Users/ali1/Projects/Erp-entegrasyon/erp-api/ErpMobile.Api.csproj]
/Users/ali1/Projects/Erp-entegrasyon/erp-api/Middleware/LegacyApiRedirectMiddleware.cs(20,17): warning CS8602: Dereference of a possibly null reference. [/Users/ali1/Projects/Erp-entegrasyon/erp-api/ErpMobile.Api.csproj]
/Users/ali1/Projects/Erp-entegrasyon/erp-api/Models/Responses/InvoiceCreateResponse.cs(18,23): warning CS8618: Non-nullable property 'InvoiceNumber' must contain a non-null value when exiting constructor. Consider adding the 'required' modifier or declaring the property as nullable. [/Users/ali1/Projects/Erp-entegrasyon/erp-api/ErpMobile.Api.csproj]
/Users/ali1/Projects/Erp-entegrasyon/erp-api/Models/Responses/InvoiceCreateResponse.cs(28,23): warning CS8618: Non-nullable property 'CustomerCode' must contain a non-null value when exiting constructor. Consider adding the 'required' modifier or declaring the property as nullable. [/Users/ali1/Projects/Erp-entegrasyon/erp-api/ErpMobile.Api.csproj]
/Users/ali1/Projects/Erp-entegrasyon/erp-api/Models/Responses/InvoiceCreateResponse.cs(33,23): warning CS8618: Non-nullable property 'CustomerName' must contain a non-null value when exiting constructor. Consider adding the 'required' modifier or declaring the property as nullable. [/Users/ali1/Projects/Erp-entegrasyon/erp-api/ErpMobile.Api.csproj]
/Users/ali1/Projects/Erp-entegrasyon/erp-api/Models/Responses/InvoiceCreateResponse.cs(48,23): warning CS8618: Non-nullable property 'Message' must contain a non-null value when exiting constructor. Consider adding the 'required' modifier or declaring the property as nullable. [/Users/ali1/Projects/Erp-entegrasyon/erp-api/ErpMobile.Api.csproj]
/Users/ali1/Projects/Erp-entegrasyon/erp-api/Models/Responses/DistrictResponse.cs(11,23): warning CS8618: Non-nullable property 'DistrictCode' must contain a non-null value when exiting constructor. Consider adding the 'required' modifier or declaring the property as nullable. [/Users/ali1/Projects/Erp-entegrasyon/erp-api/ErpMobile.Api.csproj]
/Users/ali1/Projects/Erp-entegrasyon/erp-api/Models/Responses/DistrictResponse.cs(16,23): warning CS8618: Non-nullable property 'CityCode' must contain a non-null value when exiting constructor. Consider adding the 'required' modifier or declaring the property as nullable. [/Users/ali1/Projects/Erp-entegrasyon/erp-api/ErpMobile.Api.csproj]
/Users/ali1/Projects/Erp-entegrasyon/erp-api/Models/Responses/DistrictResponse.cs(21,23): warning CS8618: Non-nullable property 'DistrictDescription' must contain a non-null value when exiting constructor. Consider adding the 'required' modifier or declaring the property as nullable. [/Users/ali1/Projects/Erp-entegrasyon/erp-api/ErpMobile.Api.csproj]
/Users/ali1/Projects/Erp-entegrasyon/erp-api/Models/Responses/DiscountGroupResponse.cs(5,23): warning CS8618: Non-nullable property 'DiscountGroupCode' must contain a non-null value when exiting constructor. Consider adding the 'required' modifier or declaring the property as nullable. [/Users/ali1/Projects/Erp-entegrasyon/erp-api/ErpMobile.Api.csproj]
/Users/ali1/Projects/Erp-entegrasyon/erp-api/Models/Responses/DiscountGroupResponse.cs(6,23): warning CS8618: Non-nullable property 'DiscountGroupDescription' must contain a non-null value when exiting constructor. Consider adding the 'required' modifier or declaring the property as nullable. [/Users/ali1/Projects/Erp-entegrasyon/erp-api/ErpMobile.Api.csproj]
/Users/ali1/Projects/Erp-entegrasyon/erp-api/Models/Responses/DebitListResponse.cs(25,23): warning CS8618: Non-nullable property 'DebitId' must contain a non-null value when exiting constructor. Consider adding the 'required' modifier or declaring the property as nullable. [/Users/ali1/Projects/Erp-entegrasyon/erp-api/ErpMobile.Api.csproj]
/Users/ali1/Projects/Erp-entegrasyon/erp-api/Models/Responses/DebitListResponse.cs(30,23): warning CS8618: Non-nullable property 'InvoiceHeaderId' must contain a non-null value when exiting constructor. Consider adding the 'required' modifier or declaring the property as nullable. [/Users/ali1/Projects/Erp-entegrasyon/erp-api/ErpMobile.Api.csproj]
/Users/ali1/Projects/Erp-entegrasyon/erp-api/Models/Responses/CustomerUpdateResponseNew.cs(18,23): warning CS8618: Non-nullable property 'Message' must contain a non-null value when exiting constructor. Consider adding the 'required' modifier or declaring the property as nullable. [/Users/ali1/Projects/Erp-entegrasyon/erp-api/ErpMobile.Api.csproj]
/Users/ali1/Projects/Erp-entegrasyon/erp-api/Models/Responses/CustomerUpdateResponseNew.cs(23,23): warning CS8618: Non-nullable property 'ErrorDetails' must contain a non-null value when exiting constructor. Consider adding the 'required' modifier or declaring the property as nullable. [/Users/ali1/Projects/Erp-entegrasyon/erp-api/ErpMobile.Api.csproj]
/Users/ali1/Projects/Erp-entegrasyon/erp-api/Models/Responses/CustomerUpdateResponseNew.cs(28,23): warning CS8618: Non-nullable property 'CustomerCode' must contain a non-null value when exiting constructor. Consider adding the 'required' modifier or declaring the property as nullable. [/Users/ali1/Projects/Erp-entegrasyon/erp-api/ErpMobile.Api.csproj]
/Users/ali1/Projects/Erp-entegrasyon/erp-api/Models/Responses/CustomerUpdateResponseNew.cs(33,23): warning CS8618: Non-nullable property 'CustomerName' must contain a non-null value when exiting constructor. Consider adding the 'required' modifier or declaring the property as nullable. [/Users/ali1/Projects/Erp-entegrasyon/erp-api/ErpMobile.Api.csproj]
/Users/ali1/Projects/Erp-entegrasyon/erp-api/Models/Responses/CustomerUpdateResponseNew.cs(43,23): warning CS8618: Non-nullable property 'CustomerTypeDescription' must contain a non-null value when exiting constructor. Consider adding the 'required' modifier or declaring the property as nullable. [/Users/ali1/Projects/Erp-entegrasyon/erp-api/ErpMobile.Api.csproj]
/Users/ali1/Projects/Erp-entegrasyon/erp-api/Models/Responses/CustomerUpdateResponseNew.cs(53,23): warning CS8618: Non-nullable property 'CreatedUsername' must contain a non-null value when exiting constructor. Consider adding the 'required' modifier or declaring the property as nullable. [/Users/ali1/Projects/Erp-entegrasyon/erp-api/ErpMobile.Api.csproj]
/Users/ali1/Projects/Erp-entegrasyon/erp-api/Models/Responses/CustomerUpdateResponseNew.cs(58,23): warning CS8618: Non-nullable property 'CurrencyCode' must contain a non-null value when exiting constructor. Consider adding the 'required' modifier or declaring the property as nullable. [/Users/ali1/Projects/Erp-entegrasyon/erp-api/ErpMobile.Api.csproj]
/Users/ali1/Projects/Erp-entegrasyon/erp-api/Models/Responses/CustomerUpdateResponseNew.cs(68,23): warning CS8618: Non-nullable property 'CompanyCode' must contain a non-null value when exiting constructor. Consider adding the 'required' modifier or declaring the property as nullable. [/Users/ali1/Projects/Erp-entegrasyon/erp-api/ErpMobile.Api.csproj]
/Users/ali1/Projects/Erp-entegrasyon/erp-api/Models/Responses/CustomerUpdateResponseNew.cs(73,23): warning CS8618: Non-nullable property 'OfficeCode' must contain a non-null value when exiting constructor. Consider adding the 'required' modifier or declaring the property as nullable. [/Users/ali1/Projects/Erp-entegrasyon/erp-api/ErpMobile.Api.csproj]
/Users/ali1/Projects/Erp-entegrasyon/erp-api/Models/Responses/CustomerUpdateResponseNew.cs(78,23): warning CS8618: Non-nullable property 'OfficeDescription' must contain a non-null value when exiting constructor. Consider adding the 'required' modifier or declaring the property as nullable. [/Users/ali1/Projects/Erp-entegrasyon/erp-api/ErpMobile.Api.csproj]
/Users/ali1/Projects/Erp-entegrasyon/erp-api/Models/Responses/CustomerUpdateResponseNew.cs(83,23): warning CS8618: Non-nullable property 'IdentityNum' must contain a non-null value when exiting constructor. Consider adding the 'required' modifier or declaring the property as nullable. [/Users/ali1/Projects/Erp-entegrasyon/erp-api/ErpMobile.Api.csproj]
/Users/ali1/Projects/Erp-entegrasyon/erp-api/Models/Responses/CustomerUpdateResponseNew.cs(88,23): warning CS8618: Non-nullable property 'TaxNumber' must contain a non-null value when exiting constructor. Consider adding the 'required' modifier or declaring the property as nullable. [/Users/ali1/Projects/Erp-entegrasyon/erp-api/ErpMobile.Api.csproj]
/Users/ali1/Projects/Erp-entegrasyon/erp-api/Models/Responses/CustomerUpdateResponseNew.cs(93,23): warning CS8618: Non-nullable property 'TaxOfficeCode' must contain a non-null value when exiting constructor. Consider adding the 'required' modifier or declaring the property as nullable. [/Users/ali1/Projects/Erp-entegrasyon/erp-api/ErpMobile.Api.csproj]
/Users/ali1/Projects/Erp-entegrasyon/erp-api/Models/Responses/CustomerUpdateResponse.cs(13,23): warning CS8618: Non-nullable property 'CustomerCode' must contain a non-null value when exiting constructor. Consider adding the 'required' modifier or declaring the property as nullable. [/Users/ali1/Projects/Erp-entegrasyon/erp-api/ErpMobile.Api.csproj]
/Users/ali1/Projects/Erp-entegrasyon/erp-api/Models/Responses/CustomerUpdateResponse.cs(18,23): warning CS8618: Non-nullable property 'CustomerName' must contain a non-null value when exiting constructor. Consider adding the 'required' modifier or declaring the property as nullable. [/Users/ali1/Projects/Erp-entegrasyon/erp-api/ErpMobile.Api.csproj]
/Users/ali1/Projects/Erp-entegrasyon/erp-api/Models/Responses/CustomerUpdateResponse.cs(33,23): warning CS8618: Non-nullable property 'Message' must contain a non-null value when exiting constructor. Consider adding the 'required' modifier or declaring the property as nullable. [/Users/ali1/Projects/Erp-entegrasyon/erp-api/ErpMobile.Api.csproj]
/Users/ali1/Projects/Erp-entegrasyon/erp-api/Controllers/ItemController.cs(1207,39): warning CS8601: Possible null reference assignment. [/Users/ali1/Projects/Erp-entegrasyon/erp-api/ErpMobile.Api.csproj]
/Users/ali1/Projects/Erp-entegrasyon/erp-api/Controllers/ItemController.cs(1208,46): warning CS8601: Possible null reference assignment. [/Users/ali1/Projects/Erp-entegrasyon/erp-api/ErpMobile.Api.csproj]
/Users/ali1/Projects/Erp-entegrasyon/erp-api/Controllers/ItemController.cs(1229,28): warning CS8625: Cannot convert null literal to non-nullable reference type. [/Users/ali1/Projects/Erp-entegrasyon/erp-api/ErpMobile.Api.csproj]
/Users/ali1/Projects/Erp-entegrasyon/erp-api/Services/WarehouseService.cs(83,28): warning CS8603: Possible null reference return. [/Users/ali1/Projects/Erp-entegrasyon/erp-api/ErpMobile.Api.csproj]
/Users/ali1/Projects/Erp-entegrasyon/erp-api/Entities/Common/cdDistrictDesc.cs(13,23): warning CS8618: Non-nullable property 'DistrictCode' must contain a non-null value when exiting constructor. Consider adding the 'required' modifier or declaring the property as nullable. [/Users/ali1/Projects/Erp-entegrasyon/erp-api/ErpMobile.Api.csproj]
/Users/ali1/Projects/Erp-entegrasyon/erp-api/Entities/Common/cdDistrictDesc.cs(18,23): warning CS8618: Non-nullable property 'LangCode' must contain a non-null value when exiting constructor. Consider adding the 'required' modifier or declaring the property as nullable. [/Users/ali1/Projects/Erp-entegrasyon/erp-api/ErpMobile.Api.csproj]
/Users/ali1/Projects/Erp-entegrasyon/erp-api/Entities/Common/cdDistrictDesc.cs(22,23): warning CS8618: Non-nullable property 'DistrictDescription' must contain a non-null value when exiting constructor. Consider adding the 'required' modifier or declaring the property as nullable. [/Users/ali1/Projects/Erp-entegrasyon/erp-api/ErpMobile.Api.csproj]
/Users/ali1/Projects/Erp-entegrasyon/erp-api/Entities/Common/cdDistrictDesc.cs(26,23): warning CS8618: Non-nullable property 'CreatedUserName' must contain a non-null value when exiting constructor. Consider adding the 'required' modifier or declaring the property as nullable. [/Users/ali1/Projects/Erp-entegrasyon/erp-api/ErpMobile.Api.csproj]
/Users/ali1/Projects/Erp-entegrasyon/erp-api/Entities/Common/cdDistrictDesc.cs(33,23): warning CS8618: Non-nullable property 'LastUpdatedUserName' must contain a non-null value when exiting constructor. Consider adding the 'required' modifier or declaring the property as nullable. [/Users/ali1/Projects/Erp-entegrasyon/erp-api/ErpMobile.Api.csproj]
/Users/ali1/Projects/Erp-entegrasyon/erp-api/Entities/Common/cdDistrictDesc.cs(43,35): warning CS8618: Non-nullable property 'District' must contain a non-null value when exiting constructor. Consider adding the 'required' modifier or declaring the property as nullable. [/Users/ali1/Projects/Erp-entegrasyon/erp-api/ErpMobile.Api.csproj]
/Users/ali1/Projects/Erp-entegrasyon/erp-api/Models/Responses/CustomerTypeResponse.cs(18,23): warning CS8618: Non-nullable property 'Description' must contain a non-null value when exiting constructor. Consider adding the 'required' modifier or declaring the property as nullable. [/Users/ali1/Projects/Erp-entegrasyon/erp-api/ErpMobile.Api.csproj]
/Users/ali1/Projects/Erp-entegrasyon/erp-api/Models/Responses/CustomerTypeResponse.cs(23,23): warning CS8618: Non-nullable property 'LangCode' must contain a non-null value when exiting constructor. Consider adding the 'required' modifier or declaring the property as nullable. [/Users/ali1/Projects/Erp-entegrasyon/erp-api/ErpMobile.Api.csproj]
/Users/ali1/Projects/Erp-entegrasyon/erp-api/Entities/Common/cdOffice.cs(11,23): warning CS8618: Non-nullable property 'OfficeCode' must contain a non-null value when exiting constructor. Consider adding the 'required' modifier or declaring the property as nullable. [/Users/ali1/Projects/Erp-entegrasyon/erp-api/ErpMobile.Api.csproj]
/Users/ali1/Projects/Erp-entegrasyon/erp-api/Entities/Common/cdOffice.cs(16,37): warning CS8618: Non-nullable property 'OfficeDesc' must contain a non-null value when exiting constructor. Consider adding the 'required' modifier or declaring the property as nullable. [/Users/ali1/Projects/Erp-entegrasyon/erp-api/ErpMobile.Api.csproj]
/Users/ali1/Projects/Erp-entegrasyon/erp-api/Entities/Common/cdOfficeDesc.cs(13,23): warning CS8618: Non-nullable property 'OfficeCode' must contain a non-null value when exiting constructor. Consider adding the 'required' modifier or declaring the property as nullable. [/Users/ali1/Projects/Erp-entegrasyon/erp-api/ErpMobile.Api.csproj]
/Users/ali1/Projects/Erp-entegrasyon/erp-api/Entities/Common/cdOfficeDesc.cs(18,23): warning CS8618: Non-nullable property 'LangCode' must contain a non-null value when exiting constructor. Consider adding the 'required' modifier or declaring the property as nullable. [/Users/ali1/Projects/Erp-entegrasyon/erp-api/ErpMobile.Api.csproj]
/Users/ali1/Projects/Erp-entegrasyon/erp-api/Entities/Common/cdOfficeDesc.cs(22,23): warning CS8618: Non-nullable property 'OfficeDescription' must contain a non-null value when exiting constructor. Consider adding the 'required' modifier or declaring the property as nullable. [/Users/ali1/Projects/Erp-entegrasyon/erp-api/ErpMobile.Api.csproj]
/Users/ali1/Projects/Erp-entegrasyon/erp-api/Entities/Common/cdOfficeDesc.cs(26,23): warning CS8618: Non-nullable property 'CreatedUserName' must contain a non-null value when exiting constructor. Consider adding the 'required' modifier or declaring the property as nullable. [/Users/ali1/Projects/Erp-entegrasyon/erp-api/ErpMobile.Api.csproj]
/Users/ali1/Projects/Erp-entegrasyon/erp-api/Entities/Common/cdOfficeDesc.cs(33,23): warning CS8618: Non-nullable property 'LastUpdatedUserName' must contain a non-null value when exiting constructor. Consider adding the 'required' modifier or declaring the property as nullable. [/Users/ali1/Projects/Erp-entegrasyon/erp-api/ErpMobile.Api.csproj]
/Users/ali1/Projects/Erp-entegrasyon/erp-api/Entities/Common/cdOfficeDesc.cs(43,33): warning CS8618: Non-nullable property 'Office' must contain a non-null value when exiting constructor. Consider adding the 'required' modifier or declaring the property as nullable. [/Users/ali1/Projects/Erp-entegrasyon/erp-api/ErpMobile.Api.csproj]
/Users/ali1/Projects/Erp-entegrasyon/erp-api/Entities/Common/cdState.cs(12,23): warning CS8618: Non-nullable property 'StateCode' must contain a non-null value when exiting constructor. Consider adding the 'required' modifier or declaring the property as nullable. [/Users/ali1/Projects/Erp-entegrasyon/erp-api/ErpMobile.Api.csproj]
/Users/ali1/Projects/Erp-entegrasyon/erp-api/Entities/Common/cdState.cs(16,23): warning CS8618: Non-nullable property 'CountryCode' must contain a non-null value when exiting constructor. Consider adding the 'required' modifier or declaring the property as nullable. [/Users/ali1/Projects/Erp-entegrasyon/erp-api/ErpMobile.Api.csproj]
/Users/ali1/Projects/Erp-entegrasyon/erp-api/Entities/Common/cdState.cs(20,23): warning CS8618: Non-nullable property 'CreatedUserName' must contain a non-null value when exiting constructor. Consider adding the 'required' modifier or declaring the property as nullable. [/Users/ali1/Projects/Erp-entegrasyon/erp-api/ErpMobile.Api.csproj]
/Users/ali1/Projects/Erp-entegrasyon/erp-api/Entities/Common/cdState.cs(27,23): warning CS8618: Non-nullable property 'LastUpdatedUserName' must contain a non-null value when exiting constructor. Consider adding the 'required' modifier or declaring the property as nullable. [/Users/ali1/Projects/Erp-entegrasyon/erp-api/ErpMobile.Api.csproj]
/Users/ali1/Projects/Erp-entegrasyon/erp-api/Entities/Common/cdState.cs(37,34): warning CS8618: Non-nullable property 'Country' must contain a non-null value when exiting constructor. Consider adding the 'required' modifier or declaring the property as nullable. [/Users/ali1/Projects/Erp-entegrasyon/erp-api/ErpMobile.Api.csproj]
/Users/ali1/Projects/Erp-entegrasyon/erp-api/Models/Responses/CustomerTransactionResponse.cs(13,23): warning CS8618: Non-nullable property 'CustomerCode' must contain a non-null value when exiting constructor. Consider adding the 'required' modifier or declaring the property as nullable. [/Users/ali1/Projects/Erp-entegrasyon/erp-api/ErpMobile.Api.csproj]
/Users/ali1/Projects/Erp-entegrasyon/erp-api/Models/Responses/CustomerTransactionResponse.cs(38,23): warning CS8618: Non-nullable property 'TransactionTypeName' must contain a non-null value when exiting constructor. Consider adding the 'required' modifier or declaring the property as nullable. [/Users/ali1/Projects/Erp-entegrasyon/erp-api/ErpMobile.Api.csproj]
/Users/ali1/Projects/Erp-entegrasyon/erp-api/Models/Responses/CustomerTransactionResponse.cs(43,23): warning CS8618: Non-nullable property 'DocumentNo' must contain a non-null value when exiting constructor. Consider adding the 'required' modifier or declaring the property as nullable. [/Users/ali1/Projects/Erp-entegrasyon/erp-api/ErpMobile.Api.csproj]
/Users/ali1/Projects/Erp-entegrasyon/erp-api/Models/Responses/CustomerTransactionResponse.cs(48,23): warning CS8618: Non-nullable property 'DocumentNumber' must contain a non-null value when exiting constructor. Consider adding the 'required' modifier or declaring the property as nullable. [/Users/ali1/Projects/Erp-entegrasyon/erp-api/ErpMobile.Api.csproj]
/Users/ali1/Projects/Erp-entegrasyon/erp-api/Models/Responses/CustomerTransactionResponse.cs(53,23): warning CS8618: Non-nullable property 'RefNumber' must contain a non-null value when exiting constructor. Consider adding the 'required' modifier or declaring the property as nullable. [/Users/ali1/Projects/Erp-entegrasyon/erp-api/ErpMobile.Api.csproj]
/Users/ali1/Projects/Erp-entegrasyon/erp-api/Models/Responses/CustomerTransactionResponse.cs(58,23): warning CS8618: Non-nullable property 'Description' must contain a non-null value when exiting constructor. Consider adding the 'required' modifier or declaring the property as nullable. [/Users/ali1/Projects/Erp-entegrasyon/erp-api/ErpMobile.Api.csproj]
/Users/ali1/Projects/Erp-entegrasyon/erp-api/Models/Responses/CustomerTransactionResponse.cs(63,23): warning CS8618: Non-nullable property 'LineDescription' must contain a non-null value when exiting constructor. Consider adding the 'required' modifier or declaring the property as nullable. [/Users/ali1/Projects/Erp-entegrasyon/erp-api/ErpMobile.Api.csproj]
/Users/ali1/Projects/Erp-entegrasyon/erp-api/Models/Responses/CustomerTransactionResponse.cs(68,23): warning CS8618: Non-nullable property 'DocCurrencyCode' must contain a non-null value when exiting constructor. Consider adding the 'required' modifier or declaring the property as nullable. [/Users/ali1/Projects/Erp-entegrasyon/erp-api/ErpMobile.Api.csproj]
/Users/ali1/Projects/Erp-entegrasyon/erp-api/Models/Responses/CustomerTransactionResponse.cs(98,23): warning CS8618: Non-nullable property 'CurrencyCode' must contain a non-null value when exiting constructor. Consider adding the 'required' modifier or declaring the property as nullable. [/Users/ali1/Projects/Erp-entegrasyon/erp-api/ErpMobile.Api.csproj]
/Users/ali1/Projects/Erp-entegrasyon/erp-api/Models/Responses/CustomerTransactionResponse.cs(113,23): warning CS8618: Non-nullable property 'CreatedUserName' must contain a non-null value when exiting constructor. Consider adding the 'required' modifier or declaring the property as nullable. [/Users/ali1/Projects/Erp-entegrasyon/erp-api/ErpMobile.Api.csproj]
/Users/ali1/Projects/Erp-entegrasyon/erp-api/Services/SalesInvoiceService.cs(178,28): warning CS8603: Possible null reference return. [/Users/ali1/Projects/Erp-entegrasyon/erp-api/ErpMobile.Api.csproj]
/Users/ali1/Projects/Erp-entegrasyon/erp-api/Repositories/Inventory/InventoryRepository.cs(25,33): warning CS8601: Possible null reference assignment. [/Users/ali1/Projects/Erp-entegrasyon/erp-api/ErpMobile.Api.csproj]
/Users/ali1/Projects/Erp-entegrasyon/erp-api/Repositories/Inventory/InventoryRepository.cs(19,16): warning CS8618: Non-nullable field '_connectionString' must contain a non-null value when exiting constructor. Consider adding the 'required' modifier or declaring the field as nullable. [/Users/ali1/Projects/Erp-entegrasyon/erp-api/ErpMobile.Api.csproj]
/Users/ali1/Projects/Erp-entegrasyon/erp-api/Entities/Common/dfOfficeDefault.cs(11,23): warning CS8618: Non-nullable property 'OfficeCode' must contain a non-null value when exiting constructor. Consider adding the 'required' modifier or declaring the property as nullable. [/Users/ali1/Projects/Erp-entegrasyon/erp-api/ErpMobile.Api.csproj]
/Users/ali1/Projects/Erp-entegrasyon/erp-api/Entities/Common/dfOfficeDefault.cs(18,23): warning CS8618: Non-nullable property 'LocalCurrencyCode' must contain a non-null value when exiting constructor. Consider adding the 'required' modifier or declaring the property as nullable. [/Users/ali1/Projects/Erp-entegrasyon/erp-api/ErpMobile.Api.csproj]
/Users/ali1/Projects/Erp-entegrasyon/erp-api/Entities/Common/dfOfficeDefault.cs(30,23): warning CS8618: Non-nullable property 'LocalDataLanguageCode' must contain a non-null value when exiting constructor. Consider adding the 'required' modifier or declaring the property as nullable. [/Users/ali1/Projects/Erp-entegrasyon/erp-api/ErpMobile.Api.csproj]
/Users/ali1/Projects/Erp-entegrasyon/erp-api/Entities/Common/dfOfficeDefault.cs(37,23): warning CS8618: Non-nullable property 'PriceGroupCode' must contain a non-null value when exiting constructor. Consider adding the 'required' modifier or declaring the property as nullable. [/Users/ali1/Projects/Erp-entegrasyon/erp-api/ErpMobile.Api.csproj]
/Users/ali1/Projects/Erp-entegrasyon/erp-api/Entities/Common/dfOfficeDefault.cs(89,23): warning CS8618: Non-nullable property 'SendAdvertConfirmationFormTypeCode' must contain a non-null value when exiting constructor. Consider adding the 'required' modifier or declaring the property as nullable. [/Users/ali1/Projects/Erp-entegrasyon/erp-api/ErpMobile.Api.csproj]
/Users/ali1/Projects/Erp-entegrasyon/erp-api/Entities/Common/dfOfficeDefault.cs(99,23): warning CS8618: Non-nullable property 'TaxFreeRefundCompanyCode' must contain a non-null value when exiting constructor. Consider adding the 'required' modifier or declaring the property as nullable. [/Users/ali1/Projects/Erp-entegrasyon/erp-api/ErpMobile.Api.csproj]
/Users/ali1/Projects/Erp-entegrasyon/erp-api/Entities/Common/dfOfficeDefault.cs(115,23): warning CS8618: Non-nullable property 'SGKTaxPayerCode' must contain a non-null value when exiting constructor. Consider adding the 'required' modifier or declaring the property as nullable. [/Users/ali1/Projects/Erp-entegrasyon/erp-api/ErpMobile.Api.csproj]
/Users/ali1/Projects/Erp-entegrasyon/erp-api/Entities/Common/dfOfficeDefault.cs(119,23): warning CS8618: Non-nullable property 'CommercialRegistrationNo' must contain a non-null value when exiting constructor. Consider adding the 'required' modifier or declaring the property as nullable. [/Users/ali1/Projects/Erp-entegrasyon/erp-api/ErpMobile.Api.csproj]
/Users/ali1/Projects/Erp-entegrasyon/erp-api/Entities/Common/dfOfficeDefault.cs(126,23): warning CS8618: Non-nullable property 'Address' must contain a non-null value when exiting constructor. Consider adding the 'required' modifier or declaring the property as nullable. [/Users/ali1/Projects/Erp-entegrasyon/erp-api/ErpMobile.Api.csproj]
/Users/ali1/Projects/Erp-entegrasyon/erp-api/Entities/Common/dfOfficeDefault.cs(130,23): warning CS8618: Non-nullable property 'SiteName' must contain a non-null value when exiting constructor. Consider adding the 'required' modifier or declaring the property as nullable. [/Users/ali1/Projects/Erp-entegrasyon/erp-api/ErpMobile.Api.csproj]
/Users/ali1/Projects/Erp-entegrasyon/erp-api/Entities/Common/dfOfficeDefault.cs(134,23): warning CS8618: Non-nullable property 'BuildingName' must contain a non-null value when exiting constructor. Consider adding the 'required' modifier or declaring the property as nullable. [/Users/ali1/Projects/Erp-entegrasyon/erp-api/ErpMobile.Api.csproj]
/Users/ali1/Projects/Erp-entegrasyon/erp-api/Entities/Common/dfOfficeDefault.cs(138,23): warning CS8618: Non-nullable property 'BuildingNum' must contain a non-null value when exiting constructor. Consider adding the 'required' modifier or declaring the property as nullable. [/Users/ali1/Projects/Erp-entegrasyon/erp-api/ErpMobile.Api.csproj]
/Users/ali1/Projects/Erp-entegrasyon/erp-api/Entities/Common/dfOfficeDefault.cs(151,23): warning CS8618: Non-nullable property 'QuarterName' must contain a non-null value when exiting constructor. Consider adding the 'required' modifier or declaring the property as nullable. [/Users/ali1/Projects/Erp-entegrasyon/erp-api/ErpMobile.Api.csproj]
/Users/ali1/Projects/Erp-entegrasyon/erp-api/Entities/Common/dfOfficeDefault.cs(155,23): warning CS8618: Non-nullable property 'Boulevard' must contain a non-null value when exiting constructor. Consider adding the 'required' modifier or declaring the property as nullable. [/Users/ali1/Projects/Erp-entegrasyon/erp-api/ErpMobile.Api.csproj]
/Users/ali1/Projects/Erp-entegrasyon/erp-api/Entities/Common/dfOfficeDefault.cs(162,23): warning CS8618: Non-nullable property 'Street' must contain a non-null value when exiting constructor. Consider adding the 'required' modifier or declaring the property as nullable. [/Users/ali1/Projects/Erp-entegrasyon/erp-api/ErpMobile.Api.csproj]
/Users/ali1/Projects/Erp-entegrasyon/erp-api/Entities/Common/dfOfficeDefault.cs(166,23): warning CS8618: Non-nullable property 'Road' must contain a non-null value when exiting constructor. Consider adding the 'required' modifier or declaring the property as nullable. [/Users/ali1/Projects/Erp-entegrasyon/erp-api/ErpMobile.Api.csproj]
/Users/ali1/Projects/Erp-entegrasyon/erp-api/Entities/Common/dfOfficeDefault.cs(170,23): warning CS8618: Non-nullable property 'CountryCode' must contain a non-null value when exiting constructor. Consider adding the 'required' modifier or declaring the property as nullable. [/Users/ali1/Projects/Erp-entegrasyon/erp-api/ErpMobile.Api.csproj]
/Users/ali1/Projects/Erp-entegrasyon/erp-api/Entities/Common/dfOfficeDefault.cs(174,23): warning CS8618: Non-nullable property 'StateCode' must contain a non-null value when exiting constructor. Consider adding the 'required' modifier or declaring the property as nullable. [/Users/ali1/Projects/Erp-entegrasyon/erp-api/ErpMobile.Api.csproj]
/Users/ali1/Projects/Erp-entegrasyon/erp-api/Entities/Common/dfOfficeDefault.cs(178,23): warning CS8618: Non-nullable property 'CityCode' must contain a non-null value when exiting constructor. Consider adding the 'required' modifier or declaring the property as nullable. [/Users/ali1/Projects/Erp-entegrasyon/erp-api/ErpMobile.Api.csproj]
/Users/ali1/Projects/Erp-entegrasyon/erp-api/Entities/Common/dfOfficeDefault.cs(182,23): warning CS8618: Non-nullable property 'DistrictCode' must contain a non-null value when exiting constructor. Consider adding the 'required' modifier or declaring the property as nullable. [/Users/ali1/Projects/Erp-entegrasyon/erp-api/ErpMobile.Api.csproj]
/Users/ali1/Projects/Erp-entegrasyon/erp-api/Entities/Common/dfOfficeDefault.cs(186,23): warning CS8618: Non-nullable property 'ZipCode' must contain a non-null value when exiting constructor. Consider adding the 'required' modifier or declaring the property as nullable. [/Users/ali1/Projects/Erp-entegrasyon/erp-api/ErpMobile.Api.csproj]
/Users/ali1/Projects/Erp-entegrasyon/erp-api/Entities/Common/dfOfficeDefault.cs(190,23): warning CS8618: Non-nullable property 'DrivingDirections' must contain a non-null value when exiting constructor. Consider adding the 'required' modifier or declaring the property as nullable. [/Users/ali1/Projects/Erp-entegrasyon/erp-api/ErpMobile.Api.csproj]
/Users/ali1/Projects/Erp-entegrasyon/erp-api/Entities/Common/dfOfficeDefault.cs(194,23): warning CS8618: Non-nullable property 'MersisNum' must contain a non-null value when exiting constructor. Consider adding the 'required' modifier or declaring the property as nullable. [/Users/ali1/Projects/Erp-entegrasyon/erp-api/ErpMobile.Api.csproj]
/Users/ali1/Projects/Erp-entegrasyon/erp-api/Entities/Common/dfOfficeDefault.cs(198,23): warning CS8618: Non-nullable property 'URNAddress' must contain a non-null value when exiting constructor. Consider adding the 'required' modifier or declaring the property as nullable. [/Users/ali1/Projects/Erp-entegrasyon/erp-api/ErpMobile.Api.csproj]
/Users/ali1/Projects/Erp-entegrasyon/erp-api/Entities/Common/dfOfficeDefault.cs(202,23): warning CS8618: Non-nullable property 'EShipmentUrnAddress' must contain a non-null value when exiting constructor. Consider adding the 'required' modifier or declaring the property as nullable. [/Users/ali1/Projects/Erp-entegrasyon/erp-api/ErpMobile.Api.csproj]
/Users/ali1/Projects/Erp-entegrasyon/erp-api/Entities/Common/dfOfficeDefault.cs(206,23): warning CS8618: Non-nullable property 'EShipmentUrnAddressPK' must contain a non-null value when exiting constructor. Consider adding the 'required' modifier or declaring the property as nullable. [/Users/ali1/Projects/Erp-entegrasyon/erp-api/ErpMobile.Api.csproj]
/Users/ali1/Projects/Erp-entegrasyon/erp-api/Entities/Common/dfOfficeDefault.cs(222,23): warning CS8618: Non-nullable property 'ConfirmationFormTypeCode' must contain a non-null value when exiting constructor. Consider adding the 'required' modifier or declaring the property as nullable. [/Users/ali1/Projects/Erp-entegrasyon/erp-api/ErpMobile.Api.csproj]
/Users/ali1/Projects/Erp-entegrasyon/erp-api/Entities/Common/dfOfficeDefault.cs(238,23): warning CS8618: Non-nullable property 'CreatedUserName' must contain a non-null value when exiting constructor. Consider adding the 'required' modifier or declaring the property as nullable. [/Users/ali1/Projects/Erp-entegrasyon/erp-api/ErpMobile.Api.csproj]
/Users/ali1/Projects/Erp-entegrasyon/erp-api/Entities/Common/dfOfficeDefault.cs(245,23): warning CS8618: Non-nullable property 'LastUpdatedUserName' must contain a non-null value when exiting constructor. Consider adding the 'required' modifier or declaring the property as nullable. [/Users/ali1/Projects/Erp-entegrasyon/erp-api/ErpMobile.Api.csproj]
/Users/ali1/Projects/Erp-entegrasyon/erp-api/Entities/Common/dfOfficeDefault.cs(255,33): warning CS8618: Non-nullable property 'Office' must contain a non-null value when exiting constructor. Consider adding the 'required' modifier or declaring the property as nullable. [/Users/ali1/Projects/Erp-entegrasyon/erp-api/ErpMobile.Api.csproj]
/Users/ali1/Projects/Erp-entegrasyon/erp-api/Entities/Common/dfOfficeDefault.cs(258,34): warning CS8618: Non-nullable property 'Country' must contain a non-null value when exiting constructor. Consider adding the 'required' modifier or declaring the property as nullable. [/Users/ali1/Projects/Erp-entegrasyon/erp-api/ErpMobile.Api.csproj]
/Users/ali1/Projects/Erp-entegrasyon/erp-api/Entities/Common/dfOfficeDefault.cs(261,32): warning CS8618: Non-nullable property 'State' must contain a non-null value when exiting constructor. Consider adding the 'required' modifier or declaring the property as nullable. [/Users/ali1/Projects/Erp-entegrasyon/erp-api/ErpMobile.Api.csproj]
/Users/ali1/Projects/Erp-entegrasyon/erp-api/Entities/Common/dfOfficeDefault.cs(264,31): warning CS8618: Non-nullable property 'City' must contain a non-null value when exiting constructor. Consider adding the 'required' modifier or declaring the property as nullable. [/Users/ali1/Projects/Erp-entegrasyon/erp-api/ErpMobile.Api.csproj]
/Users/ali1/Projects/Erp-entegrasyon/erp-api/Entities/Common/dfOfficeDefault.cs(267,35): warning CS8618: Non-nullable property 'District' must contain a non-null value when exiting constructor. Consider adding the 'required' modifier or declaring the property as nullable. [/Users/ali1/Projects/Erp-entegrasyon/erp-api/ErpMobile.Api.csproj]
/Users/ali1/Projects/Erp-entegrasyon/erp-api/Entities/Common/dfOfficeDefault.cs(270,37): warning CS8618: Non-nullable property 'PriceGroup' must contain a non-null value when exiting constructor. Consider adding the 'required' modifier or declaring the property as nullable. [/Users/ali1/Projects/Erp-entegrasyon/erp-api/ErpMobile.Api.csproj]
/Users/ali1/Projects/Erp-entegrasyon/erp-api/Entities/Customer/bsCustomerType.cs(15,43): warning CS8618: Non-nullable property 'CustomerTypeDesc' must contain a non-null value when exiting constructor. Consider adding the 'required' modifier or declaring the property as nullable. [/Users/ali1/Projects/Erp-entegrasyon/erp-api/ErpMobile.Api.csproj]
/Users/ali1/Projects/Erp-entegrasyon/erp-api/Models/Responses/CustomerPaymentPlanGroupResponse.cs(13,23): warning CS8618: Non-nullable property 'CustomerPaymentPlanGrCode' must contain a non-null value when exiting constructor. Consider adding the 'required' modifier or declaring the property as nullable. [/Users/ali1/Projects/Erp-entegrasyon/erp-api/ErpMobile.Api.csproj]
/Users/ali1/Projects/Erp-entegrasyon/erp-api/Models/Responses/CustomerPaymentPlanGroupResponse.cs(18,23): warning CS8618: Non-nullable property 'PaymentPlanGroupDescription' must contain a non-null value when exiting constructor. Consider adding the 'required' modifier or declaring the property as nullable. [/Users/ali1/Projects/Erp-entegrasyon/erp-api/ErpMobile.Api.csproj]
/Users/ali1/Projects/Erp-entegrasyon/erp-api/Services/SalesInvoiceService.cs(197,42): warning CS8600: Converting null literal or possible null value to non-nullable type. [/Users/ali1/Projects/Erp-entegrasyon/erp-api/ErpMobile.Api.csproj]
/Users/ali1/Projects/Erp-entegrasyon/erp-api/Services/SalesInvoiceService.cs(366,39): warning CS8600: Converting null literal or possible null value to non-nullable type. [/Users/ali1/Projects/Erp-entegrasyon/erp-api/ErpMobile.Api.csproj]
/Users/ali1/Projects/Erp-entegrasyon/erp-api/Services/SalesInvoiceService.cs(375,36): warning CS8601: Possible null reference assignment. [/Users/ali1/Projects/Erp-entegrasyon/erp-api/ErpMobile.Api.csproj]
/Users/ali1/Projects/Erp-entegrasyon/erp-api/Entities/Customer/bsCustomerTypeDesc.cs(17,23): warning CS8618: Non-nullable property 'LangCode' must contain a non-null value when exiting constructor. Consider adding the 'required' modifier or declaring the property as nullable. [/Users/ali1/Projects/Erp-entegrasyon/erp-api/ErpMobile.Api.csproj]
/Users/ali1/Projects/Erp-entegrasyon/erp-api/Entities/Customer/bsCustomerTypeDesc.cs(21,23): warning CS8618: Non-nullable property 'CustomerTypeDescription' must contain a non-null value when exiting constructor. Consider adding the 'required' modifier or declaring the property as nullable. [/Users/ali1/Projects/Erp-entegrasyon/erp-api/ErpMobile.Api.csproj]
/Users/ali1/Projects/Erp-entegrasyon/erp-api/Entities/Customer/bsCustomerTypeDesc.cs(28,39): warning CS8618: Non-nullable property 'CustomerType' must contain a non-null value when exiting constructor. Consider adding the 'required' modifier or declaring the property as nullable. [/Users/ali1/Projects/Erp-entegrasyon/erp-api/ErpMobile.Api.csproj]
/Users/ali1/Projects/Erp-entegrasyon/erp-api/Models/Responses/CustomerListResponse.cs(11,23): warning CS8618: Non-nullable property 'CustomerCode' must contain a non-null value when exiting constructor. Consider adding the 'required' modifier or declaring the property as nullable. [/Users/ali1/Projects/Erp-entegrasyon/erp-api/ErpMobile.Api.csproj]
/Users/ali1/Projects/Erp-entegrasyon/erp-api/Models/Responses/CustomerListResponse.cs(16,23): warning CS8618: Non-nullable property 'CustomerName' must contain a non-null value when exiting constructor. Consider adding the 'required' modifier or declaring the property as nullable. [/Users/ali1/Projects/Erp-entegrasyon/erp-api/ErpMobile.Api.csproj]
/Users/ali1/Projects/Erp-entegrasyon/erp-api/Models/Responses/CustomerListResponse.cs(26,23): warning CS8618: Non-nullable property 'CustomerTypeDescription' must contain a non-null value when exiting constructor. Consider adding the 'required' modifier or declaring the property as nullable. [/Users/ali1/Projects/Erp-entegrasyon/erp-api/ErpMobile.Api.csproj]
/Users/ali1/Projects/Erp-entegrasyon/erp-api/Models/Responses/CustomerListResponse.cs(36,23): warning CS8618: Non-nullable property 'CreatedUsername' must contain a non-null value when exiting constructor. Consider adding the 'required' modifier or declaring the property as nullable. [/Users/ali1/Projects/Erp-entegrasyon/erp-api/ErpMobile.Api.csproj]
/Users/ali1/Projects/Erp-entegrasyon/erp-api/Models/Responses/CustomerListResponse.cs(41,23): warning CS8618: Non-nullable property 'CurrencyCode' must contain a non-null value when exiting constructor. Consider adding the 'required' modifier or declaring the property as nullable. [/Users/ali1/Projects/Erp-entegrasyon/erp-api/ErpMobile.Api.csproj]
/Users/ali1/Projects/Erp-entegrasyon/erp-api/Models/Responses/CustomerListResponse.cs(51,23): warning CS8618: Non-nullable property 'PromotionGroupDescription' must contain a non-null value when exiting constructor. Consider adding the 'required' modifier or declaring the property as nullable. [/Users/ali1/Projects/Erp-entegrasyon/erp-api/ErpMobile.Api.csproj]
/Users/ali1/Projects/Erp-entegrasyon/erp-api/Models/Responses/CustomerListResponse.cs(56,23): warning CS8618: Non-nullable property 'CompanyCode' must contain a non-null value when exiting constructor. Consider adding the 'required' modifier or declaring the property as nullable. [/Users/ali1/Projects/Erp-entegrasyon/erp-api/ErpMobile.Api.csproj]
/Users/ali1/Projects/Erp-entegrasyon/erp-api/Models/Responses/CustomerListResponse.cs(61,23): warning CS8618: Non-nullable property 'OfficeCode' must contain a non-null value when exiting constructor. Consider adding the 'required' modifier or declaring the property as nullable. [/Users/ali1/Projects/Erp-entegrasyon/erp-api/ErpMobile.Api.csproj]
/Users/ali1/Projects/Erp-entegrasyon/erp-api/Models/Responses/CustomerListResponse.cs(66,23): warning CS8618: Non-nullable property 'OfficeDescription' must contain a non-null value when exiting constructor. Consider adding the 'required' modifier or declaring the property as nullable. [/Users/ali1/Projects/Erp-entegrasyon/erp-api/ErpMobile.Api.csproj]
/Users/ali1/Projects/Erp-entegrasyon/erp-api/Models/Responses/CustomerListResponse.cs(71,23): warning CS8618: Non-nullable property 'OfficeCountryCode' must contain a non-null value when exiting constructor. Consider adding the 'required' modifier or declaring the property as nullable. [/Users/ali1/Projects/Erp-entegrasyon/erp-api/ErpMobile.Api.csproj]
/Users/ali1/Projects/Erp-entegrasyon/erp-api/Models/Responses/CustomerListResponse.cs(76,23): warning CS8618: Non-nullable property 'CityDescription' must contain a non-null value when exiting constructor. Consider adding the 'required' modifier or declaring the property as nullable. [/Users/ali1/Projects/Erp-entegrasyon/erp-api/ErpMobile.Api.csproj]
/Users/ali1/Projects/Erp-entegrasyon/erp-api/Models/Responses/CustomerListResponse.cs(81,23): warning CS8618: Non-nullable property 'DistrictDescription' must contain a non-null value when exiting constructor. Consider adding the 'required' modifier or declaring the property as nullable. [/Users/ali1/Projects/Erp-entegrasyon/erp-api/ErpMobile.Api.csproj]
/Users/ali1/Projects/Erp-entegrasyon/erp-api/Models/Responses/CustomerListResponse.cs(86,23): warning CS8618: Non-nullable property 'IdentityNum' must contain a non-null value when exiting constructor. Consider adding the 'required' modifier or declaring the property as nullable. [/Users/ali1/Projects/Erp-entegrasyon/erp-api/ErpMobile.Api.csproj]
/Users/ali1/Projects/Erp-entegrasyon/erp-api/Models/Responses/CustomerListResponse.cs(91,23): warning CS8618: Non-nullable property 'TaxNumber' must contain a non-null value when exiting constructor. Consider adding the 'required' modifier or declaring the property as nullable. [/Users/ali1/Projects/Erp-entegrasyon/erp-api/ErpMobile.Api.csproj]
/Users/ali1/Projects/Erp-entegrasyon/erp-api/Models/Responses/CustomerListResponse.cs(96,23): warning CS8618: Non-nullable property 'VendorCode' must contain a non-null value when exiting constructor. Consider adding the 'required' modifier or declaring the property as nullable. [/Users/ali1/Projects/Erp-entegrasyon/erp-api/ErpMobile.Api.csproj]
/Users/ali1/Projects/Erp-entegrasyon/erp-api/Models/Responses/CustomerFinancialUpdateResponse.cs(13,23): warning CS8618: Non-nullable property 'CustomerCode' must contain a non-null value when exiting constructor. Consider adding the 'required' modifier or declaring the property as nullable. [/Users/ali1/Projects/Erp-entegrasyon/erp-api/ErpMobile.Api.csproj]
/Users/ali1/Projects/Erp-entegrasyon/erp-api/Models/Responses/CustomerFinancialUpdateResponse.cs(23,23): warning CS8618: Non-nullable property 'Message' must contain a non-null value when exiting constructor. Consider adding the 'required' modifier or declaring the property as nullable. [/Users/ali1/Projects/Erp-entegrasyon/erp-api/ErpMobile.Api.csproj]
/Users/ali1/Projects/Erp-entegrasyon/erp-api/Models/Responses/CustomerFinancialUpdateResponse.cs(33,23): warning CS8618: Non-nullable property 'CurrencyCode' must contain a non-null value when exiting constructor. Consider adding the 'required' modifier or declaring the property as nullable. [/Users/ali1/Projects/Erp-entegrasyon/erp-api/ErpMobile.Api.csproj]
/Users/ali1/Projects/Erp-entegrasyon/erp-api/Models/Responses/CustomerFinancialUpdateResponse.cs(38,23): warning CS8618: Non-nullable property 'PaymentPlanCode' must contain a non-null value when exiting constructor. Consider adding the 'required' modifier or declaring the property as nullable. [/Users/ali1/Projects/Erp-entegrasyon/erp-api/ErpMobile.Api.csproj]
/Users/ali1/Projects/Erp-entegrasyon/erp-api/Models/Responses/CustomerFinancialUpdateResponse.cs(48,23): warning CS8618: Non-nullable property 'UpdatedUserName' must contain a non-null value when exiting constructor. Consider adding the 'required' modifier or declaring the property as nullable. [/Users/ali1/Projects/Erp-entegrasyon/erp-api/ErpMobile.Api.csproj]
/Users/ali1/Projects/Erp-entegrasyon/erp-api/Services/CashService.cs(33,45): warning CS0618: 'SqlConnection' is obsolete: 'Use the Microsoft.Data.SqlClient package instead.' [/Users/ali1/Projects/Erp-entegrasyon/erp-api/ErpMobile.Api.csproj]
/Users/ali1/Projects/Erp-entegrasyon/erp-api/Services/CashService.cs(43,20): warning CS0618: 'SqlException' is obsolete: 'Use the Microsoft.Data.SqlClient package instead.' [/Users/ali1/Projects/Erp-entegrasyon/erp-api/ErpMobile.Api.csproj]
/Users/ali1/Projects/Erp-entegrasyon/erp-api/Repositories/Invoice/InvoiceRepository.cs(1349,38): warning CS8605: Unboxing a possibly null value. [/Users/ali1/Projects/Erp-entegrasyon/erp-api/ErpMobile.Api.csproj]
/Users/ali1/Projects/Erp-entegrasyon/erp-api/Repositories/Inventory/InventoryRepository.cs(422,48): warning CS8601: Possible null reference assignment. [/Users/ali1/Projects/Erp-entegrasyon/erp-api/ErpMobile.Api.csproj]
/Users/ali1/Projects/Erp-entegrasyon/erp-api/Repositories/Inventory/InventoryRepository.cs(423,44): warning CS8601: Possible null reference assignment. [/Users/ali1/Projects/Erp-entegrasyon/erp-api/ErpMobile.Api.csproj]
/Users/ali1/Projects/Erp-entegrasyon/erp-api/Repositories/Inventory/InventoryRepository.cs(424,47): warning CS8601: Possible null reference assignment. [/Users/ali1/Projects/Erp-entegrasyon/erp-api/ErpMobile.Api.csproj]
/Users/ali1/Projects/Erp-entegrasyon/erp-api/Repositories/Inventory/InventoryRepository.cs(425,51): warning CS8601: Possible null reference assignment. [/Users/ali1/Projects/Erp-entegrasyon/erp-api/ErpMobile.Api.csproj]
/Users/ali1/Projects/Erp-entegrasyon/erp-api/Repositories/Inventory/InventoryRepository.cs(426,52): warning CS8601: Possible null reference assignment. [/Users/ali1/Projects/Erp-entegrasyon/erp-api/ErpMobile.Api.csproj]
/Users/ali1/Projects/Erp-entegrasyon/erp-api/Repositories/Inventory/InventoryRepository.cs(427,43): warning CS8601: Possible null reference assignment. [/Users/ali1/Projects/Erp-entegrasyon/erp-api/ErpMobile.Api.csproj]
/Users/ali1/Projects/Erp-entegrasyon/erp-api/Repositories/Inventory/InventoryRepository.cs(428,53): warning CS8601: Possible null reference assignment. [/Users/ali1/Projects/Erp-entegrasyon/erp-api/ErpMobile.Api.csproj]
/Users/ali1/Projects/Erp-entegrasyon/erp-api/Repositories/Inventory/InventoryRepository.cs(429,51): warning CS8601: Possible null reference assignment. [/Users/ali1/Projects/Erp-entegrasyon/erp-api/ErpMobile.Api.csproj]
/Users/ali1/Projects/Erp-entegrasyon/erp-api/Repositories/Inventory/InventoryRepository.cs(430,45): warning CS8601: Possible null reference assignment. [/Users/ali1/Projects/Erp-entegrasyon/erp-api/ErpMobile.Api.csproj]
/Users/ali1/Projects/Erp-entegrasyon/erp-api/Repositories/Inventory/InventoryRepository.cs(431,48): warning CS8601: Possible null reference assignment. [/Users/ali1/Projects/Erp-entegrasyon/erp-api/ErpMobile.Api.csproj]
/Users/ali1/Projects/Erp-entegrasyon/erp-api/Repositories/Inventory/InventoryRepository.cs(432,52): warning CS8601: Possible null reference assignment. [/Users/ali1/Projects/Erp-entegrasyon/erp-api/ErpMobile.Api.csproj]
/Users/ali1/Projects/Erp-entegrasyon/erp-api/Repositories/Inventory/InventoryRepository.cs(433,48): warning CS8601: Possible null reference assignment. [/Users/ali1/Projects/Erp-entegrasyon/erp-api/ErpMobile.Api.csproj]
/Users/ali1/Projects/Erp-entegrasyon/erp-api/Repositories/Inventory/InventoryRepository.cs(434,48): warning CS8601: Possible null reference assignment. [/Users/ali1/Projects/Erp-entegrasyon/erp-api/ErpMobile.Api.csproj]
/Users/ali1/Projects/Erp-entegrasyon/erp-api/Repositories/Inventory/InventoryRepository.cs(436,49): warning CS8601: Possible null reference assignment. [/Users/ali1/Projects/Erp-entegrasyon/erp-api/ErpMobile.Api.csproj]
/Users/ali1/Projects/Erp-entegrasyon/erp-api/Repositories/Inventory/InventoryRepository.cs(437,49): warning CS8601: Possible null reference assignment. [/Users/ali1/Projects/Erp-entegrasyon/erp-api/ErpMobile.Api.csproj]
/Users/ali1/Projects/Erp-entegrasyon/erp-api/Services/CashService.cs(62,45): warning CS0618: 'SqlConnection' is obsolete: 'Use the Microsoft.Data.SqlClient package instead.' [/Users/ali1/Projects/Erp-entegrasyon/erp-api/ErpMobile.Api.csproj]
/Users/ali1/Projects/Erp-entegrasyon/erp-api/Services/CashService.cs(74,20): warning CS0618: 'SqlException' is obsolete: 'Use the Microsoft.Data.SqlClient package instead.' [/Users/ali1/Projects/Erp-entegrasyon/erp-api/ErpMobile.Api.csproj]
/Users/ali1/Projects/Erp-entegrasyon/erp-api/Services/CashService.cs(93,45): warning CS0618: 'SqlConnection' is obsolete: 'Use the Microsoft.Data.SqlClient package instead.' [/Users/ali1/Projects/Erp-entegrasyon/erp-api/ErpMobile.Api.csproj]
/Users/ali1/Projects/Erp-entegrasyon/erp-api/Services/CashService.cs(105,20): warning CS0618: 'SqlException' is obsolete: 'Use the Microsoft.Data.SqlClient package instead.' [/Users/ali1/Projects/Erp-entegrasyon/erp-api/ErpMobile.Api.csproj]
/Users/ali1/Projects/Erp-entegrasyon/erp-api/Models/Responses/CustomerDiscountGroupResponse.cs(13,23): warning CS8618: Non-nullable property 'DiscountGroupCode' must contain a non-null value when exiting constructor. Consider adding the 'required' modifier or declaring the property as nullable. [/Users/ali1/Projects/Erp-entegrasyon/erp-api/ErpMobile.Api.csproj]
/Users/ali1/Projects/Erp-entegrasyon/erp-api/Models/Responses/CustomerDiscountGroupResponse.cs(18,23): warning CS8618: Non-nullable property 'DiscountGroupDescription' must contain a non-null value when exiting constructor. Consider adding the 'required' modifier or declaring the property as nullable. [/Users/ali1/Projects/Erp-entegrasyon/erp-api/ErpMobile.Api.csproj]
/Users/ali1/Projects/Erp-entegrasyon/erp-api/Services/CurrencyService.cs(88,28): warning CS8603: Possible null reference return. [/Users/ali1/Projects/Erp-entegrasyon/erp-api/ErpMobile.Api.csproj]
/Users/ali1/Projects/Erp-entegrasyon/erp-api/Services/CashService.cs(124,45): warning CS0618: 'SqlConnection' is obsolete: 'Use the Microsoft.Data.SqlClient package instead.' [/Users/ali1/Projects/Erp-entegrasyon/erp-api/ErpMobile.Api.csproj]
/Users/ali1/Projects/Erp-entegrasyon/erp-api/Services/CashService.cs(142,20): warning CS0618: 'SqlException' is obsolete: 'Use the Microsoft.Data.SqlClient package instead.' [/Users/ali1/Projects/Erp-entegrasyon/erp-api/ErpMobile.Api.csproj]
/Users/ali1/Projects/Erp-entegrasyon/erp-api/Entities/Customer/cdCurrAcc.cs(17,23): warning CS8618: Non-nullable property 'CurrAccCode' must contain a non-null value when exiting constructor. Consider adding the 'required' modifier or declaring the property as nullable. [/Users/ali1/Projects/Erp-entegrasyon/erp-api/ErpMobile.Api.csproj]
/Users/ali1/Projects/Erp-entegrasyon/erp-api/Entities/Customer/cdCurrAcc.cs(20,23): warning CS8618: Non-nullable property 'FirstLastName' must contain a non-null value when exiting constructor. Consider adding the 'required' modifier or declaring the property as nullable. [/Users/ali1/Projects/Erp-entegrasyon/erp-api/ErpMobile.Api.csproj]
/Users/ali1/Projects/Erp-entegrasyon/erp-api/Entities/Customer/cdCurrAcc.cs(29,23): warning CS8618: Non-nullable property 'CreatedUserName' must contain a non-null value when exiting constructor. Consider adding the 'required' modifier or declaring the property as nullable. [/Users/ali1/Projects/Erp-entegrasyon/erp-api/ErpMobile.Api.csproj]
/Users/ali1/Projects/Erp-entegrasyon/erp-api/Entities/Customer/cdCurrAcc.cs(32,23): warning CS8618: Non-nullable property 'CurrencyCode' must contain a non-null value when exiting constructor. Consider adding the 'required' modifier or declaring the property as nullable. [/Users/ali1/Projects/Erp-entegrasyon/erp-api/ErpMobile.Api.csproj]
/Users/ali1/Projects/Erp-entegrasyon/erp-api/Entities/Customer/cdCurrAcc.cs(39,23): warning CS8618: Non-nullable property 'PromotionGroupCode' must contain a non-null value when exiting constructor. Consider adding the 'required' modifier or declaring the property as nullable. [/Users/ali1/Projects/Erp-entegrasyon/erp-api/ErpMobile.Api.csproj]
/Users/ali1/Projects/Erp-entegrasyon/erp-api/Entities/Customer/cdCurrAcc.cs(42,23): warning CS8618: Non-nullable property 'CompanyCode' must contain a non-null value when exiting constructor. Consider adding the 'required' modifier or declaring the property as nullable. [/Users/ali1/Projects/Erp-entegrasyon/erp-api/ErpMobile.Api.csproj]
/Users/ali1/Projects/Erp-entegrasyon/erp-api/Entities/Customer/cdCurrAcc.cs(45,23): warning CS8618: Non-nullable property 'OfficeCode' must contain a non-null value when exiting constructor. Consider adding the 'required' modifier or declaring the property as nullable. [/Users/ali1/Projects/Erp-entegrasyon/erp-api/ErpMobile.Api.csproj]
/Users/ali1/Projects/Erp-entegrasyon/erp-api/Entities/Customer/cdCurrAcc.cs(48,23): warning CS8618: Non-nullable property 'IdentityNum' must contain a non-null value when exiting constructor. Consider adding the 'required' modifier or declaring the property as nullable. [/Users/ali1/Projects/Erp-entegrasyon/erp-api/ErpMobile.Api.csproj]
/Users/ali1/Projects/Erp-entegrasyon/erp-api/Entities/Customer/cdCurrAcc.cs(51,23): warning CS8618: Non-nullable property 'TaxNumber' must contain a non-null value when exiting constructor. Consider adding the 'required' modifier or declaring the property as nullable. [/Users/ali1/Projects/Erp-entegrasyon/erp-api/ErpMobile.Api.csproj]
/Users/ali1/Projects/Erp-entegrasyon/erp-api/Entities/Customer/cdCurrAcc.cs(66,23): warning CS8618: Non-nullable property 'LastUpdatedUserName' must contain a non-null value when exiting constructor. Consider adding the 'required' modifier or declaring the property as nullable. [/Users/ali1/Projects/Erp-entegrasyon/erp-api/ErpMobile.Api.csproj]
/Users/ali1/Projects/Erp-entegrasyon/erp-api/Entities/Customer/cdCurrAcc.cs(73,41): warning CS8618: Non-nullable property 'PromotionGroup' must contain a non-null value when exiting constructor. Consider adding the 'required' modifier or declaring the property as nullable. [/Users/ali1/Projects/Erp-entegrasyon/erp-api/ErpMobile.Api.csproj]
/Users/ali1/Projects/Erp-entegrasyon/erp-api/Entities/Customer/cdCurrAcc.cs(74,38): warning CS8618: Non-nullable property 'CurrAccDesc' must contain a non-null value when exiting constructor. Consider adding the 'required' modifier or declaring the property as nullable. [/Users/ali1/Projects/Erp-entegrasyon/erp-api/ErpMobile.Api.csproj]
/Users/ali1/Projects/Erp-entegrasyon/erp-api/Entities/Customer/cdCurrAcc.cs(75,48): warning CS8618: Non-nullable property 'CustomerVendorAccount' must contain a non-null value when exiting constructor. Consider adding the 'required' modifier or declaring the property as nullable. [/Users/ali1/Projects/Erp-entegrasyon/erp-api/ErpMobile.Api.csproj]
/Users/ali1/Projects/Erp-entegrasyon/erp-api/Entities/Customer/cdCurrAcc.cs(76,41): warning CS8618: Non-nullable property 'CurrAccDefault' must contain a non-null value when exiting constructor. Consider adding the 'required' modifier or declaring the property as nullable. [/Users/ali1/Projects/Erp-entegrasyon/erp-api/ErpMobile.Api.csproj]
/Users/ali1/Projects/Erp-entegrasyon/erp-api/Entities/Customer/cdCurrAccDesc.cs(16,23): warning CS8618: Non-nullable property 'CurrAccCode' must contain a non-null value when exiting constructor. Consider adding the 'required' modifier or declaring the property as nullable. [/Users/ali1/Projects/Erp-entegrasyon/erp-api/ErpMobile.Api.csproj]
/Users/ali1/Projects/Erp-entegrasyon/erp-api/Entities/Customer/cdCurrAccDesc.cs(21,23): warning CS8618: Non-nullable property 'LangCode' must contain a non-null value when exiting constructor. Consider adding the 'required' modifier or declaring the property as nullable. [/Users/ali1/Projects/Erp-entegrasyon/erp-api/ErpMobile.Api.csproj]
/Users/ali1/Projects/Erp-entegrasyon/erp-api/Entities/Customer/cdCurrAccDesc.cs(24,23): warning CS8618: Non-nullable property 'CurrAccDescription' must contain a non-null value when exiting constructor. Consider adding the 'required' modifier or declaring the property as nullable. [/Users/ali1/Projects/Erp-entegrasyon/erp-api/ErpMobile.Api.csproj]
/Users/ali1/Projects/Erp-entegrasyon/erp-api/Entities/Customer/cdCurrAccDesc.cs(28,34): warning CS8618: Non-nullable property 'CurrAcc' must contain a non-null value when exiting constructor. Consider adding the 'required' modifier or declaring the property as nullable. [/Users/ali1/Projects/Erp-entegrasyon/erp-api/ErpMobile.Api.csproj]
/Users/ali1/Projects/Erp-entegrasyon/erp-api/Models/Responses/CustomerCreditInfoResponse.cs(13,23): warning CS8618: Non-nullable property 'CustomerCode' must contain a non-null value when exiting constructor. Consider adding the 'required' modifier or declaring the property as nullable. [/Users/ali1/Projects/Erp-entegrasyon/erp-api/ErpMobile.Api.csproj]
/Users/ali1/Projects/Erp-entegrasyon/erp-api/Models/Responses/CustomerCreditInfoResponse.cs(18,23): warning CS8618: Non-nullable property 'CustomerDescription' must contain a non-null value when exiting constructor. Consider adding the 'required' modifier or declaring the property as nullable. [/Users/ali1/Projects/Erp-entegrasyon/erp-api/ErpMobile.Api.csproj]
/Users/ali1/Projects/Erp-entegrasyon/erp-api/Models/Responses/CustomerCreateResponseNew.cs(18,23): warning CS8618: Non-nullable property 'Message' must contain a non-null value when exiting constructor. Consider adding the 'required' modifier or declaring the property as nullable. [/Users/ali1/Projects/Erp-entegrasyon/erp-api/ErpMobile.Api.csproj]
/Users/ali1/Projects/Erp-entegrasyon/erp-api/Models/Responses/CustomerCreateResponseNew.cs(23,23): warning CS8618: Non-nullable property 'ErrorDetails' must contain a non-null value when exiting constructor. Consider adding the 'required' modifier or declaring the property as nullable. [/Users/ali1/Projects/Erp-entegrasyon/erp-api/ErpMobile.Api.csproj]
/Users/ali1/Projects/Erp-entegrasyon/erp-api/Models/Responses/CustomerCreateResponseNew.cs(28,23): warning CS8618: Non-nullable property 'CustomerCode' must contain a non-null value when exiting constructor. Consider adding the 'required' modifier or declaring the property as nullable. [/Users/ali1/Projects/Erp-entegrasyon/erp-api/ErpMobile.Api.csproj]
/Users/ali1/Projects/Erp-entegrasyon/erp-api/Models/Responses/CustomerCreateResponseNew.cs(33,23): warning CS8618: Non-nullable property 'CustomerName' must contain a non-null value when exiting constructor. Consider adding the 'required' modifier or declaring the property as nullable. [/Users/ali1/Projects/Erp-entegrasyon/erp-api/ErpMobile.Api.csproj]
/Users/ali1/Projects/Erp-entegrasyon/erp-api/Models/Responses/CustomerCreateResponseNew.cs(43,23): warning CS8618: Non-nullable property 'CustomerTypeDescription' must contain a non-null value when exiting constructor. Consider adding the 'required' modifier or declaring the property as nullable. [/Users/ali1/Projects/Erp-entegrasyon/erp-api/ErpMobile.Api.csproj]
/Users/ali1/Projects/Erp-entegrasyon/erp-api/Models/Responses/CustomerCreateResponseNew.cs(53,23): warning CS8618: Non-nullable property 'CreatedUsername' must contain a non-null value when exiting constructor. Consider adding the 'required' modifier or declaring the property as nullable. [/Users/ali1/Projects/Erp-entegrasyon/erp-api/ErpMobile.Api.csproj]
/Users/ali1/Projects/Erp-entegrasyon/erp-api/Models/Responses/CustomerCreateResponseNew.cs(58,23): warning CS8618: Non-nullable property 'CurrencyCode' must contain a non-null value when exiting constructor. Consider adding the 'required' modifier or declaring the property as nullable. [/Users/ali1/Projects/Erp-entegrasyon/erp-api/ErpMobile.Api.csproj]
/Users/ali1/Projects/Erp-entegrasyon/erp-api/Models/Responses/CustomerCreateResponseNew.cs(68,23): warning CS8618: Non-nullable property 'CompanyCode' must contain a non-null value when exiting constructor. Consider adding the 'required' modifier or declaring the property as nullable. [/Users/ali1/Projects/Erp-entegrasyon/erp-api/ErpMobile.Api.csproj]
/Users/ali1/Projects/Erp-entegrasyon/erp-api/Models/Responses/CustomerCreateResponseNew.cs(73,23): warning CS8618: Non-nullable property 'OfficeCode' must contain a non-null value when exiting constructor. Consider adding the 'required' modifier or declaring the property as nullable. [/Users/ali1/Projects/Erp-entegrasyon/erp-api/ErpMobile.Api.csproj]
/Users/ali1/Projects/Erp-entegrasyon/erp-api/Models/Responses/CustomerCreateResponseNew.cs(78,23): warning CS8618: Non-nullable property 'OfficeDescription' must contain a non-null value when exiting constructor. Consider adding the 'required' modifier or declaring the property as nullable. [/Users/ali1/Projects/Erp-entegrasyon/erp-api/ErpMobile.Api.csproj]
/Users/ali1/Projects/Erp-entegrasyon/erp-api/Models/Responses/CustomerCreateResponseNew.cs(83,23): warning CS8618: Non-nullable property 'IdentityNum' must contain a non-null value when exiting constructor. Consider adding the 'required' modifier or declaring the property as nullable. [/Users/ali1/Projects/Erp-entegrasyon/erp-api/ErpMobile.Api.csproj]
/Users/ali1/Projects/Erp-entegrasyon/erp-api/Models/Responses/CustomerCreateResponseNew.cs(88,23): warning CS8618: Non-nullable property 'TaxNumber' must contain a non-null value when exiting constructor. Consider adding the 'required' modifier or declaring the property as nullable. [/Users/ali1/Projects/Erp-entegrasyon/erp-api/ErpMobile.Api.csproj]
/Users/ali1/Projects/Erp-entegrasyon/erp-api/Models/Responses/CustomerCreateResponseNew.cs(93,23): warning CS8618: Non-nullable property 'TaxOfficeCode' must contain a non-null value when exiting constructor. Consider adding the 'required' modifier or declaring the property as nullable. [/Users/ali1/Projects/Erp-entegrasyon/erp-api/ErpMobile.Api.csproj]
/Users/ali1/Projects/Erp-entegrasyon/erp-api/Services/CashService.cs(161,45): warning CS0618: 'SqlConnection' is obsolete: 'Use the Microsoft.Data.SqlClient package instead.' [/Users/ali1/Projects/Erp-entegrasyon/erp-api/ErpMobile.Api.csproj]
/Users/ali1/Projects/Erp-entegrasyon/erp-api/Services/CashService.cs(178,20): warning CS0618: 'SqlException' is obsolete: 'Use the Microsoft.Data.SqlClient package instead.' [/Users/ali1/Projects/Erp-entegrasyon/erp-api/ErpMobile.Api.csproj]
/Users/ali1/Projects/Erp-entegrasyon/erp-api/Models/Responses/CustomerCreateResponse.cs(14,23): warning CS8618: Non-nullable property 'CustomerCode' must contain a non-null value when exiting constructor. Consider adding the 'required' modifier or declaring the property as nullable. [/Users/ali1/Projects/Erp-entegrasyon/erp-api/ErpMobile.Api.csproj]
/Users/ali1/Projects/Erp-entegrasyon/erp-api/Models/Responses/CustomerCreateResponse.cs(19,23): warning CS8618: Non-nullable property 'CustomerName' must contain a non-null value when exiting constructor. Consider adding the 'required' modifier or declaring the property as nullable. [/Users/ali1/Projects/Erp-entegrasyon/erp-api/ErpMobile.Api.csproj]
/Users/ali1/Projects/Erp-entegrasyon/erp-api/Models/Responses/CustomerCreateResponse.cs(24,23): warning CS8618: Non-nullable property 'TaxNumber' must contain a non-null value when exiting constructor. Consider adding the 'required' modifier or declaring the property as nullable. [/Users/ali1/Projects/Erp-entegrasyon/erp-api/ErpMobile.Api.csproj]
/Users/ali1/Projects/Erp-entegrasyon/erp-api/Models/Responses/CustomerCreateResponse.cs(29,23): warning CS8618: Non-nullable property 'TaxOfficeCode' must contain a non-null value when exiting constructor. Consider adding the 'required' modifier or declaring the property as nullable. [/Users/ali1/Projects/Erp-entegrasyon/erp-api/ErpMobile.Api.csproj]
/Users/ali1/Projects/Erp-entegrasyon/erp-api/Models/Responses/CustomerCreateResponse.cs(39,23): warning CS8618: Non-nullable property 'CustomerTypeDescription' must contain a non-null value when exiting constructor. Consider adding the 'required' modifier or declaring the property as nullable. [/Users/ali1/Projects/Erp-entegrasyon/erp-api/ErpMobile.Api.csproj]
/Users/ali1/Projects/Erp-entegrasyon/erp-api/Models/Responses/CustomerCreateResponse.cs(59,23): warning CS8618: Non-nullable property 'Message' must contain a non-null value when exiting constructor. Consider adding the 'required' modifier or declaring the property as nullable. [/Users/ali1/Projects/Erp-entegrasyon/erp-api/ErpMobile.Api.csproj]
/Users/ali1/Projects/Erp-entegrasyon/erp-api/Models/Responses/CustomerCreateResponse.cs(74,23): warning CS8618: Non-nullable property 'CreatedBy' must contain a non-null value when exiting constructor. Consider adding the 'required' modifier or declaring the property as nullable. [/Users/ali1/Projects/Erp-entegrasyon/erp-api/ErpMobile.Api.csproj]
/Users/ali1/Projects/Erp-entegrasyon/erp-api/Entities/Customer/cdCustomerDiscountGr.cs(11,23): warning CS8618: Non-nullable property 'CustomerDiscountGrCode' must contain a non-null value when exiting constructor. Consider adding the 'required' modifier or declaring the property as nullable. [/Users/ali1/Projects/Erp-entegrasyon/erp-api/ErpMobile.Api.csproj]
/Users/ali1/Projects/Erp-entegrasyon/erp-api/Entities/Customer/cdCustomerDiscountGr.cs(16,49): warning CS8618: Non-nullable property 'CustomerDiscountGrDesc' must contain a non-null value when exiting constructor. Consider adding the 'required' modifier or declaring the property as nullable. [/Users/ali1/Projects/Erp-entegrasyon/erp-api/ErpMobile.Api.csproj]
/Users/ali1/Projects/Erp-entegrasyon/erp-api/Models/Responses/CustomerCreateBasicResponse.cs(13,23): warning CS8618: Non-nullable property 'CustomerCode' must contain a non-null value when exiting constructor. Consider adding the 'required' modifier or declaring the property as nullable. [/Users/ali1/Projects/Erp-entegrasyon/erp-api/ErpMobile.Api.csproj]
/Users/ali1/Projects/Erp-entegrasyon/erp-api/Models/Responses/CustomerCreateBasicResponse.cs(18,23): warning CS8618: Non-nullable property 'CustomerName' must contain a non-null value when exiting constructor. Consider adding the 'required' modifier or declaring the property as nullable. [/Users/ali1/Projects/Erp-entegrasyon/erp-api/ErpMobile.Api.csproj]
/Users/ali1/Projects/Erp-entegrasyon/erp-api/Models/Responses/CustomerCreateBasicResponse.cs(33,23): warning CS8618: Non-nullable property 'Message' must contain a non-null value when exiting constructor. Consider adding the 'required' modifier or declaring the property as nullable. [/Users/ali1/Projects/Erp-entegrasyon/erp-api/ErpMobile.Api.csproj]
/Users/ali1/Projects/Erp-entegrasyon/erp-api/Entities/Customer/cdCustomerDiscountGrDesc.cs(12,23): warning CS8618: Non-nullable property 'CustomerDiscountGrCode' must contain a non-null value when exiting constructor. Consider adding the 'required' modifier or declaring the property as nullable. [/Users/ali1/Projects/Erp-entegrasyon/erp-api/ErpMobile.Api.csproj]
/Users/ali1/Projects/Erp-entegrasyon/erp-api/Entities/Customer/cdCustomerDiscountGrDesc.cs(17,23): warning CS8618: Non-nullable property 'LangCode' must contain a non-null value when exiting constructor. Consider adding the 'required' modifier or declaring the property as nullable. [/Users/ali1/Projects/Erp-entegrasyon/erp-api/ErpMobile.Api.csproj]
/Users/ali1/Projects/Erp-entegrasyon/erp-api/Entities/Customer/cdCustomerDiscountGrDesc.cs(20,23): warning CS8618: Non-nullable property 'CustomerDiscountGrDescription' must contain a non-null value when exiting constructor. Consider adding the 'required' modifier or declaring the property as nullable. [/Users/ali1/Projects/Erp-entegrasyon/erp-api/ErpMobile.Api.csproj]
/Users/ali1/Projects/Erp-entegrasyon/erp-api/Entities/Customer/cdCustomerDiscountGrDesc.cs(24,45): warning CS8618: Non-nullable property 'CustomerDiscountGr' must contain a non-null value when exiting constructor. Consider adding the 'required' modifier or declaring the property as nullable. [/Users/ali1/Projects/Erp-entegrasyon/erp-api/ErpMobile.Api.csproj]
/Users/ali1/Projects/Erp-entegrasyon/erp-api/Entities/Customer/cdCustomerPaymentPlanGr.cs(11,23): warning CS8618: Non-nullable property 'CustomerPaymentPlanGrCode' must contain a non-null value when exiting constructor. Consider adding the 'required' modifier or declaring the property as nullable. [/Users/ali1/Projects/Erp-entegrasyon/erp-api/ErpMobile.Api.csproj]
/Users/ali1/Projects/Erp-entegrasyon/erp-api/Entities/Customer/cdCustomerPaymentPlanGr.cs(16,52): warning CS8618: Non-nullable property 'CustomerPaymentPlanGrDesc' must contain a non-null value when exiting constructor. Consider adding the 'required' modifier or declaring the property as nullable. [/Users/ali1/Projects/Erp-entegrasyon/erp-api/ErpMobile.Api.csproj]
/Users/ali1/Projects/Erp-entegrasyon/erp-api/Services/CustomerBasicService.cs(49,51): warning CS1998: This async method lacks 'await' operators and will run synchronously. Consider using the 'await' operator to await non-blocking API calls, or 'await Task.Run(...)' to do CPU-bound work on a background thread. [/Users/ali1/Projects/Erp-entegrasyon/erp-api/ErpMobile.Api.csproj]
/Users/ali1/Projects/Erp-entegrasyon/erp-api/Entities/Customer/cdCustomerPaymentPlanGrDesc.cs(13,23): warning CS8618: Non-nullable property 'CustomerPaymentPlanGrCode' must contain a non-null value when exiting constructor. Consider adding the 'required' modifier or declaring the property as nullable. [/Users/ali1/Projects/Erp-entegrasyon/erp-api/ErpMobile.Api.csproj]
/Users/ali1/Projects/Erp-entegrasyon/erp-api/Entities/Customer/cdCustomerPaymentPlanGrDesc.cs(18,23): warning CS8618: Non-nullable property 'LangCode' must contain a non-null value when exiting constructor. Consider adding the 'required' modifier or declaring the property as nullable. [/Users/ali1/Projects/Erp-entegrasyon/erp-api/ErpMobile.Api.csproj]
/Users/ali1/Projects/Erp-entegrasyon/erp-api/Entities/Customer/cdCustomerPaymentPlanGrDesc.cs(22,23): warning CS8618: Non-nullable property 'CustomerPaymentPlanGrDescription' must contain a non-null value when exiting constructor. Consider adding the 'required' modifier or declaring the property as nullable. [/Users/ali1/Projects/Erp-entegrasyon/erp-api/ErpMobile.Api.csproj]
/Users/ali1/Projects/Erp-entegrasyon/erp-api/Entities/Customer/cdCustomerPaymentPlanGrDesc.cs(26,23): warning CS8618: Non-nullable property 'CreatedUserName' must contain a non-null value when exiting constructor. Consider adding the 'required' modifier or declaring the property as nullable. [/Users/ali1/Projects/Erp-entegrasyon/erp-api/ErpMobile.Api.csproj]
/Users/ali1/Projects/Erp-entegrasyon/erp-api/Entities/Customer/cdCustomerPaymentPlanGrDesc.cs(33,23): warning CS8618: Non-nullable property 'LastUpdatedUserName' must contain a non-null value when exiting constructor. Consider adding the 'required' modifier or declaring the property as nullable. [/Users/ali1/Projects/Erp-entegrasyon/erp-api/ErpMobile.Api.csproj]
/Users/ali1/Projects/Erp-entegrasyon/erp-api/Entities/Customer/cdCustomerPaymentPlanGrDesc.cs(43,48): warning CS8618: Non-nullable property 'CustomerPaymentPlanGr' must contain a non-null value when exiting constructor. Consider adding the 'required' modifier or declaring the property as nullable. [/Users/ali1/Projects/Erp-entegrasyon/erp-api/ErpMobile.Api.csproj]
/Users/ali1/Projects/Erp-entegrasyon/erp-api/Services/CustomerAddressService.cs(83,28): warning CS8603: Possible null reference return. [/Users/ali1/Projects/Erp-entegrasyon/erp-api/ErpMobile.Api.csproj]
/Users/ali1/Projects/Erp-entegrasyon/erp-api/Models/Responses/CustomerAttributeResponse.cs(13,23): warning CS8618: Non-nullable property 'CustomerCode' must contain a non-null value when exiting constructor. Consider adding the 'required' modifier or declaring the property as nullable. [/Users/ali1/Projects/Erp-entegrasyon/erp-api/ErpMobile.Api.csproj]
/Users/ali1/Projects/Erp-entegrasyon/erp-api/Models/Responses/CustomerAttributeResponse.cs(18,23): warning CS8618: Non-nullable property 'AttributeTypeCode' must contain a non-null value when exiting constructor. Consider adding the 'required' modifier or declaring the property as nullable. [/Users/ali1/Projects/Erp-entegrasyon/erp-api/ErpMobile.Api.csproj]
/Users/ali1/Projects/Erp-entegrasyon/erp-api/Models/Responses/CustomerAttributeResponse.cs(23,23): warning CS8618: Non-nullable property 'AttributeCode' must contain a non-null value when exiting constructor. Consider adding the 'required' modifier or declaring the property as nullable. [/Users/ali1/Projects/Erp-entegrasyon/erp-api/ErpMobile.Api.csproj]
/Users/ali1/Projects/Erp-entegrasyon/erp-api/Models/Responses/CustomerAttributeResponse.cs(28,23): warning CS8618: Non-nullable property 'AttributeValue' must contain a non-null value when exiting constructor. Consider adding the 'required' modifier or declaring the property as nullable. [/Users/ali1/Projects/Erp-entegrasyon/erp-api/ErpMobile.Api.csproj]
/Users/ali1/Projects/Erp-entegrasyon/erp-api/Models/Responses/CustomerAttributeResponse.cs(33,23): warning CS8618: Non-nullable property 'AttributeDescription' must contain a non-null value when exiting constructor. Consider adding the 'required' modifier or declaring the property as nullable. [/Users/ali1/Projects/Erp-entegrasyon/erp-api/ErpMobile.Api.csproj]
/Users/ali1/Projects/Erp-entegrasyon/erp-api/Models/Responses/CustomerAttributeResponse.cs(43,23): warning CS8618: Non-nullable property 'CreatedUserName' must contain a non-null value when exiting constructor. Consider adding the 'required' modifier or declaring the property as nullable. [/Users/ali1/Projects/Erp-entegrasyon/erp-api/ErpMobile.Api.csproj]
/Users/ali1/Projects/Erp-entegrasyon/erp-api/Models/Responses/CurrencyResponse.cs(14,23): warning CS8618: Non-nullable property 'CurrencyCode' must contain a non-null value when exiting constructor. Consider adding the 'required' modifier or declaring the property as nullable. [/Users/ali1/Projects/Erp-entegrasyon/erp-api/ErpMobile.Api.csproj]
/Users/ali1/Projects/Erp-entegrasyon/erp-api/Models/Responses/CurrencyResponse.cs(19,23): warning CS8618: Non-nullable property 'CurrencyDescription' must contain a non-null value when exiting constructor. Consider adding the 'required' modifier or declaring the property as nullable. [/Users/ali1/Projects/Erp-entegrasyon/erp-api/ErpMobile.Api.csproj]
/Users/ali1/Projects/Erp-entegrasyon/erp-api/Models/Responses/CurrencyResponse.cs(24,23): warning CS8618: Non-nullable property 'LangCode' must contain a non-null value when exiting constructor. Consider adding the 'required' modifier or declaring the property as nullable. [/Users/ali1/Projects/Erp-entegrasyon/erp-api/ErpMobile.Api.csproj]
/Users/ali1/Projects/Erp-entegrasyon/erp-api/Models/Responses/CountryResponse.cs(5,23): warning CS8618: Non-nullable property 'CountryCode' must contain a non-null value when exiting constructor. Consider adding the 'required' modifier or declaring the property as nullable. [/Users/ali1/Projects/Erp-entegrasyon/erp-api/ErpMobile.Api.csproj]
/Users/ali1/Projects/Erp-entegrasyon/erp-api/Models/Responses/CountryResponse.cs(6,23): warning CS8618: Non-nullable property 'CurrencyCode' must contain a non-null value when exiting constructor. Consider adding the 'required' modifier or declaring the property as nullable. [/Users/ali1/Projects/Erp-entegrasyon/erp-api/ErpMobile.Api.csproj]
/Users/ali1/Projects/Erp-entegrasyon/erp-api/Models/Responses/CountryResponse.cs(9,23): warning CS8618: Non-nullable property 'TaxDecCode' must contain a non-null value when exiting constructor. Consider adding the 'required' modifier or declaring the property as nullable. [/Users/ali1/Projects/Erp-entegrasyon/erp-api/ErpMobile.Api.csproj]
/Users/ali1/Projects/Erp-entegrasyon/erp-api/Models/Responses/CountryResponse.cs(10,23): warning CS8618: Non-nullable property 'CountryISOCode' must contain a non-null value when exiting constructor. Consider adding the 'required' modifier or declaring the property as nullable. [/Users/ali1/Projects/Erp-entegrasyon/erp-api/ErpMobile.Api.csproj]
/Users/ali1/Projects/Erp-entegrasyon/erp-api/Models/Responses/CountryResponse.cs(19,23): warning CS8618: Non-nullable property 'LangCode' must contain a non-null value when exiting constructor. Consider adding the 'required' modifier or declaring the property as nullable. [/Users/ali1/Projects/Erp-entegrasyon/erp-api/ErpMobile.Api.csproj]
/Users/ali1/Projects/Erp-entegrasyon/erp-api/Models/Responses/CountryResponse.cs(20,23): warning CS8618: Non-nullable property 'CountryDescription' must contain a non-null value when exiting constructor. Consider adding the 'required' modifier or declaring the property as nullable. [/Users/ali1/Projects/Erp-entegrasyon/erp-api/ErpMobile.Api.csproj]
/Users/ali1/Projects/Erp-entegrasyon/erp-api/Services/CustomerCommunicationService.cs(89,28): warning CS8603: Possible null reference return. [/Users/ali1/Projects/Erp-entegrasyon/erp-api/ErpMobile.Api.csproj]
/Users/ali1/Projects/Erp-entegrasyon/erp-api/Services/CustomerAddressService.cs(140,68): warning CS8604: Possible null reference argument for parameter 'code' in 'Task<AddressTypeResponse> CustomerAddressService.GetAddressTypeByCodeAsync(string code)'. [/Users/ali1/Projects/Erp-entegrasyon/erp-api/ErpMobile.Api.csproj]
/Users/ali1/Projects/Erp-entegrasyon/erp-api/Models/Responses/ContactResponse.cs(23,23): warning CS8618: Non-nullable property 'ContactTypeCode' must contain a non-null value when exiting constructor. Consider adding the 'required' modifier or declaring the property as nullable. [/Users/ali1/Projects/Erp-entegrasyon/erp-api/ErpMobile.Api.csproj]
/Users/ali1/Projects/Erp-entegrasyon/erp-api/Models/Responses/ContactResponse.cs(33,23): warning CS8618: Non-nullable property 'Contact' must contain a non-null value when exiting constructor. Consider adding the 'required' modifier or declaring the property as nullable. [/Users/ali1/Projects/Erp-entegrasyon/erp-api/ErpMobile.Api.csproj]
/Users/ali1/Projects/Erp-entegrasyon/erp-api/Models/Responses/ContactResponse.cs(58,23): warning CS8618: Non-nullable property 'CurrAccCode' must contain a non-null value when exiting constructor. Consider adding the 'required' modifier or declaring the property as nullable. [/Users/ali1/Projects/Erp-entegrasyon/erp-api/ErpMobile.Api.csproj]
/Users/ali1/Projects/Erp-entegrasyon/erp-api/Models/Responses/ContactResponse.cs(68,23): warning CS8618: Non-nullable property 'TitleCode' must contain a non-null value when exiting constructor. Consider adding the 'required' modifier or declaring the property as nullable. [/Users/ali1/Projects/Erp-entegrasyon/erp-api/ErpMobile.Api.csproj]
/Users/ali1/Projects/Erp-entegrasyon/erp-api/Models/Responses/ContactResponse.cs(73,23): warning CS8618: Non-nullable property 'JobTitleCode' must contain a non-null value when exiting constructor. Consider adding the 'required' modifier or declaring the property as nullable. [/Users/ali1/Projects/Erp-entegrasyon/erp-api/ErpMobile.Api.csproj]
/Users/ali1/Projects/Erp-entegrasyon/erp-api/Models/Responses/ContactResponse.cs(78,23): warning CS8618: Non-nullable property 'FirstName' must contain a non-null value when exiting constructor. Consider adding the 'required' modifier or declaring the property as nullable. [/Users/ali1/Projects/Erp-entegrasyon/erp-api/ErpMobile.Api.csproj]
/Users/ali1/Projects/Erp-entegrasyon/erp-api/Models/Responses/ContactResponse.cs(83,23): warning CS8618: Non-nullable property 'LastName' must contain a non-null value when exiting constructor. Consider adding the 'required' modifier or declaring the property as nullable. [/Users/ali1/Projects/Erp-entegrasyon/erp-api/ErpMobile.Api.csproj]
/Users/ali1/Projects/Erp-entegrasyon/erp-api/Models/Responses/ContactResponse.cs(88,23): warning CS8618: Non-nullable property 'FirstLastName' must contain a non-null value when exiting constructor. Consider adding the 'required' modifier or declaring the property as nullable. [/Users/ali1/Projects/Erp-entegrasyon/erp-api/ErpMobile.Api.csproj]
/Users/ali1/Projects/Erp-entegrasyon/erp-api/Models/Responses/ContactResponse.cs(93,23): warning CS8618: Non-nullable property 'IdentityNum' must contain a non-null value when exiting constructor. Consider adding the 'required' modifier or declaring the property as nullable. [/Users/ali1/Projects/Erp-entegrasyon/erp-api/ErpMobile.Api.csproj]
/Users/ali1/Projects/Erp-entegrasyon/erp-api/Models/Responses/ContactResponse.cs(103,23): warning CS8618: Non-nullable property 'CreatedUserName' must contain a non-null value when exiting constructor. Consider adding the 'required' modifier or declaring the property as nullable. [/Users/ali1/Projects/Erp-entegrasyon/erp-api/ErpMobile.Api.csproj]
/Users/ali1/Projects/Erp-entegrasyon/erp-api/Models/Responses/ContactResponse.cs(108,23): warning CS8618: Non-nullable property 'LastUpdatedUserName' must contain a non-null value when exiting constructor. Consider adding the 'required' modifier or declaring the property as nullable. [/Users/ali1/Projects/Erp-entegrasyon/erp-api/ErpMobile.Api.csproj]
/Users/ali1/Projects/Erp-entegrasyon/erp-api/Models/Responses/CommunicationResponse.cs(18,23): warning CS8618: Non-nullable property 'CommunicationTypeCode' must contain a non-null value when exiting constructor. Consider adding the 'required' modifier or declaring the property as nullable. [/Users/ali1/Projects/Erp-entegrasyon/erp-api/ErpMobile.Api.csproj]
/Users/ali1/Projects/Erp-entegrasyon/erp-api/Models/Responses/CommunicationResponse.cs(23,23): warning CS8618: Non-nullable property 'CommunicationTypeDescription' must contain a non-null value when exiting constructor. Consider adding the 'required' modifier or declaring the property as nullable. [/Users/ali1/Projects/Erp-entegrasyon/erp-api/ErpMobile.Api.csproj]
/Users/ali1/Projects/Erp-entegrasyon/erp-api/Models/Responses/CommunicationResponse.cs(28,23): warning CS8618: Non-nullable property 'CommAddress' must contain a non-null value when exiting constructor. Consider adding the 'required' modifier or declaring the property as nullable. [/Users/ali1/Projects/Erp-entegrasyon/erp-api/ErpMobile.Api.csproj]
/Users/ali1/Projects/Erp-entegrasyon/erp-api/Models/Responses/CommunicationResponse.cs(38,23): warning CS8618: Non-nullable property 'ContactFirstName' must contain a non-null value when exiting constructor. Consider adding the 'required' modifier or declaring the property as nullable. [/Users/ali1/Projects/Erp-entegrasyon/erp-api/ErpMobile.Api.csproj]
/Users/ali1/Projects/Erp-entegrasyon/erp-api/Models/Responses/CommunicationResponse.cs(43,23): warning CS8618: Non-nullable property 'ContactLastName' must contain a non-null value when exiting constructor. Consider adding the 'required' modifier or declaring the property as nullable. [/Users/ali1/Projects/Erp-entegrasyon/erp-api/ErpMobile.Api.csproj]
/Users/ali1/Projects/Erp-entegrasyon/erp-api/Models/Responses/CommunicationResponse.cs(53,23): warning CS8618: Non-nullable property 'CreatedUserName' must contain a non-null value when exiting constructor. Consider adding the 'required' modifier or declaring the property as nullable. [/Users/ali1/Projects/Erp-entegrasyon/erp-api/ErpMobile.Api.csproj]
/Users/ali1/Projects/Erp-entegrasyon/erp-api/Models/Responses/CityResponse.cs(11,23): warning CS8618: Non-nullable property 'CityCode' must contain a non-null value when exiting constructor. Consider adding the 'required' modifier or declaring the property as nullable. [/Users/ali1/Projects/Erp-entegrasyon/erp-api/ErpMobile.Api.csproj]
/Users/ali1/Projects/Erp-entegrasyon/erp-api/Models/Responses/CityResponse.cs(16,23): warning CS8618: Non-nullable property 'StateCode' must contain a non-null value when exiting constructor. Consider adding the 'required' modifier or declaring the property as nullable. [/Users/ali1/Projects/Erp-entegrasyon/erp-api/ErpMobile.Api.csproj]
/Users/ali1/Projects/Erp-entegrasyon/erp-api/Models/Responses/CityResponse.cs(21,23): warning CS8618: Non-nullable property 'CityDescription' must contain a non-null value when exiting constructor. Consider adding the 'required' modifier or declaring the property as nullable. [/Users/ali1/Projects/Erp-entegrasyon/erp-api/ErpMobile.Api.csproj]
/Users/ali1/Projects/Erp-entegrasyon/erp-api/Models/Responses/BankAccountResponse.cs(18,23): warning CS8618: Non-nullable property 'CustomerCode' must contain a non-null value when exiting constructor. Consider adding the 'required' modifier or declaring the property as nullable. [/Users/ali1/Projects/Erp-entegrasyon/erp-api/ErpMobile.Api.csproj]
/Users/ali1/Projects/Erp-entegrasyon/erp-api/Models/Responses/BankAccountResponse.cs(23,23): warning CS8618: Non-nullable property 'BankCode' must contain a non-null value when exiting constructor. Consider adding the 'required' modifier or declaring the property as nullable. [/Users/ali1/Projects/Erp-entegrasyon/erp-api/ErpMobile.Api.csproj]
/Users/ali1/Projects/Erp-entegrasyon/erp-api/Models/Responses/BankAccountResponse.cs(28,23): warning CS8618: Non-nullable property 'BankName' must contain a non-null value when exiting constructor. Consider adding the 'required' modifier or declaring the property as nullable. [/Users/ali1/Projects/Erp-entegrasyon/erp-api/ErpMobile.Api.csproj]
/Users/ali1/Projects/Erp-entegrasyon/erp-api/Models/Responses/BankAccountResponse.cs(33,23): warning CS8618: Non-nullable property 'BranchCode' must contain a non-null value when exiting constructor. Consider adding the 'required' modifier or declaring the property as nullable. [/Users/ali1/Projects/Erp-entegrasyon/erp-api/ErpMobile.Api.csproj]
/Users/ali1/Projects/Erp-entegrasyon/erp-api/Models/Responses/BankAccountResponse.cs(38,23): warning CS8618: Non-nullable property 'BranchName' must contain a non-null value when exiting constructor. Consider adding the 'required' modifier or declaring the property as nullable. [/Users/ali1/Projects/Erp-entegrasyon/erp-api/ErpMobile.Api.csproj]
/Users/ali1/Projects/Erp-entegrasyon/erp-api/Models/Responses/BankAccountResponse.cs(43,23): warning CS8618: Non-nullable property 'AccountNumber' must contain a non-null value when exiting constructor. Consider adding the 'required' modifier or declaring the property as nullable. [/Users/ali1/Projects/Erp-entegrasyon/erp-api/ErpMobile.Api.csproj]
/Users/ali1/Projects/Erp-entegrasyon/erp-api/Models/Responses/BankAccountResponse.cs(48,23): warning CS8618: Non-nullable property 'IBAN' must contain a non-null value when exiting constructor. Consider adding the 'required' modifier or declaring the property as nullable. [/Users/ali1/Projects/Erp-entegrasyon/erp-api/ErpMobile.Api.csproj]
/Users/ali1/Projects/Erp-entegrasyon/erp-api/Models/Responses/BankAccountResponse.cs(53,23): warning CS8618: Non-nullable property 'CurrencyCode' must contain a non-null value when exiting constructor. Consider adding the 'required' modifier or declaring the property as nullable. [/Users/ali1/Projects/Erp-entegrasyon/erp-api/ErpMobile.Api.csproj]
/Users/ali1/Projects/Erp-entegrasyon/erp-api/Models/Responses/AttributeTypeListResponse.cs(13,23): warning CS8618: Non-nullable property 'AttributeTypeCode' must contain a non-null value when exiting constructor. Consider adding the 'required' modifier or declaring the property as nullable. [/Users/ali1/Projects/Erp-entegrasyon/erp-api/ErpMobile.Api.csproj]
/Users/ali1/Projects/Erp-entegrasyon/erp-api/Models/Responses/AttributeTypeListResponse.cs(14,23): warning CS8618: Non-nullable property 'AttributeTypeDescription' must contain a non-null value when exiting constructor. Consider adding the 'required' modifier or declaring the property as nullable. [/Users/ali1/Projects/Erp-entegrasyon/erp-api/ErpMobile.Api.csproj]
/Users/ali1/Projects/Erp-entegrasyon/erp-api/Models/Responses/AttributeListResponse.cs(13,23): warning CS8618: Non-nullable property 'AttributeCode' must contain a non-null value when exiting constructor. Consider adding the 'required' modifier or declaring the property as nullable. [/Users/ali1/Projects/Erp-entegrasyon/erp-api/ErpMobile.Api.csproj]
/Users/ali1/Projects/Erp-entegrasyon/erp-api/Models/Responses/AttributeListResponse.cs(14,23): warning CS8618: Non-nullable property 'AttributeDescription' must contain a non-null value when exiting constructor. Consider adding the 'required' modifier or declaring the property as nullable. [/Users/ali1/Projects/Erp-entegrasyon/erp-api/ErpMobile.Api.csproj]
/Users/ali1/Projects/Erp-entegrasyon/erp-api/Models/Responses/AttributeListResponse.cs(15,23): warning CS8618: Non-nullable property 'AttributeTypeCode' must contain a non-null value when exiting constructor. Consider adding the 'required' modifier or declaring the property as nullable. [/Users/ali1/Projects/Erp-entegrasyon/erp-api/ErpMobile.Api.csproj]
/Users/ali1/Projects/Erp-entegrasyon/erp-api/Models/Responses/AddressTypeListResponse.cs(8,23): warning CS8618: Non-nullable property 'AddressTypeCode' must contain a non-null value when exiting constructor. Consider adding the 'required' modifier or declaring the property as nullable. [/Users/ali1/Projects/Erp-entegrasyon/erp-api/ErpMobile.Api.csproj]
/Users/ali1/Projects/Erp-entegrasyon/erp-api/Models/Responses/AddressTypeListResponse.cs(9,23): warning CS8618: Non-nullable property 'AddressTypeName' must contain a non-null value when exiting constructor. Consider adding the 'required' modifier or declaring the property as nullable. [/Users/ali1/Projects/Erp-entegrasyon/erp-api/ErpMobile.Api.csproj]
/Users/ali1/Projects/Erp-entegrasyon/erp-api/Models/Responses/AddressTypeListResponse.cs(11,46): warning CS8618: Non-nullable property 'AddressTypes' must contain a non-null value when exiting constructor. Consider adding the 'required' modifier or declaring the property as nullable. [/Users/ali1/Projects/Erp-entegrasyon/erp-api/ErpMobile.Api.csproj]
/Users/ali1/Projects/Erp-entegrasyon/erp-api/Models/Responses/AddressTypeDetailResponse.cs(11,23): warning CS8618: Non-nullable property 'AddressTypeCode' must contain a non-null value when exiting constructor. Consider adding the 'required' modifier or declaring the property as nullable. [/Users/ali1/Projects/Erp-entegrasyon/erp-api/ErpMobile.Api.csproj]
/Users/ali1/Projects/Erp-entegrasyon/erp-api/Models/Responses/AddressTypeDetailResponse.cs(16,23): warning CS8618: Non-nullable property 'AddressTypeDesc' must contain a non-null value when exiting constructor. Consider adding the 'required' modifier or declaring the property as nullable. [/Users/ali1/Projects/Erp-entegrasyon/erp-api/ErpMobile.Api.csproj]
/Users/ali1/Projects/Erp-entegrasyon/erp-api/Models/Responses/AddressTypeDetailResponse.cs(31,23): warning CS8618: Non-nullable property 'CreatedBy' must contain a non-null value when exiting constructor. Consider adding the 'required' modifier or declaring the property as nullable. [/Users/ali1/Projects/Erp-entegrasyon/erp-api/ErpMobile.Api.csproj]
/Users/ali1/Projects/Erp-entegrasyon/erp-api/Models/Responses/AddressTypeDetailResponse.cs(41,23): warning CS8618: Non-nullable property 'LastUpdatedBy' must contain a non-null value when exiting constructor. Consider adding the 'required' modifier or declaring the property as nullable. [/Users/ali1/Projects/Erp-entegrasyon/erp-api/ErpMobile.Api.csproj]
/Users/ali1/Projects/Erp-entegrasyon/erp-api/Models/Responses/AddressResponse.cs(18,23): warning CS8618: Non-nullable property 'CustomerCode' must contain a non-null value when exiting constructor. Consider adding the 'required' modifier or declaring the property as nullable. [/Users/ali1/Projects/Erp-entegrasyon/erp-api/ErpMobile.Api.csproj]
/Users/ali1/Projects/Erp-entegrasyon/erp-api/Models/Responses/AddressResponse.cs(23,23): warning CS8618: Non-nullable property 'AddressTypeCode' must contain a non-null value when exiting constructor. Consider adding the 'required' modifier or declaring the property as nullable. [/Users/ali1/Projects/Erp-entegrasyon/erp-api/ErpMobile.Api.csproj]
/Users/ali1/Projects/Erp-entegrasyon/erp-api/Models/Responses/AddressResponse.cs(28,23): warning CS8618: Non-nullable property 'AddressTypeName' must contain a non-null value when exiting constructor. Consider adding the 'required' modifier or declaring the property as nullable. [/Users/ali1/Projects/Erp-entegrasyon/erp-api/ErpMobile.Api.csproj]
/Users/ali1/Projects/Erp-entegrasyon/erp-api/Models/Responses/AddressResponse.cs(33,23): warning CS8618: Non-nullable property 'Address' must contain a non-null value when exiting constructor. Consider adding the 'required' modifier or declaring the property as nullable. [/Users/ali1/Projects/Erp-entegrasyon/erp-api/ErpMobile.Api.csproj]
/Users/ali1/Projects/Erp-entegrasyon/erp-api/Models/Responses/AddressResponse.cs(38,23): warning CS8618: Non-nullable property 'City' must contain a non-null value when exiting constructor. Consider adding the 'required' modifier or declaring the property as nullable. [/Users/ali1/Projects/Erp-entegrasyon/erp-api/ErpMobile.Api.csproj]
/Users/ali1/Projects/Erp-entegrasyon/erp-api/Models/Responses/AddressResponse.cs(43,23): warning CS8618: Non-nullable property 'District' must contain a non-null value when exiting constructor. Consider adding the 'required' modifier or declaring the property as nullable. [/Users/ali1/Projects/Erp-entegrasyon/erp-api/ErpMobile.Api.csproj]
/Users/ali1/Projects/Erp-entegrasyon/erp-api/Models/Responses/AddressResponse.cs(48,23): warning CS8618: Non-nullable property 'Country' must contain a non-null value when exiting constructor. Consider adding the 'required' modifier or declaring the property as nullable. [/Users/ali1/Projects/Erp-entegrasyon/erp-api/ErpMobile.Api.csproj]
/Users/ali1/Projects/Erp-entegrasyon/erp-api/Models/Responses/AddressResponse.cs(53,23): warning CS8618: Non-nullable property 'PostalCode' must contain a non-null value when exiting constructor. Consider adding the 'required' modifier or declaring the property as nullable. [/Users/ali1/Projects/Erp-entegrasyon/erp-api/ErpMobile.Api.csproj]
/Users/ali1/Projects/Erp-entegrasyon/erp-api/Models/Responses/AddressResponse.cs(73,23): warning CS8618: Non-nullable property 'CreatedUserName' must contain a non-null value when exiting constructor. Consider adding the 'required' modifier or declaring the property as nullable. [/Users/ali1/Projects/Erp-entegrasyon/erp-api/ErpMobile.Api.csproj]
/Users/ali1/Projects/Erp-entegrasyon/erp-api/Models/Responses/AddressResponse.cs(83,23): warning CS8618: Non-nullable property 'LastUpdatedUserName' must contain a non-null value when exiting constructor. Consider adding the 'required' modifier or declaring the property as nullable. [/Users/ali1/Projects/Erp-entegrasyon/erp-api/ErpMobile.Api.csproj]
/Users/ali1/Projects/Erp-entegrasyon/erp-api/Models/Responses/AddressListResponse.cs(13,23): warning CS8618: Non-nullable property 'CustomerCode' must contain a non-null value when exiting constructor. Consider adding the 'required' modifier or declaring the property as nullable. [/Users/ali1/Projects/Erp-entegrasyon/erp-api/ErpMobile.Api.csproj]
/Users/ali1/Projects/Erp-entegrasyon/erp-api/Models/Responses/AddressListResponse.cs(18,23): warning CS8618: Non-nullable property 'CustomerName' must contain a non-null value when exiting constructor. Consider adding the 'required' modifier or declaring the property as nullable. [/Users/ali1/Projects/Erp-entegrasyon/erp-api/ErpMobile.Api.csproj]
/Users/ali1/Projects/Erp-entegrasyon/erp-api/Models/Responses/AddressListResponse.cs(23,38): warning CS8618: Non-nullable property 'Addresses' must contain a non-null value when exiting constructor. Consider adding the 'required' modifier or declaring the property as nullable. [/Users/ali1/Projects/Erp-entegrasyon/erp-api/ErpMobile.Api.csproj]
/Users/ali1/Projects/Erp-entegrasyon/erp-api/Models/Responses/AddressListResponse.cs(28,42): warning CS8618: Non-nullable property 'AddressTypes' must contain a non-null value when exiting constructor. Consider adding the 'required' modifier or declaring the property as nullable. [/Users/ali1/Projects/Erp-entegrasyon/erp-api/ErpMobile.Api.csproj]
/Users/ali1/Projects/Erp-entegrasyon/erp-api/Models/Currency/ExchangeRateResponse.cs(7,23): warning CS8618: Non-nullable property 'CurrencyCode' must contain a non-null value when exiting constructor. Consider adding the 'required' modifier or declaring the property as nullable. [/Users/ali1/Projects/Erp-entegrasyon/erp-api/ErpMobile.Api.csproj]
/Users/ali1/Projects/Erp-entegrasyon/erp-api/Models/Currency/ExchangeRateResponse.cs(8,23): warning CS8618: Non-nullable property 'CurrencyDescription' must contain a non-null value when exiting constructor. Consider adding the 'required' modifier or declaring the property as nullable. [/Users/ali1/Projects/Erp-entegrasyon/erp-api/ErpMobile.Api.csproj]
/Users/ali1/Projects/Erp-entegrasyon/erp-api/Models/Currency/ExchangeRateResponse.cs(9,23): warning CS8618: Non-nullable property 'BaseCurrencyCode' must contain a non-null value when exiting constructor. Consider adding the 'required' modifier or declaring the property as nullable. [/Users/ali1/Projects/Erp-entegrasyon/erp-api/ErpMobile.Api.csproj]
/Users/ali1/Projects/Erp-entegrasyon/erp-api/Models/Currency/ExchangeRateResponse.cs(14,23): warning CS8618: Non-nullable property 'Symbol' must contain a non-null value when exiting constructor. Consider adding the 'required' modifier or declaring the property as nullable. [/Users/ali1/Projects/Erp-entegrasyon/erp-api/ErpMobile.Api.csproj]
/Users/ali1/Projects/Erp-entegrasyon/erp-api/Models/Contact/ContactListResponse.cs(6,23): warning CS8618: Non-nullable property 'CustomerCode' must contain a non-null value when exiting constructor. Consider adding the 'required' modifier or declaring the property as nullable. [/Users/ali1/Projects/Erp-entegrasyon/erp-api/ErpMobile.Api.csproj]
/Users/ali1/Projects/Erp-entegrasyon/erp-api/Models/Contact/ContactListResponse.cs(7,23): warning CS8618: Non-nullable property 'ContactType' must contain a non-null value when exiting constructor. Consider adding the 'required' modifier or declaring the property as nullable. [/Users/ali1/Projects/Erp-entegrasyon/erp-api/ErpMobile.Api.csproj]
/Users/ali1/Projects/Erp-entegrasyon/erp-api/Models/Contact/ContactListResponse.cs(8,23): warning CS8618: Non-nullable property 'ContactValue' must contain a non-null value when exiting constructor. Consider adding the 'required' modifier or declaring the property as nullable. [/Users/ali1/Projects/Erp-entegrasyon/erp-api/ErpMobile.Api.csproj]
/Users/ali1/Projects/Erp-entegrasyon/erp-api/Models/Contact/ContactListResponse.cs(9,23): warning CS8618: Non-nullable property 'Description' must contain a non-null value when exiting constructor. Consider adding the 'required' modifier or declaring the property as nullable. [/Users/ali1/Projects/Erp-entegrasyon/erp-api/ErpMobile.Api.csproj]
/Users/ali1/Projects/Erp-entegrasyon/erp-api/Models/Contact/ContactCreateRequest.cs(16,23): warning CS8618: Non-nullable property 'ContactTypeCode' must contain a non-null value when exiting constructor. Consider adding the 'required' modifier or declaring the property as nullable. [/Users/ali1/Projects/Erp-entegrasyon/erp-api/ErpMobile.Api.csproj]
/Users/ali1/Projects/Erp-entegrasyon/erp-api/Models/Contact/ContactCreateRequest.cs(23,23): warning CS8618: Non-nullable property 'FirstName' must contain a non-null value when exiting constructor. Consider adding the 'required' modifier or declaring the property as nullable. [/Users/ali1/Projects/Erp-entegrasyon/erp-api/ErpMobile.Api.csproj]
/Users/ali1/Projects/Erp-entegrasyon/erp-api/Models/Contact/ContactCreateRequest.cs(30,23): warning CS8618: Non-nullable property 'LastName' must contain a non-null value when exiting constructor. Consider adding the 'required' modifier or declaring the property as nullable. [/Users/ali1/Projects/Erp-entegrasyon/erp-api/ErpMobile.Api.csproj]
/Users/ali1/Projects/Erp-entegrasyon/erp-api/Models/Contact/ContactCreateRequest.cs(36,23): warning CS8618: Non-nullable property 'PhoneNumber' must contain a non-null value when exiting constructor. Consider adding the 'required' modifier or declaring the property as nullable. [/Users/ali1/Projects/Erp-entegrasyon/erp-api/ErpMobile.Api.csproj]
/Users/ali1/Projects/Erp-entegrasyon/erp-api/Models/Contact/ContactCreateRequest.cs(43,23): warning CS8618: Non-nullable property 'Email' must contain a non-null value when exiting constructor. Consider adding the 'required' modifier or declaring the property as nullable. [/Users/ali1/Projects/Erp-entegrasyon/erp-api/ErpMobile.Api.csproj]
/Users/ali1/Projects/Erp-entegrasyon/erp-api/Models/Common/ApiResponse.cs(34,16): warning CS8618: Non-nullable property 'Data' must contain a non-null value when exiting constructor. Consider adding the 'required' modifier or declaring the property as nullable. [/Users/ali1/Projects/Erp-entegrasyon/erp-api/ErpMobile.Api.csproj]
/Users/ali1/Projects/Erp-entegrasyon/erp-api/Models/Common/ApiResponse.cs(34,16): warning CS8618: Non-nullable property 'Message' must contain a non-null value when exiting constructor. Consider adding the 'required' modifier or declaring the property as nullable. [/Users/ali1/Projects/Erp-entegrasyon/erp-api/ErpMobile.Api.csproj]
/Users/ali1/Projects/Erp-entegrasyon/erp-api/Models/Common/ApiResponse.cs(34,16): warning CS8618: Non-nullable property 'Error' must contain a non-null value when exiting constructor. Consider adding the 'required' modifier or declaring the property as nullable. [/Users/ali1/Projects/Erp-entegrasyon/erp-api/ErpMobile.Api.csproj]
/Users/ali1/Projects/Erp-entegrasyon/erp-api/Models/Common/ApiResponse.cs(62,39): warning CS8604: Possible null reference argument for parameter 'data' in 'ApiResponse<T>.ApiResponse(T data, bool success, string message, string error = null)'. [/Users/ali1/Projects/Erp-entegrasyon/erp-api/ErpMobile.Api.csproj]
/Users/ali1/Projects/Erp-entegrasyon/erp-api/Models/cdPromotionGroupDesc.cs(13,23): warning CS8618: Non-nullable property 'PromotionGroupCode' must contain a non-null value when exiting constructor. Consider adding the 'required' modifier or declaring the property as nullable. [/Users/ali1/Projects/Erp-entegrasyon/erp-api/ErpMobile.Api.csproj]
/Users/ali1/Projects/Erp-entegrasyon/erp-api/Models/cdPromotionGroupDesc.cs(18,23): warning CS8618: Non-nullable property 'LangCode' must contain a non-null value when exiting constructor. Consider adding the 'required' modifier or declaring the property as nullable. [/Users/ali1/Projects/Erp-entegrasyon/erp-api/ErpMobile.Api.csproj]
/Users/ali1/Projects/Erp-entegrasyon/erp-api/Models/cdPromotionGroupDesc.cs(22,23): warning CS8618: Non-nullable property 'PromotionGroupDescription' must contain a non-null value when exiting constructor. Consider adding the 'required' modifier or declaring the property as nullable. [/Users/ali1/Projects/Erp-entegrasyon/erp-api/ErpMobile.Api.csproj]
/Users/ali1/Projects/Erp-entegrasyon/erp-api/Models/cdPromotionGroupDesc.cs(26,23): warning CS8618: Non-nullable property 'CreatedUserName' must contain a non-null value when exiting constructor. Consider adding the 'required' modifier or declaring the property as nullable. [/Users/ali1/Projects/Erp-entegrasyon/erp-api/ErpMobile.Api.csproj]
/Users/ali1/Projects/Erp-entegrasyon/erp-api/Models/cdPromotionGroupDesc.cs(33,23): warning CS8618: Non-nullable property 'LastUpdatedUserName' must contain a non-null value when exiting constructor. Consider adding the 'required' modifier or declaring the property as nullable. [/Users/ali1/Projects/Erp-entegrasyon/erp-api/ErpMobile.Api.csproj]
/Users/ali1/Projects/Erp-entegrasyon/erp-api/Models/cdPromotionGroupDesc.cs(43,41): warning CS8618: Non-nullable property 'PromotionGroup' must contain a non-null value when exiting constructor. Consider adding the 'required' modifier or declaring the property as nullable. [/Users/ali1/Projects/Erp-entegrasyon/erp-api/ErpMobile.Api.csproj]
/Users/ali1/Projects/Erp-entegrasyon/erp-api/Models/cdPromotionGroup.cs(12,23): warning CS8618: Non-nullable property 'PromotionGroupCode' must contain a non-null value when exiting constructor. Consider adding the 'required' modifier or declaring the property as nullable. [/Users/ali1/Projects/Erp-entegrasyon/erp-api/ErpMobile.Api.csproj]
/Users/ali1/Projects/Erp-entegrasyon/erp-api/Models/cdPromotionGroup.cs(16,23): warning CS8618: Non-nullable property 'CreatedUserName' must contain a non-null value when exiting constructor. Consider adding the 'required' modifier or declaring the property as nullable. [/Users/ali1/Projects/Erp-entegrasyon/erp-api/ErpMobile.Api.csproj]
/Users/ali1/Projects/Erp-entegrasyon/erp-api/Models/cdPromotionGroup.cs(23,23): warning CS8618: Non-nullable property 'LastUpdatedUserName' must contain a non-null value when exiting constructor. Consider adding the 'required' modifier or declaring the property as nullable. [/Users/ali1/Projects/Erp-entegrasyon/erp-api/ErpMobile.Api.csproj]
/Users/ali1/Projects/Erp-entegrasyon/erp-api/Models/cdPriceGroupDesc.cs(12,23): warning CS8618: Non-nullable property 'PriceGroupCode' must contain a non-null value when exiting constructor. Consider adding the 'required' modifier or declaring the property as nullable. [/Users/ali1/Projects/Erp-entegrasyon/erp-api/ErpMobile.Api.csproj]
/Users/ali1/Projects/Erp-entegrasyon/erp-api/Models/cdPriceGroupDesc.cs(17,23): warning CS8618: Non-nullable property 'LangCode' must contain a non-null value when exiting constructor. Consider adding the 'required' modifier or declaring the property as nullable. [/Users/ali1/Projects/Erp-entegrasyon/erp-api/ErpMobile.Api.csproj]
/Users/ali1/Projects/Erp-entegrasyon/erp-api/Models/cdPriceGroupDesc.cs(20,23): warning CS8618: Non-nullable property 'PriceGroupDescription' must contain a non-null value when exiting constructor. Consider adding the 'required' modifier or declaring the property as nullable. [/Users/ali1/Projects/Erp-entegrasyon/erp-api/ErpMobile.Api.csproj]
/Users/ali1/Projects/Erp-entegrasyon/erp-api/Models/cdPriceGroupDesc.cs(24,37): warning CS8618: Non-nullable property 'PriceGroup' must contain a non-null value when exiting constructor. Consider adding the 'required' modifier or declaring the property as nullable. [/Users/ali1/Projects/Erp-entegrasyon/erp-api/ErpMobile.Api.csproj]
/Users/ali1/Projects/Erp-entegrasyon/erp-api/Models/cdPriceGroup.cs(12,23): warning CS8618: Non-nullable property 'PriceGroupCode' must contain a non-null value when exiting constructor. Consider adding the 'required' modifier or declaring the property as nullable. [/Users/ali1/Projects/Erp-entegrasyon/erp-api/ErpMobile.Api.csproj]
/Users/ali1/Projects/Erp-entegrasyon/erp-api/Models/cdPriceGroup.cs(15,23): warning CS8618: Non-nullable property 'DefaultCurrencyCode' must contain a non-null value when exiting constructor. Consider adding the 'required' modifier or declaring the property as nullable. [/Users/ali1/Projects/Erp-entegrasyon/erp-api/ErpMobile.Api.csproj]
/Users/ali1/Projects/Erp-entegrasyon/erp-api/Models/cdPriceGroup.cs(22,41): warning CS8618: Non-nullable property 'PriceGroupDesc' must contain a non-null value when exiting constructor. Consider adding the 'required' modifier or declaring the property as nullable. [/Users/ali1/Projects/Erp-entegrasyon/erp-api/ErpMobile.Api.csproj]
/Users/ali1/Projects/Erp-entegrasyon/erp-api/Services/CustomerAddressService.cs(350,28): warning CS8603: Possible null reference return. [/Users/ali1/Projects/Erp-entegrasyon/erp-api/ErpMobile.Api.csproj]
/Users/ali1/Projects/Erp-entegrasyon/erp-api/Services/CustomerBasicService.cs(270,32): warning CS8603: Possible null reference return. [/Users/ali1/Projects/Erp-entegrasyon/erp-api/ErpMobile.Api.csproj]
/Users/ali1/Projects/Erp-entegrasyon/erp-api/Models/CashTransactionResponse.cs(11,23): warning CS8618: Non-nullable property 'CashTransNumber' must contain a non-null value when exiting constructor. Consider adding the 'required' modifier or declaring the property as nullable. [/Users/ali1/Projects/Erp-entegrasyon/erp-api/ErpMobile.Api.csproj]
/Users/ali1/Projects/Erp-entegrasyon/erp-api/Models/CashTransactionResponse.cs(14,23): warning CS8618: Non-nullable property 'DocumentNumber' must contain a non-null value when exiting constructor. Consider adding the 'required' modifier or declaring the property as nullable. [/Users/ali1/Projects/Erp-entegrasyon/erp-api/ErpMobile.Api.csproj]
/Users/ali1/Projects/Erp-entegrasyon/erp-api/Models/CashTransactionResponse.cs(15,23): warning CS8618: Non-nullable property 'RefNumber' must contain a non-null value when exiting constructor. Consider adding the 'required' modifier or declaring the property as nullable. [/Users/ali1/Projects/Erp-entegrasyon/erp-api/ErpMobile.Api.csproj]
/Users/ali1/Projects/Erp-entegrasyon/erp-api/Models/CashTransactionResponse.cs(16,23): warning CS8618: Non-nullable property 'Description' must contain a non-null value when exiting constructor. Consider adding the 'required' modifier or declaring the property as nullable. [/Users/ali1/Projects/Erp-entegrasyon/erp-api/ErpMobile.Api.csproj]
/Users/ali1/Projects/Erp-entegrasyon/erp-api/Models/CashTransactionResponse.cs(18,23): warning CS8618: Non-nullable property 'CashCurrAccCode' must contain a non-null value when exiting constructor. Consider adding the 'required' modifier or declaring the property as nullable. [/Users/ali1/Projects/Erp-entegrasyon/erp-api/ErpMobile.Api.csproj]
/Users/ali1/Projects/Erp-entegrasyon/erp-api/Models/CashTransactionResponse.cs(19,23): warning CS8618: Non-nullable property 'OfficeCode' must contain a non-null value when exiting constructor. Consider adding the 'required' modifier or declaring the property as nullable. [/Users/ali1/Projects/Erp-entegrasyon/erp-api/ErpMobile.Api.csproj]
/Users/ali1/Projects/Erp-entegrasyon/erp-api/Models/CashTransactionResponse.cs(20,23): warning CS8618: Non-nullable property 'StoreTypeCode' must contain a non-null value when exiting constructor. Consider adding the 'required' modifier or declaring the property as nullable. [/Users/ali1/Projects/Erp-entegrasyon/erp-api/ErpMobile.Api.csproj]
/Users/ali1/Projects/Erp-entegrasyon/erp-api/Models/CashTransactionResponse.cs(21,23): warning CS8618: Non-nullable property 'StoreCode' must contain a non-null value when exiting constructor. Consider adding the 'required' modifier or declaring the property as nullable. [/Users/ali1/Projects/Erp-entegrasyon/erp-api/ErpMobile.Api.csproj]
/Users/ali1/Projects/Erp-entegrasyon/erp-api/Models/CashTransactionResponse.cs(31,23): warning CS8618: Non-nullable property 'ApplicationCode' must contain a non-null value when exiting constructor. Consider adding the 'required' modifier or declaring the property as nullable. [/Users/ali1/Projects/Erp-entegrasyon/erp-api/ErpMobile.Api.csproj]
/Users/ali1/Projects/Erp-entegrasyon/erp-api/Models/CashTransactionResponse.cs(34,23): warning CS8618: Non-nullable property 'CreatedUserName' must contain a non-null value when exiting constructor. Consider adding the 'required' modifier or declaring the property as nullable. [/Users/ali1/Projects/Erp-entegrasyon/erp-api/ErpMobile.Api.csproj]
/Users/ali1/Projects/Erp-entegrasyon/erp-api/Models/CashTransactionResponse.cs(36,23): warning CS8618: Non-nullable property 'LastUpdatedUserName' must contain a non-null value when exiting constructor. Consider adding the 'required' modifier or declaring the property as nullable. [/Users/ali1/Projects/Erp-entegrasyon/erp-api/ErpMobile.Api.csproj]
/Users/ali1/Projects/Erp-entegrasyon/erp-api/Models/CashTransactionResponse.cs(43,23): warning CS8618: Non-nullable property 'CurrAccCode' must contain a non-null value when exiting constructor. Consider adding the 'required' modifier or declaring the property as nullable. [/Users/ali1/Projects/Erp-entegrasyon/erp-api/ErpMobile.Api.csproj]
/Users/ali1/Projects/Erp-entegrasyon/erp-api/Models/CashTransactionResponse.cs(46,23): warning CS8618: Non-nullable property 'CompanyCode' must contain a non-null value when exiting constructor. Consider adding the 'required' modifier or declaring the property as nullable. [/Users/ali1/Projects/Erp-entegrasyon/erp-api/ErpMobile.Api.csproj]
/Users/ali1/Projects/Erp-entegrasyon/erp-api/Models/CashTransactionResponse.cs(47,23): warning CS8618: Non-nullable property 'GLAccCode' must contain a non-null value when exiting constructor. Consider adding the 'required' modifier or declaring the property as nullable. [/Users/ali1/Projects/Erp-entegrasyon/erp-api/ErpMobile.Api.csproj]
/Users/ali1/Projects/Erp-entegrasyon/erp-api/Models/CashTransactionResponse.cs(48,23): warning CS8618: Non-nullable property 'CostCenterCode' must contain a non-null value when exiting constructor. Consider adding the 'required' modifier or declaring the property as nullable. [/Users/ali1/Projects/Erp-entegrasyon/erp-api/ErpMobile.Api.csproj]
/Users/ali1/Projects/Erp-entegrasyon/erp-api/Models/CashTransactionResponse.cs(49,23): warning CS8618: Non-nullable property 'GLTypeCode' must contain a non-null value when exiting constructor. Consider adding the 'required' modifier or declaring the property as nullable. [/Users/ali1/Projects/Erp-entegrasyon/erp-api/ErpMobile.Api.csproj]
/Users/ali1/Projects/Erp-entegrasyon/erp-api/Models/CashTransactionResponse.cs(50,23): warning CS8618: Non-nullable property 'ImportFileNumber' must contain a non-null value when exiting constructor. Consider adding the 'required' modifier or declaring the property as nullable. [/Users/ali1/Projects/Erp-entegrasyon/erp-api/ErpMobile.Api.csproj]
/Users/ali1/Projects/Erp-entegrasyon/erp-api/Models/CashTransactionResponse.cs(51,23): warning CS8618: Non-nullable property 'ExportFileNumber' must contain a non-null value when exiting constructor. Consider adding the 'required' modifier or declaring the property as nullable. [/Users/ali1/Projects/Erp-entegrasyon/erp-api/ErpMobile.Api.csproj]
/Users/ali1/Projects/Erp-entegrasyon/erp-api/Models/CashTransactionResponse.cs(52,23): warning CS8618: Non-nullable property 'LineDescription' must contain a non-null value when exiting constructor. Consider adding the 'required' modifier or declaring the property as nullable. [/Users/ali1/Projects/Erp-entegrasyon/erp-api/ErpMobile.Api.csproj]
/Users/ali1/Projects/Erp-entegrasyon/erp-api/Models/CashTransactionResponse.cs(53,23): warning CS8618: Non-nullable property 'EmployeePayTypeCode' must contain a non-null value when exiting constructor. Consider adding the 'required' modifier or declaring the property as nullable. [/Users/ali1/Projects/Erp-entegrasyon/erp-api/ErpMobile.Api.csproj]
/Users/ali1/Projects/Erp-entegrasyon/erp-api/Models/CashTransactionResponse.cs(54,23): warning CS8618: Non-nullable property 'DocCurrencyCode' must contain a non-null value when exiting constructor. Consider adding the 'required' modifier or declaring the property as nullable. [/Users/ali1/Projects/Erp-entegrasyon/erp-api/ErpMobile.Api.csproj]
/Users/ali1/Projects/Erp-entegrasyon/erp-api/Models/CashTransactionResponse.cs(55,23): warning CS8618: Non-nullable property 'CurrAccCurrencyCode' must contain a non-null value when exiting constructor. Consider adding the 'required' modifier or declaring the property as nullable. [/Users/ali1/Projects/Erp-entegrasyon/erp-api/ErpMobile.Api.csproj]
/Users/ali1/Projects/Erp-entegrasyon/erp-api/Models/CashTransactionResponse.cs(60,23): warning CS8618: Non-nullable property 'Doc_CurrencyCode' must contain a non-null value when exiting constructor. Consider adding the 'required' modifier or declaring the property as nullable. [/Users/ali1/Projects/Erp-entegrasyon/erp-api/ErpMobile.Api.csproj]
/Users/ali1/Projects/Erp-entegrasyon/erp-api/Models/CashTransactionResponse.cs(65,23): warning CS8618: Non-nullable property 'Loc_CurrencyCode' must contain a non-null value when exiting constructor. Consider adding the 'required' modifier or declaring the property as nullable. [/Users/ali1/Projects/Erp-entegrasyon/erp-api/ErpMobile.Api.csproj]
/Users/ali1/Projects/Erp-entegrasyon/erp-api/Models/CashTransactionResponse.cs(71,23): warning CS8618: Non-nullable property 'Com_CurrencyCode' must contain a non-null value when exiting constructor. Consider adding the 'required' modifier or declaring the property as nullable. [/Users/ali1/Projects/Erp-entegrasyon/erp-api/ErpMobile.Api.csproj]
/Users/ali1/Projects/Erp-entegrasyon/erp-api/Models/BankAccountResponse.cs(8,23): warning CS8618: Non-nullable property 'BankAccountCode' must contain a non-null value when exiting constructor. Consider adding the 'required' modifier or declaring the property as nullable. [/Users/ali1/Projects/Erp-entegrasyon/erp-api/ErpMobile.Api.csproj]
/Users/ali1/Projects/Erp-entegrasyon/erp-api/Models/BankAccountResponse.cs(9,23): warning CS8618: Non-nullable property 'BankAccountDescription' must contain a non-null value when exiting constructor. Consider adding the 'required' modifier or declaring the property as nullable. [/Users/ali1/Projects/Erp-entegrasyon/erp-api/ErpMobile.Api.csproj]
/Users/ali1/Projects/Erp-entegrasyon/erp-api/Models/BankAccountResponse.cs(10,23): warning CS8618: Non-nullable property 'BankAccTypeCode' must contain a non-null value when exiting constructor. Consider adding the 'required' modifier or declaring the property as nullable. [/Users/ali1/Projects/Erp-entegrasyon/erp-api/ErpMobile.Api.csproj]
/Users/ali1/Projects/Erp-entegrasyon/erp-api/Models/BankAccountResponse.cs(11,23): warning CS8618: Non-nullable property 'BankAccTypeDescription' must contain a non-null value when exiting constructor. Consider adding the 'required' modifier or declaring the property as nullable. [/Users/ali1/Projects/Erp-entegrasyon/erp-api/ErpMobile.Api.csproj]
/Users/ali1/Projects/Erp-entegrasyon/erp-api/Models/BankAccountResponse.cs(12,23): warning CS8618: Non-nullable property 'CompanyCode' must contain a non-null value when exiting constructor. Consider adding the 'required' modifier or declaring the property as nullable. [/Users/ali1/Projects/Erp-entegrasyon/erp-api/ErpMobile.Api.csproj]
/Users/ali1/Projects/Erp-entegrasyon/erp-api/Models/BankAccountResponse.cs(13,23): warning CS8618: Non-nullable property 'BankCode' must contain a non-null value when exiting constructor. Consider adding the 'required' modifier or declaring the property as nullable. [/Users/ali1/Projects/Erp-entegrasyon/erp-api/ErpMobile.Api.csproj]
/Users/ali1/Projects/Erp-entegrasyon/erp-api/Models/BankAccountResponse.cs(14,23): warning CS8618: Non-nullable property 'BankDescription' must contain a non-null value when exiting constructor. Consider adding the 'required' modifier or declaring the property as nullable. [/Users/ali1/Projects/Erp-entegrasyon/erp-api/ErpMobile.Api.csproj]
/Users/ali1/Projects/Erp-entegrasyon/erp-api/Models/BankAccountResponse.cs(15,23): warning CS8618: Non-nullable property 'BankBranchCode' must contain a non-null value when exiting constructor. Consider adding the 'required' modifier or declaring the property as nullable. [/Users/ali1/Projects/Erp-entegrasyon/erp-api/ErpMobile.Api.csproj]
/Users/ali1/Projects/Erp-entegrasyon/erp-api/Models/BankAccountResponse.cs(16,23): warning CS8618: Non-nullable property 'BankBranchDescription' must contain a non-null value when exiting constructor. Consider adding the 'required' modifier or declaring the property as nullable. [/Users/ali1/Projects/Erp-entegrasyon/erp-api/ErpMobile.Api.csproj]
/Users/ali1/Projects/Erp-entegrasyon/erp-api/Models/BankAccountResponse.cs(17,23): warning CS8618: Non-nullable property 'CurrencyCode' must contain a non-null value when exiting constructor. Consider adding the 'required' modifier or declaring the property as nullable. [/Users/ali1/Projects/Erp-entegrasyon/erp-api/ErpMobile.Api.csproj]
/Users/ali1/Projects/Erp-entegrasyon/erp-api/Models/BankAccountResponse.cs(18,23): warning CS8618: Non-nullable property 'BankAccNo' must contain a non-null value when exiting constructor. Consider adding the 'required' modifier or declaring the property as nullable. [/Users/ali1/Projects/Erp-entegrasyon/erp-api/ErpMobile.Api.csproj]
/Users/ali1/Projects/Erp-entegrasyon/erp-api/Models/BankAccountResponse.cs(19,23): warning CS8618: Non-nullable property 'IBAN' must contain a non-null value when exiting constructor. Consider adding the 'required' modifier or declaring the property as nullable. [/Users/ali1/Projects/Erp-entegrasyon/erp-api/ErpMobile.Api.csproj]
/Users/ali1/Projects/Erp-entegrasyon/erp-api/Models/BankAccountResponse.cs(21,23): warning CS8618: Non-nullable property 'OfficeCode' must contain a non-null value when exiting constructor. Consider adding the 'required' modifier or declaring the property as nullable. [/Users/ali1/Projects/Erp-entegrasyon/erp-api/ErpMobile.Api.csproj]
/Users/ali1/Projects/Erp-entegrasyon/erp-api/Models/BankAccountResponse.cs(22,23): warning CS8618: Non-nullable property 'OfficeDescription' must contain a non-null value when exiting constructor. Consider adding the 'required' modifier or declaring the property as nullable. [/Users/ali1/Projects/Erp-entegrasyon/erp-api/ErpMobile.Api.csproj]
/Users/ali1/Projects/Erp-entegrasyon/erp-api/Entities/Customer/prCurrAccPostalAddress.cs(12,23): warning CS8618: Non-nullable property 'CityCode' must contain a non-null value when exiting constructor. Consider adding the 'required' modifier or declaring the property as nullable. [/Users/ali1/Projects/Erp-entegrasyon/erp-api/ErpMobile.Api.csproj]
/Users/ali1/Projects/Erp-entegrasyon/erp-api/Entities/Customer/prCurrAccPostalAddress.cs(15,23): warning CS8618: Non-nullable property 'DistrictCode' must contain a non-null value when exiting constructor. Consider adding the 'required' modifier or declaring the property as nullable. [/Users/ali1/Projects/Erp-entegrasyon/erp-api/ErpMobile.Api.csproj]
/Users/ali1/Projects/Erp-entegrasyon/erp-api/Entities/Customer/prCurrAccPostalAddress.cs(18,41): warning CS8618: Non-nullable property 'CurrAccDefault' must contain a non-null value when exiting constructor. Consider adding the 'required' modifier or declaring the property as nullable. [/Users/ali1/Projects/Erp-entegrasyon/erp-api/ErpMobile.Api.csproj]
/Users/ali1/Projects/Erp-entegrasyon/erp-api/Entities/Customer/prCurrAccDefault.cs(15,23): warning CS8618: Non-nullable property 'CurrAccCode' must contain a non-null value when exiting constructor. Consider adding the 'required' modifier or declaring the property as nullable. [/Users/ali1/Projects/Erp-entegrasyon/erp-api/ErpMobile.Api.csproj]
/Users/ali1/Projects/Erp-entegrasyon/erp-api/Entities/Customer/prCurrAccDefault.cs(21,34): warning CS8618: Non-nullable property 'CurrAcc' must contain a non-null value when exiting constructor. Consider adding the 'required' modifier or declaring the property as nullable. [/Users/ali1/Projects/Erp-entegrasyon/erp-api/ErpMobile.Api.csproj]
/Users/ali1/Projects/Erp-entegrasyon/erp-api/Entities/Customer/prCurrAccDefault.cs(24,47): warning CS8618: Non-nullable property 'PostalAddress' must contain a non-null value when exiting constructor. Consider adding the 'required' modifier or declaring the property as nullable. [/Users/ali1/Projects/Erp-entegrasyon/erp-api/ErpMobile.Api.csproj]
/Users/ali1/Projects/Erp-entegrasyon/erp-api/Services/CustomerCommunicationService.cs(387,28): warning CS8603: Possible null reference return. [/Users/ali1/Projects/Erp-entegrasyon/erp-api/ErpMobile.Api.csproj]
/Users/ali1/Projects/Erp-entegrasyon/erp-api/Repositories/Invoice/InvoiceRepository.cs(1468,38): warning CS8605: Unboxing a possibly null value. [/Users/ali1/Projects/Erp-entegrasyon/erp-api/ErpMobile.Api.csproj]
/Users/ali1/Projects/Erp-entegrasyon/erp-api/Services/CustomerContactService.cs(99,28): warning CS8603: Possible null reference return. [/Users/ali1/Projects/Erp-entegrasyon/erp-api/ErpMobile.Api.csproj]
/Users/ali1/Projects/Erp-entegrasyon/erp-api/Services/CustomerBasicService.cs(465,59): warning CS8601: Possible null reference assignment. [/Users/ali1/Projects/Erp-entegrasyon/erp-api/ErpMobile.Api.csproj]
/Users/ali1/Projects/Erp-entegrasyon/erp-api/Services/CustomerBasicService.cs(466,63): warning CS8601: Possible null reference assignment. [/Users/ali1/Projects/Erp-entegrasyon/erp-api/ErpMobile.Api.csproj]
/Users/ali1/Projects/Erp-entegrasyon/erp-api/Services/CustomerContactService.cs(441,28): warning CS8603: Possible null reference return. [/Users/ali1/Projects/Erp-entegrasyon/erp-api/ErpMobile.Api.csproj]
/Users/ali1/Projects/Erp-entegrasyon/erp-api/Repositories/Invoice/InvoiceRepository.cs(1588,38): warning CS8605: Unboxing a possibly null value. [/Users/ali1/Projects/Erp-entegrasyon/erp-api/ErpMobile.Api.csproj]
/Users/ali1/Projects/Erp-entegrasyon/erp-api/Repositories/Invoice/InvoiceRepository.cs(1827,38): warning CS8605: Unboxing a possibly null value. [/Users/ali1/Projects/Erp-entegrasyon/erp-api/ErpMobile.Api.csproj]
/Users/ali1/Projects/Erp-entegrasyon/erp-api/Repositories/Invoice/InvoiceRepository.Methods.cs(33,28): warning CS8603: Possible null reference return. [/Users/ali1/Projects/Erp-entegrasyon/erp-api/ErpMobile.Api.csproj]
/Users/ali1/Projects/Erp-entegrasyon/erp-api/Repositories/Invoice/InvoiceRepository.Methods.cs(104,24): warning CS8603: Possible null reference return. [/Users/ali1/Projects/Erp-entegrasyon/erp-api/ErpMobile.Api.csproj]
/Users/ali1/Projects/Erp-entegrasyon/erp-api/Repositories/Invoice/InvoiceRepository.Methods.cs(241,24): warning CS8603: Possible null reference return. [/Users/ali1/Projects/Erp-entegrasyon/erp-api/ErpMobile.Api.csproj]
/Users/ali1/Projects/Erp-entegrasyon/erp-api/Services/LocationService.cs(98,27): warning CS8618: Non-nullable property 'DistrictCode' must contain a non-null value when exiting constructor. Consider adding the 'required' modifier or declaring the property as nullable. [/Users/ali1/Projects/Erp-entegrasyon/erp-api/ErpMobile.Api.csproj]
/Users/ali1/Projects/Erp-entegrasyon/erp-api/Services/LocationService.cs(99,27): warning CS8618: Non-nullable property 'DistrictDescription' must contain a non-null value when exiting constructor. Consider adding the 'required' modifier or declaring the property as nullable. [/Users/ali1/Projects/Erp-entegrasyon/erp-api/ErpMobile.Api.csproj]
/Users/ali1/Projects/Erp-entegrasyon/erp-api/Services/LocationService.cs(100,27): warning CS8618: Non-nullable property 'CityCode' must contain a non-null value when exiting constructor. Consider adding the 'required' modifier or declaring the property as nullable. [/Users/ali1/Projects/Erp-entegrasyon/erp-api/ErpMobile.Api.csproj]
/Users/ali1/Projects/Erp-entegrasyon/erp-api/Services/LocationService.cs(101,27): warning CS8618: Non-nullable property 'CityDescription' must contain a non-null value when exiting constructor. Consider adding the 'required' modifier or declaring the property as nullable. [/Users/ali1/Projects/Erp-entegrasyon/erp-api/ErpMobile.Api.csproj]
/Users/ali1/Projects/Erp-entegrasyon/erp-api/Services/LocationService.cs(102,27): warning CS8618: Non-nullable property 'StateCode' must contain a non-null value when exiting constructor. Consider adding the 'required' modifier or declaring the property as nullable. [/Users/ali1/Projects/Erp-entegrasyon/erp-api/ErpMobile.Api.csproj]
/Users/ali1/Projects/Erp-entegrasyon/erp-api/Services/LocationService.cs(103,27): warning CS8618: Non-nullable property 'StateDescription' must contain a non-null value when exiting constructor. Consider adding the 'required' modifier or declaring the property as nullable. [/Users/ali1/Projects/Erp-entegrasyon/erp-api/ErpMobile.Api.csproj]
/Users/ali1/Projects/Erp-entegrasyon/erp-api/Services/LocationService.cs(104,27): warning CS8618: Non-nullable property 'CountryCode' must contain a non-null value when exiting constructor. Consider adding the 'required' modifier or declaring the property as nullable. [/Users/ali1/Projects/Erp-entegrasyon/erp-api/ErpMobile.Api.csproj]
/Users/ali1/Projects/Erp-entegrasyon/erp-api/Services/LocationService.cs(105,27): warning CS8618: Non-nullable property 'CountryDescription' must contain a non-null value when exiting constructor. Consider adding the 'required' modifier or declaring the property as nullable. [/Users/ali1/Projects/Erp-entegrasyon/erp-api/ErpMobile.Api.csproj]
/Users/ali1/Projects/Erp-entegrasyon/erp-api/Services/CustomerFinancialDetailService.cs(21,33): warning CS8601: Possible null reference assignment. [/Users/ali1/Projects/Erp-entegrasyon/erp-api/ErpMobile.Api.csproj]
/Users/ali1/Projects/Erp-entegrasyon/erp-api/Services/CustomerFinancialDetailService.cs(18,16): warning CS8618: Non-nullable field '_connectionString' must contain a non-null value when exiting constructor. Consider adding the 'required' modifier or declaring the field as nullable. [/Users/ali1/Projects/Erp-entegrasyon/erp-api/ErpMobile.Api.csproj]
/Users/ali1/Projects/Erp-entegrasyon/erp-api/Services/CustomerDebtService.cs(33,45): warning CS0618: 'SqlConnection' is obsolete: 'Use the Microsoft.Data.SqlClient package instead.' [/Users/ali1/Projects/Erp-entegrasyon/erp-api/ErpMobile.Api.csproj]
/Users/ali1/Projects/Erp-entegrasyon/erp-api/Services/CustomerDebtService.cs(46,20): warning CS0618: 'SqlException' is obsolete: 'Use the Microsoft.Data.SqlClient package instead.' [/Users/ali1/Projects/Erp-entegrasyon/erp-api/ErpMobile.Api.csproj]
/Users/ali1/Projects/Erp-entegrasyon/erp-api/Services/CustomerFinancialDetailService.cs(26,51): warning CS0618: 'SqlConnection' is obsolete: 'Use the Microsoft.Data.SqlClient package instead.' [/Users/ali1/Projects/Erp-entegrasyon/erp-api/ErpMobile.Api.csproj]
/Users/ali1/Projects/Erp-entegrasyon/erp-api/Services/CustomerFinancialDetailService.cs(40,28): warning CS8603: Possible null reference return. [/Users/ali1/Projects/Erp-entegrasyon/erp-api/ErpMobile.Api.csproj]
/Users/ali1/Projects/Erp-entegrasyon/erp-api/Services/CustomerDebtService.cs(65,45): warning CS0618: 'SqlConnection' is obsolete: 'Use the Microsoft.Data.SqlClient package instead.' [/Users/ali1/Projects/Erp-entegrasyon/erp-api/ErpMobile.Api.csproj]
/Users/ali1/Projects/Erp-entegrasyon/erp-api/Services/CustomerDebtService.cs(79,20): warning CS0618: 'SqlException' is obsolete: 'Use the Microsoft.Data.SqlClient package instead.' [/Users/ali1/Projects/Erp-entegrasyon/erp-api/ErpMobile.Api.csproj]
/Users/ali1/Projects/Erp-entegrasyon/erp-api/Services/CustomerDebtService.cs(98,45): warning CS0618: 'SqlConnection' is obsolete: 'Use the Microsoft.Data.SqlClient package instead.' [/Users/ali1/Projects/Erp-entegrasyon/erp-api/ErpMobile.Api.csproj]
/Users/ali1/Projects/Erp-entegrasyon/erp-api/Services/CustomerDebtService.cs(112,20): warning CS0618: 'SqlException' is obsolete: 'Use the Microsoft.Data.SqlClient package instead.' [/Users/ali1/Projects/Erp-entegrasyon/erp-api/ErpMobile.Api.csproj]
/Users/ali1/Projects/Erp-entegrasyon/erp-api/Services/CustomerDebtService.cs(131,45): warning CS0618: 'SqlConnection' is obsolete: 'Use the Microsoft.Data.SqlClient package instead.' [/Users/ali1/Projects/Erp-entegrasyon/erp-api/ErpMobile.Api.csproj]
/Users/ali1/Projects/Erp-entegrasyon/erp-api/Services/CustomerDebtService.cs(145,20): warning CS0618: 'SqlException' is obsolete: 'Use the Microsoft.Data.SqlClient package instead.' [/Users/ali1/Projects/Erp-entegrasyon/erp-api/ErpMobile.Api.csproj]
/Users/ali1/Projects/Erp-entegrasyon/erp-api/Services/CustomerDebtService.cs(164,45): warning CS0618: 'SqlConnection' is obsolete: 'Use the Microsoft.Data.SqlClient package instead.' [/Users/ali1/Projects/Erp-entegrasyon/erp-api/ErpMobile.Api.csproj]
/Users/ali1/Projects/Erp-entegrasyon/erp-api/Services/CustomerDebtService.cs(200,20): warning CS0618: 'SqlException' is obsolete: 'Use the Microsoft.Data.SqlClient package instead.' [/Users/ali1/Projects/Erp-entegrasyon/erp-api/ErpMobile.Api.csproj]
/Users/ali1/Projects/Erp-entegrasyon/erp-api/Services/CustomerDebtService.cs(231,45): warning CS0618: 'SqlConnection' is obsolete: 'Use the Microsoft.Data.SqlClient package instead.' [/Users/ali1/Projects/Erp-entegrasyon/erp-api/ErpMobile.Api.csproj]
/Users/ali1/Projects/Erp-entegrasyon/erp-api/Services/CustomerDebtService.cs(255,20): warning CS0618: 'SqlException' is obsolete: 'Use the Microsoft.Data.SqlClient package instead.' [/Users/ali1/Projects/Erp-entegrasyon/erp-api/ErpMobile.Api.csproj]
/Users/ali1/Projects/Erp-entegrasyon/erp-api/Services/CustomerFinancialService.cs(26,33): warning CS8601: Possible null reference assignment. [/Users/ali1/Projects/Erp-entegrasyon/erp-api/ErpMobile.Api.csproj]
/Users/ali1/Projects/Erp-entegrasyon/erp-api/Services/CustomerFinancialService.cs(22,16): warning CS8618: Non-nullable field '_connectionString' must contain a non-null value when exiting constructor. Consider adding the 'required' modifier or declaring the field as nullable. [/Users/ali1/Projects/Erp-entegrasyon/erp-api/ErpMobile.Api.csproj]
/Users/ali1/Projects/Erp-entegrasyon/erp-api/Services/CustomerFinancialService.cs(59,28): warning CS8603: Possible null reference return. [/Users/ali1/Projects/Erp-entegrasyon/erp-api/ErpMobile.Api.csproj]
/Users/ali1/Projects/Erp-entegrasyon/erp-api/Services/CustomerFinancialService.cs(117,57): warning CS8600: Converting null literal or possible null value to non-nullable type. [/Users/ali1/Projects/Erp-entegrasyon/erp-api/ErpMobile.Api.csproj]
/Users/ali1/Projects/Erp-entegrasyon/erp-api/Services/CustomerFinancialService.cs(126,44): warning CS8601: Possible null reference assignment. [/Users/ali1/Projects/Erp-entegrasyon/erp-api/ErpMobile.Api.csproj]
/Users/ali1/Projects/Erp-entegrasyon/erp-api/Services/CustomerFinancialService.cs(127,51): warning CS8601: Possible null reference assignment. [/Users/ali1/Projects/Erp-entegrasyon/erp-api/ErpMobile.Api.csproj]
/Users/ali1/Projects/Erp-entegrasyon/erp-api/Services/CustomerFinancialService.cs(139,24): warning CS8603: Possible null reference return. [/Users/ali1/Projects/Erp-entegrasyon/erp-api/ErpMobile.Api.csproj]
/Users/ali1/Projects/Erp-entegrasyon/erp-api/Services/CustomerFinancialService.cs(302,46): warning CS8601: Possible null reference assignment. [/Users/ali1/Projects/Erp-entegrasyon/erp-api/ErpMobile.Api.csproj]
/Users/ali1/Projects/Erp-entegrasyon/erp-api/Services/CustomerFinancialService.cs(303,41): warning CS8601: Possible null reference assignment. [/Users/ali1/Projects/Erp-entegrasyon/erp-api/ErpMobile.Api.csproj]
/Users/ali1/Projects/Erp-entegrasyon/erp-api/Services/CustomerFinancialService.cs(304,47): warning CS8601: Possible null reference assignment. [/Users/ali1/Projects/Erp-entegrasyon/erp-api/ErpMobile.Api.csproj]
/Users/ali1/Projects/Erp-entegrasyon/erp-api/Services/CustomerFinancialService.cs(305,47): warning CS8601: Possible null reference assignment. [/Users/ali1/Projects/Erp-entegrasyon/erp-api/ErpMobile.Api.csproj]
/Users/ali1/Projects/Erp-entegrasyon/erp-api/Services/CustomerFinancialService.cs(356,28): warning CS8603: Possible null reference return. [/Users/ali1/Projects/Erp-entegrasyon/erp-api/ErpMobile.Api.csproj]
/Users/ali1/Projects/Erp-entegrasyon/erp-api/Services/CustomerStubService.cs(27,50): warning CS1998: This async method lacks 'await' operators and will run synchronously. Consider using the 'await' operator to await non-blocking API calls, or 'await Task.Run(...)' to do CPU-bound work on a background thread. [/Users/ali1/Projects/Erp-entegrasyon/erp-api/ErpMobile.Api.csproj]
/Users/ali1/Projects/Erp-entegrasyon/erp-api/Services/CustomerStubService.cs(36,56): warning CS1998: This async method lacks 'await' operators and will run synchronously. Consider using the 'await' operator to await non-blocking API calls, or 'await Task.Run(...)' to do CPU-bound work on a background thread. [/Users/ali1/Projects/Erp-entegrasyon/erp-api/ErpMobile.Api.csproj]
/Users/ali1/Projects/Erp-entegrasyon/erp-api/Services/CustomerStubService.cs(45,54): warning CS1998: This async method lacks 'await' operators and will run synchronously. Consider using the 'await' operator to await non-blocking API calls, or 'await Task.Run(...)' to do CPU-bound work on a background thread. [/Users/ali1/Projects/Erp-entegrasyon/erp-api/ErpMobile.Api.csproj]
/Users/ali1/Projects/Erp-entegrasyon/erp-api/Services/CustomerStubService.cs(54,48): warning CS1998: This async method lacks 'await' operators and will run synchronously. Consider using the 'await' operator to await non-blocking API calls, or 'await Task.Run(...)' to do CPU-bound work on a background thread. [/Users/ali1/Projects/Erp-entegrasyon/erp-api/ErpMobile.Api.csproj]
/Users/ali1/Projects/Erp-entegrasyon/erp-api/Services/CustomerStubService.cs(63,50): warning CS1998: This async method lacks 'await' operators and will run synchronously. Consider using the 'await' operator to await non-blocking API calls, or 'await Task.Run(...)' to do CPU-bound work on a background thread. [/Users/ali1/Projects/Erp-entegrasyon/erp-api/ErpMobile.Api.csproj]
/Users/ali1/Projects/Erp-entegrasyon/erp-api/Services/CustomerStubService.cs(72,44): warning CS1998: This async method lacks 'await' operators and will run synchronously. Consider using the 'await' operator to await non-blocking API calls, or 'await Task.Run(...)' to do CPU-bound work on a background thread. [/Users/ali1/Projects/Erp-entegrasyon/erp-api/ErpMobile.Api.csproj]
/Users/ali1/Projects/Erp-entegrasyon/erp-api/Services/CustomerStubService.cs(81,44): warning CS1998: This async method lacks 'await' operators and will run synchronously. Consider using the 'await' operator to await non-blocking API calls, or 'await Task.Run(...)' to do CPU-bound work on a background thread. [/Users/ali1/Projects/Erp-entegrasyon/erp-api/ErpMobile.Api.csproj]
/Users/ali1/Projects/Erp-entegrasyon/erp-api/Services/CustomerStubService.cs(90,81): warning CS1998: This async method lacks 'await' operators and will run synchronously. Consider using the 'await' operator to await non-blocking API calls, or 'await Task.Run(...)' to do CPU-bound work on a background thread. [/Users/ali1/Projects/Erp-entegrasyon/erp-api/ErpMobile.Api.csproj]
/Users/ali1/Projects/Erp-entegrasyon/erp-api/Services/CustomerStubService.cs(99,75): warning CS1998: This async method lacks 'await' operators and will run synchronously. Consider using the 'await' operator to await non-blocking API calls, or 'await Task.Run(...)' to do CPU-bound work on a background thread. [/Users/ali1/Projects/Erp-entegrasyon/erp-api/ErpMobile.Api.csproj]
/Users/ali1/Projects/Erp-entegrasyon/erp-api/Services/CustomerStubService.cs(108,75): warning CS1998: This async method lacks 'await' operators and will run synchronously. Consider using the 'await' operator to await non-blocking API calls, or 'await Task.Run(...)' to do CPU-bound work on a background thread. [/Users/ali1/Projects/Erp-entegrasyon/erp-api/ErpMobile.Api.csproj]
/Users/ali1/Projects/Erp-entegrasyon/erp-api/Services/CustomerStubService.cs(117,54): warning CS1998: This async method lacks 'await' operators and will run synchronously. Consider using the 'await' operator to await non-blocking API calls, or 'await Task.Run(...)' to do CPU-bound work on a background thread. [/Users/ali1/Projects/Erp-entegrasyon/erp-api/ErpMobile.Api.csproj]
/Users/ali1/Projects/Erp-entegrasyon/erp-api/Services/CustomerStubService.cs(126,48): warning CS1998: This async method lacks 'await' operators and will run synchronously. Consider using the 'await' operator to await non-blocking API calls, or 'await Task.Run(...)' to do CPU-bound work on a background thread. [/Users/ali1/Projects/Erp-entegrasyon/erp-api/ErpMobile.Api.csproj]
/Users/ali1/Projects/Erp-entegrasyon/erp-api/Services/CustomerServiceNew.cs(73,51): warning CS8600: Converting null literal or possible null value to non-nullable type. [/Users/ali1/Projects/Erp-entegrasyon/erp-api/ErpMobile.Api.csproj]
/Users/ali1/Projects/Erp-entegrasyon/erp-api/Services/CustomerServiceNew.cs(86,66): warning CS8600: Converting null literal or possible null value to non-nullable type. [/Users/ali1/Projects/Erp-entegrasyon/erp-api/ErpMobile.Api.csproj]
/Users/ali1/Projects/Erp-entegrasyon/erp-api/Services/CustomerServiceNew.cs(132,51): warning CS8600: Converting null literal or possible null value to non-nullable type. [/Users/ali1/Projects/Erp-entegrasyon/erp-api/ErpMobile.Api.csproj]
/Users/ali1/Projects/Erp-entegrasyon/erp-api/Services/ExchangeRateService.cs(130,40): warning CS8601: Possible null reference assignment. [/Users/ali1/Projects/Erp-entegrasyon/erp-api/ErpMobile.Api.csproj]
/Users/ali1/Projects/Erp-entegrasyon/erp-api/Services/ExchangeRateService.cs(131,48): warning CS8601: Possible null reference assignment. [/Users/ali1/Projects/Erp-entegrasyon/erp-api/ErpMobile.Api.csproj]
/Users/ali1/Projects/Erp-entegrasyon/erp-api/Services/ExchangeRateService.cs(133,47): warning CS8601: Possible null reference assignment. [/Users/ali1/Projects/Erp-entegrasyon/erp-api/ErpMobile.Api.csproj]
/Users/ali1/Projects/Erp-entegrasyon/erp-api/Services/ExchangeRateService.cs(134,55): warning CS8601: Possible null reference assignment. [/Users/ali1/Projects/Erp-entegrasyon/erp-api/ErpMobile.Api.csproj]
/Users/ali1/Projects/Erp-entegrasyon/erp-api/Services/ExchangeRateService.cs(142,34): warning CS8601: Possible null reference assignment. [/Users/ali1/Projects/Erp-entegrasyon/erp-api/ErpMobile.Api.csproj]
/Users/ali1/Projects/Erp-entegrasyon/erp-api/Services/ExchangeRateService.cs(237,40): warning CS8601: Possible null reference assignment. [/Users/ali1/Projects/Erp-entegrasyon/erp-api/ErpMobile.Api.csproj]
/Users/ali1/Projects/Erp-entegrasyon/erp-api/Services/ExchangeRateService.cs(238,48): warning CS8601: Possible null reference assignment. [/Users/ali1/Projects/Erp-entegrasyon/erp-api/ErpMobile.Api.csproj]
/Users/ali1/Projects/Erp-entegrasyon/erp-api/Services/ExchangeRateService.cs(240,47): warning CS8601: Possible null reference assignment. [/Users/ali1/Projects/Erp-entegrasyon/erp-api/ErpMobile.Api.csproj]
/Users/ali1/Projects/Erp-entegrasyon/erp-api/Services/ExchangeRateService.cs(241,55): warning CS8601: Possible null reference assignment. [/Users/ali1/Projects/Erp-entegrasyon/erp-api/ErpMobile.Api.csproj]
/Users/ali1/Projects/Erp-entegrasyon/erp-api/Services/ExchangeRateService.cs(249,34): warning CS8601: Possible null reference assignment. [/Users/ali1/Projects/Erp-entegrasyon/erp-api/ErpMobile.Api.csproj]
/Users/ali1/Projects/Erp-entegrasyon/erp-api/Services/ExchangeRateService.cs(606,40): warning CS8601: Possible null reference assignment. [/Users/ali1/Projects/Erp-entegrasyon/erp-api/ErpMobile.Api.csproj]
/Users/ali1/Projects/Erp-entegrasyon/erp-api/Services/ExchangeRateService.cs(607,47): warning CS8601: Possible null reference assignment. [/Users/ali1/Projects/Erp-entegrasyon/erp-api/ErpMobile.Api.csproj]
/Users/ali1/Projects/Erp-entegrasyon/erp-api/Services/ExchangeRateService.cs(608,48): warning CS8601: Possible null reference assignment. [/Users/ali1/Projects/Erp-entegrasyon/erp-api/ErpMobile.Api.csproj]
/Users/ali1/Projects/Erp-entegrasyon/erp-api/Services/ExchangeRateService.cs(609,55): warning CS8601: Possible null reference assignment. [/Users/ali1/Projects/Erp-entegrasyon/erp-api/ErpMobile.Api.csproj]
/Users/ali1/Projects/Erp-entegrasyon/erp-api/Services/ExchangeRateService.cs(617,34): warning CS8601: Possible null reference assignment. [/Users/ali1/Projects/Erp-entegrasyon/erp-api/ErpMobile.Api.csproj]
/Users/ali1/Projects/Erp-entegrasyon/erp-api/Repositories/Invoice/InvoiceRepository.Methods.cs(768,60): warning CS8604: Possible null reference argument for parameter 'input' in 'Guid Guid.Parse(string input)'. [/Users/ali1/Projects/Erp-entegrasyon/erp-api/ErpMobile.Api.csproj]
/Users/ali1/Projects/Erp-entegrasyon/erp-api/Repositories/Invoice/InvoiceRepository.Methods.cs(769,51): warning CS8601: Possible null reference assignment. [/Users/ali1/Projects/Erp-entegrasyon/erp-api/ErpMobile.Api.csproj]
/Users/ali1/Projects/Erp-entegrasyon/erp-api/Repositories/Invoice/InvoiceRepository.Methods.cs(770,44): warning CS8601: Possible null reference assignment. [/Users/ali1/Projects/Erp-entegrasyon/erp-api/ErpMobile.Api.csproj]
/Users/ali1/Projects/Erp-entegrasyon/erp-api/Repositories/Invoice/InvoiceRepository.Methods.cs(771,51): warning CS8601: Possible null reference assignment. [/Users/ali1/Projects/Erp-entegrasyon/erp-api/ErpMobile.Api.csproj]
/Users/ali1/Projects/Erp-entegrasyon/erp-api/Repositories/Invoice/InvoiceRepository.Methods.cs(778,41): warning CS8601: Possible null reference assignment. [/Users/ali1/Projects/Erp-entegrasyon/erp-api/ErpMobile.Api.csproj]
/Users/ali1/Projects/Erp-entegrasyon/erp-api/Program.cs(339,9): warning ASP0019: Use IHeaderDictionary.Append or the indexer to append or set headers. IDictionary.Add will throw an ArgumentException when attempting to add a duplicate key. (https://aka.ms/aspnet/analyzers) [/Users/ali1/Projects/Erp-entegrasyon/erp-api/ErpMobile.Api.csproj]
/Users/ali1/Projects/Erp-entegrasyon/erp-api/Program.cs(340,9): warning ASP0019: Use IHeaderDictionary.Append or the indexer to append or set headers. IDictionary.Add will throw an ArgumentException when attempting to add a duplicate key. (https://aka.ms/aspnet/analyzers) [/Users/ali1/Projects/Erp-entegrasyon/erp-api/ErpMobile.Api.csproj]
/Users/ali1/Projects/Erp-entegrasyon/erp-api/Program.cs(341,9): warning ASP0019: Use IHeaderDictionary.Append or the indexer to append or set headers. IDictionary.Add will throw an ArgumentException when attempting to add a duplicate key. (https://aka.ms/aspnet/analyzers) [/Users/ali1/Projects/Erp-entegrasyon/erp-api/ErpMobile.Api.csproj]
/Users/ali1/Projects/Erp-entegrasyon/erp-api/Program.cs(342,9): warning ASP0019: Use IHeaderDictionary.Append or the indexer to append or set headers. IDictionary.Add will throw an ArgumentException when attempting to add a duplicate key. (https://aka.ms/aspnet/analyzers) [/Users/ali1/Projects/Erp-entegrasyon/erp-api/ErpMobile.Api.csproj]
/Users/ali1/Projects/Erp-entegrasyon/erp-api/Repositories/Invoice/InvoiceRepository.cs(476,49): error CS0029: Cannot implicitly convert type 'string' to 'int?' [/Users/ali1/Projects/Erp-entegrasyon/erp-api/ErpMobile.Api.csproj]
/Users/ali1/Projects/Erp-entegrasyon/erp-api/Repositories/Invoice/InvoiceRepository.cs(502,44): error CS0029: Cannot implicitly convert type 'string' to 'int?' [/Users/ali1/Projects/Erp-entegrasyon/erp-api/ErpMobile.Api.csproj]
/Users/ali1/Projects/Erp-entegrasyon/erp-api/Repositories/Invoice/InvoiceRepository.cs(503,52): error CS0029: Cannot implicitly convert type 'string' to 'int?' [/Users/ali1/Projects/Erp-entegrasyon/erp-api/ErpMobile.Api.csproj]
/Users/ali1/Projects/Erp-entegrasyon/erp-api/Repositories/Invoice/InvoiceRepository.cs(643,49): error CS0029: Cannot implicitly convert type 'string' to 'int?' [/Users/ali1/Projects/Erp-entegrasyon/erp-api/ErpMobile.Api.csproj]
/Users/ali1/Projects/Erp-entegrasyon/erp-api/Repositories/Invoice/InvoiceRepository.cs(669,44): error CS0029: Cannot implicitly convert type 'string' to 'int?' [/Users/ali1/Projects/Erp-entegrasyon/erp-api/ErpMobile.Api.csproj]
/Users/ali1/Projects/Erp-entegrasyon/erp-api/Repositories/Invoice/InvoiceRepository.cs(670,52): error CS0029: Cannot implicitly convert type 'string' to 'int?' [/Users/ali1/Projects/Erp-entegrasyon/erp-api/ErpMobile.Api.csproj]
    1661 Uyarı
    6 Hata

Geçen Süre 00:00:01.71
